09-05 19:39:08.630     0     0 I F2FS-fs (mmcblk0p86): Magic Mismatch, valid(0xf2f52010) - read(0x14bf94fa)
09-05 19:39:08.630     0     0 E F2FS-fs (mmcblk0p86): Can't find valid F2FS filesystem in 1th superblock
09-05 19:39:08.631     0     0 I F2FS-fs (mmcblk0p86): Magic Mismatch, valid(0xf2f52010) - read(0x17d6cc1)
09-05 19:39:08.631     0     0 E F2FS-fs (mmcblk0p86): Can't find valid F2FS filesystem in 2th superblock
09-05 19:39:08.653   457   457 I recovery: type=1400 audit(0.0:480): avc: denied { read } for name="zram0" dev="sysfs" ino=37455 scontext=u:r:recovery:s0 tcontext=u:object_r:sysfs_zram:s0 tclass=dir permissive=1 ppid=1 pcomm="init" pgid=1 pgcomm="init"
09-05 19:39:08.653   457   457 I recovery: type=1400 audit(0.0:481): avc: denied { open } for path="/sys/devices/virtual/block/zram0" dev="sysfs" ino=37455 scontext=u:r:recovery:s0 tcontext=u:object_r:sysfs_zram:s0 tclass=dir permissive=1 ppid=1 pcomm="init" pgid=1 pgcomm="init"
09-05 19:39:08.653   457   457 I recovery: type=1400 audit(0.0:482): avc: denied { search } for name="zram0" dev="sysfs" ino=37455 scontext=u:r:recovery:s0 tcontext=u:object_r:sysfs_zram:s0 tclass=dir permissive=1 ppid=1 pcomm="init" pgid=1 pgcomm="init"
09-05 19:39:08.669     0     0 I EXT4-fs (mmcblk0p84): mounted filesystem with ordered data mode. Opts: barrier=1,discard
09-05 19:39:08.677     0     0 I EXT4-fs (mmcblk0p66): mounted filesystem with ordered data mode. Opts: discard
09-05 19:39:08.685     0     0 I F2FS-fs (mmcblk0p86): Magic Mismatch, valid(0xf2f52010) - read(0x14bf94fa)
09-05 19:39:08.685     0     0 E F2FS-fs (mmcblk0p86): Can't find valid F2FS filesystem in 1th superblock
09-05 19:39:08.685     0     0 I F2FS-fs (mmcblk0p86): Magic Mismatch, valid(0xf2f52010) - read(0x17d6cc1)
09-05 19:39:08.685     0     0 E F2FS-fs (mmcblk0p86): Can't find valid F2FS filesystem in 2th superblock
09-05 19:39:08.686     0     0 I F2FS-fs (mmcblk0p86): Magic Mismatch, valid(0xf2f52010) - read(0x14bf94fa)
09-05 19:39:08.686     0     0 E F2FS-fs (mmcblk0p86): Can't find valid F2FS filesystem in 1th superblock
09-05 19:39:08.686     0     0 I F2FS-fs (mmcblk0p86): Magic Mismatch, valid(0xf2f52010) - read(0x17d6cc1)
09-05 19:39:08.686     0     0 E F2FS-fs (mmcblk0p86): Can't find valid F2FS filesystem in 2th superblock
09-05 19:39:08.696     0     0 I EXT4-fs (mmcblk0p2): mounted filesystem with ordered data mode. Opts: barrier=1
09-05 19:39:08.897     0     0 I F2FS-fs (mmcblk0p86): Magic Mismatch, valid(0xf2f52010) - read(0x14bf94fa)
09-05 19:39:08.897     0     0 E F2FS-fs (mmcblk0p86): Can't find valid F2FS filesystem in 1th superblock
09-05 19:39:08.897     0     0 I F2FS-fs (mmcblk0p86): Magic Mismatch, valid(0xf2f52010) - read(0x17d6cc1)
09-05 19:39:08.897     0     0 E F2FS-fs (mmcblk0p86): Can't find valid F2FS filesystem in 2th superblock
09-05 19:39:08.897     0     0 I F2FS-fs (mmcblk0p86): Magic Mismatch, valid(0xf2f52010) - read(0x14bf94fa)
09-05 19:39:08.897     0     0 E F2FS-fs (mmcblk0p86): Can't find valid F2FS filesystem in 1th superblock
09-05 19:39:08.898     0     0 I F2FS-fs (mmcblk0p86): Magic Mismatch, valid(0xf2f52010) - read(0x17d6cc1)
09-05 19:39:08.898     0     0 E F2FS-fs (mmcblk0p86): Can't find valid F2FS filesystem in 2th superblock
09-05 19:39:08.900   457   457 I recovery: type=1400 audit(0.0:483): avc: denied { search } for name="rtc" dev="sysfs" ino=25409 scontext=u:r:recovery:s0 tcontext=u:object_r:sysfs_rtc:s0 tclass=dir permissive=1 ppid=1 pcomm="init" pgid=1 pgcomm="init"
09-05 19:39:08.900   457   457 I recovery: type=1400 audit(0.0:484): avc: denied { sys_time } for capability=25 scontext=u:r:recovery:s0 tcontext=u:r:recovery:s0 tclass=capability permissive=1 ppid=1 pcomm="init" pgid=1 pgcomm="init"
09-05 19:39:08.911     0     0 I F2FS-fs (mmcblk0p86): Magic Mismatch, valid(0xf2f52010) - read(0x14bf94fa)
09-05 19:39:08.911     0     0 E F2FS-fs (mmcblk0p86): Can't find valid F2FS filesystem in 1th superblock
09-05 19:39:08.911     0     0 I F2FS-fs (mmcblk0p86): Magic Mismatch, valid(0xf2f52010) - read(0x17d6cc1)
09-05 19:39:08.911     0     0 E F2FS-fs (mmcblk0p86): Can't find valid F2FS filesystem in 2th superblock
09-05 19:39:08.912     0     0 I F2FS-fs (mmcblk0p86): Magic Mismatch, valid(0xf2f52010) - read(0x14bf94fa)
09-05 19:39:08.912     0     0 E F2FS-fs (mmcblk0p86): Can't find valid F2FS filesystem in 1th superblock
09-05 19:39:08.912     0     0 I F2FS-fs (mmcblk0p86): Magic Mismatch, valid(0xf2f52010) - read(0x17d6cc1)
09-05 19:39:08.912     0     0 E F2FS-fs (mmcblk0p86): Can't find valid F2FS filesystem in 2th superblock
09-05 19:39:08.013   457   457 I recovery: type=1400 audit(0.0:485): avc: denied { module_request } for kmod="fs-auto" scontext=u:r:recovery:s0 tcontext=u:r:kernel:s0 tclass=system permissive=1 ppid=1 pcomm="init" pgid=1 pgcomm="init"
09-05 19:39:08.920     0     0 I F2FS-fs (mmcblk0p86): Magic Mismatch, valid(0xf2f52010) - read(0x14bf94fa)
09-05 19:39:08.920     0     0 E F2FS-fs (mmcblk0p86): Can't find valid F2FS filesystem in 1th superblock
09-05 19:39:08.920     0     0 I F2FS-fs (mmcblk0p86): Magic Mismatch, valid(0xf2f52010) - read(0x17d6cc1)
09-05 19:39:08.920     0     0 E F2FS-fs (mmcblk0p86): Can't find valid F2FS filesystem in 2th superblock
09-05 19:39:08.920     0     0 I F2FS-fs (mmcblk0p86): Magic Mismatch, valid(0xf2f52010) - read(0x14bf94fa)
09-05 19:39:08.920     0     0 E F2FS-fs (mmcblk0p86): Can't find valid F2FS filesystem in 1th superblock
09-05 19:39:08.920     0     0 I F2FS-fs (mmcblk0p86): Magic Mismatch, valid(0xf2f52010) - read(0x17d6cc1)
09-05 19:39:08.920     0     0 E F2FS-fs (mmcblk0p86): Can't find valid F2FS filesystem in 2th superblock
09-05 19:39:08.936     0     0 W FAT-fs (mmcblk1p1): Volume was not properly unmounted. Some data may be corrupt. Please run fsck.
09-05 19:39:08.213   457   457 I recovery: type=1400 audit(0.0:486): avc: denied { create } for name="recovery" scontext=u:r:recovery:s0 tcontext=u:object_r:rootfs:s0 tclass=dir permissive=1 ppid=1 pcomm="init" pgid=1 pgcomm="init"
09-05 19:39:08.213   457   457 I recovery: type=1400 audit(0.0:487): avc: denied { setattr } for name="recovery" dev="rootfs" ino=13368 scontext=u:r:recovery:s0 tcontext=u:object_r:rootfs:s0 tclass=dir permissive=1 ppid=1 pcomm="init" pgid=1 pgcomm="init"
09-05 19:39:08.213   457   457 I recovery: type=1400 audit(0.0:488): avc: denied { getattr } for path="/sys/devices/platform/soc/4744000.sdhci/mmc_host/mmc0/mmc0:0001/block/mmcblk0/mmcblk0p86/partition" dev="sysfs" ino=42628 scontext=u:r:recovery:s0 tcontext=u:object_r:sysfs:s0 tclass=file permissive=1 ppid=1 pcomm="init" pgid=1 pgcomm="init"
09-05 19:39:08.213   457   457 I recovery: type=1400 audit(0.0:489): avc: denied { read } for name="dev" dev="sysfs" ino=40834 scontext=u:r:recovery:s0 tcontext=u:object_r:sysfs:s0 tclass=file permissive=1 ppid=1 pcomm="init" pgid=1 pgcomm="init"
09-05 19:39:08.213   457   457 I recovery: type=1400 audit(0.0:490): avc: denied { open } for path="/sys/devices/platform/soc/4744000.sdhci/mmc_host/mmc0/mmc0:0001/block/mmcblk0/dev" dev="sysfs" ino=40834 scontext=u:r:recovery:s0 tcontext=u:object_r:sysfs:s0 tclass=file permissive=1 ppid=1 pcomm="init" pgid=1 pgcomm="init"
09-05 19:39:09.120     0     0 I F2FS-fs (mmcblk0p86): Magic Mismatch, valid(0xf2f52010) - read(0x14bf94fa)
09-05 19:39:09.120     0     0 E F2FS-fs (mmcblk0p86): Can't find valid F2FS filesystem in 1th superblock
09-05 19:39:09.121     0     0 I F2FS-fs (mmcblk0p86): Magic Mismatch, valid(0xf2f52010) - read(0x17d6cc1)
09-05 19:39:09.121     0     0 E F2FS-fs (mmcblk0p86): Can't find valid F2FS filesystem in 2th superblock
09-05 19:39:09.121     0     0 I F2FS-fs (mmcblk0p86): Magic Mismatch, valid(0xf2f52010) - read(0x14bf94fa)
09-05 19:39:09.121     0     0 E F2FS-fs (mmcblk0p86): Can't find valid F2FS filesystem in 1th superblock
09-05 19:39:09.121     0     0 I F2FS-fs (mmcblk0p86): Magic Mismatch, valid(0xf2f52010) - read(0x17d6cc1)
09-05 19:39:09.121     0     0 E F2FS-fs (mmcblk0p86): Can't find valid F2FS filesystem in 2th superblock
09-05 19:39:09.129     0     0 I F2FS-fs (mmcblk0p86): Magic Mismatch, valid(0xf2f52010) - read(0x14bf94fa)
09-05 19:39:09.129     0     0 E F2FS-fs (mmcblk0p86): Can't find valid F2FS filesystem in 1th superblock
09-05 19:39:09.129     0     0 I F2FS-fs (mmcblk0p86): Magic Mismatch, valid(0xf2f52010) - read(0x17d6cc1)
09-05 19:39:09.129     0     0 E F2FS-fs (mmcblk0p86): Can't find valid F2FS filesystem in 2th superblock
09-05 19:39:09.130     0     0 I F2FS-fs (mmcblk0p86): Magic Mismatch, valid(0xf2f52010) - read(0x14bf94fa)
09-05 19:39:09.130     0     0 E F2FS-fs (mmcblk0p86): Can't find valid F2FS filesystem in 1th superblock
09-05 19:39:09.130     0     0 I F2FS-fs (mmcblk0p86): Magic Mismatch, valid(0xf2f52010) - read(0x17d6cc1)
09-05 19:39:09.130     0     0 E F2FS-fs (mmcblk0p86): Can't find valid F2FS filesystem in 2th superblock
09-05 19:39:09.137     0     0 I F2FS-fs (mmcblk0p86): Magic Mismatch, valid(0xf2f52010) - read(0x14bf94fa)
09-05 19:39:09.137     0     0 E F2FS-fs (mmcblk0p86): Can't find valid F2FS filesystem in 1th superblock
09-05 19:39:09.137     0     0 I F2FS-fs (mmcblk0p86): Magic Mismatch, valid(0xf2f52010) - read(0x17d6cc1)
09-05 19:39:09.137     0     0 E F2FS-fs (mmcblk0p86): Can't find valid F2FS filesystem in 2th superblock
09-05 19:39:09.137     0     0 I F2FS-fs (mmcblk0p86): Magic Mismatch, valid(0xf2f52010) - read(0x14bf94fa)
09-05 19:39:09.137     0     0 E F2FS-fs (mmcblk0p86): Can't find valid F2FS filesystem in 1th superblock
09-05 19:39:09.137     0     0 I F2FS-fs (mmcblk0p86): Magic Mismatch, valid(0xf2f52010) - read(0x17d6cc1)
09-05 19:39:09.137     0     0 E F2FS-fs (mmcblk0p86): Can't find valid F2FS filesystem in 2th superblock
09-05 19:39:09.144     0     0 I F2FS-fs (mmcblk0p86): Magic Mismatch, valid(0xf2f52010) - read(0x14bf94fa)
09-05 19:39:09.144     0     0 E F2FS-fs (mmcblk0p86): Can't find valid F2FS filesystem in 1th superblock
09-05 19:39:09.144     0     0 I F2FS-fs (mmcblk0p86): Magic Mismatch, valid(0xf2f52010) - read(0x17d6cc1)
09-05 19:39:09.144     0     0 E F2FS-fs (mmcblk0p86): Can't find valid F2FS filesystem in 2th superblock
09-05 19:39:09.145     0     0 I F2FS-fs (mmcblk0p86): Magic Mismatch, valid(0xf2f52010) - read(0x14bf94fa)
09-05 19:39:09.145     0     0 E F2FS-fs (mmcblk0p86): Can't find valid F2FS filesystem in 1th superblock
09-05 19:39:09.145     0     0 I F2FS-fs (mmcblk0p86): Magic Mismatch, valid(0xf2f52010) - read(0x17d6cc1)
09-05 19:39:09.145     0     0 E F2FS-fs (mmcblk0p86): Can't find valid F2FS filesystem in 2th superblock
09-05 19:39:08.246   525   525 I adbd    : persist.adb.watchdog set to ''
09-05 19:39:08.247   525   525 I adbd    : persist.sys.test_harness set to ''
09-05 19:39:08.247   525   525 I adbd    : adb watchdog timeout set to 600 seconds
09-05 19:39:08.243   457   457 I recovery: type=1400 audit(0.0:491): avc: denied { setattr } for name="log.gz" dev="rootfs" ino=14373 scontext=u:r:recovery:s0 tcontext=u:object_r:rootfs:s0 tclass=file permissive=1 ppid=1 pcomm="init" pgid=1 pgcomm="init"
09-05 19:39:08.243   457   457 I recovery: type=1400 audit(0.0:492): avc: denied { fsetid } for capability=4 scontext=u:r:recovery:s0 tcontext=u:r:recovery:s0 tclass=capability permissive=1 ppid=1 pcomm="init" pgid=1 pgcomm="init"
09-05 19:39:08.247   525   528 I adbd    : Waiting for persist.adb.tls_server.enable=1
09-05 19:39:08.247   525   525 I adbd    : adbd started
09-05 19:39:08.247   525   530 I adbd    : opening control endpoint /dev/usb-ffs/adb/ep0
09-05 19:39:08.248   525   530 I adbd    : UsbFfsConnection constructed
09-05 19:39:08.248   525   531 I adbd    : UsbFfs-monitor thread spawned
09-05 19:39:09.152     0     0 I         : read descriptors
09-05 19:39:09.152     0     0 I         : read strings
09-05 19:39:08.252   525   531 I adbd    : USB event: FUNCTIONFS_BIND
09-05 19:39:09.159     0     0 I android_work: did not send uevent (0 0 0000000000000000)
09-05 19:39:08.316   457   457 I recovery: type=1400 audit(0.0:493): avc: denied { create } for name="twadbfifo" scontext=u:r:recovery:s0 tcontext=u:object_r:tmpfs:s0 tclass=fifo_file permissive=1 ppid=1 pcomm="init" pgid=457 pgcomm="recovery"
09-05 19:39:08.316   457   457 I recovery: type=1400 audit(0.0:494): avc: denied { read } for name="twadbfifo" dev="tmpfs" ino=11716 scontext=u:r:recovery:s0 tcontext=u:object_r:tmpfs:s0 tclass=fifo_file permissive=1 ppid=1 pcomm="init" pgid=457 pgcomm="recovery"
09-05 19:39:08.316   457   457 I recovery: type=1400 audit(0.0:495): avc: denied { open } for path="/tmp/twadbfifo" dev="tmpfs" ino=11716 scontext=u:r:recovery:s0 tcontext=u:object_r:tmpfs:s0 tclass=fifo_file permissive=1 ppid=1 pcomm="init" pgid=457 pgcomm="recovery"
09-05 19:39:08.320   457   457 I recovery: type=1400 audit(0.0:496): avc: denied { create } for name="orsin" scontext=u:r:recovery:s0 tcontext=u:object_r:rootfs:s0 tclass=fifo_file permissive=1 ppid=1 pcomm="init" pgid=1 pgcomm="init"
09-05 19:39:08.320   457   457 I recovery: type=1400 audit(0.0:497): avc: denied { read } for name="orsin" dev="rootfs" ino=118 scontext=u:r:recovery:s0 tcontext=u:object_r:rootfs:s0 tclass=fifo_file permissive=1 ppid=1 pcomm="init" pgid=1 pgcomm="init"
09-05 19:39:08.320   457   457 I recovery: type=1400 audit(0.0:498): avc: denied { open } for path="/system/bin/orsin" dev="rootfs" ino=118 scontext=u:r:recovery:s0 tcontext=u:object_r:rootfs:s0 tclass=fifo_file permissive=1 ppid=1 pcomm="init" pgid=1 pgcomm="init"
09-05 19:39:08.320   457   457 I recovery: type=1400 audit(0.0:499): avc: denied { read } for scontext=u:r:recovery:s0 tcontext=u:r:recovery:s0 tclass=netlink_kobject_uevent_socket permissive=1 ppid=1 pcomm="init" pgid=1 pgcomm="init"
09-05 19:39:09.265     0     0 I EXT4-fs (mmcblk0p64): mounted filesystem with ordered data mode. Opts:
09-05 19:39:09.266     0     0 I SELinux : Context u:object_r:idd_rca_dir:s0 is not valid (left unmapped).
09-05 19:39:09.290     0     0 I msm-dwc3 4e00000.ssusb: Avail curr from USB = 100
09-05 19:39:09.290     0     0 I pmi632_charger: smblib_set_icl_current: set ICL to 50000uA
09-05 19:39:09.291     0     0 I pmi632_charger: somc_aicl_irq_handler: IRQ: aicl-done
09-05 19:39:09.302     0     0 I EXT4-fs (mmcblk0p51): mounted filesystem with ordered data mode. Opts:
09-05 19:39:09.302     0     0 I SELinux : Context u:object_r:adsprpcd_file:s0 is not valid (left unmapped).
09-05 19:39:09.380     0     0 I EXT4-fs (mmcblk0p2): mounted filesystem with ordered data mode. Opts:
09-05 19:39:09.403     0     0 I EXT4-fs (mmcblk0p84): mounted filesystem with ordered data mode. Opts:
09-05 19:39:09.413     0     0 I android_work: sent uevent USB_STATE=CONNECTED
09-05 19:39:09.420     0     0 I android_work: sent uevent USB_STATE=DISCONNECTED
09-05 19:39:09.430     0     0 I EXT4-fs (mmcblk0p3): mounted filesystem with ordered data mode. Opts:
09-05 19:39:09.431     0     0 I SELinux : Context u:object_r:lta_label:s0 is not valid (left unmapped).
09-05 19:39:09.447     0     0 I EXT4-fs (mmcblk0p83): mounted filesystem without journal. Opts:
09-05 19:39:09.470     0     0 I EXT4-fs (mmcblk0p65): mounted filesystem with ordered data mode. Opts:
09-05 19:39:09.471     0     0 I SELinux : Context u:object_r:idd_root_dir:s0 is not valid (left unmapped).
09-05 19:39:08.660   457   457 I recovery: type=1400 audit(0.0:500): avc: denied { ioctl } for path="/dev/block/mmcblk0rpmb" dev="tmpfs" ino=10531 ioctlcmd=0x5331 scontext=u:r:recovery:s0 tcontext=u:object_r:block_device:s0 tclass=blk_file permissive=1 ppid=1 pcomm="init" pgid=1 pgcomm="init"
09-05 19:39:09.596     0     0 I pmi632_charger: chg_state_change_irq_handler: IRQ: chg-state-change
09-05 19:39:09.608     0     0 I EXT4-fs (mmcblk0p50): mounted filesystem with ordered data mode. Opts:
09-05 19:39:09.619     0     0 I ALG     : cap_learning_update: [SOMC CL][OFF] charge_status:1 bsoc_cp:10000
09-05 19:39:09.625     0     0 I android_work: sent uevent USB_STATE=CONNECTED
09-05 19:39:09.629     0     0 I EXT4-fs (mmcblk0p66): mounted filesystem with ordered data mode. Opts:
09-05 19:39:08.762   457   457 I ArmToArm64Assembler: generated scanline__00000077:03545401_00000000_00000000 [ 65 ipp] (94 ins) at [0x6dffd8cb40:0x6dffd8ccb8] in 71667ns
09-05 19:39:09.672     0     0 I configfs-gadget gadget: high-speed config #1: b
09-05 19:39:09.673     0     0 I msm-dwc3 4e00000.ssusb: Avail curr from USB = 500
09-05 19:39:09.673     0     0 I pmi632_charger: smblib_set_icl_current: set ICL to 500000uA
09-05 19:39:08.768   525   531 I adbd    : USB event: FUNCTIONFS_ENABLE
09-05 19:39:08.769   525   704 I adbd    : UsbFfs-worker thread spawned
09-05 19:39:09.674     0     0 I android_work: sent uevent USB_STATE=CONFIGURED
09-05 19:39:08.810   457   457 I recovery: type=1400 audit(0.0:501): avc: denied { ioctl } for path="/dev/dri/card0" dev="tmpfs" ino=10507 ioctlcmd=0x64b0 scontext=u:r:recovery:s0 tcontext=u:object_r:device:s0 tclass=chr_file permissive=1 ppid=1 pcomm="init" pgid=1 pgcomm="init"
09-05 19:39:09.882     0     0 I pmi632_charger: chg_state_change_irq_handler: IRQ: chg-state-change
09-05 19:39:09.903     0     0 I ALG     : cap_learning_update: [SOMC CL][OFF] charge_status:1 bsoc_cp:10000
09-05 19:39:09.003   524   524 I recovery: type=1400 audit(0.0:502): avc: denied { write } for name="mtp_usb" dev="tmpfs" ino=9576 scontext=u:r:recovery:s0 tcontext=u:object_r:mtp_device:s0 tclass=chr_file permissive=1 ppid=457 pcomm="recovery" pgid=457 pgcomm="recovery"
09-05 19:39:09.003   524   524 I recovery: type=1400 audit(0.0:503): avc: denied { open } for path="/dev/mtp_usb" dev="tmpfs" ino=9576 scontext=u:r:recovery:s0 tcontext=u:object_r:mtp_device:s0 tclass=chr_file permissive=1 ppid=457 pcomm="recovery" pgid=457 pgcomm="recovery"
09-05 19:39:09.003   524   524 I recovery: type=1400 audit(0.0:504): avc: denied { read } for name="mtp_usb" dev="tmpfs" ino=9576 scontext=u:r:recovery:s0 tcontext=u:object_r:mtp_device:s0 tclass=chr_file permissive=1 ppid=457 pcomm="recovery" pgid=457 pgcomm="recovery"
09-05 19:39:09.003   524   524 I recovery: type=1400 audit(0.0:505): avc: denied { read } for name="/" dev="mmcblk1p1" ino=1 scontext=u:r:recovery:s0 tcontext=u:object_r:vfat:s0 tclass=dir permissive=1 ppid=457 pcomm="recovery" pgid=524 pgcomm="recovery"
09-05 19:39:09.003   524   524 I recovery: type=1400 audit(0.0:506): avc: denied { open } for path="/sdcard1" dev="mmcblk1p1" ino=1 scontext=u:r:recovery:s0 tcontext=u:object_r:vfat:s0 tclass=dir permissive=1 ppid=457 pcomm="recovery" pgid=524 pgcomm="recovery"
09-05 19:39:09.912     0     0 I         : mtp_open
09-05 19:39:09.912     0     0 I         : mtp_open
09-05 19:39:09.912     0     0 E         : mtp_open mtp_release not called returning EBUSY
09-05 19:39:09.912     0     0 I         : mtp_release
09-05 19:39:09.033   524   524 I recovery: type=1400 audit(0.0:507): avc: denied { getattr } for path="/sdcard1/boot.img.gz" dev="mmcblk1p1" ino=1048623 scontext=u:r:recovery:s0 tcontext=u:object_r:vfat:s0 tclass=file permissive=1 ppid=457 pcomm="recovery" pgid=524 pgcomm="recovery"
09-05 19:39:10.147     0     0 I ALG     : cap_learning_update: [SOMC CL][OFF] charge_status:1 bsoc_cp:10000
09-05 19:39:10.712     0     0 I         : mtp_open
09-05 19:39:10.726     0     0 I pmi632_charger: smblib_icl_change_work: icl_settled=100000
09-05 19:39:10.729     0     0 I QG-K    : qg_somc_jeita_step_charge_work: [Charging] BSOC:10000 MSOC:100 RTEMP:293 IBATT:140mA VBATT:4359mV VCELL:4359mV Target FCC:1000mA FV:4340mV
09-05 19:39:10.913   457   457 I recovery: type=1400 audit(0.0:508): avc: denied { write } for name="duration" dev="sysfs" ino=40570 scontext=u:r:recovery:s0 tcontext=u:object_r:sysfs:s0 tclass=file permissive=1 ppid=1 pcomm="init" pgid=1 pgcomm="init"
09-05 19:39:12.886     0     0 I pmi632_charger: smblib_icl_change_work: icl_settled=200000
09-05 19:39:15.496     0     0 I EXT4-fs (mmcblk0p84): mounted filesystem with ordered data mode. Opts: barrier=1,discard
09-05 19:39:15.755     0     0 I EXT4-fs (mmcblk0p66): mounted filesystem with ordered data mode. Opts: discard
09-05 19:39:16.168     0     0 I F2FS-fs (mmcblk0p86): Magic Mismatch, valid(0xf2f52010) - read(0x14bf94fa)
09-05 19:39:16.168     0     0 E F2FS-fs (mmcblk0p86): Can't find valid F2FS filesystem in 1th superblock
09-05 19:39:16.168     0     0 I F2FS-fs (mmcblk0p86): Magic Mismatch, valid(0xf2f52010) - read(0x17d6cc1)
09-05 19:39:16.168     0     0 E F2FS-fs (mmcblk0p86): Can't find valid F2FS filesystem in 2th superblock
09-05 19:39:16.168     0     0 I F2FS-fs (mmcblk0p86): Magic Mismatch, valid(0xf2f52010) - read(0x14bf94fa)
09-05 19:39:16.168     0     0 E F2FS-fs (mmcblk0p86): Can't find valid F2FS filesystem in 1th superblock
09-05 19:39:16.169     0     0 I F2FS-fs (mmcblk0p86): Magic Mismatch, valid(0xf2f52010) - read(0x17d6cc1)
09-05 19:39:16.169     0     0 E F2FS-fs (mmcblk0p86): Can't find valid F2FS filesystem in 2th superblock
09-05 19:39:16.596     0     0 I pmi632_charger: smblib_icl_change_work: icl_settled=250000
09-05 19:39:25.713     0     0 I pmi632_charger: smblib_icl_change_work: icl_settled=300000
09-05 19:39:27.154     0     0 E i2c_geni 4a88000.i2c: i2c error :-107
09-05 19:39:37.180     0     0 E i2c_geni 4a88000.i2c: i2c error :-107
09-05 19:39:38.442     0     0 W         : irq 73 handler qpnp_kpdpwr_irq+0x0/0x44 enabled interrupts
09-05 19:39:38.442     0     0 W         : ------------[ cut here ]------------
09-05 19:39:38.442     0     0 W         : WARNING: CPU: 0 PID: 0 at kernel/irq/handle.c:151 __handle_irq_event_percpu+0x224/0x2a4
09-05 19:39:38.442     0     0 W         : Modules linked in:
09-05 19:39:38.442     0     0 W         : CPU: 0 PID: 0 Comm: swapper/0 Tainted: G S              4.14.190-lineageos-g89f6642d02f0 #1
09-05 19:39:38.442     0     0 W Hardware name: Qualcomm Technologies, Inc. trinket pm6125 + pmi632 Sony Mobile Communications Inc., PDX-201(TRINKET) (DT)
09-05 19:39:38.442     0     0 W task    : 000000004fc88c53 task.stack: 0000000002c6f453
09-05 19:39:38.442     0     0 W pc      : __handle_irq_event_percpu+0x224/0x2a4
09-05 19:39:38.442     0     0 W lr      : __handle_irq_event_percpu+0x224/0x2a4
09-05 19:39:38.442     0     0 W sp      : ffffff8008003d80 pstate : 60400145
09-05 19:39:38.442     0     0 W         : x29: ffffff8008003d90 x28: ffffff8c3d62d018
09-05 19:39:38.442     0     0 W         : x27: 0000000000000140 x26: 0000000000000001
09-05 19:39:38.442     0     0 W         : x25: ffffff8c3d9e3fc0 x24: ffffff8c3d9f2a80
09-05 19:39:38.442     0     0 W         : x23: 0000000000000049 x22: ffffff8008003df4
09-05 19:39:38.442     0     0 W         : x21: fffffff0fa1feb80 x20: ffffff8c3dbed000
09-05 19:39:38.442     0     0 W         : x19: 0000000000000000 x18: 00000000ffff0a10
09-05 19:39:38.442     0     0 W         : x17: 00000000fffe5edc x16: 00000000000000f4
09-05 19:39:38.442     0     0 W         : x15: ffffff8c3caef014 x14: 00000000341555ac
09-05 19:39:38.442     0     0 W         : x13: 001fca10d3670a6b x12: 0000000000000000
09-05 19:39:38.442     0     0 W         : x11: 0000000000000000 x10: 0000000000000001
09-05 19:39:38.442     0     0 W         : x9 : 38600e5df4781e00 x8 : 38600e5df4781e00
09-05 19:39:38.442     0     0 W         : x7 : 0000000000000000 x6 : ffffff8c3dd282e6
09-05 19:39:38.442     0     0 W         : x5 : ffffff8c3da0a000 x4 : 0000000000000008
09-05 19:39:38.442     0     0 W         : x3 : 0000000000000000 x2 : 0000000000000001
09-05 19:39:38.442     0     0 W         : x1 : 0000000000000008 x0 : 000000000000003a
09-05 19:39:38.442     0     0 W PC      : 0xffffff8c3b92ba60:
09-05 19:39:38.442     0     0 W         : ba60  f9800111 885f7d09 11000529 880a7d09 35ffffaa f94016a0 97ff1593 17ffff95
09-05 19:39:38.442     0     0 W         : ba80  d0011608 52800029 391f7909 f94002a2 9000cd80 91088800 2a1703e1 97ffeada
09-05 19:39:38.442     0     0 W         : baa0  d4210000 17ffffdb d50342df 7100075f 54fffb61 17ffff87 910102a1 52800020
09-05 19:39:38.442     0     0 W         : bac0  9446c439 35fff0e0 f9402aa2 9000cd80 910dc400 2a1703e1 97ffeacb 17ffff81
09-05 19:39:38.442     0     0 W LR      : 0xffffff8c3b92ba60:
09-05 19:39:38.442     0     0 W         : ba60  f9800111 885f7d09 11000529 880a7d09 35ffffaa f94016a0 97ff1593 17ffff95
09-05 19:39:38.442     0     0 W         : ba80  d0011608 52800029 391f7909 f94002a2 9000cd80 91088800 2a1703e1 97ffeada
09-05 19:39:38.442     0     0 W         : baa0  d4210000 17ffffdb d50342df 7100075f 54fffb61 17ffff87 910102a1 52800020
09-05 19:39:38.442     0     0 W         : bac0  9446c439 35fff0e0 f9402aa2 9000cd80 910dc400 2a1703e1 97ffeacb 17ffff81
09-05 19:39:38.442     0     0 W SP      : 0xffffff8008003d40:
09-05 19:39:38.442     0     0 W         : 3d40  3b92baa0 ffffff8c 60400145 00000000 ffffffc8 ffffff80 f4781e00 38600e5d
09-05 19:39:38.442     0     0 W         : 3d60  ffffffff 0000007f 3b92baa0 ffffff8c 08003d90 ffffff80 3b92baa0 ffffff8c
09-05 19:39:38.442     0     0 W         : 3d80  08003db0 00000140 fa68c800 fffffff0 08003e00 ffffff80 3b92bc00 ffffff8c
09-05 19:39:38.442     0     0 W         : 3da0  00800070 00000000 00000000 00000000 fa69758a fffffff0 00000000 00000000
09-05 19:39:38.442     0     0 W Call trace:  
09-05 19:39:38.442     0     0 W         : __handle_irq_event_percpu+0x224/0x2a4
09-05 19:39:38.442     0     0 W         : handle_irq_event+0x5c/0xd0
09-05 19:39:38.442     0     0 W         : handle_edge_irq+0x108/0x23c
09-05 19:39:38.442     0     0 W         : generic_handle_irq+0x24/0x3c
09-05 19:39:38.442     0     0 W         : periph_interrupt+0x74/0x118
09-05 19:39:38.442     0     0 W         : pmic_arb_chained_irq+0x148/0x224
09-05 19:39:38.442     0     0 W         : __handle_domain_irq+0x7c/0xbc
09-05 19:39:38.442     0     0 W         : gic_handle_irq+0x14c/0x1bc
09-05 19:39:38.442     0     0 W         : el1_irq+0xe8/0x18c
09-05 19:39:38.442     0     0 W         : lpm_cpuidle_enter+0x490/0x4d4
09-05 19:39:38.442     0     0 W         : cpuidle_enter_state+0x1b8/0x32c
09-05 19:39:38.442     0     0 W         : cpuidle_enter+0x18/0x20
09-05 19:39:38.442     0     0 W         : do_idle+0x1d0/0x26c
09-05 19:39:38.442     0     0 W         : cpu_startup_entry+0x20/0x24
09-05 19:39:38.442     0     0 W         : rest_init+0xd0/0xdc
09-05 19:39:38.442     0     0 W         : start_kernel+0x4f4/0x56c
09-05 19:39:38.442     0     0 W         : ---[ end trace 8a7965adc1c3a57b ]---
09-05 19:39:45.889   525   525 I adbd    : UsbFfs: already offline
09-05 19:39:45.889   525   525 I adbd    : authentication not required
09-05 19:39:47.207     0     0 E i2c_geni 4a88000.i2c: i2c error :-107
09-05 19:39:49.818     0     0 I logd    : logdr: UID=0 GID=0 PID=723 b tail=0 logMask=99 pid=0 start=0ns deadline=0ns
