01-01 14:35:48.069   457   457 I HidlServiceManagement: getService: Trying again for android.hardware.keymaster@4.0::IKeymasterDevice/default...
01-01 14:35:48.069   454   584 W libc    : Unable to set property "ctl.interface_start" to "android.hardware.keymaster@4.0::IKeymasterDevice/default": error code: 0x20
01-01 14:35:48.069   454   584 I hwservicemanager: Tried to start android.hardware.keymaster@4.0::IKeymasterDevice/default as a lazy service, but was unable to. Usually this happens when a service is not installed, but if the service is intended to be used as a lazy service, then it may be configured incorrectly.
01-01 14:35:49.037     0     0 E init    : Control message: Could not find 'android.hardware.keymaster@4.0::IKeymasterDevice/default' for ctl.interface_start from pid: 454 (/system/bin/hwservicemanager)
01-01 14:35:49.069   457   457 W HidlServiceManagement: Waited one second for android.hardware.keymaster@4.0::IKeymasterDevice/default
01-01 14:35:49.069   454   454 I hwservicemanager: Since android.hardware.keymaster@4.0::IKeymasterDevice/default is not registered, trying to start it as a lazy HAL.
01-01 14:35:49.069   457   457 I HidlServiceManagement: getService: Trying again for android.hardware.keymaster@4.0::IKeymasterDevice/default...
01-01 14:35:49.070   454   585 W libc    : Unable to set property "ctl.interface_start" to "android.hardware.keymaster@4.0::IKeymasterDevice/default": error code: 0x20
01-01 14:35:49.070   454   585 I hwservicemanager: Tried to start android.hardware.keymaster@4.0::IKeymasterDevice/default as a lazy service, but was unable to. Usually this happens when a service is not installed, but if the service is intended to be used as a lazy service, then it may be configured incorrectly.
01-01 14:35:50.038     0     0 E init    : Control message: Could not find 'android.hardware.keymaster@4.0::IKeymasterDevice/default' for ctl.interface_start from pid: 454 (/system/bin/hwservicemanager)
01-01 14:35:50.070   457   457 W HidlServiceManagement: Waited one second for android.hardware.keymaster@4.0::IKeymasterDevice/default
01-01 14:35:50.070   454   454 I hwservicemanager: Since android.hardware.keymaster@4.0::IKeymasterDevice/default is not registered, trying to start it as a lazy HAL.
01-01 14:35:50.070   457   457 I HidlServiceManagement: getService: Trying again for android.hardware.keymaster@4.0::IKeymasterDevice/default...
01-01 14:35:50.070   454   586 W libc    : Unable to set property "ctl.interface_start" to "android.hardware.keymaster@4.0::IKeymasterDevice/default": error code: 0x20
01-01 14:35:50.071   454   586 I hwservicemanager: Tried to start android.hardware.keymaster@4.0::IKeymasterDevice/default as a lazy service, but was unable to. Usually this happens when a service is not installed, but if the service is intended to be used as a lazy service, then it may be configured incorrectly.
01-01 14:35:51.038     0     0 E init    : Control message: Could not find 'android.hardware.keymaster@4.0::IKeymasterDevice/default' for ctl.interface_start from pid: 454 (/system/bin/hwservicemanager)
01-01 14:35:51.070   457   457 W HidlServiceManagement: Waited one second for android.hardware.keymaster@4.0::IKeymasterDevice/default
01-01 14:35:51.070   454   454 I hwservicemanager: Since android.hardware.keymaster@4.0::IKeymasterDevice/default is not registered, trying to start it as a lazy HAL.
01-01 14:35:51.071   457   457 I HidlServiceManagement: getService: Trying again for android.hardware.keymaster@4.0::IKeymasterDevice/default...
01-01 14:35:51.071   454   587 W libc    : Unable to set property "ctl.interface_start" to "android.hardware.keymaster@4.0::IKeymasterDevice/default": error code: 0x20
01-01 14:35:51.071   454   587 I hwservicemanager: Tried to start android.hardware.keymaster@4.0::IKeymasterDevice/default as a lazy service, but was unable to. Usually this happens when a service is not installed, but if the service is intended to be used as a lazy service, then it may be configured incorrectly.
01-01 14:35:52.039     0     0 E init    : Control message: Could not find 'android.hardware.keymaster@4.0::IKeymasterDevice/default' for ctl.interface_start from pid: 454 (/system/bin/hwservicemanager)
01-01 14:35:52.071   457   457 W HidlServiceManagement: Waited one second for android.hardware.keymaster@4.0::IKeymasterDevice/default
01-01 14:35:52.071   454   454 I hwservicemanager: Since android.hardware.keymaster@4.0::IKeymasterDevice/default is not registered, trying to start it as a lazy HAL.
01-01 14:35:52.071   457   457 I HidlServiceManagement: getService: Trying again for android.hardware.keymaster@4.0::IKeymasterDevice/default...
01-01 14:35:52.072   454   588 W libc    : Unable to set property "ctl.interface_start" to "android.hardware.keymaster@4.0::IKeymasterDevice/default": error code: 0x20
01-01 14:35:52.072   454   588 I hwservicemanager: Tried to start android.hardware.keymaster@4.0::IKeymasterDevice/default as a lazy service, but was unable to. Usually this happens when a service is not installed, but if the service is intended to be used as a lazy service, then it may be configured incorrectly.
01-01 14:35:53.040     0     0 E init    : Control message: Could not find 'android.hardware.keymaster@4.0::IKeymasterDevice/default' for ctl.interface_start from pid: 454 (/system/bin/hwservicemanager)
01-01 14:35:53.071   457   457 W HidlServiceManagement: Waited one second for android.hardware.keymaster@4.0::IKeymasterDevice/default
01-01 14:35:53.072   454   454 I hwservicemanager: Since android.hardware.keymaster@4.0::IKeymasterDevice/default is not registered, trying to start it as a lazy HAL.
01-01 14:35:53.072   457   457 I HidlServiceManagement: getService: Trying again for android.hardware.keymaster@4.0::IKeymasterDevice/default...
01-01 14:35:53.072   454   589 W libc    : Unable to set property "ctl.interface_start" to "android.hardware.keymaster@4.0::IKeymasterDevice/default": error code: 0x20
01-01 14:35:53.072   454   589 I hwservicemanager: Tried to start android.hardware.keymaster@4.0::IKeymasterDevice/default as a lazy service, but was unable to. Usually this happens when a service is not installed, but if the service is intended to be used as a lazy service, then it may be configured incorrectly.
01-01 14:35:54.040     0     0 E init    : Control message: Could not find 'android.hardware.keymaster@4.0::IKeymasterDevice/default' for ctl.interface_start from pid: 454 (/system/bin/hwservicemanager)
01-01 14:35:53.985   463   575 E recovery: i: 0: Success
01-01 14:35:54.072   457   457 W HidlServiceManagement: Waited one second for android.hardware.keymaster@4.0::IKeymasterDevice/default
01-01 14:35:54.072   454   454 I hwservicemanager: Since android.hardware.keymaster@4.0::IKeymasterDevice/default is not registered, trying to start it as a lazy HAL.
01-01 14:35:54.072   457   457 I HidlServiceManagement: getService: Trying again for android.hardware.keymaster@4.0::IKeymasterDevice/default...
01-01 14:35:54.073   454   591 W libc    : Unable to set property "ctl.interface_start" to "android.hardware.keymaster@4.0::IKeymasterDevice/default": error code: 0x20
01-01 14:35:54.073   454   591 I hwservicemanager: Tried to start android.hardware.keymaster@4.0::IKeymasterDevice/default as a lazy service, but was unable to. Usually this happens when a service is not installed, but if the service is intended to be used as a lazy service, then it may be configured incorrectly.
01-01 14:35:55.041     0     0 E init    : Control message: Could not find 'android.hardware.keymaster@4.0::IKeymasterDevice/default' for ctl.interface_start from pid: 454 (/system/bin/hwservicemanager)
01-01 14:35:54.985   463   575 E recovery: i: 1: No such file or directory
01-01 14:35:55.023   463   463 I recovery: type=1400 audit(0.0:415): avc: denied { ioctl } for path="/dev/block/dm-3" dev="tmpfs" ino=11768 ioctlcmd=0x5331 scontext=u:r:recovery:s0 tcontext=u:object_r:dm_device:s0 tclass=blk_file permissive=1 ppid=1 pcomm="init" pgid=463 pgcomm="recovery"
01-01 14:35:55.023   463   463 I recovery: type=1400 audit(0.0:416): avc: denied { sys_rawio } for capability=17 scontext=u:r:recovery:s0 tcontext=u:r:recovery:s0 tclass=capability permissive=1 ppid=1 pcomm="init" pgid=463 pgcomm="recovery"
01-01 14:35:55.072   457   457 W HidlServiceManagement: Waited one second for android.hardware.keymaster@4.0::IKeymasterDevice/default
01-01 14:35:55.073   454   454 I hwservicemanager: Since android.hardware.keymaster@4.0::IKeymasterDevice/default is not registered, trying to start it as a lazy HAL.
01-01 14:35:55.073   457   457 I HidlServiceManagement: getService: Trying again for android.hardware.keymaster@4.0::IKeymasterDevice/default...
01-01 14:35:55.073   454   592 W libc    : Unable to set property "ctl.interface_start" to "android.hardware.keymaster@4.0::IKeymasterDevice/default": error code: 0x20
01-01 14:35:55.073   454   592 I hwservicemanager: Tried to start android.hardware.keymaster@4.0::IKeymasterDevice/default as a lazy service, but was unable to. Usually this happens when a service is not installed, but if the service is intended to be used as a lazy service, then it may be configured incorrectly.
01-01 14:35:56.041     0     0 E init    : Control message: Could not find 'android.hardware.keymaster@4.0::IKeymasterDevice/default' for ctl.interface_start from pid: 454 (/system/bin/hwservicemanager)
01-01 14:35:56.049     0     0 W EXT4-fs (dm-3): warning: mounting unchecked fs, running e2fsck is recommended
01-01 14:35:55.076   463   463 I recovery: type=1400 audit(0.0:417): avc: denied { ioctl } for path="/dev/block/dm-6" dev="tmpfs" ino=11777 ioctlcmd=0x5331 scontext=u:r:recovery:s0 tcontext=u:object_r:dm_device:s0 tclass=blk_file permissive=1 ppid=1 pcomm="init" pgid=463 pgcomm="recovery"
01-01 14:35:56.049     0     0 I EXT4-fs (dm-3): mounted filesystem without journal. Opts:
01-01 14:35:56.059     0     0 W EXT4-fs (dm-6): warning: mounting unchecked fs, running e2fsck is recommended
01-01 14:35:56.060     0     0 I EXT4-fs (dm-6): mounted filesystem without journal. Opts:
01-01 14:35:55.093   463   463 I recovery: type=1400 audit(0.0:418): avc: denied { mounton } for path="/system/bin/sh" dev="rootfs" ino=10584 scontext=u:r:recovery:s0 tcontext=u:object_r:rootfs:s0 tclass=file permissive=1 ppid=1 pcomm="init" pgid=463 pgcomm="recovery"
01-01 14:35:55.170   454   454 I hwservicemanage: type=1400 audit(0.0:419): avc: denied { write } for name="access" dev="selinuxfs" ino=6 scontext=u:r:recovery:s0 tcontext=u:object_r:selinuxfs:s0 tclass=file permissive=1 ppid=1 pcomm="init" pgid=1 pgcomm="init"
01-01 14:35:55.175   454   454 I hwservicemanager: getTransport: Cannot find entry android.hardware.boot@1.0::IBootControl/default in either framework or device VINTF manifest.
01-01 14:35:55.181   463   575 I recovery: Command 0 finished with 0
01-01 14:35:56.264     0     0 E i2c_geni 4a88000.i2c: i2c error :-107
01-01 14:35:56.636     0     0 I pmi632_charger: somc_aicl_irq_handler: IRQ: aicl-done
01-01 14:35:56.649     0     0 I ALG     : cap_learning_update: [SOMC CL][OFF] charge_status:1 bsoc_cp:10000
01-01 14:35:56.073   457   457 W HidlServiceManagement: Waited one second for android.hardware.keymaster@4.0::IKeymasterDevice/default
01-01 14:35:56.073   454   454 I hwservicemanager: Since android.hardware.keymaster@4.0::IKeymasterDevice/default is not registered, trying to start it as a lazy HAL.
01-01 14:35:56.074   457   457 I HidlServiceManagement: getService: Trying again for android.hardware.keymaster@4.0::IKeymasterDevice/default...
01-01 14:35:56.074   454   596 W libc    : Unable to set property "ctl.interface_start" to "android.hardware.keymaster@4.0::IKeymasterDevice/default": error code: 0x20
01-01 14:35:56.074   454   596 I hwservicemanager: Tried to start android.hardware.keymaster@4.0::IKeymasterDevice/default as a lazy service, but was unable to. Usually this happens when a service is not installed, but if the service is intended to be used as a lazy service, then it may be configured incorrectly.
01-01 14:35:57.042     0     0 E init    : Control message: Could not find 'android.hardware.keymaster@4.0::IKeymasterDevice/default' for ctl.interface_start from pid: 454 (/system/bin/hwservicemanager)
01-01 14:35:56.207   463   575 I recovery: Socket has been closed
01-01 14:35:57.176     0     0 I init    : processing action (sys.usb.config=none && sys.usb.configfs=1) from (/system/etc/init/hw/init.rc:186)
01-01 14:35:57.177     0     0 I init    : Command 'write /config/usb_gadget/g1/UDC none' action=sys.usb.config=none && sys.usb.configfs=1 (/system/etc/init/hw/init.rc:187) took 0ms and failed: Unable to write to file '/config/usb_gadget/g1/UDC': Unable to write file contents: No such device
01-01 14:35:57.178     0     0 I init    : processing action (sys.usb.config=none && sys.usb.configfs=1) from (/init.recovery.usb.rc:95)
01-01 14:35:57.179     0     0 I init    : Command 'write /config/usb_gadget/g1/UDC none' action=sys.usb.config=none && sys.usb.configfs=1 (/init.recovery.usb.rc:96) took 0ms and failed: Unable to write to file '/config/usb_gadget/g1/UDC': Unable to write file contents: No such device
01-01 14:35:57.180     0     0 I init    : Command 'rm /config/usb_gadget/g1/configs/b.1/f1' action=sys.usb.config=none && sys.usb.configfs=1 (/init.recovery.usb.rc:102) took 0ms and failed: unlink() failed: No such file or directory
01-01 14:35:57.180     0     0 I init    : Command 'rm /config/usb_gadget/g1/configs/b.1/f2' action=sys.usb.config=none && sys.usb.configfs=1 (/init.recovery.usb.rc:103) took 0ms and failed: unlink() failed: No such file or directory
01-01 14:35:57.180     0     0 I init    : Command 'rm /config/usb_gadget/g1/configs/b.1/f3' action=sys.usb.config=none && sys.usb.configfs=1 (/init.recovery.usb.rc:104) took 0ms and failed: unlink() failed: No such file or directory
01-01 14:35:57.181     0     0 I init    : processing action (init.svc.adbd=stopped) from (/init.recovery.usb.rc:107)
01-01 14:35:56.250   597   597 I adbd    : persist.adb.watchdog set to ''
01-01 14:35:56.250   597   597 I adbd    : persist.sys.test_harness set to ''
01-01 14:35:56.251   597   597 I adbd    : adb watchdog timeout set to 600 seconds
01-01 14:35:56.251   597   600 I adbd    : Waiting for persist.adb.tls_server.enable=1
01-01 14:35:56.251   597   597 I adbd    : adbd started
01-01 14:35:56.251   597   602 I adbd    : opening control endpoint /dev/usb-ffs/adb/ep0
01-01 14:35:57.219     0     0 I         : read descriptors
01-01 14:35:57.219     0     0 I         : read strings
01-01 14:35:56.254   597   602 I adbd    : UsbFfsConnection constructed
01-01 14:35:56.254   597   603 I adbd    : UsbFfs-monitor thread spawned
01-01 14:35:56.255   597   603 I adbd    : USB event: FUNCTIONFS_BIND
01-01 14:35:57.229     0     0 I android_work: sent uevent USB_STATE=DISCONNECTED
01-01 14:35:57.382     0     0 I msm-dwc3 4e00000.ssusb: Avail curr from USB = 100
01-01 14:35:57.382     0     0 I pmi632_charger: smblib_set_icl_current: set ICL to 50000uA
01-01 14:35:57.382     0     0 I android_work: did not send uevent (0 0 0000000000000000)
01-01 14:35:57.382     0     0 I pmi632_charger: somc_aicl_irq_handler: IRQ: aicl-done
01-01 14:35:57.505     0     0 I android_work: sent uevent USB_STATE=CONNECTED
01-01 14:35:57.512     0     0 I android_work: sent uevent USB_STATE=DISCONNECTED
01-01 14:35:57.719     0     0 I android_work: sent uevent USB_STATE=CONNECTED
01-01 14:35:56.799   597   603 I adbd    : USB event: FUNCTIONFS_ENABLE
01-01 14:35:57.766     0     0 I configfs-gadget gadget: high-speed config #1: b
01-01 14:35:57.767     0     0 I msm-dwc3 4e00000.ssusb: Avail curr from USB = 500
01-01 14:35:57.767     0     0 I pmi632_charger: smblib_set_icl_current: set ICL to 500000uA
01-01 14:35:57.767     0     0 I android_work: sent uevent USB_STATE=CONFIGURED
01-01 14:35:56.799   597   604 I adbd    : UsbFfs-worker thread spawned
01-01 14:35:57.987     0     0 I         : mtp_open
01-01 14:35:57.016   598   598 I recovery: type=1400 audit(0.0:420): avc: denied { getattr } for path="/sdcard1/img.jpeg" dev="mmcblk1p1" ino=1048607 scontext=u:r:recovery:s0 tcontext=u:object_r:vfat:s0 tclass=file permissive=1 ppid=463 pcomm="recovery" pgid=598 pgcomm="recovery"
01-01 14:35:57.987     0     0 I         : mtp_open
01-01 14:35:57.987     0     0 E         : mtp_open mtp_release not called returning EBUSY
01-01 14:35:57.987     0     0 I         : mtp_release
01-01 14:35:57.074   457   457 W HidlServiceManagement: Waited one second for android.hardware.keymaster@4.0::IKeymasterDevice/default
01-01 14:35:57.074   454   454 I hwservicemanager: Since android.hardware.keymaster@4.0::IKeymasterDevice/default is not registered, trying to start it as a lazy HAL.
01-01 14:35:57.074   457   457 I HidlServiceManagement: getService: Trying again for android.hardware.keymaster@4.0::IKeymasterDevice/default...
01-01 14:35:57.075   454   608 W libc    : Unable to set property "ctl.interface_start" to "android.hardware.keymaster@4.0::IKeymasterDevice/default": error code: 0x20
01-01 14:35:57.075   454   608 I hwservicemanager: Tried to start android.hardware.keymaster@4.0::IKeymasterDevice/default as a lazy service, but was unable to. Usually this happens when a service is not installed, but if the service is intended to be used as a lazy service, then it may be configured incorrectly.
01-01 14:35:58.063     0     0 I pmi632_charger: somc_aicl_irq_handler: IRQ: aicl-done
01-01 14:35:58.063     0     0 I pmi632_charger: smblib_icl_change_work: icl_settled=500000
01-01 14:35:58.787     0     0 I         : mtp_open
01-01 14:35:57.871   597   597 I adbd    : UsbFfs: already offline
01-01 14:35:57.871   597   597 I adbd    : authentication not required
01-01 14:35:58.074   457   457 W HidlServiceManagement: Waited one second for android.hardware.keymaster@4.0::IKeymasterDevice/default
01-01 14:35:58.075   454   454 I hwservicemanager: Since android.hardware.keymaster@4.0::IKeymasterDevice/default is not registered, trying to start it as a lazy HAL.
01-01 14:35:58.075   457   457 I HidlServiceManagement: getService: Trying again for android.hardware.keymaster@4.0::IKeymasterDevice/default...
01-01 14:35:58.075   454   609 W libc    : Unable to set property "ctl.interface_start" to "android.hardware.keymaster@4.0::IKeymasterDevice/default": error code: 0x20
01-01 14:35:58.075   454   609 I hwservicemanager: Tried to start android.hardware.keymaster@4.0::IKeymasterDevice/default as a lazy service, but was unable to. Usually this happens when a service is not installed, but if the service is intended to be used as a lazy service, then it may be configured incorrectly.
01-01 14:35:59.075   457   457 W HidlServiceManagement: Waited one second for android.hardware.keymaster@4.0::IKeymasterDevice/default
01-01 14:35:59.075   454   454 I hwservicemanager: Since android.hardware.keymaster@4.0::IKeymasterDevice/default is not registered, trying to start it as a lazy HAL.
01-01 14:35:59.075   457   457 I HidlServiceManagement: getService: Trying again for android.hardware.keymaster@4.0::IKeymasterDevice/default...
01-01 14:35:59.076   454   610 W libc    : Unable to set property "ctl.interface_start" to "android.hardware.keymaster@4.0::IKeymasterDevice/default": error code: 0x20
01-01 14:35:59.076   454   610 I hwservicemanager: Tried to start android.hardware.keymaster@4.0::IKeymasterDevice/default as a lazy service, but was unable to. Usually this happens when a service is not installed, but if the service is intended to be used as a lazy service, then it may be configured incorrectly.
01-01 14:36:00.076   457   457 W HidlServiceManagement: Waited one second for android.hardware.keymaster@4.0::IKeymasterDevice/default
01-01 14:36:00.076   454   454 I hwservicemanager: Since android.hardware.keymaster@4.0::IKeymasterDevice/default is not registered, trying to start it as a lazy HAL.
01-01 14:36:00.076   457   457 I HidlServiceManagement: getService: Trying again for android.hardware.keymaster@4.0::IKeymasterDevice/default...
01-01 14:36:00.077   454   611 W libc    : Unable to set property "ctl.interface_start" to "android.hardware.keymaster@4.0::IKeymasterDevice/default": error code: 0x20
01-01 14:36:00.077   454   611 I hwservicemanager: Tried to start android.hardware.keymaster@4.0::IKeymasterDevice/default as a lazy service, but was unable to. Usually this happens when a service is not installed, but if the service is intended to be used as a lazy service, then it may be configured incorrectly.
01-01 14:36:01.045     0     0 E init    : Control message: Could not find 'android.hardware.keymaster@4.0::IKeymasterDevice/default' for ctl.interface_start from pid: 454 (/system/bin/hwservicemanager)
01-01 14:36:01.816     0     0 I ALG     : cap_learning_update: [SOMC CL][OFF] charge_status:1 bsoc_cp:10000
01-01 14:36:01.076   457   457 W HidlServiceManagement: Waited one second for android.hardware.keymaster@4.0::IKeymasterDevice/default
01-01 14:36:01.077   454   454 I hwservicemanager: Since android.hardware.keymaster@4.0::IKeymasterDevice/default is not registered, trying to start it as a lazy HAL.
01-01 14:36:01.077   457   457 I HidlServiceManagement: getService: Trying again for android.hardware.keymaster@4.0::IKeymasterDevice/default...
01-01 14:36:01.077   454   613 W libc    : Unable to set property "ctl.interface_start" to "android.hardware.keymaster@4.0::IKeymasterDevice/default": error code: 0x20
01-01 14:36:01.077   454   613 I hwservicemanager: Tried to start android.hardware.keymaster@4.0::IKeymasterDevice/default as a lazy service, but was unable to. Usually this happens when a service is not installed, but if the service is intended to be used as a lazy service, then it may be configured incorrectly.
01-01 14:36:02.045     0     0 E init    : Control message: Could not find 'android.hardware.keymaster@4.0::IKeymasterDevice/default' for ctl.interface_start from pid: 454 (/system/bin/hwservicemanager)
01-01 14:36:02.077   457   457 W HidlServiceManagement: Waited one second for android.hardware.keymaster@4.0::IKeymasterDevice/default
01-01 14:36:02.077   454   454 I hwservicemanager: Since android.hardware.keymaster@4.0::IKeymasterDevice/default is not registered, trying to start it as a lazy HAL.
01-01 14:36:02.077   457   457 I HidlServiceManagement: getService: Trying again for android.hardware.keymaster@4.0::IKeymasterDevice/default...
01-01 14:36:02.078   454   616 W libc    : Unable to set property "ctl.interface_start" to "android.hardware.keymaster@4.0::IKeymasterDevice/default": error code: 0x20
01-01 14:36:02.078   454   616 I hwservicemanager: Tried to start android.hardware.keymaster@4.0::IKeymasterDevice/default as a lazy service, but was unable to. Usually this happens when a service is not installed, but if the service is intended to be used as a lazy service, then it may be configured incorrectly.
01-01 14:36:03.046     0     0 E init    : Control message: Could not find 'android.hardware.keymaster@4.0::IKeymasterDevice/default' for ctl.interface_start from pid: 454 (/system/bin/hwservicemanager)
01-01 14:36:03.078   457   457 W HidlServiceManagement: Waited one second for android.hardware.keymaster@4.0::IKeymasterDevice/default
01-01 14:36:03.078   454   454 I hwservicemanager: Since android.hardware.keymaster@4.0::IKeymasterDevice/default is not registered, trying to start it as a lazy HAL.
01-01 14:36:03.078   457   457 I HidlServiceManagement: getService: Trying again for android.hardware.keymaster@4.0::IKeymasterDevice/default...
01-01 14:36:03.078   454   617 W libc    : Unable to set property "ctl.interface_start" to "android.hardware.keymaster@4.0::IKeymasterDevice/default": error code: 0x20
01-01 14:36:03.079   454   617 I hwservicemanager: Tried to start android.hardware.keymaster@4.0::IKeymasterDevice/default as a lazy service, but was unable to. Usually this happens when a service is not installed, but if the service is intended to be used as a lazy service, then it may be configured incorrectly.
01-01 14:36:04.046     0     0 E init    : Control message: Could not find 'android.hardware.keymaster@4.0::IKeymasterDevice/default' for ctl.interface_start from pid: 454 (/system/bin/hwservicemanager)
01-01 14:36:04.363     0     0 I logd    : logdr: UID=0 GID=0 PID=618 b tail=0 logMask=99 pid=0 start=0ns deadline=0ns
01-01 14:36:04.078   457   457 W HidlServiceManagement: Waited one second for android.hardware.keymaster@4.0::IKeymasterDevice/default
01-01 14:36:04.079   454   454 I hwservicemanager: Since android.hardware.keymaster@4.0::IKeymasterDevice/default is not registered, trying to start it as a lazy HAL.
01-01 14:36:04.079   457   457 I HidlServiceManagement: getService: Trying again for android.hardware.keymaster@4.0::IKeymasterDevice/default...
01-01 14:36:04.079   454   621 W libc    : Unable to set property "ctl.interface_start" to "android.hardware.keymaster@4.0::IKeymasterDevice/default": error code: 0x20
01-01 14:36:04.080   454   621 I hwservicemanager: Tried to start android.hardware.keymaster@4.0::IKeymasterDevice/default as a lazy service, but was unable to. Usually this happens when a service is not installed, but if the service is intended to be used as a lazy service, then it may be configured incorrectly.
01-01 14:36:05.047     0     0 E init    : Control message: Could not find 'android.hardware.keymaster@4.0::IKeymasterDevice/default' for ctl.interface_start from pid: 454 (/system/bin/hwservicemanager)
01-01 14:36:05.079   457   457 W HidlServiceManagement: Waited one second for android.hardware.keymaster@4.0::IKeymasterDevice/default
01-01 14:36:05.079   454   454 I hwservicemanager: Since android.hardware.keymaster@4.0::IKeymasterDevice/default is not registered, trying to start it as a lazy HAL.
01-01 14:36:05.080   457   457 I HidlServiceManagement: getService: Trying again for android.hardware.keymaster@4.0::IKeymasterDevice/default...
01-01 14:36:05.080   454   622 W libc    : Unable to set property "ctl.interface_start" to "android.hardware.keymaster@4.0::IKeymasterDevice/default": error code: 0x20
01-01 14:36:05.080   454   622 I hwservicemanager: Tried to start android.hardware.keymaster@4.0::IKeymasterDevice/default as a lazy service, but was unable to. Usually this happens when a service is not installed, but if the service is intended to be used as a lazy service, then it may be configured incorrectly.
01-01 14:36:06.048     0     0 E init    : Control message: Could not find 'android.hardware.keymaster@4.0::IKeymasterDevice/default' for ctl.interface_start from pid: 454 (/system/bin/hwservicemanager)
01-01 14:36:06.292     0     0 E i2c_geni 4a88000.i2c: i2c error :-107
01-01 14:36:06.080   457   457 W HidlServiceManagement: Waited one second for android.hardware.keymaster@4.0::IKeymasterDevice/default
01-01 14:36:06.080   454   454 I hwservicemanager: Since android.hardware.keymaster@4.0::IKeymasterDevice/default is not registered, trying to start it as a lazy HAL.
01-01 14:36:06.080   457   457 I HidlServiceManagement: getService: Trying again for android.hardware.keymaster@4.0::IKeymasterDevice/default...
01-01 14:36:06.081   454   623 W libc    : Unable to set property "ctl.interface_start" to "android.hardware.keymaster@4.0::IKeymasterDevice/default": error code: 0x20
01-01 14:36:06.081   454   623 I hwservicemanager: Tried to start android.hardware.keymaster@4.0::IKeymasterDevice/default as a lazy service, but was unable to. Usually this happens when a service is not installed, but if the service is intended to be used as a lazy service, then it may be configured incorrectly.
01-01 14:36:07.048     0     0 E init    : Control message: Could not find 'android.hardware.keymaster@4.0::IKeymasterDevice/default' for ctl.interface_start from pid: 454 (/system/bin/hwservicemanager)
01-01 14:36:07.080   457   457 W HidlServiceManagement: Waited one second for android.hardware.keymaster@4.0::IKeymasterDevice/default
01-01 14:36:07.081   454   454 I hwservicemanager: Since android.hardware.keymaster@4.0::IKeymasterDevice/default is not registered, trying to start it as a lazy HAL.
01-01 14:36:07.081   457   457 I HidlServiceManagement: getService: Trying again for android.hardware.keymaster@4.0::IKeymasterDevice/default...
01-01 14:36:07.081   454   624 W libc    : Unable to set property "ctl.interface_start" to "android.hardware.keymaster@4.0::IKeymasterDevice/default": error code: 0x20
01-01 14:36:07.082   454   624 I hwservicemanager: Tried to start android.hardware.keymaster@4.0::IKeymasterDevice/default as a lazy service, but was unable to. Usually this happens when a service is not installed, but if the service is intended to be used as a lazy service, then it may be configured incorrectly.
01-01 14:36:08.049     0     0 E init    : Control message: Could not find 'android.hardware.keymaster@4.0::IKeymasterDevice/default' for ctl.interface_start from pid: 454 (/system/bin/hwservicemanager)
01-01 14:36:08.081   457   457 W HidlServiceManagement: Waited one second for android.hardware.keymaster@4.0::IKeymasterDevice/default
01-01 14:36:08.081   454   454 I hwservicemanager: Since android.hardware.keymaster@4.0::IKeymasterDevice/default is not registered, trying to start it as a lazy HAL.
01-01 14:36:08.082   457   457 I HidlServiceManagement: getService: Trying again for android.hardware.keymaster@4.0::IKeymasterDevice/default...
01-01 14:36:08.082   454   625 W libc    : Unable to set property "ctl.interface_start" to "android.hardware.keymaster@4.0::IKeymasterDevice/default": error code: 0x20
01-01 14:36:08.082   454   625 I hwservicemanager: Tried to start android.hardware.keymaster@4.0::IKeymasterDevice/default as a lazy service, but was unable to. Usually this happens when a service is not installed, but if the service is intended to be used as a lazy service, then it may be configured incorrectly.
01-01 14:36:09.050     0     0 E init    : Control message: Could not find 'android.hardware.keymaster@4.0::IKeymasterDevice/default' for ctl.interface_start from pid: 454 (/system/bin/hwservicemanager)
01-01 14:36:09.082   457   457 W HidlServiceManagement: Waited one second for android.hardware.keymaster@4.0::IKeymasterDevice/default
01-01 14:36:09.082   454   454 I hwservicemanager: Since android.hardware.keymaster@4.0::IKeymasterDevice/default is not registered, trying to start it as a lazy HAL.
01-01 14:36:09.082   457   457 I HidlServiceManagement: getService: Trying again for android.hardware.keymaster@4.0::IKeymasterDevice/default...
01-01 14:36:09.083   454   626 W libc    : Unable to set property "ctl.interface_start" to "android.hardware.keymaster@4.0::IKeymasterDevice/default": error code: 0x20
01-01 14:36:09.083   454   626 I hwservicemanager: Tried to start android.hardware.keymaster@4.0::IKeymasterDevice/default as a lazy service, but was unable to. Usually this happens when a service is not installed, but if the service is intended to be used as a lazy service, then it may be configured incorrectly.
01-01 14:36:10.051     0     0 E init    : Control message: Could not find 'android.hardware.keymaster@4.0::IKeymasterDevice/default' for ctl.interface_start from pid: 454 (/system/bin/hwservicemanager)
01-01 14:36:10.984     0     0 I pmi632_charger: somc_aicl_irq_handler: IRQ: aicl-done
01-01 14:36:10.989     0     0 I ALG     : cap_learning_update: [SOMC CL][OFF] charge_status:1 bsoc_cp:10000
01-01 14:36:10.082   457   457 W HidlServiceManagement: Waited one second for android.hardware.keymaster@4.0::IKeymasterDevice/default
01-01 14:36:10.083   454   454 I hwservicemanager: Since android.hardware.keymaster@4.0::IKeymasterDevice/default is not registered, trying to start it as a lazy HAL.
01-01 14:36:10.083   457   457 I HidlServiceManagement: getService: Trying again for android.hardware.keymaster@4.0::IKeymasterDevice/default...
01-01 14:36:10.084   454   627 W libc    : Unable to set property "ctl.interface_start" to "android.hardware.keymaster@4.0::IKeymasterDevice/default": error code: 0x20
01-01 14:36:10.084   454   627 I hwservicemanager: Tried to start android.hardware.keymaster@4.0::IKeymasterDevice/default as a lazy service, but was unable to. Usually this happens when a service is not installed, but if the service is intended to be used as a lazy service, then it may be configured incorrectly.
01-01 14:36:11.052     0     0 E init    : Control message: Could not find 'android.hardware.keymaster@4.0::IKeymasterDevice/default' for ctl.interface_start from pid: 454 (/system/bin/hwservicemanager)
01-01 14:36:11.083   457   457 W HidlServiceManagement: Waited one second for android.hardware.keymaster@4.0::IKeymasterDevice/default
01-01 14:36:11.084   454   454 I hwservicemanager: Since android.hardware.keymaster@4.0::IKeymasterDevice/default is not registered, trying to start it as a lazy HAL.
01-01 14:36:11.085   457   457 I HidlServiceManagement: getService: Trying again for android.hardware.keymaster@4.0::IKeymasterDevice/default...
01-01 14:36:11.085   454   628 W libc    : Unable to set property "ctl.interface_start" to "android.hardware.keymaster@4.0::IKeymasterDevice/default": error code: 0x20
01-01 14:36:11.086   454   628 I hwservicemanager: Tried to start android.hardware.keymaster@4.0::IKeymasterDevice/default as a lazy service, but was unable to. Usually this happens when a service is not installed, but if the service is intended to be used as a lazy service, then it may be configured incorrectly.
01-01 14:36:12.053     0     0 E init    : Control message: Could not find 'android.hardware.keymaster@4.0::IKeymasterDevice/default' for ctl.interface_start from pid: 454 (/system/bin/hwservicemanager)
01-01 14:36:12.085   457   457 W HidlServiceManagement: Waited one second for android.hardware.keymaster@4.0::IKeymasterDevice/default
01-01 14:36:12.085   454   454 I hwservicemanager: Since android.hardware.keymaster@4.0::IKeymasterDevice/default is not registered, trying to start it as a lazy HAL.
01-01 14:36:12.086   457   457 I HidlServiceManagement: getService: Trying again for android.hardware.keymaster@4.0::IKeymasterDevice/default...
01-01 14:36:12.087   454   629 W libc    : Unable to set property "ctl.interface_start" to "android.hardware.keymaster@4.0::IKeymasterDevice/default": error code: 0x20
01-01 14:36:12.087   454   629 I hwservicemanager: Tried to start android.hardware.keymaster@4.0::IKeymasterDevice/default as a lazy service, but was unable to. Usually this happens when a service is not installed, but if the service is intended to be used as a lazy service, then it may be configured incorrectly.
01-01 14:36:13.054     0     0 E init    : Control message: Could not find 'android.hardware.keymaster@4.0::IKeymasterDevice/default' for ctl.interface_start from pid: 454 (/system/bin/hwservicemanager)
01-01 14:36:13.086   457   457 W HidlServiceManagement: Waited one second for android.hardware.keymaster@4.0::IKeymasterDevice/default
01-01 14:36:13.086   454   454 I hwservicemanager: Since android.hardware.keymaster@4.0::IKeymasterDevice/default is not registered, trying to start it as a lazy HAL.
01-01 14:36:13.086   457   457 I HidlServiceManagement: getService: Trying again for android.hardware.keymaster@4.0::IKeymasterDevice/default...
01-01 14:36:13.087   454   630 W libc    : Unable to set property "ctl.interface_start" to "android.hardware.keymaster@4.0::IKeymasterDevice/default": error code: 0x20
01-01 14:36:13.087   454   630 I hwservicemanager: Tried to start android.hardware.keymaster@4.0::IKeymasterDevice/default as a lazy service, but was unable to. Usually this happens when a service is not installed, but if the service is intended to be used as a lazy service, then it may be configured incorrectly.
01-01 14:36:14.055     0     0 E init    : Control message: Could not find 'android.hardware.keymaster@4.0::IKeymasterDevice/default' for ctl.interface_start from pid: 454 (/system/bin/hwservicemanager)
01-01 14:36:14.087   457   457 W HidlServiceManagement: Waited one second for android.hardware.keymaster@4.0::IKeymasterDevice/default
01-01 14:36:14.087   454   454 I hwservicemanager: Since android.hardware.keymaster@4.0::IKeymasterDevice/default is not registered, trying to start it as a lazy HAL.
01-01 14:36:14.087   457   457 I HidlServiceManagement: getService: Trying again for android.hardware.keymaster@4.0::IKeymasterDevice/default...
01-01 14:36:14.087   454   631 W libc    : Unable to set property "ctl.interface_start" to "android.hardware.keymaster@4.0::IKeymasterDevice/default": error code: 0x20
01-01 14:36:14.088   454   631 I hwservicemanager: Tried to start android.hardware.keymaster@4.0::IKeymasterDevice/default as a lazy service, but was unable to. Usually this happens when a service is not installed, but if the service is intended to be used as a lazy service, then it may be configured incorrectly.
01-01 14:36:15.055     0     0 E init    : Control message: Could not find 'android.hardware.keymaster@4.0::IKeymasterDevice/default' for ctl.interface_start from pid: 454 (/system/bin/hwservicemanager)
01-01 14:36:15.087   457   457 W HidlServiceManagement: Waited one second for android.hardware.keymaster@4.0::IKeymasterDevice/default
01-01 14:36:15.087   454   454 I hwservicemanager: Since android.hardware.keymaster@4.0::IKeymasterDevice/default is not registered, trying to start it as a lazy HAL.
01-01 14:36:15.087   457   457 I HidlServiceManagement: getService: Trying again for android.hardware.keymaster@4.0::IKeymasterDevice/default...
01-01 14:36:15.088   454   632 W libc    : Unable to set property "ctl.interface_start" to "android.hardware.keymaster@4.0::IKeymasterDevice/default": error code: 0x20
01-01 14:36:15.088   454   632 I hwservicemanager: Tried to start android.hardware.keymaster@4.0::IKeymasterDevice/default as a lazy service, but was unable to. Usually this happens when a service is not installed, but if the service is intended to be used as a lazy service, then it may be configured incorrectly.
01-01 14:36:16.056     0     0 E init    : Control message: Could not find 'android.hardware.keymaster@4.0::IKeymasterDevice/default' for ctl.interface_start from pid: 454 (/system/bin/hwservicemanager)
01-01 14:36:16.318     0     0 E i2c_geni 4a88000.i2c: i2c error :-107
01-01 14:36:16.087   457   457 W HidlServiceManagement: Waited one second for android.hardware.keymaster@4.0::IKeymasterDevice/default
01-01 14:36:16.088   454   454 I hwservicemanager: Since android.hardware.keymaster@4.0::IKeymasterDevice/default is not registered, trying to start it as a lazy HAL.
01-01 14:36:16.088   457   457 I HidlServiceManagement: getService: Trying again for android.hardware.keymaster@4.0::IKeymasterDevice/default...
01-01 14:36:16.088   454   633 W libc    : Unable to set property "ctl.interface_start" to "android.hardware.keymaster@4.0::IKeymasterDevice/default": error code: 0x20
01-01 14:36:16.089   454   633 I hwservicemanager: Tried to start android.hardware.keymaster@4.0::IKeymasterDevice/default as a lazy service, but was unable to. Usually this happens when a service is not installed, but if the service is intended to be used as a lazy service, then it may be configured incorrectly.
01-01 14:36:17.056     0     0 E init    : Control message: Could not find 'android.hardware.keymaster@4.0::IKeymasterDevice/default' for ctl.interface_start from pid: 454 (/system/bin/hwservicemanager)
01-01 14:36:17.088   457   457 W HidlServiceManagement: Waited one second for android.hardware.keymaster@4.0::IKeymasterDevice/default
01-01 14:36:17.088   454   454 I hwservicemanager: Since android.hardware.keymaster@4.0::IKeymasterDevice/default is not registered, trying to start it as a lazy HAL.
01-01 14:36:17.088   457   457 I HidlServiceManagement: getService: Trying again for android.hardware.keymaster@4.0::IKeymasterDevice/default...
01-01 14:36:17.089   454   634 W libc    : Unable to set property "ctl.interface_start" to "android.hardware.keymaster@4.0::IKeymasterDevice/default": error code: 0x20
01-01 14:36:17.089   454   634 I hwservicemanager: Tried to start android.hardware.keymaster@4.0::IKeymasterDevice/default as a lazy service, but was unable to. Usually this happens when a service is not installed, but if the service is intended to be used as a lazy service, then it may be configured incorrectly.
01-01 14:36:18.057     0     0 E init    : Control message: Could not find 'android.hardware.keymaster@4.0::IKeymasterDevice/default' for ctl.interface_start from pid: 454 (/system/bin/hwservicemanager)
01-01 14:36:18.089   457   457 W HidlServiceManagement: Waited one second for android.hardware.keymaster@4.0::IKeymasterDevice/default
01-01 14:36:18.089   454   454 I hwservicemanager: Since android.hardware.keymaster@4.0::IKeymasterDevice/default is not registered, trying to start it as a lazy HAL.
01-01 14:36:18.089   457   457 I HidlServiceManagement: getService: Trying again for android.hardware.keymaster@4.0::IKeymasterDevice/default...
01-01 14:36:18.090   454   635 W libc    : Unable to set property "ctl.interface_start" to "android.hardware.keymaster@4.0::IKeymasterDevice/default": error code: 0x20
01-01 14:36:18.090   454   635 I hwservicemanager: Tried to start android.hardware.keymaster@4.0::IKeymasterDevice/default as a lazy service, but was unable to. Usually this happens when a service is not installed, but if the service is intended to be used as a lazy service, then it may be configured incorrectly.
01-01 14:36:19.058     0     0 E init    : Control message: Could not find 'android.hardware.keymaster@4.0::IKeymasterDevice/default' for ctl.interface_start from pid: 454 (/system/bin/hwservicemanager)
01-01 14:36:19.089   457   457 W HidlServiceManagement: Waited one second for android.hardware.keymaster@4.0::IKeymasterDevice/default
01-01 14:36:19.089   454   454 I hwservicemanager: Since android.hardware.keymaster@4.0::IKeymasterDevice/default is not registered, trying to start it as a lazy HAL.
01-01 14:36:19.090   457   457 I HidlServiceManagement: getService: Trying again for android.hardware.keymaster@4.0::IKeymasterDevice/default...
01-01 14:36:19.090   454   636 W libc    : Unable to set property "ctl.interface_start" to "android.hardware.keymaster@4.0::IKeymasterDevice/default": error code: 0x20
01-01 14:36:19.090   454   636 I hwservicemanager: Tried to start android.hardware.keymaster@4.0::IKeymasterDevice/default as a lazy service, but was unable to. Usually this happens when a service is not installed, but if the service is intended to be used as a lazy service, then it may be configured incorrectly.
01-01 14:36:20.058     0     0 E init    : Control message: Could not find 'android.hardware.keymaster@4.0::IKeymasterDevice/default' for ctl.interface_start from pid: 454 (/system/bin/hwservicemanager)
01-01 14:36:20.090   457   457 W HidlServiceManagement: Waited one second for android.hardware.keymaster@4.0::IKeymasterDevice/default
01-01 14:36:20.090   454   454 I hwservicemanager: Since android.hardware.keymaster@4.0::IKeymasterDevice/default is not registered, trying to start it as a lazy HAL.
01-01 14:36:20.090   457   457 I HidlServiceManagement: getService: Trying again for android.hardware.keymaster@4.0::IKeymasterDevice/default...
01-01 14:36:20.091   454   637 W libc    : Unable to set property "ctl.interface_start" to "android.hardware.keymaster@4.0::IKeymasterDevice/default": error code: 0x20
01-01 14:36:20.091   454   637 I hwservicemanager: Tried to start android.hardware.keymaster@4.0::IKeymasterDevice/default as a lazy service, but was unable to. Usually this happens when a service is not installed, but if the service is intended to be used as a lazy service, then it may be configured incorrectly.
01-01 14:36:21.059     0     0 E init    : Control message: Could not find 'android.hardware.keymaster@4.0::IKeymasterDevice/default' for ctl.interface_start from pid: 454 (/system/bin/hwservicemanager)
01-01 14:36:21.090   457   457 W HidlServiceManagement: Waited one second for android.hardware.keymaster@4.0::IKeymasterDevice/default
01-01 14:36:21.090   454   454 I hwservicemanager: Since android.hardware.keymaster@4.0::IKeymasterDevice/default is not registered, trying to start it as a lazy HAL.
01-01 14:36:21.091   457   457 I HidlServiceManagement: getService: Trying again for android.hardware.keymaster@4.0::IKeymasterDevice/default...
01-01 14:36:21.091   454   638 W libc    : Unable to set property "ctl.interface_start" to "android.hardware.keymaster@4.0::IKeymasterDevice/default": error code: 0x20
01-01 14:36:21.091   454   638 I hwservicemanager: Tried to start android.hardware.keymaster@4.0::IKeymasterDevice/default as a lazy service, but was unable to. Usually this happens when a service is not installed, but if the service is intended to be used as a lazy service, then it may be configured incorrectly.
01-01 14:36:22.059     0     0 E init    : Control message: Could not find 'android.hardware.keymaster@4.0::IKeymasterDevice/default' for ctl.interface_start from pid: 454 (/system/bin/hwservicemanager)
01-01 14:36:22.091   457   457 W HidlServiceManagement: Waited one second for android.hardware.keymaster@4.0::IKeymasterDevice/default
01-01 14:36:22.091   454   454 I hwservicemanager: Since android.hardware.keymaster@4.0::IKeymasterDevice/default is not registered, trying to start it as a lazy HAL.
01-01 14:36:22.091   457   457 I HidlServiceManagement: getService: Trying again for android.hardware.keymaster@4.0::IKeymasterDevice/default...
01-01 14:36:22.092   454   639 W libc    : Unable to set property "ctl.interface_start" to "android.hardware.keymaster@4.0::IKeymasterDevice/default": error code: 0x20
01-01 14:36:22.092   454   639 I hwservicemanager: Tried to start android.hardware.keymaster@4.0::IKeymasterDevice/default as a lazy service, but was unable to. Usually this happens when a service is not installed, but if the service is intended to be used as a lazy service, then it may be configured incorrectly.
01-01 14:36:23.060     0     0 E init    : Control message: Could not find 'android.hardware.keymaster@4.0::IKeymasterDevice/default' for ctl.interface_start from pid: 454 (/system/bin/hwservicemanager)
01-01 14:36:24.029     0     0 I pmi632_charger: somc_aicl_irq_handler: IRQ: aicl-done
01-01 14:36:24.034     0     0 I ALG     : cap_learning_update: [SOMC CL][OFF] charge_status:1 bsoc_cp:10000
01-01 14:36:23.091   457   457 W HidlServiceManagement: Waited one second for android.hardware.keymaster@4.0::IKeymasterDevice/default
01-01 14:36:23.091   454   454 I hwservicemanager: Since android.hardware.keymaster@4.0::IKeymasterDevice/default is not registered, trying to start it as a lazy HAL.
01-01 14:36:23.092   457   457 I HidlServiceManagement: getService: Trying again for android.hardware.keymaster@4.0::IKeymasterDevice/default...
01-01 14:36:23.092   454   640 W libc    : Unable to set property "ctl.interface_start" to "android.hardware.keymaster@4.0::IKeymasterDevice/default": error code: 0x20
01-01 14:36:24.060     0     0 E init    : Control message: Could not find 'android.hardware.keymaster@4.0::IKeymasterDevice/default' for ctl.interface_start from pid: 454 (/system/bin/hwservicemanager)
01-01 14:36:23.092   454   640 I hwservicemanager: Tried to start android.hardware.keymaster@4.0::IKeymasterDevice/default as a lazy service, but was unable to. Usually this happens when a service is not installed, but if the service is intended to be used as a lazy service, then it may be configured incorrectly.
01-01 14:36:24.092   457   457 W HidlServiceManagement: Waited one second for android.hardware.keymaster@4.0::IKeymasterDevice/default
01-01 14:36:24.092   454   454 I hwservicemanager: Since android.hardware.keymaster@4.0::IKeymasterDevice/default is not registered, trying to start it as a lazy HAL.
01-01 14:36:24.092   457   457 I HidlServiceManagement: getService: Trying again for android.hardware.keymaster@4.0::IKeymasterDevice/default...
01-01 14:36:24.093   454   641 W libc    : Unable to set property "ctl.interface_start" to "android.hardware.keymaster@4.0::IKeymasterDevice/default": error code: 0x20
01-01 14:36:24.093   454   641 I hwservicemanager: Tried to start android.hardware.keymaster@4.0::IKeymasterDevice/default as a lazy service, but was unable to. Usually this happens when a service is not installed, but if the service is intended to be used as a lazy service, then it may be configured incorrectly.
01-01 14:36:25.061     0     0 E init    : Control message: Could not find 'android.hardware.keymaster@4.0::IKeymasterDevice/default' for ctl.interface_start from pid: 454 (/system/bin/hwservicemanager)
01-01 14:36:25.093   457   457 W HidlServiceManagement: Waited one second for android.hardware.keymaster@4.0::IKeymasterDevice/default
01-01 14:36:25.093   454   454 I hwservicemanager: Since android.hardware.keymaster@4.0::IKeymasterDevice/default is not registered, trying to start it as a lazy HAL.
01-01 14:36:25.093   457   457 I HidlServiceManagement: getService: Trying again for android.hardware.keymaster@4.0::IKeymasterDevice/default...
01-01 14:36:25.094   454   642 W libc    : Unable to set property "ctl.interface_start" to "android.hardware.keymaster@4.0::IKeymasterDevice/default": error code: 0x20
01-01 14:36:25.094   454   642 I hwservicemanager: Tried to start android.hardware.keymaster@4.0::IKeymasterDevice/default as a lazy service, but was unable to. Usually this happens when a service is not installed, but if the service is intended to be used as a lazy service, then it may be configured incorrectly.
01-01 14:36:26.062     0     0 E init    : Control message: Could not find 'android.hardware.keymaster@4.0::IKeymasterDevice/default' for ctl.interface_start from pid: 454 (/system/bin/hwservicemanager)
01-01 14:36:26.345     0     0 E i2c_geni 4a88000.i2c: i2c error :-107
