03-31 18:03:44.485   455   566 I hwservicemanager: Tried to start android.hardware.keymaster@4.0::IKeymasterDevice/default as a lazy service, but was unable to. Usually this happens when a service is not installed, but if the service is intended to be used as a lazy service, then it may be configured incorrectly.
01-01 17:51:01.043     0     0 E init    : Control message: Could not find 'android.hardware.keymaster@4.0::IKeymasterDevice/default' for ctl.interface_start from pid: 455 (/system/bin/hwservicemanager)
03-31 18:03:45.485   458   458 W HidlServiceManagement: Waited one second for android.hardware.keymaster@4.0::IKeymasterDevice/default
03-31 18:03:45.485   455   455 I hwservicemanager: Since android.hardware.keymaster@4.0::IKeymasterDevice/default is not registered, trying to start it as a lazy HAL.
03-31 18:03:45.485   458   458 I HidlServiceManagement: getService: Trying again for android.hardware.keymaster@4.0::IKeymasterDevice/default...
03-31 18:03:45.485   455   567 W libc    : Unable to set property "ctl.interface_start" to "android.hardware.keymaster@4.0::IKeymasterDevice/default": error code: 0x20
03-31 18:03:45.485   455   567 I hwservicemanager: Tried to start android.hardware.keymaster@4.0::IKeymasterDevice/default as a lazy service, but was unable to. Usually this happens when a service is not installed, but if the service is intended to be used as a lazy service, then it may be configured incorrectly.
01-01 17:51:02.043     0     0 E init    : Control message: Could not find 'android.hardware.keymaster@4.0::IKeymasterDevice/default' for ctl.interface_start from pid: 455 (/system/bin/hwservicemanager)
03-31 18:03:46.485   458   458 W HidlServiceManagement: Waited one second for android.hardware.keymaster@4.0::IKeymasterDevice/default
03-31 18:03:46.485   455   455 I hwservicemanager: Since android.hardware.keymaster@4.0::IKeymasterDevice/default is not registered, trying to start it as a lazy HAL.
03-31 18:03:46.486   458   458 I HidlServiceManagement: getService: Trying again for android.hardware.keymaster@4.0::IKeymasterDevice/default...
03-31 18:03:46.486   455   568 W libc    : Unable to set property "ctl.interface_start" to "android.hardware.keymaster@4.0::IKeymasterDevice/default": error code: 0x20
03-31 18:03:46.486   455   568 I hwservicemanager: Tried to start android.hardware.keymaster@4.0::IKeymasterDevice/default as a lazy service, but was unable to. Usually this happens when a service is not installed, but if the service is intended to be used as a lazy service, then it may be configured incorrectly.
01-01 17:51:03.044     0     0 E init    : Control message: Could not find 'android.hardware.keymaster@4.0::IKeymasterDevice/default' for ctl.interface_start from pid: 455 (/system/bin/hwservicemanager)
03-31 18:03:47.486   458   458 W HidlServiceManagement: Waited one second for android.hardware.keymaster@4.0::IKeymasterDevice/default
03-31 18:03:47.486   455   455 I hwservicemanager: Since android.hardware.keymaster@4.0::IKeymasterDevice/default is not registered, trying to start it as a lazy HAL.
03-31 18:03:47.486   458   458 I HidlServiceManagement: getService: Trying again for android.hardware.keymaster@4.0::IKeymasterDevice/default...
03-31 18:03:47.487   455   569 W libc    : Unable to set property "ctl.interface_start" to "android.hardware.keymaster@4.0::IKeymasterDevice/default": error code: 0x20
03-31 18:03:47.487   455   569 I hwservicemanager: Tried to start android.hardware.keymaster@4.0::IKeymasterDevice/default as a lazy service, but was unable to. Usually this happens when a service is not installed, but if the service is intended to be used as a lazy service, then it may be configured incorrectly.
01-01 17:51:04.045     0     0 E init    : Control message: Could not find 'android.hardware.keymaster@4.0::IKeymasterDevice/default' for ctl.interface_start from pid: 455 (/system/bin/hwservicemanager)
03-31 18:03:48.486   458   458 W HidlServiceManagement: Waited one second for android.hardware.keymaster@4.0::IKeymasterDevice/default
03-31 18:03:48.487   455   455 I hwservicemanager: Since android.hardware.keymaster@4.0::IKeymasterDevice/default is not registered, trying to start it as a lazy HAL.
03-31 18:03:48.487   458   458 I HidlServiceManagement: getService: Trying again for android.hardware.keymaster@4.0::IKeymasterDevice/default...
03-31 18:03:48.487   455   570 W libc    : Unable to set property "ctl.interface_start" to "android.hardware.keymaster@4.0::IKeymasterDevice/default": error code: 0x20
03-31 18:03:48.487   455   570 I hwservicemanager: Tried to start android.hardware.keymaster@4.0::IKeymasterDevice/default as a lazy service, but was unable to. Usually this happens when a service is not installed, but if the service is intended to be used as a lazy service, then it may be configured incorrectly.
01-01 17:51:05.045     0     0 E init    : Control message: Could not find 'android.hardware.keymaster@4.0::IKeymasterDevice/default' for ctl.interface_start from pid: 455 (/system/bin/hwservicemanager)
03-31 18:03:49.487   458   458 W HidlServiceManagement: Waited one second for android.hardware.keymaster@4.0::IKeymasterDevice/default
03-31 18:03:49.487   455   455 I hwservicemanager: Since android.hardware.keymaster@4.0::IKeymasterDevice/default is not registered, trying to start it as a lazy HAL.
03-31 18:03:49.488   458   458 I HidlServiceManagement: getService: Trying again for android.hardware.keymaster@4.0::IKeymasterDevice/default...
03-31 18:03:49.488   455   571 W libc    : Unable to set property "ctl.interface_start" to "android.hardware.keymaster@4.0::IKeymasterDevice/default": error code: 0x20
03-31 18:03:49.488   455   571 I hwservicemanager: Tried to start android.hardware.keymaster@4.0::IKeymasterDevice/default as a lazy service, but was unable to. Usually this happens when a service is not installed, but if the service is intended to be used as a lazy service, then it may be configured incorrectly.
01-01 17:51:06.046     0     0 E init    : Control message: Could not find 'android.hardware.keymaster@4.0::IKeymasterDevice/default' for ctl.interface_start from pid: 455 (/system/bin/hwservicemanager)
03-31 18:03:50.488   458   458 W HidlServiceManagement: Waited one second for android.hardware.keymaster@4.0::IKeymasterDevice/default
03-31 18:03:50.488   455   455 I hwservicemanager: Since android.hardware.keymaster@4.0::IKeymasterDevice/default is not registered, trying to start it as a lazy HAL.
03-31 18:03:50.488   458   458 I HidlServiceManagement: getService: Trying again for android.hardware.keymaster@4.0::IKeymasterDevice/default...
03-31 18:03:50.488   455   572 W libc    : Unable to set property "ctl.interface_start" to "android.hardware.keymaster@4.0::IKeymasterDevice/default": error code: 0x20
03-31 18:03:50.488   455   572 I hwservicemanager: Tried to start android.hardware.keymaster@4.0::IKeymasterDevice/default as a lazy service, but was unable to. Usually this happens when a service is not installed, but if the service is intended to be used as a lazy service, then it may be configured incorrectly.
01-01 17:51:07.046     0     0 E init    : Control message: Could not find 'android.hardware.keymaster@4.0::IKeymasterDevice/default' for ctl.interface_start from pid: 455 (/system/bin/hwservicemanager)
01-01 17:51:07.247     0     0 E i2c_geni 4a88000.i2c: i2c error :-107
03-31 18:03:51.488   458   458 W HidlServiceManagement: Waited one second for android.hardware.keymaster@4.0::IKeymasterDevice/default
03-31 18:03:51.489   455   455 I hwservicemanager: Since android.hardware.keymaster@4.0::IKeymasterDevice/default is not registered, trying to start it as a lazy HAL.
03-31 18:03:51.489   458   458 I HidlServiceManagement: getService: Trying again for android.hardware.keymaster@4.0::IKeymasterDevice/default...
03-31 18:03:51.489   455   573 W libc    : Unable to set property "ctl.interface_start" to "android.hardware.keymaster@4.0::IKeymasterDevice/default": error code: 0x20
03-31 18:03:51.489   455   573 I hwservicemanager: Tried to start android.hardware.keymaster@4.0::IKeymasterDevice/default as a lazy service, but was unable to. Usually this happens when a service is not installed, but if the service is intended to be used as a lazy service, then it may be configured incorrectly.
01-01 17:51:08.047     0     0 E init    : Control message: Could not find 'android.hardware.keymaster@4.0::IKeymasterDevice/default' for ctl.interface_start from pid: 455 (/system/bin/hwservicemanager)
03-31 18:03:52.489   458   458 W HidlServiceManagement: Waited one second for android.hardware.keymaster@4.0::IKeymasterDevice/default
03-31 18:03:52.489   455   455 I hwservicemanager: Since android.hardware.keymaster@4.0::IKeymasterDevice/default is not registered, trying to start it as a lazy HAL.
03-31 18:03:52.490   458   458 I HidlServiceManagement: getService: Trying again for android.hardware.keymaster@4.0::IKeymasterDevice/default...
03-31 18:03:52.490   455   574 W libc    : Unable to set property "ctl.interface_start" to "android.hardware.keymaster@4.0::IKeymasterDevice/default": error code: 0x20
03-31 18:03:52.490   455   574 I hwservicemanager: Tried to start android.hardware.keymaster@4.0::IKeymasterDevice/default as a lazy service, but was unable to. Usually this happens when a service is not installed, but if the service is intended to be used as a lazy service, then it may be configured incorrectly.
01-01 17:51:09.048     0     0 E init    : Control message: Could not find 'android.hardware.keymaster@4.0::IKeymasterDevice/default' for ctl.interface_start from pid: 455 (/system/bin/hwservicemanager)
03-31 18:03:53.490   458   458 W HidlServiceManagement: Waited one second for android.hardware.keymaster@4.0::IKeymasterDevice/default
03-31 18:03:53.490   455   455 I hwservicemanager: Since android.hardware.keymaster@4.0::IKeymasterDevice/default is not registered, trying to start it as a lazy HAL.
03-31 18:03:53.490   458   458 I HidlServiceManagement: getService: Trying again for android.hardware.keymaster@4.0::IKeymasterDevice/default...
03-31 18:03:53.490   455   575 W libc    : Unable to set property "ctl.interface_start" to "android.hardware.keymaster@4.0::IKeymasterDevice/default": error code: 0x20
03-31 18:03:53.490   455   575 I hwservicemanager: Tried to start android.hardware.keymaster@4.0::IKeymasterDevice/default as a lazy service, but was unable to. Usually this happens when a service is not installed, but if the service is intended to be used as a lazy service, then it may be configured incorrectly.
01-01 17:51:10.048     0     0 E init    : Control message: Could not find 'android.hardware.keymaster@4.0::IKeymasterDevice/default' for ctl.interface_start from pid: 455 (/system/bin/hwservicemanager)
01-01 17:51:10.360     0     0 I logd    : logdr: UID=0 GID=0 PID=576 b tail=0 logMask=99 pid=0 start=0ns deadline=0ns
03-31 18:03:54.490   458   458 W HidlServiceManagement: Waited one second for android.hardware.keymaster@4.0::IKeymasterDevice/default
03-31 18:03:54.491   455   455 I hwservicemanager: Since android.hardware.keymaster@4.0::IKeymasterDevice/default is not registered, trying to start it as a lazy HAL.
03-31 18:03:54.491   458   458 I HidlServiceManagement: getService: Trying again for android.hardware.keymaster@4.0::IKeymasterDevice/default...
03-31 18:03:54.491   455   579 W libc    : Unable to set property "ctl.interface_start" to "android.hardware.keymaster@4.0::IKeymasterDevice/default": error code: 0x20
03-31 18:03:54.491   455   579 I hwservicemanager: Tried to start android.hardware.keymaster@4.0::IKeymasterDevice/default as a lazy service, but was unable to. Usually this happens when a service is not installed, but if the service is intended to be used as a lazy service, then it may be configured incorrectly.
01-01 17:51:11.049     0     0 E init    : Control message: Could not find 'android.hardware.keymaster@4.0::IKeymasterDevice/default' for ctl.interface_start from pid: 455 (/system/bin/hwservicemanager)
03-31 18:03:55.491   458   458 W HidlServiceManagement: Waited one second for android.hardware.keymaster@4.0::IKeymasterDevice/default
03-31 18:03:55.491   455   455 I hwservicemanager: Since android.hardware.keymaster@4.0::IKeymasterDevice/default is not registered, trying to start it as a lazy HAL.
03-31 18:03:55.492   458   458 I HidlServiceManagement: getService: Trying again for android.hardware.keymaster@4.0::IKeymasterDevice/default...
03-31 18:03:55.492   455   580 W libc    : Unable to set property "ctl.interface_start" to "android.hardware.keymaster@4.0::IKeymasterDevice/default": error code: 0x20
03-31 18:03:55.492   455   580 I hwservicemanager: Tried to start android.hardware.keymaster@4.0::IKeymasterDevice/default as a lazy service, but was unable to. Usually this happens when a service is not installed, but if the service is intended to be used as a lazy service, then it may be configured incorrectly.
01-01 17:51:12.050     0     0 E init    : Control message: Could not find 'android.hardware.keymaster@4.0::IKeymasterDevice/default' for ctl.interface_start from pid: 455 (/system/bin/hwservicemanager)
03-31 18:03:56.492   458   458 W HidlServiceManagement: Waited one second for android.hardware.keymaster@4.0::IKeymasterDevice/default
03-31 18:03:56.492   455   455 I hwservicemanager: Since android.hardware.keymaster@4.0::IKeymasterDevice/default is not registered, trying to start it as a lazy HAL.
03-31 18:03:56.492   458   458 I HidlServiceManagement: getService: Trying again for android.hardware.keymaster@4.0::IKeymasterDevice/default...
03-31 18:03:56.493   455   581 W libc    : Unable to set property "ctl.interface_start" to "android.hardware.keymaster@4.0::IKeymasterDevice/default": error code: 0x20
03-31 18:03:56.493   455   581 I hwservicemanager: Tried to start android.hardware.keymaster@4.0::IKeymasterDevice/default as a lazy service, but was unable to. Usually this happens when a service is not installed, but if the service is intended to be used as a lazy service, then it may be configured incorrectly.
01-01 17:51:13.051     0     0 E init    : Control message: Could not find 'android.hardware.keymaster@4.0::IKeymasterDevice/default' for ctl.interface_start from pid: 455 (/system/bin/hwservicemanager)
03-31 18:03:57.492   458   458 W HidlServiceManagement: Waited one second for android.hardware.keymaster@4.0::IKeymasterDevice/default
03-31 18:03:57.493   455   455 I hwservicemanager: Since android.hardware.keymaster@4.0::IKeymasterDevice/default is not registered, trying to start it as a lazy HAL.
03-31 18:03:57.493   458   458 I HidlServiceManagement: getService: Trying again for android.hardware.keymaster@4.0::IKeymasterDevice/default...
03-31 18:03:57.493   455   582 W libc    : Unable to set property "ctl.interface_start" to "android.hardware.keymaster@4.0::IKeymasterDevice/default": error code: 0x20
03-31 18:03:57.493   455   582 I hwservicemanager: Tried to start android.hardware.keymaster@4.0::IKeymasterDevice/default as a lazy service, but was unable to. Usually this happens when a service is not installed, but if the service is intended to be used as a lazy service, then it may be configured incorrectly.
01-01 17:51:14.051     0     0 E init    : Control message: Could not find 'android.hardware.keymaster@4.0::IKeymasterDevice/default' for ctl.interface_start from pid: 455 (/system/bin/hwservicemanager)
03-31 18:03:58.493   458   458 W HidlServiceManagement: Waited one second for android.hardware.keymaster@4.0::IKeymasterDevice/default
03-31 18:03:58.494   455   455 I hwservicemanager: Since android.hardware.keymaster@4.0::IKeymasterDevice/default is not registered, trying to start it as a lazy HAL.
03-31 18:03:58.494   458   458 I HidlServiceManagement: getService: Trying again for android.hardware.keymaster@4.0::IKeymasterDevice/default...
03-31 18:03:58.494   455   583 W libc    : Unable to set property "ctl.interface_start" to "android.hardware.keymaster@4.0::IKeymasterDevice/default": error code: 0x20
01-01 17:51:15.052     0     0 E init    : Control message: Could not find 'android.hardware.keymaster@4.0::IKeymasterDevice/default' for ctl.interface_start from pid: 455 (/system/bin/hwservicemanager)
03-31 18:03:58.494   455   583 I hwservicemanager: Tried to start android.hardware.keymaster@4.0::IKeymasterDevice/default as a lazy service, but was unable to. Usually this happens when a service is not installed, but if the service is intended to be used as a lazy service, then it may be configured incorrectly.
03-31 18:03:59.494   458   458 W HidlServiceManagement: Waited one second for android.hardware.keymaster@4.0::IKeymasterDevice/default
03-31 18:03:59.494   455   455 I hwservicemanager: Since android.hardware.keymaster@4.0::IKeymasterDevice/default is not registered, trying to start it as a lazy HAL.
03-31 18:03:59.494   458   458 I HidlServiceManagement: getService: Trying again for android.hardware.keymaster@4.0::IKeymasterDevice/default...
03-31 18:03:59.495   455   584 W libc    : Unable to set property "ctl.interface_start" to "android.hardware.keymaster@4.0::IKeymasterDevice/default": error code: 0x20
03-31 18:03:59.495   455   584 I hwservicemanager: Tried to start android.hardware.keymaster@4.0::IKeymasterDevice/default as a lazy service, but was unable to. Usually this happens when a service is not installed, but if the service is intended to be used as a lazy service, then it may be configured incorrectly.
01-01 17:51:16.053     0     0 E init    : Control message: Could not find 'android.hardware.keymaster@4.0::IKeymasterDevice/default' for ctl.interface_start from pid: 455 (/system/bin/hwservicemanager)
03-31 18:04:00.495   458   458 W HidlServiceManagement: Waited one second for android.hardware.keymaster@4.0::IKeymasterDevice/default
03-31 18:04:00.495   455   455 I hwservicemanager: Since android.hardware.keymaster@4.0::IKeymasterDevice/default is not registered, trying to start it as a lazy HAL.
03-31 18:04:00.495   458   458 I HidlServiceManagement: getService: Trying again for android.hardware.keymaster@4.0::IKeymasterDevice/default...
03-31 18:04:00.496   455   585 W libc    : Unable to set property "ctl.interface_start" to "android.hardware.keymaster@4.0::IKeymasterDevice/default": error code: 0x20
03-31 18:04:00.496   455   585 I hwservicemanager: Tried to start android.hardware.keymaster@4.0::IKeymasterDevice/default as a lazy service, but was unable to. Usually this happens when a service is not installed, but if the service is intended to be used as a lazy service, then it may be configured incorrectly.
01-01 17:51:17.054     0     0 E init    : Control message: Could not find 'android.hardware.keymaster@4.0::IKeymasterDevice/default' for ctl.interface_start from pid: 455 (/system/bin/hwservicemanager)
01-01 17:51:17.273     0     0 E i2c_geni 4a88000.i2c: i2c error :-107
03-31 18:04:01.495   458   458 W HidlServiceManagement: Waited one second for android.hardware.keymaster@4.0::IKeymasterDevice/default
03-31 18:04:01.496   455   455 I hwservicemanager: Since android.hardware.keymaster@4.0::IKeymasterDevice/default is not registered, trying to start it as a lazy HAL.
03-31 18:04:01.496   458   458 I HidlServiceManagement: getService: Trying again for android.hardware.keymaster@4.0::IKeymasterDevice/default...
03-31 18:04:01.496   455   586 W libc    : Unable to set property "ctl.interface_start" to "android.hardware.keymaster@4.0::IKeymasterDevice/default": error code: 0x20
03-31 18:04:01.496   455   586 I hwservicemanager: Tried to start android.hardware.keymaster@4.0::IKeymasterDevice/default as a lazy service, but was unable to. Usually this happens when a service is not installed, but if the service is intended to be used as a lazy service, then it may be configured incorrectly.
01-01 17:51:18.054     0     0 E init    : Control message: Could not find 'android.hardware.keymaster@4.0::IKeymasterDevice/default' for ctl.interface_start from pid: 455 (/system/bin/hwservicemanager)
03-31 18:04:02.496   458   458 W HidlServiceManagement: Waited one second for android.hardware.keymaster@4.0::IKeymasterDevice/default
03-31 18:04:02.496   455   455 I hwservicemanager: Since android.hardware.keymaster@4.0::IKeymasterDevice/default is not registered, trying to start it as a lazy HAL.
03-31 18:04:02.497   458   458 I HidlServiceManagement: getService: Trying again for android.hardware.keymaster@4.0::IKeymasterDevice/default...
03-31 18:04:02.497   455   587 W libc    : Unable to set property "ctl.interface_start" to "android.hardware.keymaster@4.0::IKeymasterDevice/default": error code: 0x20
03-31 18:04:02.497   455   587 I hwservicemanager: Tried to start android.hardware.keymaster@4.0::IKeymasterDevice/default as a lazy service, but was unable to. Usually this happens when a service is not installed, but if the service is intended to be used as a lazy service, then it may be configured incorrectly.
01-01 17:51:19.055     0     0 E init    : Control message: Could not find 'android.hardware.keymaster@4.0::IKeymasterDevice/default' for ctl.interface_start from pid: 455 (/system/bin/hwservicemanager)
03-31 18:04:03.497   458   458 W HidlServiceManagement: Waited one second for android.hardware.keymaster@4.0::IKeymasterDevice/default
03-31 18:04:03.497   455   455 I hwservicemanager: Since android.hardware.keymaster@4.0::IKeymasterDevice/default is not registered, trying to start it as a lazy HAL.
03-31 18:04:03.498   458   458 I HidlServiceManagement: getService: Trying again for android.hardware.keymaster@4.0::IKeymasterDevice/default...
03-31 18:04:03.498   455   588 W libc    : Unable to set property "ctl.interface_start" to "android.hardware.keymaster@4.0::IKeymasterDevice/default": error code: 0x20
03-31 18:04:03.498   455   588 I hwservicemanager: Tried to start android.hardware.keymaster@4.0::IKeymasterDevice/default as a lazy service, but was unable to. Usually this happens when a service is not installed, but if the service is intended to be used as a lazy service, then it may be configured incorrectly.
01-01 17:51:20.056     0     0 E init    : Control message: Could not find 'android.hardware.keymaster@4.0::IKeymasterDevice/default' for ctl.interface_start from pid: 455 (/system/bin/hwservicemanager)
03-31 18:04:04.498   458   458 W HidlServiceManagement: Waited one second for android.hardware.keymaster@4.0::IKeymasterDevice/default
03-31 18:04:04.498   455   455 I hwservicemanager: Since android.hardware.keymaster@4.0::IKeymasterDevice/default is not registered, trying to start it as a lazy HAL.
03-31 18:04:04.498   458   458 I HidlServiceManagement: getService: Trying again for android.hardware.keymaster@4.0::IKeymasterDevice/default...
03-31 18:04:04.498   455   589 W libc    : Unable to set property "ctl.interface_start" to "android.hardware.keymaster@4.0::IKeymasterDevice/default": error code: 0x20
03-31 18:04:04.498   455   589 I hwservicemanager: Tried to start android.hardware.keymaster@4.0::IKeymasterDevice/default as a lazy service, but was unable to. Usually this happens when a service is not installed, but if the service is intended to be used as a lazy service, then it may be configured incorrectly.
01-01 17:51:21.056     0     0 E init    : Control message: Could not find 'android.hardware.keymaster@4.0::IKeymasterDevice/default' for ctl.interface_start from pid: 455 (/system/bin/hwservicemanager)
03-31 18:04:05.498   458   458 W HidlServiceManagement: Waited one second for android.hardware.keymaster@4.0::IKeymasterDevice/default
03-31 18:04:05.499   455   455 I hwservicemanager: Since android.hardware.keymaster@4.0::IKeymasterDevice/default is not registered, trying to start it as a lazy HAL.
03-31 18:04:05.499   458   458 I HidlServiceManagement: getService: Trying again for android.hardware.keymaster@4.0::IKeymasterDevice/default...
03-31 18:04:05.499   455   590 W libc    : Unable to set property "ctl.interface_start" to "android.hardware.keymaster@4.0::IKeymasterDevice/default": error code: 0x20
03-31 18:04:05.499   455   590 I hwservicemanager: Tried to start android.hardware.keymaster@4.0::IKeymasterDevice/default as a lazy service, but was unable to. Usually this happens when a service is not installed, but if the service is intended to be used as a lazy service, then it may be configured incorrectly.
01-01 17:51:22.057     0     0 E init    : Control message: Could not find 'android.hardware.keymaster@4.0::IKeymasterDevice/default' for ctl.interface_start from pid: 455 (/system/bin/hwservicemanager)
03-31 18:04:06.499   458   458 W HidlServiceManagement: Waited one second for android.hardware.keymaster@4.0::IKeymasterDevice/default
03-31 18:04:06.499   455   455 I hwservicemanager: Since android.hardware.keymaster@4.0::IKeymasterDevice/default is not registered, trying to start it as a lazy HAL.
03-31 18:04:06.500   458   458 I HidlServiceManagement: getService: Trying again for android.hardware.keymaster@4.0::IKeymasterDevice/default...
03-31 18:04:06.500   455   591 W libc    : Unable to set property "ctl.interface_start" to "android.hardware.keymaster@4.0::IKeymasterDevice/default": error code: 0x20
03-31 18:04:06.500   455   591 I hwservicemanager: Tried to start android.hardware.keymaster@4.0::IKeymasterDevice/default as a lazy service, but was unable to. Usually this happens when a service is not installed, but if the service is intended to be used as a lazy service, then it may be configured incorrectly.
01-01 17:51:23.058     0     0 E init    : Control message: Could not find 'android.hardware.keymaster@4.0::IKeymasterDevice/default' for ctl.interface_start from pid: 455 (/system/bin/hwservicemanager)
03-31 18:04:07.500   458   458 W HidlServiceManagement: Waited one second for android.hardware.keymaster@4.0::IKeymasterDevice/default
03-31 18:04:07.500   455   455 I hwservicemanager: Since android.hardware.keymaster@4.0::IKeymasterDevice/default is not registered, trying to start it as a lazy HAL.
03-31 18:04:07.500   458   458 I HidlServiceManagement: getService: Trying again for android.hardware.keymaster@4.0::IKeymasterDevice/default...
03-31 18:04:07.501   455   592 W libc    : Unable to set property "ctl.interface_start" to "android.hardware.keymaster@4.0::IKeymasterDevice/default": error code: 0x20
03-31 18:04:07.501   455   592 I hwservicemanager: Tried to start android.hardware.keymaster@4.0::IKeymasterDevice/default as a lazy service, but was unable to. Usually this happens when a service is not installed, but if the service is intended to be used as a lazy service, then it may be configured incorrectly.
01-01 17:51:24.059     0     0 E init    : Control message: Could not find 'android.hardware.keymaster@4.0::IKeymasterDevice/default' for ctl.interface_start from pid: 455 (/system/bin/hwservicemanager)
03-31 18:04:08.500   458   458 W HidlServiceManagement: Waited one second for android.hardware.keymaster@4.0::IKeymasterDevice/default
03-31 18:04:08.501   455   455 I hwservicemanager: Since android.hardware.keymaster@4.0::IKeymasterDevice/default is not registered, trying to start it as a lazy HAL.
03-31 18:04:08.501   458   458 I HidlServiceManagement: getService: Trying again for android.hardware.keymaster@4.0::IKeymasterDevice/default...
03-31 18:04:08.501   455   593 W libc    : Unable to set property "ctl.interface_start" to "android.hardware.keymaster@4.0::IKeymasterDevice/default": error code: 0x20
03-31 18:04:08.501   455   593 I hwservicemanager: Tried to start android.hardware.keymaster@4.0::IKeymasterDevice/default as a lazy service, but was unable to. Usually this happens when a service is not installed, but if the service is intended to be used as a lazy service, then it may be configured incorrectly.
01-01 17:51:25.059     0     0 E init    : Control message: Could not find 'android.hardware.keymaster@4.0::IKeymasterDevice/default' for ctl.interface_start from pid: 455 (/system/bin/hwservicemanager)
03-31 18:04:09.501   458   458 W HidlServiceManagement: Waited one second for android.hardware.keymaster@4.0::IKeymasterDevice/default
03-31 18:04:09.502   455   455 I hwservicemanager: Since android.hardware.keymaster@4.0::IKeymasterDevice/default is not registered, trying to start it as a lazy HAL.
03-31 18:04:09.502   458   458 I HidlServiceManagement: getService: Trying again for android.hardware.keymaster@4.0::IKeymasterDevice/default...
03-31 18:04:09.502   455   594 W libc    : Unable to set property "ctl.interface_start" to "android.hardware.keymaster@4.0::IKeymasterDevice/default": error code: 0x20
03-31 18:04:09.502   455   594 I hwservicemanager: Tried to start android.hardware.keymaster@4.0::IKeymasterDevice/default as a lazy service, but was unable to. Usually this happens when a service is not installed, but if the service is intended to be used as a lazy service, then it may be configured incorrectly.
01-01 17:51:26.060     0     0 E init    : Control message: Could not find 'android.hardware.keymaster@4.0::IKeymasterDevice/default' for ctl.interface_start from pid: 455 (/system/bin/hwservicemanager)
03-31 18:04:10.502   458   458 W HidlServiceManagement: Waited one second for android.hardware.keymaster@4.0::IKeymasterDevice/default
03-31 18:04:10.502   455   455 I hwservicemanager: Since android.hardware.keymaster@4.0::IKeymasterDevice/default is not registered, trying to start it as a lazy HAL.
03-31 18:04:10.503   458   458 I HidlServiceManagement: getService: Trying again for android.hardware.keymaster@4.0::IKeymasterDevice/default...
03-31 18:04:10.503   455   595 W libc    : Unable to set property "ctl.interface_start" to "android.hardware.keymaster@4.0::IKeymasterDevice/default": error code: 0x20
03-31 18:04:10.503   455   595 I hwservicemanager: Tried to start android.hardware.keymaster@4.0::IKeymasterDevice/default as a lazy service, but was unable to. Usually this happens when a service is not installed, but if the service is intended to be used as a lazy service, then it may be configured incorrectly.
01-01 17:51:27.061     0     0 E init    : Control message: Could not find 'android.hardware.keymaster@4.0::IKeymasterDevice/default' for ctl.interface_start from pid: 455 (/system/bin/hwservicemanager)
03-31 18:04:10.559   464   464 I recovery: type=1400 audit(0.0:257): avc: denied { fsetid } for capability=4 scontext=u:r:recovery:s0 tcontext=u:r:recovery:s0 tclass=capability permissive=1 ppid=1 pcomm="init" pgid=1 pgcomm="init"
03-31 18:04:10.826   464   464 I recovery: type=1400 audit(0.0:258): avc: denied { create } for name="twadbfifo" scontext=u:r:recovery:s0 tcontext=u:object_r:tmpfs:s0 tclass=fifo_file permissive=1 ppid=1 pcomm="init" pgid=464 pgcomm="recovery"
03-31 18:04:10.826   464   464 I recovery: type=1400 audit(0.0:259): avc: denied { read } for name="twadbfifo" dev="tmpfs" ino=9090 scontext=u:r:recovery:s0 tcontext=u:object_r:tmpfs:s0 tclass=fifo_file permissive=1 ppid=1 pcomm="init" pgid=464 pgcomm="recovery"
03-31 18:04:10.826   464   464 I recovery: type=1400 audit(0.0:260): avc: denied { open } for path="/tmp/twadbfifo" dev="tmpfs" ino=9090 scontext=u:r:recovery:s0 tcontext=u:object_r:tmpfs:s0 tclass=fifo_file permissive=1 ppid=1 pcomm="init" pgid=464 pgcomm="recovery"
03-31 18:04:10.826   464   464 I recovery: type=1400 audit(0.0:261): avc: denied { ioctl } for path="/dev/block/dm-3" dev="tmpfs" ino=9057 ioctlcmd=0x5331 scontext=u:r:recovery:s0 tcontext=u:object_r:dm_device:s0 tclass=blk_file permissive=1 ppid=1 pcomm="init" pgid=1 pgcomm="init"
01-01 17:51:27.400     0     0 W EXT4-fs (dm-3): warning: mounting unchecked fs, running e2fsck is recommended
01-01 17:51:27.401     0     0 I EXT4-fs (dm-3): mounted filesystem without journal. Opts:
03-31 18:04:10.843   464   464 I recovery: type=1400 audit(0.0:262): avc: denied { ioctl } for path="/dev/block/dm-3" dev="tmpfs" ino=9057 ioctlcmd=0x5331 scontext=u:r:recovery:s0 tcontext=u:object_r:dm_device:s0 tclass=blk_file permissive=1 ppid=1 pcomm="init" pgid=1 pgcomm="init"
01-01 17:51:27.417     0     0 W EXT4-fs (dm-3): warning: mounting unchecked fs, running e2fsck is recommended
01-01 17:51:27.418     0     0 I EXT4-fs (dm-3): mounted filesystem without journal. Opts:
03-31 18:04:10.863   464   464 I recovery: type=1400 audit(0.0:263): avc: denied { ioctl } for path="/dev/block/dm-3" dev="tmpfs" ino=9057 ioctlcmd=0x5331 scontext=u:r:recovery:s0 tcontext=u:object_r:dm_device:s0 tclass=blk_file permissive=1 ppid=1 pcomm="init" pgid=1 pgcomm="init"
01-01 17:51:27.434     0     0 W EXT4-fs (dm-3): warning: mounting unchecked fs, running e2fsck is recommended
01-01 17:51:27.435     0     0 I EXT4-fs (dm-3): mounted filesystem without journal. Opts:
03-31 18:04:10.879   464   464 I recovery: type=1400 audit(0.0:264): avc: denied { unlink } for name="orsin" dev="rootfs" ino=240 scontext=u:r:recovery:s0 tcontext=u:object_r:rootfs:s0 tclass=fifo_file permissive=1 ppid=1 pcomm="init" pgid=1 pgcomm="init"
03-31 18:04:10.879   464   464 I recovery: type=1400 audit(0.0:265): avc: denied { create } for name="orsin" scontext=u:r:recovery:s0 tcontext=u:object_r:rootfs:s0 tclass=fifo_file permissive=1 ppid=1 pcomm="init" pgid=1 pgcomm="init"
03-31 18:04:10.879   464   464 I recovery: type=1400 audit(0.0:266): avc: denied { read } for name="orsin" dev="rootfs" ino=12367 scontext=u:r:recovery:s0 tcontext=u:object_r:rootfs:s0 tclass=fifo_file permissive=1 ppid=1 pcomm="init" pgid=1 pgcomm="init"
03-31 18:04:10.879   464   464 I recovery: type=1400 audit(0.0:267): avc: denied { open } for path="/system/bin/orsin" dev="rootfs" ino=12367 scontext=u:r:recovery:s0 tcontext=u:object_r:rootfs:s0 tclass=fifo_file permissive=1 ppid=1 pcomm="init" pgid=1 pgcomm="init"
01-01 17:51:28.045     0     0 I pmi632_charger: smblib_icl_change_work: icl_settled=450000
03-31 18:04:11.503   458   458 W HidlServiceManagement: Waited one second for android.hardware.keymaster@4.0::IKeymasterDevice/default
03-31 18:04:11.503   455   455 I hwservicemanager: Since android.hardware.keymaster@4.0::IKeymasterDevice/default is not registered, trying to start it as a lazy HAL.
03-31 18:04:11.504   458   458 I HidlServiceManagement: getService: Trying again for android.hardware.keymaster@4.0::IKeymasterDevice/default...
03-31 18:04:11.504   455   611 W libc    : Unable to set property "ctl.interface_start" to "android.hardware.keymaster@4.0::IKeymasterDevice/default": error code: 0x20
01-01 17:51:28.062     0     0 E init    : Control message: Could not find 'android.hardware.keymaster@4.0::IKeymasterDevice/default' for ctl.interface_start from pid: 455 (/system/bin/hwservicemanager)
03-31 18:04:11.504   455   611 I hwservicemanager: Tried to start android.hardware.keymaster@4.0::IKeymasterDevice/default as a lazy service, but was unable to. Usually this happens when a service is not installed, but if the service is intended to be used as a lazy service, then it may be configured incorrectly.
01-01 17:51:28.265     0     0 I pmi632_charger: somc_aicl_irq_handler: IRQ: aicl-done
01-01 17:51:28.265     0     0 I pmi632_charger: smblib_icl_change_work: icl_settled=500000
01-01 17:51:28.273     0     0 I QG-K    : qg_somc_jeita_step_charge_work: exit step_work input_present:1 status:4
03-31 18:04:12.504   458   458 W HidlServiceManagement: Waited one second for android.hardware.keymaster@4.0::IKeymasterDevice/default
03-31 18:04:12.504   455   455 I hwservicemanager: Since android.hardware.keymaster@4.0::IKeymasterDevice/default is not registered, trying to start it as a lazy HAL.
03-31 18:04:12.504   458   458 I HidlServiceManagement: getService: Trying again for android.hardware.keymaster@4.0::IKeymasterDevice/default...
03-31 18:04:12.505   455   612 W libc    : Unable to set property "ctl.interface_start" to "android.hardware.keymaster@4.0::IKeymasterDevice/default": error code: 0x20
03-31 18:04:12.505   455   612 I hwservicemanager: Tried to start android.hardware.keymaster@4.0::IKeymasterDevice/default as a lazy service, but was unable to. Usually this happens when a service is not installed, but if the service is intended to be used as a lazy service, then it may be configured incorrectly.
01-01 17:51:29.063     0     0 E init    : Control message: Could not find 'android.hardware.keymaster@4.0::IKeymasterDevice/default' for ctl.interface_start from pid: 455 (/system/bin/hwservicemanager)
03-31 18:04:12.746   464   464 I recovery: type=1400 audit(0.0:268): avc: denied { getattr } for path="/linkerconfig" dev="tmpfs" ino=8856 scontext=u:r:recovery:s0 tcontext=u:object_r:linkerconfig_file:s0 tclass=dir permissive=1 ppid=1 pcomm="init" pgid=1 pgcomm="init"
03-31 18:04:12.746   464   464 I recovery: type=1400 audit(0.0:269): avc: denied { getattr } for path="/system/bin/init" dev="rootfs" ino=10357 scontext=u:r:recovery:s0 tcontext=u:object_r:init_exec:s0 tclass=file permissive=1 ppid=1 pcomm="init" pgid=1 pgcomm="init"
03-31 18:04:13.505   458   458 W HidlServiceManagement: Waited one second for android.hardware.keymaster@4.0::IKeymasterDevice/default
03-31 18:04:13.505   455   455 I hwservicemanager: Since android.hardware.keymaster@4.0::IKeymasterDevice/default is not registered, trying to start it as a lazy HAL.
03-31 18:04:13.505   458   458 I HidlServiceManagement: getService: Trying again for android.hardware.keymaster@4.0::IKeymasterDevice/default...
03-31 18:04:13.506   455   613 W libc    : Unable to set property "ctl.interface_start" to "android.hardware.keymaster@4.0::IKeymasterDevice/default": error code: 0x20
03-31 18:04:13.506   455   613 I hwservicemanager: Tried to start android.hardware.keymaster@4.0::IKeymasterDevice/default as a lazy service, but was unable to. Usually this happens when a service is not installed, but if the service is intended to be used as a lazy service, then it may be configured incorrectly.
01-01 17:51:30.064     0     0 E init    : Control message: Could not find 'android.hardware.keymaster@4.0::IKeymasterDevice/default' for ctl.interface_start from pid: 455 (/system/bin/hwservicemanager)
03-31 18:04:14.505   458   458 W HidlServiceManagement: Waited one second for android.hardware.keymaster@4.0::IKeymasterDevice/default
03-31 18:04:14.506   455   455 I hwservicemanager: Since android.hardware.keymaster@4.0::IKeymasterDevice/default is not registered, trying to start it as a lazy HAL.
03-31 18:04:14.506   458   458 I HidlServiceManagement: getService: Trying again for android.hardware.keymaster@4.0::IKeymasterDevice/default...
03-31 18:04:14.506   455   614 W libc    : Unable to set property "ctl.interface_start" to "android.hardware.keymaster@4.0::IKeymasterDevice/default": error code: 0x20
03-31 18:04:14.506   455   614 I hwservicemanager: Tried to start android.hardware.keymaster@4.0::IKeymasterDevice/default as a lazy service, but was unable to. Usually this happens when a service is not installed, but if the service is intended to be used as a lazy service, then it may be configured incorrectly.
01-01 17:51:31.064     0     0 E init    : Control message: Could not find 'android.hardware.keymaster@4.0::IKeymasterDevice/default' for ctl.interface_start from pid: 455 (/system/bin/hwservicemanager)
03-31 18:04:15.506   458   458 W HidlServiceManagement: Waited one second for android.hardware.keymaster@4.0::IKeymasterDevice/default
03-31 18:04:15.507   455   455 I hwservicemanager: Since android.hardware.keymaster@4.0::IKeymasterDevice/default is not registered, trying to start it as a lazy HAL.
03-31 18:04:15.507   458   458 I HidlServiceManagement: getService: Trying again for android.hardware.keymaster@4.0::IKeymasterDevice/default...
03-31 18:04:15.508   455   615 W libc    : Unable to set property "ctl.interface_start" to "android.hardware.keymaster@4.0::IKeymasterDevice/default": error code: 0x20
03-31 18:04:15.508   455   615 I hwservicemanager: Tried to start android.hardware.keymaster@4.0::IKeymasterDevice/default as a lazy service, but was unable to. Usually this happens when a service is not installed, but if the service is intended to be used as a lazy service, then it may be configured incorrectly.
01-01 17:51:32.065     0     0 E init    : Control message: Could not find 'android.hardware.keymaster@4.0::IKeymasterDevice/default' for ctl.interface_start from pid: 455 (/system/bin/hwservicemanager)
03-31 18:04:16.507   458   458 W HidlServiceManagement: Waited one second for android.hardware.keymaster@4.0::IKeymasterDevice/default
03-31 18:04:16.507   455   455 I hwservicemanager: Since android.hardware.keymaster@4.0::IKeymasterDevice/default is not registered, trying to start it as a lazy HAL.
03-31 18:04:16.508   458   458 I HidlServiceManagement: getService: Trying again for android.hardware.keymaster@4.0::IKeymasterDevice/default...
03-31 18:04:16.508   455   616 W libc    : Unable to set property "ctl.interface_start" to "android.hardware.keymaster@4.0::IKeymasterDevice/default": error code: 0x20
03-31 18:04:16.509   455   616 I hwservicemanager: Tried to start android.hardware.keymaster@4.0::IKeymasterDevice/default as a lazy service, but was unable to. Usually this happens when a service is not installed, but if the service is intended to be used as a lazy service, then it may be configured incorrectly.
01-01 17:51:33.066     0     0 E init    : Control message: Could not find 'android.hardware.keymaster@4.0::IKeymasterDevice/default' for ctl.interface_start from pid: 455 (/system/bin/hwservicemanager)
03-31 18:04:17.508   458   458 W HidlServiceManagement: Waited one second for android.hardware.keymaster@4.0::IKeymasterDevice/default
03-31 18:04:17.509   455   455 I hwservicemanager: Since android.hardware.keymaster@4.0::IKeymasterDevice/default is not registered, trying to start it as a lazy HAL.
03-31 18:04:17.509   458   458 I HidlServiceManagement: getService: Trying again for android.hardware.keymaster@4.0::IKeymasterDevice/default...
03-31 18:04:17.510   455   618 W libc    : Unable to set property "ctl.interface_start" to "android.hardware.keymaster@4.0::IKeymasterDevice/default": error code: 0x20
03-31 18:04:17.510   455   618 I hwservicemanager: Tried to start android.hardware.keymaster@4.0::IKeymasterDevice/default as a lazy service, but was unable to. Usually this happens when a service is not installed, but if the service is intended to be used as a lazy service, then it may be configured incorrectly.
01-01 17:51:34.067     0     0 E init    : Control message: Could not find 'android.hardware.keymaster@4.0::IKeymasterDevice/default' for ctl.interface_start from pid: 455 (/system/bin/hwservicemanager)
03-31 18:04:17.563   464   464 I recovery: type=1400 audit(0.0:270): avc: denied { read } for name="lineage-19.1-20230331-UNOFFICIAL-pdx201.zip" dev="mmcblk1p1" ino=1048611 scontext=u:r:recovery:s0 tcontext=u:object_r:vfat:s0 tclass=file permissive=1 ppid=1 pcomm="init" pgid=464 pgcomm="recovery"
03-31 18:04:17.563   464   464 I recovery: type=1400 audit(0.0:271): avc: denied { open } for path="/sdcard1/lineage-19.1-20230331-UNOFFICIAL-pdx201.zip" dev="mmcblk1p1" ino=1048611 scontext=u:r:recovery:s0 tcontext=u:object_r:vfat:s0 tclass=file permissive=1 ppid=1 pcomm="init" pgid=464 pgcomm="recovery"
03-31 18:04:17.563   464   464 I recovery: type=1400 audit(0.0:272): avc: denied { map } for path="/sdcard1/lineage-19.1-20230331-UNOFFICIAL-pdx201.zip" dev="mmcblk1p1" ino=1048611 scontext=u:r:recovery:s0 tcontext=u:object_r:vfat:s0 tclass=file permissive=1 ppid=1 pcomm="init" pgid=464 pgcomm="recovery"
03-31 18:04:17.596   464   464 I recovery: type=1400 audit(0.0:273): avc: denied { ioctl } for path="/dev/block/dm-3" dev="tmpfs" ino=9057 ioctlcmd=0x5331 scontext=u:r:recovery:s0 tcontext=u:object_r:dm_device:s0 tclass=blk_file permissive=1 ppid=1 pcomm="init" pgid=464 pgcomm="recovery"
03-31 18:04:17.649   464   464 I recovery: type=1400 audit(0.0:274): avc: denied { ioctl } for path="/dev/block/dm-6" dev="tmpfs" ino=9875 ioctlcmd=0x5331 scontext=u:r:recovery:s0 tcontext=u:object_r:dm_device:s0 tclass=blk_file permissive=1 ppid=1 pcomm="init" pgid=464 pgcomm="recovery"
01-01 17:51:34.209     0     0 W EXT4-fs (dm-3): warning: mounting unchecked fs, running e2fsck is recommended
01-01 17:51:34.210     0     0 I EXT4-fs (dm-3): mounted filesystem without journal. Opts:
01-01 17:51:34.220     0     0 W EXT4-fs (dm-6): warning: mounting unchecked fs, running e2fsck is recommended
01-01 17:51:34.221     0     0 I EXT4-fs (dm-6): mounted filesystem without journal. Opts:
03-31 18:04:17.663   464   464 I recovery: type=1400 audit(0.0:275): avc: denied { mounton } for path="/system/bin/sh" dev="rootfs" ino=10452 scontext=u:r:recovery:s0 tcontext=u:object_r:rootfs:s0 tclass=file permissive=1 ppid=1 pcomm="init" pgid=464 pgcomm="recovery"
03-31 18:04:17.708   455   455 I hwservicemanager: getTransport: Cannot find entry android.hardware.boot@1.0::IBootControl/default in either framework or device VINTF manifest.
03-31 18:04:17.706   455   455 I hwservicemanage: type=1400 audit(0.0:276): avc: denied { write } for name="access" dev="selinuxfs" ino=6 scontext=u:r:recovery:s0 tcontext=u:object_r:selinuxfs:s0 tclass=file permissive=1 ppid=1 pcomm="init" pgid=1 pgcomm="init"
03-31 18:04:17.706   455   455 I hwservicemanage: type=1400 audit(0.0:277): avc: denied { compute_av } for scontext=u:r:recovery:s0 tcontext=u:object_r:kernel:s0 tclass=security permissive=1 ppid=1 pcomm="init" pgid=1 pgcomm="init"
01-01 17:51:34.787     0     0 I EXT4-fs (mmcblk0p66): mounted filesystem with ordered data mode. Opts:
01-01 17:51:34.798     0     0 I EXT4-fs (mmcblk0p84): mounted filesystem with ordered data mode. Opts:
03-31 18:04:18.249   464   464 I recovery: type=1400 audit(0.0:278): avc: denied { getattr } for path="/persist" dev="mmcblk0p2" ino=2 scontext=u:r:recovery:s0 tcontext=u:object_r:mnt_vendor_file:s0 tclass=dir permissive=1 ppid=1 pcomm="init" pgid=464 pgcomm="recovery"
01-01 17:51:34.810     0     0 I EXT4-fs (mmcblk0p2): mounted filesystem with ordered data mode. Opts:
03-31 18:04:18.249   464   464 I recovery: type=1400 audit(0.0:279): avc: denied { ioctl } for path="/dev/block/dm-4" dev="tmpfs" ino=9060 ioctlcmd=0x5331 scontext=u:r:recovery:s0 tcontext=u:object_r:dm_device:s0 tclass=blk_file permissive=1 ppid=1 pcomm="init" pgid=464 pgcomm="recovery"
01-01 17:51:34.822     0     0 I EXT4-fs (dm-4): mounted filesystem without journal. Opts:
03-31 18:04:18.263   464   464 I recovery: type=1400 audit(0.0:280): avc: denied { ioctl } for path="/dev/block/dm-3" dev="tmpfs" ino=9057 ioctlcmd=0x5331 scontext=u:r:recovery:s0 tcontext=u:object_r:dm_device:s0 tclass=blk_file permissive=1 ppid=1 pcomm="init" pgid=464 pgcomm="recovery"
01-01 17:51:34.840     0     0 I EXT4-fs (dm-3): mounted filesystem without journal. Opts:
03-31 18:04:18.279   464   464 I recovery: type=1400 audit(0.0:281): avc: denied { ioctl } for path="/dev/block/dm-3" dev="tmpfs" ino=9057 ioctlcmd=0x5331 scontext=u:r:recovery:s0 tcontext=u:object_r:dm_device:s0 tclass=blk_file permissive=1 ppid=1 pcomm="init" pgid=464 pgcomm="recovery"
01-01 17:51:34.855     0     0 W EXT4-fs (dm-3): warning: mounting unchecked fs, running e2fsck is recommended
01-01 17:51:34.855     0     0 I EXT4-fs (dm-3): mounted filesystem without journal. Opts:
03-31 18:04:18.299   464   464 I recovery: type=1400 audit(0.0:282): avc: denied { ioctl } for path="/dev/block/dm-6" dev="tmpfs" ino=9875 ioctlcmd=0x5331 scontext=u:r:recovery:s0 tcontext=u:object_r:dm_device:s0 tclass=blk_file permissive=1 ppid=1 pcomm="init" pgid=464 pgcomm="recovery"
01-01 17:51:34.872     0     0 I EXT4-fs (dm-6): mounted filesystem without journal. Opts:
03-31 18:04:18.509   458   458 W HidlServiceManagement: Waited one second for android.hardware.keymaster@4.0::IKeymasterDevice/default
03-31 18:04:18.509   455   455 I hwservicemanager: Since android.hardware.keymaster@4.0::IKeymasterDevice/default is not registered, trying to start it as a lazy HAL.
03-31 18:04:18.510   458   458 I HidlServiceManagement: getService: Trying again for android.hardware.keymaster@4.0::IKeymasterDevice/default...
03-31 18:04:18.510   455   632 W libc    : Unable to set property "ctl.interface_start" to "android.hardware.keymaster@4.0::IKeymasterDevice/default": error code: 0x20
03-31 18:04:18.510   455   632 I hwservicemanager: Tried to start android.hardware.keymaster@4.0::IKeymasterDevice/default as a lazy service, but was unable to. Usually this happens when a service is not installed, but if the service is intended to be used as a lazy service, then it may be configured incorrectly.
01-01 17:51:35.068     0     0 E init    : Control message: Could not find 'android.hardware.keymaster@4.0::IKeymasterDevice/default' for ctl.interface_start from pid: 455 (/system/bin/hwservicemanager)
03-31 18:04:19.510   458   458 W HidlServiceManagement: Waited one second for android.hardware.keymaster@4.0::IKeymasterDevice/default
03-31 18:04:19.510   455   455 I hwservicemanager: Since android.hardware.keymaster@4.0::IKeymasterDevice/default is not registered, trying to start it as a lazy HAL.
03-31 18:04:19.511   458   458 I HidlServiceManagement: getService: Trying again for android.hardware.keymaster@4.0::IKeymasterDevice/default...
03-31 18:04:19.511   455   633 W libc    : Unable to set property "ctl.interface_start" to "android.hardware.keymaster@4.0::IKeymasterDevice/default": error code: 0x20
03-31 18:04:19.511   455   633 I hwservicemanager: Tried to start android.hardware.keymaster@4.0::IKeymasterDevice/default as a lazy service, but was unable to. Usually this happens when a service is not installed, but if the service is intended to be used as a lazy service, then it may be configured incorrectly.
01-01 17:51:36.069     0     0 E init    : Control message: Could not find 'android.hardware.keymaster@4.0::IKeymasterDevice/default' for ctl.interface_start from pid: 455 (/system/bin/hwservicemanager)
