09-05 11:53:01.713   541   541 I qseecomd: type=1400 audit(0.0:296): avc: denied { open } for path="/dev/ion" dev="tmpfs" ino=11429 scontext=u:r:recovery:s0 tcontext=u:object_r:ion_device:s0 tclass=chr_file permissive=1 ppid=1 pcomm="init" pgid=1 pgcomm="init"
09-05 11:53:01.714   541   541 D QSEECOMD: : Init rpmb_start ret = 0
09-05 11:53:01.715   541   541 D QSEECOMD: : RPMB system services: Started (Listener ID = 8192)
09-05 11:53:01.715   541   541 E QSEECOMD: : Listener: index = 1, hierarchy = 1
09-05 11:53:01.715   541   541 D QSEECOMD: : Init dlopen(libssd.so, RTLD_NOW) succeeds
09-05 11:53:01.715   541   541 D QSEECOMD: : Init::Init dlsym(g_FSHandle ssd_start) succeeds
09-05 11:53:01.715   541   541 D QSEECOMAPI: QSEECom_register_listener 12288 sb_length = 0x5000
09-05 11:53:01.715   541   541 D QSEECOMD: : Init ssd_start ret = 0
09-05 11:53:01.715   541   541 D QSEECOMD: : SSD system services: Started (Listener ID = 12288)
09-05 11:53:01.715   541   541 E QSEECOMD: : Listener: index = 2, hierarchy = 1
09-05 11:53:01.718   541   541 D QSEECOMD: : Init dlopen(libsecureui.so, RTLD_NOW) succeeds
09-05 11:53:01.718   541   541 D QSEECOMD: : Init::Init dlsym(g_FSHandle secure_ui_start) succeeds
09-05 11:53:01.719   541   541 D QSEECOMAPI: QSEECom_register_listener 16384 sb_length = 0x10a8
09-05 11:53:01.719   541   541 D QSEECOMD: : Init secure_ui_start ret = 0
09-05 11:53:01.719   541   541 D QSEECOMD: : secure UI services: Started (Listener ID = 16384)
09-05 11:53:01.719   541   541 E QSEECOMD: : Listener: index = 3, hierarchy = 1
09-05 11:53:01.719   541   541 D QSEECOMD: : Init dlopen(libdrmtime.so, RTLD_NOW) succeeds
09-05 11:53:01.719   541   541 D QSEECOMD: : Init::Init dlsym(g_FSHandle atime_start) succeeds
09-05 11:53:01.719   541   541 D DrmLibTime: QSEE Time Listener: atime_start
09-05 11:53:01.719   541   541 D QSEECOMAPI: QSEECom_register_listener 11 sb_length = 0x5000
09-05 11:53:01.720   541   541 D DrmLibTime: registering fs service to QSEECom is done!
09-05 11:53:01.720   541   541 D DrmLibTime: begin to create a thread!
09-05 11:53:01.720   541   541 D DrmLibTime: Creating a pthread in atime_start is done! return 0
09-05 11:53:01.720   541   541 D QSEECOMD: : Init atime_start ret = 0
09-05 11:53:01.720   541   545 D DrmLibTime: QSEE Time Listener: dispatch
09-05 11:53:01.720   541   541 D QSEECOMD: : time services: Started (Listener ID = 11)
09-05 11:53:01.720   541   541 E QSEECOMD: : Listener: index = 4, hierarchy = 1
09-05 11:53:01.720   541   541 D QSEECOMD: : Init dlopen(libdrmfs.so, RTLD_NOW) succeeds
09-05 11:53:01.720   541   541 D QSEECOMD: : Init::Init dlsym(g_FSHandle fs_start) succeeds
09-05 11:53:01.720   541   541 D QSEECOMAPI: QSEECom_register_listener 10 sb_length = 0x5000
09-05 11:53:01.720   541   545 D DrmLibTime: before calling ioctl to read the next time_cmd
09-05 11:53:01.720   541   541 D QSEECOMD: : Init fs_start ret = 0
09-05 11:53:01.720   541   541 D QSEECOMD: : file system services: Started (Listener ID = 10)
09-05 11:53:01.720   541   541 E QSEECOMD: : Listener: index = 5, hierarchy = 1
09-05 11:53:01.720   541   541 D QSEECOMD: : Init dlopen(libdrmfs.so, RTLD_NOW) succeeds
09-05 11:53:01.720   541   541 D QSEECOMD: : Init::Init dlsym(g_FSHandle gpfs_start) succeeds
09-05 11:53:01.721   541   541 D QSEECOMAPI: QSEECom_register_listener 28672 sb_length = 0x7e000
09-05 11:53:01.721   541   541 D QSEECOMD: : Init gpfs_start ret = 0
09-05 11:53:01.721   541   541 D QSEECOMD: : gpfile system services: Started (Listener ID = 28672)
09-05 11:53:01.721   541   541 E QSEECOMD: : Listener: index = 6, hierarchy = 1
09-05 11:53:01.722   541   541 D QSEECOMD: : Init dlopen(libqisl.so, RTLD_NOW) succeeds
09-05 11:53:01.722   541   541 D QSEECOMD: : Init::Init dlsym(g_FSHandle qisl_start) succeeds
--------- beginning of system
09-05 11:53:01.722   541   548 I QISL    : QSEE Interrupt Service Listener Thread is started
09-05 11:53:01.722   541   548 D QSEECOMAPI: QSEECom_register_listener 36864 sb_length = 0x1f4
09-05 11:53:01.722   541   548 I QISL    : QSEE Interrupt Service Listener was activated successfully
09-05 11:53:01.722   541   541 D QSEECOMD: : Init qisl_start ret = 0
09-05 11:53:01.722   541   541 D QSEECOMD: : interrupt services: Started (Listener ID = 36864)
09-05 11:53:01.722   541   541 E QSEECOMD: : Listener: index = 7, hierarchy = 1
09-05 11:53:01.723   541   541 D QSEECOMD: : Init dlopen(libspl.so, RTLD_NOW) succeeds
09-05 11:53:01.723   541   541 D QSEECOMD: : Init::Init dlsym(g_FSHandle spl_start) succeeds
09-05 11:53:01.723   541   541 D SPL     : Call QSEECom_register_listener()
09-05 11:53:01.723   541   541 D QSEECOMAPI: QSEECom_register_listener 45056 sb_length = 0x400
09-05 11:53:01.723   541   541 D SPL     : Registered listener sucessfully!
09-05 11:53:01.723   541   541 D SPL     : pipe read-fd [34] write-fd [35]
09-05 11:53:01.723   541   541 D SPL     : Create thread
09-05 11:53:01.723   541   541 D SPL     : Thread created sucessfully.
09-05 11:53:01.723   541   541 D QSEECOMD: : Init spl_start ret = 0
09-05 11:53:01.723   541   549 D SPL     : spl_dispatch() started
09-05 11:53:01.723   541   549 D SPL     : ==== Wait For Request ======
09-05 11:53:01.723   541   541 D QSEECOMD: : secure processor services: Started (Listener ID = 45056)
09-05 11:53:01.723   541   541 E QSEECOMD: : Listener: index = 8, hierarchy = 1
09-05 11:53:01.724   541   541 D QSEECOMD: : Init dlopen(libGPreqcancel.so, RTLD_NOW) succeeds
09-05 11:53:01.724   541   541 D QSEECOMD: : Init::Init dlsym(g_FSHandle gp_reqcancel_start) succeeds
09-05 11:53:01.724   541   541 D QSEECOMAPI: QSEECom_register_listener 4352 sb_length = 0x5000
09-05 11:53:01.724   541   541 D QSEECOMD: : Init gp_reqcancel_start ret = 0
09-05 11:53:01.724   541   541 D QSEECOMD: : gp request cancellation services: Started (Listener ID = 4352)
09-05 11:53:01.724   541   541 E QSEECOMD: : Listener: index = 9, hierarchy = 1
09-05 11:53:01.725   541   541 D QSEECOMD: : Init dlopen(libops.so, RTLD_NOW) succeeds
09-05 11:53:01.725   541   541 D QSEECOMD: : Init::Init dlsym(g_FSHandle ops_start) succeeds
09-05 11:53:01.725   541   541 D OPS_SERVICE: Entering ops_start!
09-05 11:53:01.725   541   541 D QSEECOMAPI: QSEECom_register_listener 49152 sb_length = 0x6400
09-05 11:53:01.725   541   541 D OPS_SERVICE: registering ops service to QSEECom is done!
09-05 11:53:01.725   541   541 D OPS_SERVICE: begin to create a thread!
09-05 11:53:01.725   541   541 D OPS_SERVICE: Creating a pthread in ops_start is done! return 0
09-05 11:53:01.725   541   551 D OPS_SERVICE: OPS_SERVICE Dispatch starts! 
09-05 11:53:01.725   541   551 D OPS_SERVICE: before calling ioctl to read the next ops_cmd
09-05 11:53:01.725   541   541 D QSEECOMD: : Init ops_start ret = 0
09-05 11:53:01.725   541   541 D QSEECOMD: : output protection service listener: Started (Listener ID = 49152)
09-05 11:53:01.726   541   541 D QSEECOMD: : QSEECOM DAEMON RUNNING 
09-05 11:53:01.723     1     1 I unknown : type=1107 audit(0.0:298): uid=0 auid=4294967295 ses=4294967295 subj=u:r:init:s0 msg='avc: denied { set } for property=vendor.sys.listeners.registered pid=541 uid=1000 gid=1000 scontext=u:r:recovery:s0 tcontext=u:object_r:vendor_default_prop:s0 tclass=property_service permissive=1'
09-05 11:53:01.738   553   553 E cutils-trace: Error opening trace file: No such file or directory (2)
09-05 11:53:01.736   456   456 I hwservicemanage: type=1400 audit(0.0:299): avc: denied { write } for name="access" dev="selinuxfs" ino=6 scontext=u:r:recovery:s0 tcontext=u:object_r:selinuxfs:s0 tclass=file permissive=1 ppid=1 pcomm="init" pgid=1 pgcomm="init"
09-05 11:53:01.736   456   456 I hwservicemanage: type=1400 audit(0.0:300): avc: denied { compute_av } for scontext=u:r:recovery:s0 tcontext=u:object_r:kernel:s0 tclass=security permissive=1 ppid=1 pcomm="init" pgid=1 pgcomm="init"
09-05 11:53:01.738   456   456 E SELinux : avc:  denied  { find } for interface=android.hardware.gatekeeper::IGatekeeper sid=u:r:recovery:s0 pid=553 scontext=u:r:recovery:s0 tcontext=u:object_r:hal_gatekeeper_hwservice:s0 tclass=hwservice_manager permissive=1
09-05 11:53:01.739   553   553 D vndksupport: Loading /vendor/lib64/hw/android.hardware.gatekeeper@1.0-impl-qti.so from current namespace instead of sphal namespace.
09-05 11:53:01.760   552   552 D QSEECOMAPI: QSEECom_get_handle sb_length = 0xa000
09-05 11:53:01.760   552   552 D QSEECOMAPI: App is already loaded QSEE and app id = 1
09-05 11:53:01.761   552   552 E ion     : ioctl c0044901 failed with code -1: Inappropriate ioctl for device
09-05 11:53:01.761   552   552 E KeymasterUtils: TA API Major Version: 4
09-05 11:53:01.761   552   552 E KeymasterUtils: TA API Minor Version: 0
09-05 11:53:01.762   552   552 E KeymasterUtils: TA Major Version: 4
09-05 11:53:01.762   552   552 E KeymasterUtils: TA Minor Version: 544
09-05 11:53:01.763   553   553 D QSEECOMAPI: QSEECom_get_handle sb_length = 0xa000
09-05 11:53:01.763   552   552 E cutils-trace: Error opening trace file: No such file or directory (2)
09-05 11:53:01.764   553   553 D QSEECOMAPI: App is already loaded QSEE and app id = 1
09-05 11:53:01.764   553   553 E ion     : ioctl c0044901 failed with code -1: Inappropriate ioctl for device
09-05 11:53:01.763   552   552 I android.hardwar: type=1400 audit(0.0:301): avc: denied { transfer } for scontext=u:r:recovery:s0 tcontext=u:r:recovery:s0 tclass=binder permissive=1 ppid=1 pcomm="init" pgid=1 pgcomm="init"
09-05 11:53:01.764   456   456 E SELinux : avc:  denied  { add } for interface=android.hardware.keymaster::IKeymasterDevice sid=u:r:recovery:s0 pid=552 scontext=u:r:recovery:s0 tcontext=u:object_r:hal_keymaster_hwservice:s0 tclass=hwservice_manager permissive=1
09-05 11:53:01.764   552   552 I HidlServiceManagement: Registered android.hardware.keymaster@4.0::IKeymasterDevice/default
09-05 11:53:01.764   553   553 E KeymasterUtils: TA API Major Version: 4
09-05 11:53:01.764   552   552 I HidlServiceManagement: Removing namespace from process name android.hardware.keymaster@4.0-service-qti to keymaster@4.0-service-qti.
09-05 11:53:01.764   553   553 E KeymasterUtils: TA API Minor Version: 0
09-05 11:53:01.764   553   553 E KeymasterUtils: TA Major Version: 4
09-05 11:53:01.765   553   553 E KeymasterUtils: TA Minor Version: 544
09-05 11:53:01.765   456   456 I hw-BpHwBinder: onLastStrongRef automatically unlinking death recipients
09-05 11:53:01.765   459   459 I keystore2: found android.hardware.keymaster@4.0::IKeymasterDevice with interface name default and seclevel TRUSTED_ENVIRONMENT
09-05 11:53:01.767   456   456 E SELinux : avc:  denied  { add } for interface=android.hardware.gatekeeper::IGatekeeper sid=u:r:recovery:s0 pid=553 scontext=u:r:recovery:s0 tcontext=u:object_r:hal_gatekeeper_hwservice:s0 tclass=hwservice_manager permissive=1
09-05 11:53:01.767   457   457 E SELinux : avc:  denied  { add } for pid=459 uid=0 name=android.system.keystore2.IKeystoreService/default scontext=u:r:recovery:s0 tcontext=u:object_r:keystore_service:s0 tclass=service_manager permissive=1
09-05 11:53:01.767   553   553 I HidlServiceManagement: Registered android.hardware.gatekeeper@1.0::IGatekeeper/default
09-05 11:53:01.767   553   553 I HidlServiceManagement: Removing namespace from process name android.hardware.gatekeeper@1.0-service-qti to gatekeeper@1.0-service-qti.
09-05 11:53:01.767   457   457 I servicemanager: getDeviceHalManifest: Reading VINTF information.
09-05 11:53:01.767   553   553 I LegacySupport: Registration complete for android.hardware.gatekeeper@1.0::IGatekeeper/default.
09-05 11:53:01.775   457   457 I servicemanager: getDeviceHalManifest: Successfully processed VINTF information
09-05 11:53:01.775   457   457 I servicemanager: getFrameworkHalManifest: Reading VINTF information.
09-05 11:53:01.776   457   457 I servicemanager: getFrameworkHalManifest: Successfully processed VINTF information
09-05 11:53:01.776   457   457 I servicemanager: Found android.system.keystore2.IKeystoreService/default in framework VINTF manifest.
09-05 11:53:01.777   457   457 E SELinux : avc:  denied  { add } for pid=459 uid=0 name=android.security.apc scontext=u:r:recovery:s0 tcontext=u:object_r:apc_service:s0 tclass=service_manager permissive=1
09-05 11:53:01.777   457   457 E SELinux : avc:  denied  { add } for pid=459 uid=0 name=android.security.authorization scontext=u:r:recovery:s0 tcontext=u:object_r:authorization_service:s0 tclass=service_manager permissive=1
09-05 11:53:01.778   457   457 E SELinux : avc:  denied  { add } for pid=459 uid=0 name=android.security.maintenance scontext=u:r:recovery:s0 tcontext=u:object_r:keystore_maintenance_service:s0 tclass=service_manager permissive=1
09-05 11:53:01.778   459   488 I keystore2: keystore2::shared_secret_negotiation: Shared secret negotiation concluded successfully.
09-05 11:53:01.778   457   457 E SELinux : avc:  denied  { add } for pid=459 uid=0 name=android.security.metrics scontext=u:r:recovery:s0 tcontext=u:object_r:keystore_metrics_service:s0 tclass=service_manager permissive=1
09-05 11:53:01.778   457   457 E SELinux : avc:  denied  { add } for pid=459 uid=0 name=android.security.legacykeystore scontext=u:r:recovery:s0 tcontext=u:object_r:legacykeystore_service:s0 tclass=service_manager permissive=1
09-05 11:53:01.779   459   459 I keystore2: keystore2_main: Successfully registered Keystore 2.0 service.
09-05 11:53:01.779   459   459 I keystore2: keystore2_main: Joining thread pool now.
09-05 11:53:02.429   465   465 E Cryptfs : cryptfs_get_password_type not valid for file encryption
09-05 11:53:02.440     0     0 I F2FS-fs (mmcblk0p86): Magic Mismatch, valid(0xf2f52010) - read(0x14bf94fa)
09-05 11:53:02.440     0     0 E F2FS-fs (mmcblk0p86): Can't find valid F2FS filesystem in 1th superblock
09-05 11:53:02.440     0     0 I F2FS-fs (mmcblk0p86): Magic Mismatch, valid(0xf2f52010) - read(0x17d6cc1)
09-05 11:53:02.440     0     0 E F2FS-fs (mmcblk0p86): Can't find valid F2FS filesystem in 2th superblock
09-05 11:53:02.440     0     0 I F2FS-fs (mmcblk0p86): Magic Mismatch, valid(0xf2f52010) - read(0x14bf94fa)
09-05 11:53:02.440     0     0 E F2FS-fs (mmcblk0p86): Can't find valid F2FS filesystem in 1th superblock
09-05 11:53:02.440     0     0 I F2FS-fs (mmcblk0p86): Magic Mismatch, valid(0xf2f52010) - read(0x17d6cc1)
09-05 11:53:02.441     0     0 E F2FS-fs (mmcblk0p86): Can't find valid F2FS filesystem in 2th superblock
09-05 11:53:02.450   465   465 I recovery: type=1400 audit(0.0:302): avc: denied { getattr } for path="/mnt/vendor/persist" dev="mmcblk0p2" ino=2 scontext=u:r:recovery:s0 tcontext=u:object_r:mnt_vendor_file:s0 tclass=dir permissive=1 ppid=1 pcomm="init" pgid=1 pgcomm="init"
09-05 11:53:02.450   465   465 I recovery: type=1400 audit(0.0:303): avc: denied { ioctl } for path="/dev/block/mmcblk0p62" dev="tmpfs" ino=1740 ioctlcmd=0x1260 scontext=u:r:recovery:s0 tcontext=u:object_r:block_device:s0 tclass=blk_file permissive=1 ppid=1 pcomm="init" pgid=1 pgcomm="init"
09-05 11:53:02.450   465   465 I recovery: type=1400 audit(0.0:304): avc: denied { write } for name="by-name" dev="tmpfs" ino=10714 scontext=u:r:recovery:s0 tcontext=u:object_r:block_device:s0 tclass=dir permissive=1 ppid=1 pcomm="init" pgid=1 pgcomm="init"
09-05 11:53:02.450   465   465 I recovery: type=1400 audit(0.0:305): avc: denied { add_name } for name="bluetooth" scontext=u:r:recovery:s0 tcontext=u:object_r:block_device:s0 tclass=dir permissive=1 ppid=1 pcomm="init" pgid=1 pgcomm="init"
09-05 11:53:02.450   465   465 I recovery: type=1400 audit(0.0:306): avc: denied { create } for name="bluetooth" scontext=u:r:recovery:s0 tcontext=u:object_r:block_device:s0 tclass=lnk_file permissive=1 ppid=1 pcomm="init" pgid=1 pgcomm="init"
09-05 11:53:02.450   465   465 I recovery: type=1400 audit(0.0:307): avc: denied { remove_name } for name="bluetooth" dev="tmpfs" ino=14416 scontext=u:r:recovery:s0 tcontext=u:object_r:block_device:s0 tclass=dir permissive=1 ppid=1 pcomm="init" pgid=1 pgcomm="init"
09-05 11:53:02.450   465   465 I recovery: type=1400 audit(0.0:308): avc: denied { unlink } for name="bluetooth" dev="tmpfs" ino=14416 scontext=u:r:recovery:s0 tcontext=u:object_r:block_device:s0 tclass=lnk_file permissive=1 ppid=1 pcomm="init" pgid=1 pgcomm="init"
09-05 11:53:02.451     0     0 I EXT4-fs (mmcblk0p2): mounted filesystem with ordered data mode. Opts: barrier=1,discard
09-05 11:53:02.466   465   465 I recovery: type=1400 audit(0.0:309): avc: denied { ioctl } for path="/product" dev="rootfs" ino=10921 ioctlcmd=0x1260 scontext=u:r:recovery:s0 tcontext=u:object_r:rootfs:s0 tclass=dir permissive=1 ppid=1 pcomm="init" pgid=1 pgcomm="init"
09-05 11:53:02.466   465   465 I recovery: type=1400 audit(0.0:310): avc: denied { read } for name="partitions" dev="proc" ino=4026532157 scontext=u:r:recovery:s0 tcontext=u:object_r:proc:s0 tclass=file permissive=1 ppid=1 pcomm="init" pgid=1 pgcomm="init"
09-05 11:53:02.466   465   465 I recovery: type=1400 audit(0.0:311): avc: denied { open } for path="/proc/partitions" dev="proc" ino=4026532157 scontext=u:r:recovery:s0 tcontext=u:object_r:proc:s0 tclass=file permissive=1 ppid=1 pcomm="init" pgid=1 pgcomm="init"
09-05 11:53:02.466   465   465 I recovery: type=1400 audit(0.0:312): avc: denied { getattr } for path="/proc/partitions" dev="proc" ino=4026532157 scontext=u:r:recovery:s0 tcontext=u:object_r:proc:s0 tclass=file permissive=1 ppid=1 pcomm="init" pgid=1 pgcomm="init"
09-05 11:53:02.467     0     0 I EXT4-fs (mmcblk0p84): mounted filesystem with ordered data mode. Opts:
09-05 11:53:02.663   465   465 I recovery: type=1400 audit(0.0:313): avc: denied { ioctl } for path="/system_ext" dev="rootfs" ino=10920 ioctlcmd=0x1260 scontext=u:r:recovery:s0 tcontext=u:object_r:rootfs:s0 tclass=dir permissive=1 ppid=1 pcomm="init" pgid=1 pgcomm="init"
09-05 11:53:02.663   465   465 I recovery: type=1400 audit(0.0:314): avc: denied { ioctl } for path="/system" dev="rootfs" ino=1188 ioctlcmd=0x1260 scontext=u:r:recovery:s0 tcontext=u:object_r:rootfs:s0 tclass=dir permissive=1 ppid=1 pcomm="init" pgid=1 pgcomm="init"
09-05 11:53:02.663   465   465 I recovery: type=1400 audit(0.0:315): avc: denied { ioctl } for path="/vendor" dev="rootfs" ino=2234 ioctlcmd=0x1260 scontext=u:r:recovery:s0 tcontext=u:object_r:rootfs:s0 tclass=dir permissive=1 ppid=1 pcomm="init" pgid=1 pgcomm="init"
09-05 11:53:02.677     0     0 I F2FS-fs (mmcblk0p86): Magic Mismatch, valid(0xf2f52010) - read(0x14bf94fa)
09-05 11:53:02.677     0     0 E F2FS-fs (mmcblk0p86): Can't find valid F2FS filesystem in 1th superblock
09-05 11:53:02.677     0     0 I F2FS-fs (mmcblk0p86): Magic Mismatch, valid(0xf2f52010) - read(0x17d6cc1)
09-05 11:53:02.677     0     0 E F2FS-fs (mmcblk0p86): Can't find valid F2FS filesystem in 2th superblock
09-05 11:53:02.676   465   465 I recovery: type=1400 audit(0.0:316): avc: denied { create } for scontext=u:r:recovery:s0 tcontext=u:r:recovery:s0 tclass=netlink_kobject_uevent_socket permissive=1 ppid=1 pcomm="init" pgid=1 pgcomm="init"
09-05 11:53:02.676   465   465 I recovery: type=1400 audit(0.0:317): avc: denied { bind } for scontext=u:r:recovery:s0 tcontext=u:r:recovery:s0 tclass=netlink_kobject_uevent_socket permissive=1 ppid=1 pcomm="init" pgid=1 pgcomm="init"
09-05 11:53:02.676   465   465 I recovery: type=1400 audit(0.0:318): avc: denied { write } for name="uevent" dev="sysfs" ino=40814 scontext=u:r:recovery:s0 tcontext=u:object_r:sysfs:s0 tclass=file permissive=1 ppid=1 pcomm="init" pgid=1 pgcomm="init"
09-05 11:53:02.677     0     0 I F2FS-fs (mmcblk0p86): Magic Mismatch, valid(0xf2f52010) - read(0x14bf94fa)
09-05 11:53:02.677     0     0 E F2FS-fs (mmcblk0p86): Can't find valid F2FS filesystem in 1th superblock
09-05 11:53:02.677     0     0 I F2FS-fs (mmcblk0p86): Magic Mismatch, valid(0xf2f52010) - read(0x17d6cc1)
09-05 11:53:02.677     0     0 E F2FS-fs (mmcblk0p86): Can't find valid F2FS filesystem in 2th superblock
09-05 11:53:02.703   465   465 I recovery: type=1400 audit(0.0:319): avc: denied { read } for name="zram0" dev="sysfs" ino=37464 scontext=u:r:recovery:s0 tcontext=u:object_r:sysfs_zram:s0 tclass=dir permissive=1 ppid=1 pcomm="init" pgid=1 pgcomm="init"
09-05 11:53:02.703   465   465 I recovery: type=1400 audit(0.0:320): avc: denied { open } for path="/sys/devices/virtual/block/zram0" dev="sysfs" ino=37464 scontext=u:r:recovery:s0 tcontext=u:object_r:sysfs_zram:s0 tclass=dir permissive=1 ppid=1 pcomm="init" pgid=1 pgcomm="init"
09-05 11:53:02.703   465   465 I recovery: type=1400 audit(0.0:321): avc: denied { search } for name="zram0" dev="sysfs" ino=37464 scontext=u:r:recovery:s0 tcontext=u:object_r:sysfs_zram:s0 tclass=dir permissive=1 ppid=1 pcomm="init" pgid=1 pgcomm="init"
09-05 11:53:02.706   465   465 I recovery: type=1400 audit(0.0:322): avc: denied { search } for name="rtc" dev="sysfs" ino=25409 scontext=u:r:recovery:s0 tcontext=u:object_r:sysfs_rtc:s0 tclass=dir permissive=1 ppid=1 pcomm="init" pgid=1 pgcomm="init"
09-05 11:53:02.710   465   465 I recovery: type=1400 audit(0.0:323): avc: denied { sys_time } for capability=25 scontext=u:r:recovery:s0 tcontext=u:r:recovery:s0 tclass=capability permissive=1 ppid=1 pcomm="init" pgid=1 pgcomm="init"
09-05 11:53:02.719     0     0 I F2FS-fs (mmcblk0p86): Magic Mismatch, valid(0xf2f52010) - read(0x14bf94fa)
09-05 11:53:02.719     0     0 E F2FS-fs (mmcblk0p86): Can't find valid F2FS filesystem in 1th superblock
09-05 11:53:02.719     0     0 I F2FS-fs (mmcblk0p86): Magic Mismatch, valid(0xf2f52010) - read(0x17d6cc1)
09-05 11:53:02.719     0     0 E F2FS-fs (mmcblk0p86): Can't find valid F2FS filesystem in 2th superblock
09-05 11:53:02.720     0     0 I F2FS-fs (mmcblk0p86): Magic Mismatch, valid(0xf2f52010) - read(0x14bf94fa)
09-05 11:53:02.720     0     0 E F2FS-fs (mmcblk0p86): Can't find valid F2FS filesystem in 1th superblock
09-05 11:53:02.720     0     0 I F2FS-fs (mmcblk0p86): Magic Mismatch, valid(0xf2f52010) - read(0x17d6cc1)
09-05 11:53:02.720     0     0 E F2FS-fs (mmcblk0p86): Can't find valid F2FS filesystem in 2th superblock
09-05 11:53:02.727     0     0 I F2FS-fs (mmcblk0p86): Magic Mismatch, valid(0xf2f52010) - read(0x14bf94fa)
09-05 11:53:02.727     0     0 E F2FS-fs (mmcblk0p86): Can't find valid F2FS filesystem in 1th superblock
09-05 11:53:02.727     0     0 I F2FS-fs (mmcblk0p86): Magic Mismatch, valid(0xf2f52010) - read(0x17d6cc1)
09-05 11:53:02.727     0     0 E F2FS-fs (mmcblk0p86): Can't find valid F2FS filesystem in 2th superblock
09-05 11:53:02.727     0     0 I F2FS-fs (mmcblk0p86): Magic Mismatch, valid(0xf2f52010) - read(0x14bf94fa)
09-05 11:53:02.727     0     0 E F2FS-fs (mmcblk0p86): Can't find valid F2FS filesystem in 1th superblock
09-05 11:53:02.727     0     0 I F2FS-fs (mmcblk0p86): Magic Mismatch, valid(0xf2f52010) - read(0x17d6cc1)
09-05 11:53:02.727     0     0 E F2FS-fs (mmcblk0p86): Can't find valid F2FS filesystem in 2th superblock
09-05 11:53:02.742     0     0 W FAT-fs (mmcblk1p1): Volume was not properly unmounted. Some data may be corrupt. Please run fsck.
09-05 11:53:02.196   465   465 I recovery: type=1400 audit(0.0:324): avc: denied { setattr } for name="recovery" dev="rootfs" ino=12334 scontext=u:r:recovery:s0 tcontext=u:object_r:rootfs:s0 tclass=dir permissive=1 ppid=1 pcomm="init" pgid=1 pgcomm="init"
09-05 11:53:02.921     0     0 I F2FS-fs (mmcblk0p86): Magic Mismatch, valid(0xf2f52010) - read(0x14bf94fa)
09-05 11:53:02.921     0     0 E F2FS-fs (mmcblk0p86): Can't find valid F2FS filesystem in 1th superblock
09-05 11:53:02.921     0     0 I F2FS-fs (mmcblk0p86): Magic Mismatch, valid(0xf2f52010) - read(0x17d6cc1)
09-05 11:53:02.921     0     0 E F2FS-fs (mmcblk0p86): Can't find valid F2FS filesystem in 2th superblock
09-05 11:53:02.921     0     0 I F2FS-fs (mmcblk0p86): Magic Mismatch, valid(0xf2f52010) - read(0x14bf94fa)
09-05 11:53:02.921     0     0 E F2FS-fs (mmcblk0p86): Can't find valid F2FS filesystem in 1th superblock
09-05 11:53:02.921     0     0 I F2FS-fs (mmcblk0p86): Magic Mismatch, valid(0xf2f52010) - read(0x17d6cc1)
09-05 11:53:02.921     0     0 E F2FS-fs (mmcblk0p86): Can't find valid F2FS filesystem in 2th superblock
09-05 11:53:02.929     0     0 I F2FS-fs (mmcblk0p86): Magic Mismatch, valid(0xf2f52010) - read(0x14bf94fa)
09-05 11:53:02.929     0     0 E F2FS-fs (mmcblk0p86): Can't find valid F2FS filesystem in 1th superblock
09-05 11:53:02.929     0     0 I F2FS-fs (mmcblk0p86): Magic Mismatch, valid(0xf2f52010) - read(0x17d6cc1)
09-05 11:53:02.929     0     0 E F2FS-fs (mmcblk0p86): Can't find valid F2FS filesystem in 2th superblock
09-05 11:53:02.929     0     0 I F2FS-fs (mmcblk0p86): Magic Mismatch, valid(0xf2f52010) - read(0x14bf94fa)
09-05 11:53:02.929     0     0 E F2FS-fs (mmcblk0p86): Can't find valid F2FS filesystem in 1th superblock
09-05 11:53:02.929     0     0 I F2FS-fs (mmcblk0p86): Magic Mismatch, valid(0xf2f52010) - read(0x17d6cc1)
09-05 11:53:02.929     0     0 E F2FS-fs (mmcblk0p86): Can't find valid F2FS filesystem in 2th superblock
09-05 11:53:02.937     0     0 I F2FS-fs (mmcblk0p86): Magic Mismatch, valid(0xf2f52010) - read(0x14bf94fa)
09-05 11:53:02.937     0     0 E F2FS-fs (mmcblk0p86): Can't find valid F2FS filesystem in 1th superblock
09-05 11:53:02.937     0     0 I F2FS-fs (mmcblk0p86): Magic Mismatch, valid(0xf2f52010) - read(0x17d6cc1)
09-05 11:53:02.937     0     0 E F2FS-fs (mmcblk0p86): Can't find valid F2FS filesystem in 2th superblock
09-05 11:53:02.937     0     0 I F2FS-fs (mmcblk0p86): Magic Mismatch, valid(0xf2f52010) - read(0x14bf94fa)
09-05 11:53:02.937     0     0 E F2FS-fs (mmcblk0p86): Can't find valid F2FS filesystem in 1th superblock
09-05 11:53:02.937     0     0 I F2FS-fs (mmcblk0p86): Magic Mismatch, valid(0xf2f52010) - read(0x17d6cc1)
09-05 11:53:02.937     0     0 E F2FS-fs (mmcblk0p86): Can't find valid F2FS filesystem in 2th superblock
09-05 11:53:02.230   465   465 I recovery: type=1400 audit(0.0:325): avc: denied { setattr } for name="log.gz" dev="rootfs" ino=12336 scontext=u:r:recovery:s0 tcontext=u:object_r:rootfs:s0 tclass=file permissive=1 ppid=1 pcomm="init" pgid=1 pgcomm="init"
09-05 11:53:02.230   465   465 I recovery: type=1400 audit(0.0:326): avc: denied { fsetid } for capability=4 scontext=u:r:recovery:s0 tcontext=u:r:recovery:s0 tclass=capability permissive=1 ppid=1 pcomm="init" pgid=1 pgcomm="init"
09-05 11:53:02.303   465   465 I recovery: type=1400 audit(0.0:327): avc: denied { create } for name="twadbfifo" scontext=u:r:recovery:s0 tcontext=u:object_r:tmpfs:s0 tclass=fifo_file permissive=1 ppid=1 pcomm="init" pgid=465 pgcomm="recovery"
09-05 11:53:02.303   465   465 I recovery: type=1400 audit(0.0:328): avc: denied { read } for name="twadbfifo" dev="tmpfs" ino=11051 scontext=u:r:recovery:s0 tcontext=u:object_r:tmpfs:s0 tclass=fifo_file permissive=1 ppid=1 pcomm="init" pgid=465 pgcomm="recovery"
09-05 11:53:02.303   465   465 I recovery: type=1400 audit(0.0:329): avc: denied { open } for path="/tmp/twadbfifo" dev="tmpfs" ino=11051 scontext=u:r:recovery:s0 tcontext=u:object_r:tmpfs:s0 tclass=fifo_file permissive=1 ppid=1 pcomm="init" pgid=465 pgcomm="recovery"
09-05 11:53:02.303   465   465 I recovery: type=1400 audit(0.0:330): avc: denied { create } for name="orsin" scontext=u:r:recovery:s0 tcontext=u:object_r:rootfs:s0 tclass=fifo_file permissive=1 ppid=1 pcomm="init" pgid=1 pgcomm="init"
09-05 11:53:02.303   465   465 I recovery: type=1400 audit(0.0:331): avc: denied { read } for name="orsin" dev="rootfs" ino=12337 scontext=u:r:recovery:s0 tcontext=u:object_r:rootfs:s0 tclass=fifo_file permissive=1 ppid=1 pcomm="init" pgid=1 pgcomm="init"
09-05 11:53:02.303   465   465 I recovery: type=1400 audit(0.0:332): avc: denied { open } for path="/system/bin/orsin" dev="rootfs" ino=12337 scontext=u:r:recovery:s0 tcontext=u:object_r:rootfs:s0 tclass=fifo_file permissive=1 ppid=1 pcomm="init" pgid=1 pgcomm="init"
09-05 11:53:02.303   465   465 I recovery: type=1400 audit(0.0:333): avc: denied { read } for scontext=u:r:recovery:s0 tcontext=u:r:recovery:s0 tclass=netlink_kobject_uevent_socket permissive=1 ppid=1 pcomm="init" pgid=1 pgcomm="init"
09-05 11:53:03.028     0     0 I F2FS-fs (mmcblk0p86): Magic Mismatch, valid(0xf2f52010) - read(0x14bf94fa)
09-05 11:53:03.028     0     0 E F2FS-fs (mmcblk0p86): Can't find valid F2FS filesystem in 1th superblock
09-05 11:53:03.028     0     0 I F2FS-fs (mmcblk0p86): Magic Mismatch, valid(0xf2f52010) - read(0x17d6cc1)
09-05 11:53:03.028     0     0 E F2FS-fs (mmcblk0p86): Can't find valid F2FS filesystem in 2th superblock
09-05 11:53:03.028     0     0 I F2FS-fs (mmcblk0p86): Magic Mismatch, valid(0xf2f52010) - read(0x14bf94fa)
09-05 11:53:03.028     0     0 E F2FS-fs (mmcblk0p86): Can't find valid F2FS filesystem in 1th superblock
09-05 11:53:03.029     0     0 I F2FS-fs (mmcblk0p86): Magic Mismatch, valid(0xf2f52010) - read(0x17d6cc1)
09-05 11:53:03.029     0     0 E F2FS-fs (mmcblk0p86): Can't find valid F2FS filesystem in 2th superblock
09-05 11:53:02.316   465   465 I recovery: type=1400 audit(0.0:334): avc: denied { module_request } for kmod="fs-auto" scontext=u:r:recovery:s0 tcontext=u:r:kernel:s0 tclass=system permissive=1 ppid=1 pcomm="init" pgid=1 pgcomm="init"
09-05 11:53:03.046     0     0 I EXT4-fs (mmcblk0p64): mounted filesystem with ordered data mode. Opts:
09-05 11:53:03.046     0     0 I SELinux : Context u:object_r:idd_rca_dir:s0 is not valid (left unmapped).
09-05 11:53:03.090     0     0 I EXT4-fs (mmcblk0p2): mounted filesystem with ordered data mode. Opts:
09-05 11:53:03.119     0     0 I EXT4-fs (mmcblk0p84): mounted filesystem with ordered data mode. Opts:
09-05 11:53:03.148     0     0 I EXT4-fs (mmcblk0p51): mounted filesystem with ordered data mode. Opts:
09-05 11:53:03.148     0     0 I SELinux : Context u:object_r:adsprpcd_file:s0 is not valid (left unmapped).
09-05 11:53:03.209     0     0 I EXT4-fs (mmcblk0p65): mounted filesystem with ordered data mode. Opts:
09-05 11:53:03.210     0     0 I SELinux : Context u:object_r:idd_root_dir:s0 is not valid (left unmapped).
09-05 11:53:03.241     0     0 I EXT4-fs (mmcblk0p3): mounted filesystem with ordered data mode. Opts:
09-05 11:53:03.241     0     0 I SELinux : Context u:object_r:lta_label:s0 is not valid (left unmapped).
09-05 11:53:03.253     0     0 I EXT4-fs (mmcblk0p83): mounted filesystem without journal. Opts:
09-05 11:53:02.643   465   465 I recovery: type=1400 audit(0.0:335): avc: denied { ioctl } for path="/dev/block/mmcblk0rpmb" dev="tmpfs" ino=1667 ioctlcmd=0x5331 scontext=u:r:recovery:s0 tcontext=u:object_r:block_device:s0 tclass=blk_file permissive=1 ppid=1 pcomm="init" pgid=1 pgcomm="init"
09-05 11:53:03.413     0     0 I EXT4-fs (mmcblk0p50): mounted filesystem with ordered data mode. Opts:
09-05 11:53:02.745   465   465 I ArmToArm64Assembler: generated scanline__00000077:03545401_00000000_00000000 [ 65 ipp] (94 ins) at [0x6edb4e1b40:0x6edb4e1cb8] in 75521ns
09-05 11:53:04.062     0     0 I init    : starting service 'adbd'...
09-05 11:53:04.062     0     0 I init    : Created socket '/dev/socket/adbd', mode 660, user 1000, group 1000
09-05 11:53:03.386   733   733 I adbd    : persist.adb.watchdog set to ''
09-05 11:53:03.387   733   733 I adbd    : persist.sys.test_harness set to ''
09-05 11:53:03.387   733   733 I adbd    : adb watchdog timeout set to 600 seconds
09-05 11:53:03.387   733   735 I adbd    : Waiting for persist.adb.tls_server.enable=1
09-05 11:53:03.387   733   733 I adbd    : adbd started
09-05 11:53:03.387   733   737 I adbd    : opening control endpoint /dev/usb-ffs/adb/ep0
09-05 11:53:03.388   733   737 I adbd    : UsbFfsConnection constructed
09-05 11:53:04.098     0     0 I         : read descriptors
09-05 11:53:04.098     0     0 I         : read strings
09-05 11:53:04.099     0     0 I init    : processing action (sys.usb.config=adb && sys.usb.configfs=1 && sys.usb.ffs.ready=1) from (/system/etc/init/hw/init.rc:201)
09-05 11:53:04.103     0     0 I android_work: did not send uevent (0 0 0000000000000000)
09-05 11:53:03.393   733   738 I adbd    : UsbFfs-monitor thread spawned
09-05 11:53:03.394   733   738 I adbd    : USB event: FUNCTIONFS_BIND
09-05 11:53:04.104     0     0 I init    : processing action (sys.usb.config=adb && sys.usb.configfs=1 && sys.usb.ffs.ready=1) from (/init.recovery.usb.rc:116)
09-05 11:53:04.105     0     0 I init    : Command 'symlink /config/usb_gadget/g1/functions/ffs.adb /config/usb_gadget/g1/configs/b.1/f1' action=sys.usb.config=adb && sys.usb.configfs=1 && sys.usb.ffs.ready=1 (/init.recovery.usb.rc:120) took 0ms and failed: symlink() failed: File exists
09-05 11:53:04.105     0     0 I init    : Command 'write /config/usb_gadget/g1/UDC ${sys.usb.controller}' action=sys.usb.config=adb && sys.usb.configfs=1 && sys.usb.ffs.ready=1 (/init.recovery.usb.rc:121) took 0ms and failed: Unable to write to file '/config/usb_gadget/g1/UDC': Unable to write file contents: Device or resource busy
09-05 11:53:04.239     0     0 I msm-dwc3 4e00000.ssusb: Avail curr from USB = 100
09-05 11:53:04.239     0     0 I pmi632_charger: smblib_set_icl_current: set ICL to 50000uA
09-05 11:53:04.240     0     0 I pmi632_charger: somc_aicl_irq_handler: IRQ: aicl-done
09-05 11:53:04.364     0     0 I android_work: sent uevent USB_STATE=CONNECTED
09-05 11:53:04.370     0     0 I android_work: sent uevent USB_STATE=DISCONNECTED
09-05 11:53:03.683   465   465 I recovery: type=1400 audit(0.0:336): avc: denied { read } for scontext=u:r:recovery:s0 tcontext=u:r:recovery:s0 tclass=netlink_kobject_uevent_socket permissive=1 ppid=1 pcomm="init" pgid=1 pgcomm="init"
09-05 11:53:04.558     0     0 I pmi632_charger: chg_state_change_irq_handler: IRQ: chg-state-change
09-05 11:53:04.567     0     0 I ALG     : cap_learning_update: [SOMC CL][OFF] charge_status:1 bsoc_cp:10000
09-05 11:53:04.573     0     0 I android_work: sent uevent USB_STATE=CONNECTED
09-05 11:53:03.900   733   738 I adbd    : USB event: FUNCTIONFS_ENABLE
09-05 11:53:03.900   733   740 I adbd    : UsbFfs-worker thread spawned
09-05 11:53:04.611     0     0 I configfs-gadget gadget: high-speed config #1: b
09-05 11:53:04.611     0     0 I msm-dwc3 4e00000.ssusb: Avail curr from USB = 500
09-05 11:53:04.611     0     0 I pmi632_charger: smblib_set_icl_current: set ICL to 500000uA
09-05 11:53:04.611     0     0 I android_work: sent uevent USB_STATE=CONFIGURED
09-05 11:53:04.791     0     0 I QG-K    : qg_somc_jeita_step_charge_work: [Charging] BSOC:10000 MSOC:100 RTEMP:301 IBATT:211mA VBATT:4321mV VCELL:4321mV Target FCC:1000mA FV:4340mV
09-05 11:53:04.886     0     0 I pmi632_charger: somc_aicl_irq_handler: IRQ: aicl-done
09-05 11:53:04.886     0     0 I pmi632_charger: smblib_icl_change_work: icl_settled=500000
09-05 11:53:04.964     0     0 I F2FS-fs (mmcblk0p86): Magic Mismatch, valid(0xf2f52010) - read(0x14bf94fa)
09-05 11:53:04.964     0     0 E F2FS-fs (mmcblk0p86): Can't find valid F2FS filesystem in 1th superblock
09-05 11:53:04.964     0     0 I F2FS-fs (mmcblk0p86): Magic Mismatch, valid(0xf2f52010) - read(0x17d6cc1)
09-05 11:53:04.964     0     0 E F2FS-fs (mmcblk0p86): Can't find valid F2FS filesystem in 2th superblock
09-05 11:53:04.965     0     0 I F2FS-fs (mmcblk0p86): Magic Mismatch, valid(0xf2f52010) - read(0x14bf94fa)
09-05 11:53:04.965     0     0 E F2FS-fs (mmcblk0p86): Can't find valid F2FS filesystem in 1th superblock
09-05 11:53:04.965     0     0 I F2FS-fs (mmcblk0p86): Magic Mismatch, valid(0xf2f52010) - read(0x17d6cc1)
09-05 11:53:04.965     0     0 E F2FS-fs (mmcblk0p86): Can't find valid F2FS filesystem in 2th superblock
09-05 11:53:04.406   733   733 I adbd    : UsbFfs: already offline
09-05 11:53:04.406   733   733 I adbd    : authentication not required
09-05 11:53:05.128     0     0 I pmi632_charger: chg_state_change_irq_handler: IRQ: chg-state-change
09-05 11:53:05.143     0     0 I ALG     : cap_learning_update: [SOMC CL][OFF] charge_status:1 bsoc_cp:10000
09-05 11:53:05.740     0     0 I F2FS-fs (mmcblk0p86): Magic Mismatch, valid(0xf2f52010) - read(0x14bf94fa)
09-05 11:53:05.740     0     0 E F2FS-fs (mmcblk0p86): Can't find valid F2FS filesystem in 1th superblock
09-05 11:53:05.741     0     0 I F2FS-fs (mmcblk0p86): Magic Mismatch, valid(0xf2f52010) - read(0x17d6cc1)
09-05 11:53:05.741     0     0 E F2FS-fs (mmcblk0p86): Can't find valid F2FS filesystem in 2th superblock
09-05 11:53:05.741     0     0 I F2FS-fs (mmcblk0p86): Magic Mismatch, valid(0xf2f52010) - read(0x14bf94fa)
09-05 11:53:05.741     0     0 E F2FS-fs (mmcblk0p86): Can't find valid F2FS filesystem in 1th superblock
09-05 11:53:05.741     0     0 I F2FS-fs (mmcblk0p86): Magic Mismatch, valid(0xf2f52010) - read(0x17d6cc1)
09-05 11:53:05.741     0     0 E F2FS-fs (mmcblk0p86): Can't find valid F2FS filesystem in 2th superblock
09-05 11:53:07.353     0     0 I ALG     : cap_learning_update: [SOMC CL][OFF] charge_status:1 bsoc_cp:10000
09-05 11:53:07.597     0     0 I F2FS-fs (mmcblk0p86): Magic Mismatch, valid(0xf2f52010) - read(0x14bf94fa)
09-05 11:53:07.597     0     0 E F2FS-fs (mmcblk0p86): Can't find valid F2FS filesystem in 1th superblock
09-05 11:53:07.597     0     0 I F2FS-fs (mmcblk0p86): Magic Mismatch, valid(0xf2f52010) - read(0x17d6cc1)
09-05 11:53:07.597     0     0 E F2FS-fs (mmcblk0p86): Can't find valid F2FS filesystem in 2th superblock
09-05 11:53:07.597     0     0 I F2FS-fs (mmcblk0p86): Magic Mismatch, valid(0xf2f52010) - read(0x14bf94fa)
09-05 11:53:07.597     0     0 E F2FS-fs (mmcblk0p86): Can't find valid F2FS filesystem in 1th superblock
09-05 11:53:07.597     0     0 I F2FS-fs (mmcblk0p86): Magic Mismatch, valid(0xf2f52010) - read(0x17d6cc1)
09-05 11:53:07.597     0     0 E F2FS-fs (mmcblk0p86): Can't find valid F2FS filesystem in 2th superblock
09-05 11:53:07.646     0     0 I F2FS-fs (mmcblk0p86): Magic Mismatch, valid(0xf2f52010) - read(0x14bf94fa)
09-05 11:53:07.646     0     0 E F2FS-fs (mmcblk0p86): Can't find valid F2FS filesystem in 1th superblock
09-05 11:53:07.647     0     0 I F2FS-fs (mmcblk0p86): Magic Mismatch, valid(0xf2f52010) - read(0x17d6cc1)
09-05 11:53:07.647     0     0 E F2FS-fs (mmcblk0p86): Can't find valid F2FS filesystem in 2th superblock
09-05 11:53:07.647     0     0 I F2FS-fs (mmcblk0p86): Magic Mismatch, valid(0xf2f52010) - read(0x14bf94fa)
09-05 11:53:07.647     0     0 E F2FS-fs (mmcblk0p86): Can't find valid F2FS filesystem in 1th superblock
09-05 11:53:07.647     0     0 I F2FS-fs (mmcblk0p86): Magic Mismatch, valid(0xf2f52010) - read(0x17d6cc1)
09-05 11:53:07.647     0     0 E F2FS-fs (mmcblk0p86): Can't find valid F2FS filesystem in 2th superblock
09-05 11:53:08.013     0     0 I EXT4-fs (mmcblk0p84): mounted filesystem with ordered data mode. Opts:
09-05 11:53:11.056   459   554 I keystore2: keystore2::watchdog: Watchdog thread idle -> terminating. Have a great day.
09-05 11:53:17.215     0     0 I pmi632_charger: somc_aicl_irq_handler: IRQ: aicl-done
09-05 11:53:17.218     0     0 I ALG     : cap_learning_update: [SOMC CL][OFF] charge_status:1 bsoc_cp:10000
09-05 11:53:19.298     0     0 E i2c_geni 4a88000.i2c: i2c error :-107
09-05 11:53:29.325     0     0 E i2c_geni 4a88000.i2c: i2c error :-107
09-05 11:53:30.258     0     0 I pmi632_charger: somc_aicl_irq_handler: IRQ: aicl-done
09-05 11:53:30.271     0     0 I ALG     : cap_learning_update: [SOMC CL][OFF] charge_status:1 bsoc_cp:10000
09-05 11:53:39.351     0     0 E i2c_geni 4a88000.i2c: i2c error :-107
09-05 11:53:43.303     0     0 I pmi632_charger: somc_aicl_irq_handler: IRQ: aicl-done
09-05 11:53:43.319     0     0 I ALG     : cap_learning_update: [SOMC CL][OFF] charge_status:1 bsoc_cp:10000
09-05 11:53:43.759     0     0 I F2FS-fs (mmcblk0p86): Magic Mismatch, valid(0xf2f52010) - read(0x14bf94fa)
09-05 11:53:43.759     0     0 E F2FS-fs (mmcblk0p86): Can't find valid F2FS filesystem in 1th superblock
09-05 11:53:43.759     0     0 I F2FS-fs (mmcblk0p86): Magic Mismatch, valid(0xf2f52010) - read(0x17d6cc1)
09-05 11:53:43.759     0     0 E F2FS-fs (mmcblk0p86): Can't find valid F2FS filesystem in 2th superblock
09-05 11:53:43.761     0     0 I EXT4-fs (mmcblk0p2): mounted filesystem with ordered data mode. Opts: (null)
09-05 11:53:43.764     0     0 I EXT4-fs (mmcblk0p84): mounted filesystem with ordered data mode. Opts: (null)
09-05 11:53:49.378     0     0 E i2c_geni 4a88000.i2c: i2c error :-107
09-05 11:53:50.386     0     0 I pmi632_charger: chg_state_change_irq_handler: IRQ: chg-state-change
09-05 11:53:51.724     0     0 I QG-K    : qg_somc_jeita_step_charge_work: [FULL] BSOC:10000 MSOC:100 RTEMP:303 IBATT:-113mA VBATT:4349mV VCELL:4347mV Target FCC:3000mA FV:4340mV
09-05 11:53:51.725     0     0 I QG-K    : qg_somc_jeita_step_charge_work: exit step_work input_present:1 status:4
09-05 11:53:56.348     0     0 I pmi632_charger: somc_aicl_irq_handler: IRQ: aicl-done
09-05 11:53:56.358     0     0 I QG-K    : qg_somc_jeita_step_charge_work: exit step_work input_present:1 status:4
09-05 11:53:59.405     0     0 E i2c_geni 4a88000.i2c: i2c error :-107
09-05 11:54:09.394     0     0 I pmi632_charger: somc_aicl_irq_handler: IRQ: aicl-done
09-05 11:54:09.399     0     0 I QG-K    : qg_somc_jeita_step_charge_work: exit step_work input_present:1 status:4
09-05 11:54:21.133   465   465 I recovery: type=1400 audit(0.0:337): avc: denied { getattr } for path="/linkerconfig" dev="tmpfs" ino=1612 scontext=u:r:recovery:s0 tcontext=u:object_r:linkerconfig_file:s0 tclass=dir permissive=1 ppid=1 pcomm="init" pgid=1 pgcomm="init"
09-05 11:54:21.133   465   465 I recovery: type=1400 audit(0.0:338): avc: denied { getattr } for path="/system/bin/init" dev="rootfs" ino=1275 scontext=u:r:recovery:s0 tcontext=u:object_r:init_exec:s0 tclass=file permissive=1 ppid=1 pcomm="init" pgid=1 pgcomm="init"
09-05 11:54:22.439     0     0 I pmi632_charger: somc_aicl_irq_handler: IRQ: aicl-done
09-05 11:54:22.445     0     0 I QG-K    : qg_somc_jeita_step_charge_work: exit step_work input_present:1 status:4
09-05 11:54:35.484     0     0 I pmi632_charger: somc_aicl_irq_handler: IRQ: aicl-done
09-05 11:54:35.493     0     0 I QG-K    : qg_somc_jeita_step_charge_work: exit step_work input_present:1 status:4
09-05 11:54:39.511     0     0 E i2c_geni 4a88000.i2c: i2c error :-107
09-05 11:54:48.528     0     0 I pmi632_charger: somc_aicl_irq_handler: IRQ: aicl-done
09-05 11:54:48.534     0     0 I QG-K    : qg_somc_jeita_step_charge_work: exit step_work input_present:1 status:4
09-05 11:54:49.538     0     0 E i2c_geni 4a88000.i2c: i2c error :-107
09-05 11:54:59.565     0     0 E i2c_geni 4a88000.i2c: i2c error :-107
09-05 11:55:01.573     0     0 I pmi632_charger: somc_aicl_irq_handler: IRQ: aicl-done
09-05 11:55:01.578     0     0 I QG-K    : qg_somc_jeita_step_charge_work: exit step_work input_present:1 status:4
09-05 11:55:02.877     0     0 I pmi632_charger: usb_source_change_irq_handler: APSD_STATUS = 0x11
09-05 11:55:02.877     0     0 I pmi632_charger: smblib_handle_apsd_done: IRQ: apsd-done rising; SDP detected
09-05 11:55:02.877     0     0 I pmi632_charger: smblib_handle_hvdcp_detect_done: IRQ: hvdcp-detect-done falling
09-05 11:55:02.877     0     0 I pmi632_charger: smblib_handle_hvdcp_check_timeout: IRQ: smblib_handle_hvdcp_check_timeout falling
09-05 11:55:02.877     0     0 I pmi632_charger: smblib_handle_sdp_enumeration_done: IRQ: sdp-enumeration-done rising
09-05 11:55:02.877     0     0 I pmi632_charger: smblib_handle_slow_plugin_timeout: IRQ: slow-plugin-timeout falling
09-05 11:55:02.877     0     0 I pmi632_charger: usb_source_change_irq_handler: APSD_STATUS = 0x11
09-05 11:55:02.905     0     0 I QG-K    : qg_somc_jeita_step_charge_work: exit step_work input_present:1 status:4
09-05 11:55:09.591     0     0 E i2c_geni 4a88000.i2c: i2c error :-107
09-05 11:55:14.617     0     0 I pmi632_charger: somc_aicl_irq_handler: IRQ: aicl-done
09-05 11:55:14.623     0     0 I QG-K    : qg_somc_jeita_step_charge_work: exit step_work input_present:1 status:4
09-05 11:55:19.618     0     0 E i2c_geni 4a88000.i2c: i2c error :-107
09-05 11:55:27.661     0     0 I pmi632_charger: somc_aicl_irq_handler: IRQ: aicl-done
09-05 11:55:27.673     0     0 I QG-K    : qg_somc_jeita_step_charge_work: exit step_work input_present:1 status:4
09-05 11:55:40.705     0     0 I pmi632_charger: somc_aicl_irq_handler: IRQ: aicl-done
09-05 11:55:40.710     0     0 I QG-K    : qg_somc_jeita_step_charge_work: exit step_work input_present:1 status:4
09-05 11:55:49.698     0     0 E i2c_geni 4a88000.i2c: i2c error :-107
09-05 11:55:53.750     0     0 I pmi632_charger: somc_aicl_irq_handler: IRQ: aicl-done
09-05 11:55:53.756     0     0 I QG-K    : qg_somc_jeita_step_charge_work: exit step_work input_present:1 status:4
09-05 11:55:59.724     0     0 E i2c_geni 4a88000.i2c: i2c error :-107
09-05 11:56:06.796     0     0 I pmi632_charger: somc_aicl_irq_handler: IRQ: aicl-done
09-05 11:56:06.802     0     0 I QG-K    : qg_somc_jeita_step_charge_work: exit step_work input_present:1 status:4
09-05 11:56:09.751     0     0 E i2c_geni 4a88000.i2c: i2c error :-107
09-05 11:56:19.778     0     0 E i2c_geni 4a88000.i2c: i2c error :-107
09-05 11:56:19.842     0     0 I pmi632_charger: somc_aicl_irq_handler: IRQ: aicl-done
09-05 11:56:19.848     0     0 I QG-K    : qg_somc_jeita_step_charge_work: exit step_work input_present:1 status:4
09-05 11:56:29.804     0     0 E i2c_geni 4a88000.i2c: i2c error :-107
09-05 11:56:32.888     0     0 I pmi632_charger: somc_aicl_irq_handler: IRQ: aicl-done
09-05 11:56:32.894     0     0 I QG-K    : qg_somc_jeita_step_charge_work: exit step_work input_present:1 status:4
09-05 11:56:39.831     0     0 E i2c_geni 4a88000.i2c: i2c error :-107
09-05 11:56:45.934     0     0 I pmi632_charger: somc_aicl_irq_handler: IRQ: aicl-done
09-05 11:56:45.938     0     0 I QG-K    : qg_somc_jeita_step_charge_work: exit step_work input_present:1 status:4
09-05 11:56:47.492     0     0 I sec_ts 1-0048: [sec_input] Before: Powerdown
09-05 11:56:47.492     0     0 I sec_ts 1-0048: [sec_input] start@230.435811807
09-05 11:56:47.492     0     0 I sec_ts 1-0048: [sec_input] sec_ts_suspend: start
09-05 11:56:47.493     0     0 I sec_ts 1-0048: [sec_input] sec_ts_stop_device: start
09-05 11:56:47.493     0     0 I sec_ts 1-0048: [sec_input] Change irq was disable
09-05 11:56:47.493     0     0 I sec_ts 1-0048: [sec_input] sec_ts_stop_device: end
09-05 11:56:47.493     0     0 I sec_ts 1-0048: [sec_input] sec_ts_suspend: end
09-05 11:56:47.493     0     0 I sec_ts 1-0048: [sec_input] end@230.435861651
09-05 11:56:47.758     0     0 I         : @@@@ panel power off @@@@
09-05 11:56:47.758     0     0 I sec_ts 1-0048: [sec_input] After: Powerdown
09-05 11:56:58.981     0     0 I pmi632_charger: somc_aicl_irq_handler: IRQ: aicl-done
09-05 11:56:58.986     0     0 I QG-K    : qg_somc_jeita_step_charge_work: exit step_work input_present:1 status:4
09-05 11:57:12.030     0     0 I pmi632_charger: somc_aicl_irq_handler: IRQ: aicl-done
09-05 11:57:12.037     0     0 I QG-K    : qg_somc_jeita_step_charge_work: exit step_work input_present:1 status:4
09-05 11:57:25.078     0     0 I pmi632_charger: somc_aicl_irq_handler: IRQ: aicl-done
09-05 11:57:25.082     0     0 I QG-K    : qg_somc_jeita_step_charge_work: exit step_work input_present:1 status:4
09-05 11:57:38.126     0     0 I pmi632_charger: somc_aicl_irq_handler: IRQ: aicl-done
09-05 11:57:38.133     0     0 I QG-K    : qg_somc_jeita_step_charge_work: exit step_work input_present:1 status:4
09-05 11:57:51.174     0     0 I pmi632_charger: somc_aicl_irq_handler: IRQ: aicl-done
09-05 11:57:51.178     0     0 I QG-K    : qg_somc_jeita_step_charge_work: exit step_work input_present:1 status:4
09-05 11:58:02.155     0     0 I logd    : logdr: UID=0 GID=0 PID=761 b tail=0 logMask=99 pid=0 start=0ns deadline=0ns
09-05 11:58:04.222     0     0 I pmi632_charger: somc_aicl_irq_handler: IRQ: aicl-done
09-05 11:58:04.229     0     0 I QG-K    : qg_somc_jeita_step_charge_work: exit step_work input_present:1 status:4
