01-01 14:35:35.089     0     0 I libphy  : Fixed MDIO Bus: probed
01-01 14:35:35.089     0     0 I tun     : Universal TUN/TAP device driver, 1.6
01-01 14:35:35.089     0     0 I         : PPP generic driver version 2.4.2
01-01 14:35:35.089     0     0 I         : PPP BSD Compression module registered
01-01 14:35:35.089     0     0 I         : PPP Deflate Compression module registered
01-01 14:35:35.090     0     0 I         : PPP MPPE Compression module registered
01-01 14:35:35.090     0     0 I NET     : Registered protocol family 24
01-01 14:35:35.090     0     0 I         : PPTP driver version 0.8.5
01-01 14:35:35.090     0     0 E wcnss_pre_alloc_init: Failed to create debugfs dir
01-01 14:35:35.090     0     0 E cnss_utils: Unable to create debugfs -19
01-01 14:35:35.090     0     0 I CLD80211: Initializing
01-01 14:35:35.090     0     0 I usbcore : registered new interface driver rtl8150
01-01 14:35:35.090     0     0 I usbcore : registered new interface driver r8152
01-01 14:35:35.090     0     0 I usbcore : registered new interface driver asix
01-01 14:35:35.090     0     0 I usbcore : registered new interface driver ax88179_178a
01-01 14:35:35.090     0     0 I usbcore : registered new interface driver cdc_ether
01-01 14:35:35.090     0     0 I usbcore : registered new interface driver smsc75xx
01-01 14:35:35.090     0     0 I usbcore : registered new interface driver net1080
01-01 14:35:35.090     0     0 I usbcore : registered new interface driver cdc_subset
01-01 14:35:35.090     0     0 I usbcore : registered new interface driver zaurus
01-01 14:35:35.090     0     0 E usbnet_init: Error getting ipc_log_ctxt
01-01 14:35:35.090     0     0 E usbnet_init: Error getting ipc_log_ctxt
01-01 14:35:35.090     0     0 E usbnet_init: Error getting ipc_log_ctxt
01-01 14:35:35.090     0     0 I usbcore : registered new interface driver cdc_ncm
01-01 14:35:35.096     0     0 I msm_sharedmem: msm_sharedmem_probe: Device created for client 'rmtfs'
01-01 14:35:35.097     0     0 W msm-qusb-phy 1613000.qusb: 1613000.qusb supply USB3_GDSC not found, using dummy regulator
01-01 14:35:35.098     0     0 I iommu   : Adding device 4e00000.ssusb to group 14
01-01 14:35:35.099     0     0 I dwc3 4e00000.dwc3: changing max_speed on rev 00000000
01-01 14:35:35.099     0     0 E dwc3 4e00000.dwc3: Error getting ipc_log_ctxt
01-01 14:35:35.099     0     0 E dwc3 4e00000.dwc3: Error getting ipc_log_ctxt for ep_events
01-01 14:35:35.100     0     0 E         : Invalid index Defaulting curr to 0
01-01 14:35:35.102     0     0 I ehci_hcd: USB 2.0 'Enhanced' Host Controller (EHCI) Driver
01-01 14:35:35.102     0     0 I ehci-pci: EHCI PCI platform driver
01-01 14:35:35.102     0     0 I ehci-platform: EHCI generic platform driver
01-01 14:35:35.102     0     0 I ohci_hcd: USB 1.1 'Open' Host Controller (OHCI) Driver
01-01 14:35:35.102     0     0 I ohci-pci: OHCI PCI platform driver
01-01 14:35:35.102     0     0 I ohci-platform: OHCI generic platform driver
01-01 14:35:35.103     0     0 I usbcore : registered new interface driver usb-storage
01-01 14:35:35.103     0     0 I usbcore : registered new interface driver usb_ehset_test
01-01 14:35:35.103     0     0 I usbcore : registered new interface driver lvs
01-01 14:35:35.103     0     0 E wdet_probe: Could not get USB power_supply, deferring probe
01-01 14:35:35.103     0     0 E fgsi_init: Err allocating ipc_log_ctxt
01-01 14:35:35.103     0     0 I usbcore : registered new interface driver xpad
01-01 14:35:35.104     0     0 I qcom,qpnp-rtc 1c40000.qcom,spmi: qcom,pm6125@0:qcom,pm6125_rtc: rtc core: registered qpnp_rtc as rtc0
01-01 14:35:35.104     0     0 I         : i2c /dev entries driver
01-01 14:35:35.104     0     0 I         : IR NEC protocol handler initialized
01-01 14:35:35.104     0     0 I         : IR RC5(x/sz) protocol handler initialized
01-01 14:35:35.104     0     0 I         : IR RC6 protocol handler initialized
01-01 14:35:35.104     0     0 I         : IR JVC protocol handler initialized
01-01 14:35:35.104     0     0 I         : IR Sony protocol handler initialized
01-01 14:35:35.104     0     0 I         : IR SANYO protocol handler initialized
01-01 14:35:35.104     0     0 I         : IR Sharp protocol handler initialized
01-01 14:35:35.104     0     0 I         : IR MCE Keyboard/mouse protocol handler initialized
01-01 14:35:35.104     0     0 I         : IR XMP protocol handler initialized
01-01 14:35:35.105     0     0 I i2c_geni 4a84000.i2c: Bus frequency is set to 400000Hz.
01-01 14:35:35.106     0     0 I i2c_geni 4a88000.i2c: Bus frequency is set to 400000Hz.
01-01 14:35:35.106     0     0 I sde_mdp_parse_dt_prop_len: <SDEROT_INFO> prop qcom,mdss-rot-vbif-memtype : doesn't exist in device tree
01-01 14:35:35.106     0     0 I sde_mdp_parse_dt_prop_len: <SDEROT_INFO> prop qcom,mdss-inline-rot-qos-lut : doesn't exist in device tree
01-01 14:35:35.106     0     0 I sde_mdp_parse_dt_prop_len: <SDEROT_INFO> prop qcom,mdss-inline-rot-danger-lut : doesn't exist in device tree
01-01 14:35:35.106     0     0 I sde_mdp_parse_dt_prop_len: <SDEROT_INFO> prop qcom,mdss-inline-rot-safe-lut : doesn't exist in device tree
01-01 14:35:35.106     0     0 E register_client_adhoc: Failed to find path.src 1 dest 590
01-01 14:35:35.106     0     0 W sde_mdp_bus_scale_register: <SDEROT_WARN> reg_bus_client register failed
01-01 14:35:35.107     0     0 E         : No change in context(0==0), skip
01-01 14:35:35.108     0     0 I sde_rotator 5e00000.qcom,mdss_rotator: <SDEROT_INFO> SDE v4l2 rotator probe success
01-01 14:35:35.109     0     0 I i2c_geni 4a8c000.i2c: Bus frequency is set to 1000000Hz.
01-01 14:35:35.110     0     0 I iommu   : Adding device 5e00000.qcom,mdss_rotator:qcom,smmu_rot_unsec_cb to group 15
01-01 14:35:35.110     0     0 I sde_smmu_probe: <SDEROT_INFO> iommu v2 domain[0] mapping and clk register successful!
01-01 14:35:35.110     0     0 I iommu   : Adding device 5e00000.qcom,mdss_rotator:qcom,smmu_rot_sec_cb to group 16
01-01 14:35:35.110     0     0 I sde_smmu_probe: <SDEROT_INFO> iommu v2 domain[1] mapping and clk register successful!
01-01 14:35:35.110     0     0 I msm_vidc: err: Failed to create debugfs for msm_vidc
01-01 14:35:35.111     0     0 I msm_vidc: err: Failed to create debugfs for msm_vidc
01-01 14:35:35.111     0     0 I iommu   : Adding device 5a00000.qcom,vidc:non_secure_cb to group 17
01-01 14:35:35.112     0     0 I iommu   : Adding device 5a00000.qcom,vidc:secure_bitstream_cb to group 18
01-01 14:35:35.113     0     0 I iommu   : Adding device 5a00000.qcom,vidc:secure_pixel_cb to group 19
01-01 14:35:35.114     0     0 I iommu   : Adding device 5a00000.qcom,vidc:secure_non_pixel_cb to group 20
01-01 14:35:35.116     0     0 I iommu   : Adding device soc:qcom,cam_smmu:msm_cam_smmu_cb1 to group 21
01-01 14:35:35.116     0     0 E CAM-SMMU cam_smmu_populate_sids: 2115 __debug cnt = 6, cb->name: :vfe sid [0] = 1056
01-01 14:35:35.116     0     0 E         : ,
01-01 14:35:35.116     0     0 E CAM-SMMU cam_smmu_populate_sids: 2115 __debug cnt = 6, cb->name: :vfe sid [1] = 1057
01-01 14:35:35.116     0     0 E         : ,
01-01 14:35:35.117     0     0 I iommu   : Adding device soc:qcom,cam_smmu:msm_cam_smmu_cb2 to group 22
01-01 14:35:35.117     0     0 E CAM-SMMU cam_smmu_populate_sids: 2115 __debug cnt = 3, cb->name: :cpp sid [0] = 2048
01-01 14:35:35.117     0     0 E         : ,
01-01 14:35:35.117     0     0 I iommu   : Adding device soc:qcom,cam_smmu:msm_cam_smmu_cb4 to group 23
01-01 14:35:35.117     0     0 E CAM-SMMU cam_smmu_populate_sids: 2115 __debug cnt = 3, cb->name: :jpeg_enc0 sid [0] = 2080
01-01 14:35:35.117     0     0 E         : ,
01-01 14:35:35.118     0     0 I iommu   : Adding device soc:qcom,cam_smmu:msm_cam_smmu_cb5 to group 24
01-01 14:35:35.118     0     0 E CAM-SMMU cam_smmu_populate_sids: 2115 __debug cnt = 3, cb->name: :jpeg_dma sid [0] = 2081
01-01 14:35:35.118     0     0 E         : ,
01-01 14:35:35.123     0     0 E msm_actuator_platform_probe: 1993 msm_actuator_platform_probe: No/Error Actuator GPIOs
01-01 14:35:35.123     0     0 E msm_actuator_platform_probe: 1993 msm_actuator_platform_probe: No/Error Actuator GPIOs
01-01 14:35:35.123     0     0 E         : msm_eeprom_platform_probe failed 1787
01-01 14:35:35.123     0     0 E         : msm_eeprom_platform_probe failed 1787
01-01 14:35:35.123     0     0 E         : msm_eeprom_platform_probe failed 1787
01-01 14:35:35.123     0     0 E         : msm_eeprom_platform_probe failed 1787
01-01 14:35:35.126     0     0 W         : (NULL device *): hwmon_device_register() is deprecated. Please convert the driver to use hwmon_device_register_with_info().
01-01 14:35:35.126     0     0 W thermal_zone60: failed to read out thermal zone (-19)
01-01 14:35:35.126     0     0 W         : (NULL device *): hwmon_device_register() is deprecated. Please convert the driver to use hwmon_device_register_with_info().
01-01 14:35:35.126     0     0 W thermal_zone61: failed to read out thermal zone (-19)
01-01 14:35:35.130     0     0 I MSM-CPP cpp_init_hardware: 1140 CPP HW Version: 0x60010004
01-01 14:35:35.130     0     0 E MSM-CPP cpp_init_hardware: 1158 stream_cnt:0
01-01 14:35:35.131     0     0 I MSM-CPP cpp_release_hardware: 1221 cpp hw release done
01-01 14:35:35.132     0     0 E CAM-SOC msm_camera_get_reg_base: 894 err: mem resource vfe_fuse not found
01-01 14:35:35.132     0     0 E CAM-SOC msm_camera_get_res_size: 937 err: mem resource vfe_fuse not found
01-01 14:35:35.132     0     0 E CAM-SOC msm_camera_get_reg_base: 894 err: mem resource vfe_fuse not found
01-01 14:35:35.132     0     0 E CAM-SOC msm_camera_get_res_size: 937 err: mem resource vfe_fuse not found
01-01 14:35:35.135     0     0 E __msm_jpeg_init: 1595] Jpeg Device id 0
01-01 14:35:35.137     0     0 E         : Couldn't parse device tree rc=-517
01-01 14:35:35.144     0     0 I device-mapper: uevent: version 1.0.3
01-01 14:35:35.144     0     0 I device-mapper: ioctl: 4.37.0-ioctl (2017-09-20) initialised: dm-devel@redhat.com
01-01 14:35:35.144     0     0 I bt_dt_parse_vreg_info: qca,bt-vdd-vl: is not provided in device tree
01-01 14:35:35.144     0     0 I bt_dt_parse_vreg_info: qca,bt-vdd-vm: is not provided in device tree
01-01 14:35:35.144     0     0 I bt_dt_parse_vreg_info: qca,bt-vdd-5c: is not provided in device tree
01-01 14:35:35.144     0     0 I bt_dt_parse_vreg_info: qca,bt-vdd-5a: is not provided in device tree
01-01 14:35:35.145     0     0 I bt_dt_parse_vreg_info: qca,bt-vdd-vh: is not provided in device tree
01-01 14:35:35.145     0     0 I bt_dt_parse_vreg_info: qca,bt-vdd-ldo: is not provided in device tree
01-01 14:35:35.145     0     0 I bt_dt_parse_vreg_info: qca,bt-chip-pwd: is not provided in device tree
01-01 14:35:35.145     0     0 E bt_power_populate_dt_pinfo: bt-reset-gpio not provided in device tree
01-01 14:35:35.145     0     0 I bt_power_populate_dt_pinfo: bt-3P3-gpio not provided in devicetree
01-01 14:35:35.145     0     0 I bt_power_populate_dt_pinfo: bt-1P3-gpio not provided in devicetree
01-01 14:35:35.145     0     0 E bt_dt_parse_clk_info: clocks is not provided in device tree
01-01 14:35:35.145     0     0 E bt_power_populate_dt_pinfo: clock not provided in device tree
01-01 14:35:35.146     0     0 I sdhci   : Secure Digital Host Controller Interface driver
01-01 14:35:35.146     0     0 I sdhci   : Copyright(c) Pierre Ossman
01-01 14:35:35.146     0     0 I sdhci-pltfm: SDHCI platform and OF driver helper
01-01 14:35:35.147     0     0 E ## mmc0 : gpio_is_valid(pdata->uim2_gpio)=-2: failure
01-01 14:35:35.147     0     0 I qcom,tri-led 1c40000.qcom,spmi: qcom,pmi632@3:qcom,leds@d000: rgb_sync prepare 1
01-01 14:35:35.147     0     0 I qcom,tri-led 1c40000.qcom,spmi: qcom,pmi632@3:qcom,leds@d000: color_variation_max_num[4] rgb_current_index[103]
01-01 14:35:35.147     0     0 I qcom,tri-led 1c40000.qcom,spmi: qcom,pmi632@3:qcom,leds@d000: color_variation_max_num[4] rgb_current_index[103]
01-01 14:35:35.147     0     0 I qcom,tri-led 1c40000.qcom,spmi: qcom,pmi632@3:qcom,leds@d000: color_variation_max_num[4] rgb_current_index[103]
01-01 14:35:35.148     0     0 I qpnp_vibrator_ldo_probe: Vibrator LDO successfully registered: uV = 3000000, overdrive = disabled
01-01 14:35:35.148     0     0 I usbcore : registered new interface driver usbhid
01-01 14:35:35.148     0     0 I usbhid  : USB HID core driver
01-01 14:35:35.148     0     0 I ashmem  : initialized
01-01 14:35:35.148     0     0 I         : wlan_hdd_state wlan major(501) initialized
01-01 14:35:35.150     0     0 E ## mmc0 : can't set uim2_gpio: -2
01-01 14:35:35.150     0     0 I mmc0    : SDHCI controller on 4744000.sdhci [4744000.sdhci] using 64-bit ADMA in CMDQ mode
01-01 14:35:35.216     0     0 I mmc0    : Out-of-interrupt timeout is 100[ms]
01-01 14:35:35.217     0     0 E mmc0    : eMMC FW version: 0x03
01-01 14:35:35.217     0     0 I mmc0    : CMDQ supported: depth: 16
01-01 14:35:35.223     0     0 I cmdq_host_alloc_tdl: desc_size: 1024 data_sz: 63488 slot-sz: 32
01-01 14:35:35.223     0     0 I mmc0    : CMDQ enabled on card
01-01 14:35:35.223     0     0 I mmc0    : new HS400 Enhanced strobe MMC card at address 0001
01-01 14:35:35.224     0     0 I sdhci_msm_pm_qos_cpu_init (): voted for group #0 (mask=0xf) latency=-1
01-01 14:35:35.224     0     0 I sdhci_msm_pm_qos_cpu_init (): voted for group #1 (mask=0xf0) latency=-1
01-01 14:35:35.224     0     0 E mmcblk0 : mmc0:0001 DV6DMB 116 GiB
01-01 14:35:35.224     0     0 I mmcblk0rpmb: mmc0:0001 DV6DMB partition 3 16.0 MiB
01-01 14:35:35.226     0     0 I mmcblk0 : p1 p2 p3 p4 p5 p6 p7 p8 p9 p10 p11 p12 p13 p14 p15 p16 p17 p18 p19 p20 p21 p22 p23 p24 p25 p26 p27 p28 p29 p30 p31 p32 p33 p34 p35 p36 p37 p38 p39 p40 p41 p42 p43 p44 p45 p46 p47 p48 p49 p50 p51 p52 p53 p54 p55 p56 p57 p58 p59 p60 p61 p62 p63 p64 p65 p66 p67 p68 p69 p70 p71 p72 p73 p74 p75 p76 p77 p78 p79 p80 p81 p82 p83 p84 p85 p86 p87
01-01 14:35:35.230     0     0 I bimc-bwmon 1b8e200.qcom,cpu-cpu-ddr-bwmon: BW HWmon governor registered.
01-01 14:35:35.243     0     0 I ## mmc1 : mmc_gpio_init_uim2: gpio=101
01-01 14:35:35.243     0     0 I ## mmc1 : mmc_gpio_set_uim2_en: gpio=101 value=0
01-01 14:35:35.244     0     0 I mmc1    : SDHCI controller on 4784000.sdhci [4784000.sdhci] using 64-bit ADMA in legacy mode
01-01 14:35:35.279     0     0 I arm-memlat-mon soc: qcom,cpu0-cpu-ddr-latmon: Memory Latency governor registered.
01-01 14:35:35.281     0     0 I arm-memlat-mon soc: qcom,cpu4-cpu-ddr-latmon: Memory Latency governor registered.
01-01 14:35:35.283     0     0 I arm-memlat-mon soc: qcom,cpu0-computemon: Compute governor registered.
01-01 14:35:35.284     0     0 I arm-memlat-mon soc: qcom,cpu4-computemon: Compute governor registered.
01-01 14:35:35.297     0     0 I input   : bu520x1nvx as /devices/virtual/input/input1
01-01 14:35:35.297     0     0 I         : [egis] egis_probe got egistec,gpio_irq 92
01-01 14:35:35.310     0     0 I         : Loading pn544 driver
01-01 14:35:35.311     0     0 I pn544_parse_dt: 85, 83, 84, 0, 24 error:0
01-01 14:35:35.311     0     0 I pn544_probe: requesting IRQ 228
01-01 14:35:35.311     0     0 I         : Loading pn544 pm ops driver
01-01 14:35:35.311     0     0 I pn553-pm-ops soc: nfc,pm-ops: pn553_pm_ops_probe, probing pn553 PM OPS driver
01-01 14:35:35.311     0     0 I pn553-pm-ops soc: nfc,pm-ops: pn553_pm_ops_probe, probe pn553 PM OPS driver successfully
01-01 14:35:35.311     0     0 I         : [sec_input] sec_ts_init
01-01 14:35:35.311     0     0 I sec_ts 1-0048: [sec_input] sec_ts_probe: start
01-01 14:35:35.311     0     0 I usbcore : registered new interface driver snd-usb-audio
01-01 14:35:35.311     0     0 I sec_ts 1-0048: [sec_input] sec_ts_parse_dt: irq_type property:2008, 8200
01-01 14:35:35.311     0     0 I sec_ts 1-0048: [sec_input] sec_ts_parse_dt: reset_gpio [97]
01-01 14:35:35.311     0     0 I sec_ts 1-0048: [sec_input] sec_ts_parse_dt: device_id [ac] [37] [61]
01-01 14:35:35.311     0     0 I sec_ts 1-0048: [sec_input] sec_ts_parse_dt: Failed to get ack_wait_time
01-01 14:35:35.311     0     0 I sec_ts 1-0048: [sec_input] sec_ts_parse_dt: i2c buffer limit: 32, lcd_id:000000, bringup:0, FW:touch_module_id_0x82.img(1), id:0,0, mis_cal:1 dex:0, gesture:0
01-01 14:35:35.311     0     0 I sec_ts 1-0048: [sec_input] watchdog_supported: true
01-01 14:35:35.311     0     0 I sec_ts 1-0048: [sec_input] watchdog_delay_ms: 10000
01-01 14:35:35.311     0     0 I sec_ts 1-0048: [sec_input] side_touch_supported: false
01-01 14:35:35.311     0     0 I sec_ts 1-0048: [sec_input] glove_mode_supported: false
01-01 14:35:35.311     0     0 I sec_ts 1-0048: [sec_input] cover_mode_supported: false
01-01 14:35:35.311     0     0 I sec_ts 1-0048: [sec_input] aod_mode_supported: false
01-01 14:35:35.311     0     0 I sec_ts 1-0048: [sec_input] sod_mode_supported: false
01-01 14:35:35.311     0     0 I sec_ts 1-0048: [sec_input] stamina_mode_supported: true
01-01 14:35:35.311     0     0 E sec_ts 1-0048: [sec_input] sec_ts_parse_dt_feature: game enhencer grip rejection not supported
01-01 14:35:35.311     0     0 E sec_ts 1-0048: [sec_input] sec_ts_parse_dt_feature: game enhencer grip rejection not supported
01-01 14:35:35.311     0     0 E sec_ts 1-0048: [sec_input] Unable to read wireless_charging_supported
01-01 14:35:35.311     0     0 I iommu   : Adding device soc:usb_audio_qmi_dev to group 25
01-01 14:35:35.311     0     0 I sec_ts 1-0048: [sec_input] sec_ts_probe: init resource
01-01 14:35:35.311     0     0 I sec_ts 1-0048: [sec_input] sec_ts_probe: power enable
01-01 14:35:35.311     0     0 I input   : sec_touchscreen as /devices/platform/soc/4a88000.i2c/i2c-1/1-0048/input/input2
01-01 14:35:35.312     0     0 I sec_ts 1-0048: [sec_input] sec_ts_input_open
01-01 14:35:35.312     0     0 I input   : sec_touchscreen_side as /devices/platform/soc/4a88000.i2c/i2c-1/1-0048/input/input3
01-01 14:35:35.312     0     0 I sec_ts 1-0048: [sec_input] sec_ts_probe: done
01-01 14:35:35.312     0     0 W cs35l41 2-0040: 2-0040 supply VA not found, using dummy regulator
01-01 14:35:35.312     0     0 W cs35l41 2-0040: 2-0040 supply VP not found, using dummy regulator
01-01 14:35:35.353     0     0 I cs35l41 2-0040: Cirrus Logic CS35L41 (35a40), Revision: B2
01-01 14:35:35.357     0     0 E apr_probe: Unable to create ipc log context
01-01 14:35:35.361     0     0 I msm-cdc-pinctrl soc: msm_cdc_pinctrl_pri: could not find pctldev for node /soc/pri_i2s_sck_ws/pri_i2s_sck_active, deferring probe
01-01 14:35:35.365     0     0 E msm-dai-q6-hdmi soc: qcom,msm-dai-q6-hdmi_ms: invalid device ID 24578
01-01 14:35:35.366     0     0 E msm-auxpcm-dev soc: qcom,msm-sen-auxpcm: msm_auxpcm_dev_probe: invalid DT intf name senary
01-01 14:35:35.377     0     0 E msm-dai-tdm soc: qcom,msm-dai-tdm-sen-rx: msm_dai_tdm_q6_probe: group id not supported 0x9150
01-01 14:35:35.377     0     0 W msm-dai-tdm: probe of soc:qcom,msm-dai-tdm-sen-rx failed with error -22
01-01 14:35:35.377     0     0 E msm-dai-tdm soc: qcom,msm-dai-tdm-sen-tx: msm_dai_tdm_q6_probe: group id not supported 0x9151
01-01 14:35:35.377     0     0 W msm-dai-tdm: probe of soc:qcom,msm-dai-tdm-sen-tx failed with error -22
01-01 14:35:35.383     0     0 I         : GACT probability NOT on
01-01 14:35:35.383     0     0 I         : Mirror/redirect action on
01-01 14:35:35.383     0     0 I         : u32 classifier
01-01 14:35:35.383     0     0 I         : Actions configured
01-01 14:35:35.967   455   455 I SELinux : SELinux: Loaded service_contexts from:
01-01 14:35:35.383     0     0 I         : Netfilter messages via NETLINK v0.30.
01-01 14:35:35.383     0     0 I         : nf_conntrack version 0.5.0 (16384 buckets, 65536 max)
01-01 14:35:35.383     0     0 I ctnetlink v0.93: registering with nfnetlink.
01-01 14:35:35.967   455   455 I SELinux :     /system/etc/selinux/plat_service_contexts
01-01 14:35:35.383     0     0 I xt_time : kernel timezone is -0000
01-01 14:35:35.383     0     0 I gre     : GRE over IPv4 demultiplexor driver
01-01 14:35:35.967   455   455 E SELinux : avc:  denied  { add } for pid=455 uid=0 name=manager scontext=u:r:recovery:s0 tcontext=u:object_r:service_manager_service:s0 tclass=service_manager permissive=1
01-01 14:35:35.383     0     0 I         : IPv4 over IPsec tunneling driver
01-01 14:35:35.383     0     0 I ip_tables: (C) 2000-2006 Netfilter Core Team
01-01 14:35:35.384     0     0 I arp_tables: arp_tables: (C) 2002 David S. Miller
01-01 14:35:35.975   456   456 I SELinux : SELinux: Loaded service_contexts from:
01-01 14:35:35.384     0     0 I         : Initializing XFRM netlink socket
01-01 14:35:35.975   456   456 I SELinux :     /vendor/etc/selinux/vndservice_contexts
01-01 14:35:35.384     0     0 I         : IPsec XFRM device driver
01-01 14:35:35.975   456   456 E SELinux : avc:  denied  { add } for pid=456 uid=0 name=manager scontext=u:r:recovery:s0 tcontext=u:object_r:service_manager_vndservice:s0 tclass=service_manager permissive=1
01-01 14:35:35.384     0     0 I NET     : Registered protocol family 10
01-01 14:35:35.384     0     0 I         : Segment Routing with IPv6
01-01 14:35:35.384     0     0 I mip6    : Mobile IPv6
01-01 14:35:35.384     0     0 I ip6_tables: (C) 2000-2006 Netfilter Core Team
01-01 14:35:35.385     0     0 I sit     : IPv6, IPv4 and MPLS over IPv4 tunneling driver
01-01 14:35:35.385     0     0 I NET     : Registered protocol family 17
01-01 14:35:35.385     0     0 I NET     : Registered protocol family 15
01-01 14:35:35.385     0     0 I         : Ebtables v2.0 registered
01-01 14:35:35.385     0     0 I l2tp_core: L2TP core driver, V2.0
01-01 14:35:35.385     0     0 I l2tp_ppp: PPPoL2TP kernel driver, V2.0
01-01 14:35:35.385     0     0 I l2tp_ip : L2TP IP encapsulation support (L2TPv3)
01-01 14:35:35.385     0     0 I l2tp_netlink: L2TP netlink interface
01-01 14:35:35.385     0     0 I l2tp_eth: L2TP ethernet pseudowire support (L2TPv3)
01-01 14:35:35.385     0     0 I l2tp_ip6: L2TP IP encapsulation support for IPv6 (L2TPv3)
01-01 14:35:35.385     0     0 I sctp    : Hash tables configured (bind 256/256)
01-01 14:35:35.388     0     0 I icnss   : Recursive recovery allowed for WLAN
01-01 14:35:35.388     0     0 E icnss   : adc_tm_dev probe defer
01-01 14:35:35.389     0     0 I dwc3 4e00000.dwc3: changing max_speed on rev 00000000
01-01 14:35:35.389     0     0 E dwc3 4e00000.dwc3: Error getting ipc_log_ctxt
01-01 14:35:35.389     0     0 E dwc3 4e00000.dwc3: Error getting ipc_log_ctxt for ep_events
01-01 14:35:35.389     0     0 I usb_bam_init: setting SPS_BAM_SMMU_EN flag with (4f04000.qcom,usbbam)
01-01 14:35:35.389     0     0 E sps_register_bam_device: unable to create IPC Logging 0 for bam 0x0000000004f04000
01-01 14:35:35.389     0     0 E sps_register_bam_device: unable to create IPC Logging 1 for bam 0x0000000004f04000
01-01 14:35:35.389     0     0 E sps_register_bam_device: unable to create IPC Logging 2 for bam 0x0000000004f04000
01-01 14:35:35.389     0     0 E sps_register_bam_device: unable to create IPC Logging 3 for bam 0x0000000004f04000
01-01 14:35:35.389     0     0 E sps_register_bam_device: unable to create IPC Logging 4 for bam 0x0000000004f04000
01-01 14:35:35.389     0     0 I sps     : BAM 0x0000000004f04000 is registered.
01-01 14:35:35.390     0     0 E         : Invalid index Defaulting curr to 0
01-01 14:35:35.390     0     0 E ipa_rm_delete_resource: 146 IPA RM was not initialized
01-01 14:35:35.390     0     0 E usb_bam_ipa_delete_resources: Failed to delete USB_PROD resource
01-01 14:35:35.390     0     0 E ipa_rm_delete_resource: 146 IPA RM was not initialized
01-01 14:35:35.390     0     0 E usb_bam_ipa_delete_resources: Failed to delete USB_CONS resource
01-01 14:35:35.390     0     0 E wdet_probe: Could not get USB power_supply, deferring probe
01-01 14:35:35.404     0     0 I QG-K    : get_batt_id_ohm: batt_id_mv=246, batt_id_ohm=15103
01-01 14:35:35.405     0     0 I of_batterydata_get_best_aged_profile: 1320-0974 age level 2 found
01-01 14:35:35.405     0     0 I QG-K    : qg_batterydata_init: QG Battery-profile loaded
01-01 14:35:35.405     0     0 I QG-K    : qg_load_battery_profile: No |  Range of Temp  | Range of VBATT  | Target FCC/FV Condition
01-01 14:35:35.405     0     0 I QG-K    : qg_load_battery_profile:  1 |  -2550 -     50 |      0 -   4500 |      0 4340 1
01-01 14:35:35.405     0     0 I QG-K    : qg_load_battery_profile:  2 |     50 -    120 |      0 -   4500 |    650 4340 2
01-01 14:35:35.405     0     0 I QG-K    : qg_load_battery_profile:  3 |    120 -    200 |      0 -   4100 |   2050 4340 3
01-01 14:35:35.405     0     0 I QG-K    : qg_load_battery_profile:  4 |    120 -    200 |   4100 -   4200 |   1550 4340 3
01-01 14:35:35.405     0     0 I QG-K    : qg_load_battery_profile:  5 |    120 -    200 |   4200 -   4300 |   1350 4340 3
01-01 14:35:35.405     0     0 I QG-K    : qg_load_battery_profile:  6 |    120 -    200 |   4300 -   4500 |   1000 4340 3
01-01 14:35:35.405     0     0 I QG-K    : qg_load_battery_profile:  7 |    200 -    450 |      0 -   4150 |   3000 4340 3
01-01 14:35:35.405     0     0 I QG-K    : qg_load_battery_profile:  8 |    200 -    450 |   4150 -   4200 |   2400 4340 3
01-01 14:35:35.405     0     0 I QG-K    : qg_load_battery_profile:  9 |    200 -    450 |   4200 -   4300 |   1700 4340 3
01-01 14:35:35.405     0     0 I QG-K    : qg_load_battery_profile: 10 |    200 -    450 |   4300 -   4500 |   1000 4340 3
01-01 14:35:35.405     0     0 I QG-K    : qg_load_battery_profile: 11 |    450 -    550 |      0 -   4500 |   1000 4200 4
01-01 14:35:35.405     0     0 I QG-K    : qg_load_battery_profile: 12 |    550 -   2550 |      0 -   4500 |      0 4200 5
01-01 14:35:35.405     0     0 I QG-K    : qg_load_battery_profile: profile=1320-0974 FV=4340000uV FCC=3000ma
01-01 14:35:35.405     0     0 I QG-K    : qg_setup_battery: battery_missing=0 batt_id_ohm=15103 Ohm profile_loaded=1 profile=1320-0974
01-01 14:35:35.405     0     0 I ALG     : cap_learning_somc_lift_learned_cap: [SOMC CL]Learned cap lifting is not needed.
01-01 14:35:35.405     0     0 I QG-K    : qg_store_learned_capacity: Stored learned capacity 3344000uah
01-01 14:35:35.407     0     0 I QG-K    : qg_determine_pon_soc: using SHUTDOWN_SOC @ PON ocv_uv=4320746uV soc=100
01-01 14:35:35.407     0     0 W         : (NULL device *): hwmon_device_register() is deprecated. Please convert the driver to use hwmon_device_register_with_info().
01-01 14:35:35.408     0     0 I QG-K    : qpnp_qg_probe: QG initialized! battery_profile=1320-0974 SOC=100 QG_subtype=3
01-01 14:35:35.408     0     0 I input   : SOMC Charger Removal as /devices/platform/soc/1c40000.qcom,spmi/spmi-0/spmi0-02/1c40000.qcom,spmi:qcom,pmi632@2:qcom,qpnp-smb5/input/input4
01-01 14:35:35.410     0     0 W         : (NULL device *): hwmon_device_register() is deprecated. Please convert the driver to use hwmon_device_register_with_info().
01-01 14:35:35.410     0     0 I pmi632_charger: smblib_usb_plugin_locked: IRQ: usbin-plugin attached
01-01 14:35:35.410     0     0 I pmi632_charger: typec_attach_detach_irq_handler: IRQ: determine-initial-status
01-01 14:35:35.410     0     0 I pmi632_charger: typec_state_change_irq_handler: IRQ: cc-state-change; Type-C SOURCE_DEFAULT detected
01-01 14:35:35.410     0     0 I pmi632_charger: usb_source_change_irq_handler: APSD_STATUS = 0x00
01-01 14:35:35.410     0     0 I pmi632_charger: smblib_handle_hvdcp_detect_done: IRQ: hvdcp-detect-done falling
01-01 14:35:35.410     0     0 I pmi632_charger: smblib_handle_hvdcp_check_timeout: IRQ: smblib_handle_hvdcp_check_timeout falling
01-01 14:35:35.410     0     0 I pmi632_charger: smblib_handle_sdp_enumeration_done: IRQ: sdp-enumeration-done falling
01-01 14:35:35.410     0     0 I pmi632_charger: smblib_handle_slow_plugin_timeout: IRQ: slow-plugin-timeout falling
01-01 14:35:35.410     0     0 I pmi632_charger: usb_source_change_irq_handler: APSD_STATUS = 0x00
01-01 14:35:35.410     0     0 I pmi632_charger: chg_state_change_irq_handler: IRQ: determine-initial-status
01-01 14:35:35.410     0     0 I pmi632_charger: batt_temp_changed_irq_handler: IRQ: determine-initial-status
01-01 14:35:35.410     0     0 I pmi632_charger: wdog_bark_irq_handler: IRQ: determine-initial-status
01-01 14:35:35.410     0     0 I pmi632_charger: typec_or_rid_detection_change_irq_handler: IRQ: determine-initial-status
01-01 14:35:35.410     0     0 I pmi632_charger: wdog_snarl_irq_handler: IRQ: determine-initial-status
01-01 14:35:35.412     0     0 I pmi632_charger: smblib_somc_handle_profile_fv: cancel termination wa if working
01-01 14:35:35.412     0     0 I pmi632_charger: smblib_somc_handle_profile_fv: set fv:4340000
01-01 14:35:35.414     0     0 I pmi632_charger: somc_aicl_irq_handler: IRQ: input-current-limiting
01-01 14:35:35.414     0     0 I pmi632_charger: chg_state_change_irq_handler: IRQ: chg-state-change
01-01 14:35:35.415     0     0 I         : SMB5 status - usb:present=1 type=0 batt:present = 1 health = 1 charge = 1
01-01 14:35:35.415     0     0 I         : QPNP SMB5 probed successfully
01-01 14:35:35.417     0     0 W psy_register_cooler: Don't register psy cooling device
01-01 14:35:35.417     0     0 W psy_register_cooler: Don't register psy cooling device
01-01 14:35:35.417     0     0 W psy_register_cooler: Don't register psy cooling device
01-01 14:35:35.417     0     0 W psy_register_cooler: Don't register psy cooling device
01-01 14:35:35.417     0     0 W psy_register_cooler: Don't register psy cooling device
01-01 14:35:35.417     0     0 W psy_register_cooler: Don't register psy cooling device
01-01 14:35:35.417     0     0 E         : batt ext power supply prop 4 not supported
01-01 14:35:35.440     0     0 I ALG     : cap_learning_update: [SOMC CL][OFF] charge_status:1 bsoc_cp:10000
01-01 14:35:35.469     0     0 I QG-K    : qg_somc_jeita_step_charge_work: [NotCharging] BSOC:10000 MSOC:100 RTEMP:298 IBATT:59mA VBATT:4307mV VCELL:4307mV Target FCC:3000mA FV:4340mV
01-01 14:35:35.469     0     0 I pmi632_charger: smblib_somc_set_prop_jeita_condition: set auto_rechg to 1
01-01 14:35:35.478     0     0 I msm-cdc-pinctrl soc: msm_cdc_pinctrl_pri: could not find pctldev for node /soc/pri_i2s_sck_ws/pri_i2s_sck_active, deferring probe
01-01 14:35:35.479     0     0 I icnss   : Recursive recovery allowed for WLAN
01-01 14:35:35.480     0     0 I dwc3 4e00000.dwc3: changing max_speed on rev 00000000
01-01 14:35:35.480     0     0 E dwc3 4e00000.dwc3: Error getting ipc_log_ctxt
01-01 14:35:35.480     0     0 E dwc3 4e00000.dwc3: Error getting ipc_log_ctxt for ep_events
01-01 14:35:35.482     0     0 I usb_bam_init: setting SPS_BAM_SMMU_EN flag with (4f04000.qcom,usbbam)
01-01 14:35:35.482     0     0 E sps_register_bam_device: unable to create IPC Logging 0 for bam 0x0000000004f04000
01-01 14:35:35.482     0     0 E sps_register_bam_device: unable to create IPC Logging 1 for bam 0x0000000004f04000
01-01 14:35:35.482     0     0 E sps_register_bam_device: unable to create IPC Logging 2 for bam 0x0000000004f04000
01-01 14:35:35.482     0     0 E sps_register_bam_device: unable to create IPC Logging 3 for bam 0x0000000004f04000
01-01 14:35:35.482     0     0 E sps_register_bam_device: unable to create IPC Logging 4 for bam 0x0000000004f04000
01-01 14:35:35.482     0     0 I sps     : BAM 0x0000000004f04000 is registered.
01-01 14:35:35.482     0     0 I icnss c800000.qcom,icnss: for wcss_msa0 segments only will be dumped.
01-01 14:35:35.482     0     0 E icnss   : Unable to create debugfs -19
01-01 14:35:35.482     0     0 I icnss   : wlan_pdr devs got major 494
01-01 14:35:35.482     0     0 I icnss   : Platform driver probed successfully
01-01 14:35:35.482     0     0 I msm-cdc-pinctrl soc: msm_cdc_pinctrl_pri: could not find pctldev for node /soc/pri_i2s_sck_ws/pri_i2s_sck_active, deferring probe
01-01 14:35:35.483     0     0 I         : registered taskstats version 1
01-01 14:35:35.483     0     0 I         : Loading compiled-in X.509 certificates
01-01 14:35:35.484     0     0 I         : Loaded X.509 cert 'Build time autogenerated kernel key: 3af2d0ea543148bf7963f12301695a0aeaccf16f'
01-01 14:35:35.484     0     0 I         : Key type ._fscrypt registered
01-01 14:35:35.484     0     0 I         : Key type .fscrypt registered
01-01 14:35:35.484     0     0 I         : Key type fscrypt-provisioning registered
01-01 14:35:35.484     0     0 W         : Error: swapper/0: fastrpc_device_init: failed to create debugfs root dir
01-01 14:35:35.486     0     0 I ADSPRPC : Secure VMID = 22
01-01 14:35:35.486     0     0 I ADSPRPC : Secure VMID = 37
01-01 14:35:35.486     0     0 I iommu   : Adding device soc:qcom,msm_fastrpc:qcom,msm_fastrpc_compute_cb1 to group 26
01-01 14:35:35.487     0     0 I iommu   : Adding device soc:qcom,msm_fastrpc:qcom,msm_fastrpc_compute_cb2 to group 27
01-01 14:35:35.487     0     0 I iommu   : Adding device soc:qcom,msm_fastrpc:qcom,msm_fastrpc_compute_cb3 to group 28
01-01 14:35:35.488     0     0 I iommu   : Adding device soc:qcom,msm_fastrpc:qcom,msm_fastrpc_compute_cb4 to group 29
01-01 14:35:35.488     0     0 I iommu   : Adding device soc:qcom,msm_fastrpc:qcom,msm_fastrpc_compute_cb5 to group 30
01-01 14:35:35.489     0     0 I iommu   : Adding device soc:qcom,msm_fastrpc:qcom,msm_fastrpc_compute_cb6 to group 31
01-01 14:35:35.490     0     0 I iommu   : Adding device soc:qcom,msm_fastrpc:qcom,msm_fastrpc_compute_cb9 to group 32
01-01 14:35:35.491     0     0 I iommu   : Adding device soc:qcom,msm_fastrpc:qcom,msm_fastrpc_compute_cb10 to group 33
01-01 14:35:35.493     0     0 I mmc1    : new ultra high speed DDR50 SDHC card at address aaaa
01-01 14:35:35.494     0     0 E mmcblk1 : mmc1:aaaa SL32G 29.7 GiB
01-01 14:35:35.495     0     0 I msm-cdc-pinctrl soc: msm_cdc_pinctrl_pri: could not find pctldev for node /soc/pri_i2s_sck_ws/pri_i2s_sck_active, deferring probe
01-01 14:35:35.495     0     0 E ngd_msm_ctrl a340000.slim: error creating ipc_logging context
01-01 14:35:35.495     0     0 E ngd_msm_ctrl a340000.slim: error creating ipc_error_logging context
01-01 14:35:35.496     0     0 I iommu   : Adding device a340000.slim:qcom,iommu_slim_ctrl_cb to group 34
01-01 14:35:35.496     0     0 I msm-cdc-pinctrl soc: msm_cdc_pinctrl_pri: could not find pctldev for node /soc/pri_i2s_sck_ws/pri_i2s_sck_active, deferring probe
01-01 14:35:35.497     0     0 I msm-cdc-pinctrl soc: msm_cdc_pinctrl_pri: could not find pctldev for node /soc/pri_i2s_sck_ws/pri_i2s_sck_active, deferring probe
01-01 14:35:35.499     0     0 I input   : gpio-keys as /devices/platform/soc/soc:gpio_keys/input/input5
01-01 14:35:35.499     0     0 I msm-cdc-pinctrl soc: msm_cdc_pinctrl_pri: could not find pctldev for node /soc/pri_i2s_sck_ws/pri_i2s_sck_active, deferring probe
01-01 14:35:35.500     0     0 I qcom,qpnp-rtc 1c40000.qcom,spmi: qcom,pm6125@0:qcom,pm6125_rtc: setting system clock to 1970-01-01 14:35:35 UTC (52535)
01-01 14:35:35.501     0     0 I msm-cdc-pinctrl soc: msm_cdc_pinctrl_pri: could not find pctldev for node /soc/pri_i2s_sck_ws/pri_i2s_sck_active, deferring probe
01-01 14:35:35.503     0     0 I lpm_levels: Cluster (system) stats not registered
01-01 14:35:35.503     0     0 I lpm_levels: Cluster (perf) stats not registered
01-01 14:35:35.503     0     0 E lpm_levels: register_cluster_lpm_stats()
01-01 14:35:35.503     0     0 I lpm_levels: Cluster (pwr) stats not registered
01-01 14:35:35.503     0     0 E lpm_levels: register_cluster_lpm_stats()
01-01 14:35:35.503     0     0 I msm-cdc-pinctrl soc: msm_cdc_pinctrl_pri: could not find pctldev for node /soc/pri_i2s_sck_ws/pri_i2s_sck_active, deferring probe
01-01 14:35:35.505     0     0 I mmcblk1 : p1
01-01 14:35:35.506     0     0 I msm-cdc-pinctrl soc: msm_cdc_pinctrl_pri: could not find pctldev for node /soc/pri_i2s_sck_ws/pri_i2s_sck_active, deferring probe
01-01 14:35:35.507     0     0 I msm-cdc-pinctrl soc: msm_cdc_pinctrl_pri: could not find pctldev for node /soc/pri_i2s_sck_ws/pri_i2s_sck_active, deferring probe
01-01 14:35:35.509     0     0 I         : rmnet_ipa3 started initialization
01-01 14:35:35.509     0     0 I msm-cdc-pinctrl soc: msm_cdc_pinctrl_pri: could not find pctldev for node /soc/pri_i2s_sck_ws/pri_i2s_sck_active, deferring probe
01-01 14:35:35.510     0     0 I         : RNDIS_IPA module is loaded.
01-01 14:35:35.514     0     0 I ufs_phy_gdsc: disabling
01-01 14:35:35.514     0     0 I usb30_prim_gdsc: disabling
01-01 14:35:35.514     0     0 I dbu1    : disabling
01-01 14:35:35.514     0     0 I regulator_proxy_consumer_remove_all: removing regulator proxy consumer requests
01-01 14:35:35.514     0     0 I         : ALSA device list:
01-01 14:35:35.514     0     0 I         : No soundcards found.
01-01 14:35:35.514     0     0 E         : Warning: unable to open an initial console.
01-01 14:35:35.515     0     0 I         : Freeing unused kernel memory: 4288K
01-01 14:35:35.548     0     0 I init    : init first stage started!
01-01 14:35:35.548     0     0 I init    : Unable to open /lib/modules, skipping module loading.
01-01 14:35:35.548     0     0 I init    : First stage mount skipped (recovery mode)
01-01 14:35:35.548     0     0 I init    : [libfs_mgr]dt_fstab: Skip disabled entry for partition vendor
01-01 14:35:35.548     0     0 I init    : [libfs_mgr]ReadFstabFromDt(): failed to read fstab from dt
01-01 14:35:35.548     0     0 I init    : [libfs_mgr]dt_fstab: Skip disabled entry for partition vendor
01-01 14:35:35.548     0     0 E init    : [libfs_mgr]Error parsing mount_flags
01-01 14:35:35.548     0     0 E init    : [libfs_mgr]ReadFstabFromFile(): failed to load fstab from : '/etc/recovery.fstab'
01-01 14:35:35.548     0     0 I init    : [libfs_mgr]ReadDefaultFstab(): failed to find device default fstab
01-01 14:35:35.548     0     0 E init    : failed to read default fstab for first stage mount
01-01 14:35:35.581     0     0 I init    : [libfs_mgr]dt_fstab: Skip disabled entry for partition vendor
01-01 14:35:35.581     0     0 E init    : [libfs_mgr]Error parsing mount_flags
01-01 14:35:35.581     0     0 E init    : [libfs_mgr]ReadFstabFromFile(): failed to load fstab from : '/etc/recovery.fstab'
01-01 14:35:35.581     0     0 I init    : [libfs_mgr]ReadDefaultFstab(): failed to find device default fstab
01-01 14:35:35.581     0     0 E init    : Could not read default fstab
01-01 14:35:35.581     0     0 E init    : Could not find mount entry for /system
01-01 14:35:35.581     0     0 I init    : Opening SELinux policy
01-01 14:35:35.582     0     0 I init    : Loading SELinux policy
01-01 14:35:35.584     0     0 D SELinux : 8192 avtab hash slots, 28371 rules.
01-01 14:35:35.590     0     0 D SELinux : 8192 avtab hash slots, 28371 rules.
01-01 14:35:35.590     0     0 D SELinux : 1 users, 2 roles, 1896 types, 0 bools, 1 sens, 1024 cats
01-01 14:35:35.590     0     0 D SELinux : 102 classes, 28371 rules
01-01 14:35:35.592     0     0 I SELinux : policy capability network_peer_controls=1
01-01 14:35:35.592     0     0 I SELinux : policy capability open_perms=1
01-01 14:35:35.592     0     0 I SELinux : policy capability extended_socket_class=1
01-01 14:35:35.592     0     0 I SELinux : policy capability always_check_network=0
01-01 14:35:35.592     0     0 I SELinux : policy capability cgroup_seclabel=0
01-01 14:35:35.592     0     0 I SELinux : policy capability nnp_nosuid_transition=1
01-01 14:35:35.592     0     0 D SELinux : Completing initialization.
01-01 14:35:35.592     0     0 D SELinux : Setting up existing superblocks.
01-01 14:35:35.626   453   453 I auditd  : type=1403 audit(0.0:2): policy loaded auid=4294967295 ses=4294967295
01-01 14:35:35.632     0     0 I selinux : SELinux: Loaded file_contexts
01-01 14:35:35.632     0     0 I selinux :  
01-01 14:35:35.665     0     0 I init    : init second stage started!
01-01 14:35:35.682     0     0 I init    : Using Android DT directory /proc/device-tree/firmware/android/
01-01 14:35:35.684     0     0 W init    : Overriding previous property 'persist.sys.usb.config':'adb' with new value 'none'
01-01 14:35:35.684     0     0 W init    : Couldn't load property file '/system/build.prop': open() failed: No such file or directory: No such file or directory
01-01 14:35:35.684     0     0 W init    : Couldn't load property file '/system_ext/etc/build.prop': open() failed: No such file or directory: No such file or directory
01-01 14:35:35.684     0     0 W init    : Couldn't load property file '/system_ext/default.prop': open() failed: No such file or directory: No such file or directory
01-01 14:35:35.684     0     0 W init    : Couldn't load property file '/system_ext/build.prop': open() failed: No such file or directory: No such file or directory
01-01 14:35:35.684     0     0 W init    : Couldn't load property file '/system_ext/default.prop': open() failed: No such file or directory: No such file or directory
01-01 14:35:35.684     0     0 W init    : Couldn't load property file '/system_ext/build.prop': open() failed: No such file or directory: No such file or directory
01-01 14:35:35.684     0     0 W init    : Couldn't load property file '/vendor/default.prop': open() failed: No such file or directory: No such file or directory
01-01 14:35:35.733   442   442 I ueventd : type=1400 audit(0.0:3): avc: denied { sys_nice } for capability=23 scontext=u:r:ueventd:s0 tcontext=u:r:ueventd:s0 tclass=capability permissive=1 ppid=1 pcomm="init" pgid=1 pgcomm="init"
01-01 14:35:35.737     0     0 I ueventd : ueventd started!
01-01 14:35:35.738     0     0 I selinux : SELinux: Loaded file_contexts
01-01 14:35:35.738     0     0 I selinux :  
01-01 14:35:35.738     0     0 I ueventd : Parsing file /system/etc/ueventd.rc...
01-01 14:35:35.738     0     0 I ueventd : Added '/vendor/etc/ueventd.rc' to import list
01-01 14:35:35.738     0     0 I ueventd : Added '/odm/etc/ueventd.rc' to import list
01-01 14:35:35.739     0     0 I ueventd : Parsing file /vendor/etc/ueventd.rc...
01-01 14:35:35.739     0     0 I ueventd : Unable to read config file '/vendor/etc/ueventd.rc': open() failed: No such file or directory
01-01 14:35:35.739     0     0 I ueventd : Parsing file /odm/etc/ueventd.rc...
01-01 14:35:35.739     0     0 I ueventd : Unable to read config file '/odm/etc/ueventd.rc': open() failed: No such file or directory
01-01 14:35:35.950   453   453 I init    : type=1400 audit(0.0:4): avc: denied { entrypoint } for path="/system/bin/logd" dev="rootfs" ino=10506 scontext=u:r:logd:s0 tcontext=u:object_r:rootfs:s0 tclass=file permissive=1 ppid=1 pcomm="init" pgid=1 pgcomm="init"
01-01 14:35:35.950   453   453 I logd    : type=1400 audit(0.0:5): avc: denied { map } for path="/system/bin/logd" dev="rootfs" ino=10506 scontext=u:r:logd:s0 tcontext=u:object_r:rootfs:s0 tclass=file permissive=1 ppid=1 pcomm="init" pgid=1 pgcomm="init"
01-01 14:35:35.950   453   453 I logd    : type=1400 audit(0.0:6): avc: denied { read } for path="/system/bin/logd" dev="rootfs" ino=10506 scontext=u:r:logd:s0 tcontext=u:object_r:rootfs:s0 tclass=file permissive=1 ppid=1 pcomm="init" pgid=1 pgcomm="init"
01-01 14:35:35.950   453   453 I logd    : type=1400 audit(0.0:7): avc: denied { execute } for path="/system/bin/logd" dev="rootfs" ino=10506 scontext=u:r:logd:s0 tcontext=u:object_r:rootfs:s0 tclass=file permissive=1 ppid=1 pcomm="init" pgid=1 pgcomm="init"
01-01 14:35:35.950   453   453 I logd    : type=1400 audit(0.0:8): avc: denied { getattr } for path="/system/bin/logd" dev="rootfs" ino=10506 scontext=u:r:logd:s0 tcontext=u:object_r:rootfs:s0 tclass=file permissive=1 ppid=1 pcomm="init" pgid=1 pgcomm="init"
01-01 14:35:35.950   453   453 I logd    : type=1400 audit(0.0:9): avc: denied { read } for name="bin" dev="rootfs" ino=10402 scontext=u:r:logd:s0 tcontext=u:object_r:rootfs:s0 tclass=dir permissive=1 ppid=1 pcomm="init" pgid=1 pgcomm="init"
01-01 14:35:35.950   453   453 I logd    : type=1400 audit(0.0:10): avc: denied { open } for path="/system/lib64/libbase.so" dev="rootfs" ino=10726 scontext=u:r:logd:s0 tcontext=u:object_r:rootfs:s0 tclass=file permissive=1 ppid=1 pcomm="init" pgid=1 pgcomm="init"
01-01 14:35:35.961     0     0 E logd    : libprocessgroup: Failed to read task profiles from /etc/task_profiles.json
01-01 14:35:35.961     0     0 E logd    : libprocessgroup: Loading /etc/task_profiles.json for [453] failed
01-01 14:35:35.961     0     0 W logd    : libprocessgroup: Failed to find SCHED_SP_BACKGROUNDtask profile: No such file or directory
01-01 14:35:35.963     0     0 I logd.auditd: start
01-01 14:35:35.963     1     1 I init    : type=1400 audit(0.0:14): avc: denied { module_request } for kmod="fs-functionfs" scontext=u:r:init:s0 tcontext=u:r:kernel:s0 tclass=system permissive=1 ppid=0 pcomm="swapper/0"
01-01 14:35:35.963   455   455 I servicemanager: type=1400 audit(0.0:15): avc: denied { create } for scontext=u:r:recovery:s0 tcontext=u:r:recovery:s0 tclass=netlink_selinux_socket permissive=1 ppid=1 pcomm="init" pgid=1 pgcomm="init"
01-01 14:35:35.963   455   455 I servicemanager: type=1400 audit(0.0:16): avc: denied { bind } for scontext=u:r:recovery:s0 tcontext=u:r:recovery:s0 tclass=netlink_selinux_socket permissive=1 ppid=1 pcomm="init" pgid=1 pgcomm="init"
01-01 14:35:35.963   455   455 I servicemanager: type=1400 audit(0.0:17): avc: denied { read } for name="perms" dev="selinuxfs" ino=67112490 scontext=u:r:recovery:s0 tcontext=u:object_r:selinuxfs:s0 tclass=dir permissive=1 ppid=1 pcomm="init" pgid=1 pgcomm="init"
01-01 14:35:35.963   455   455 I servicemanager: type=1400 audit(0.0:18): avc: denied { open } for path="/sys/fs/selinux/class/service_manager/perms" dev="selinuxfs" ino=67112490 scontext=u:r:recovery:s0 tcontext=u:object_r:selinuxfs:s0 tclass=dir permissive=1 ppid=1 pcomm="init" pgid=1 pgcomm="init"
01-01 14:35:35.966   455   455 I servicemanager: type=1400 audit(0.0:19): avc: denied { write } for name="access" dev="selinuxfs" ino=6 scontext=u:r:recovery:s0 tcontext=u:object_r:selinuxfs:s0 tclass=file permissive=1 ppid=1 pcomm="init" pgid=1 pgcomm="init"
01-01 14:35:35.966   455   455 I servicemanager: type=1400 audit(0.0:20): avc: denied { compute_av } for scontext=u:r:recovery:s0 tcontext=u:object_r:kernel:s0 tclass=security permissive=1 ppid=1 pcomm="init" pgid=1 pgcomm="init"
01-01 14:35:35.966   455   455 I servicemanager: type=1400 audit(0.0:21): avc: denied { set_context_mgr } for scontext=u:r:recovery:s0 tcontext=u:r:recovery:s0 tclass=binder permissive=1 ppid=1 pcomm="init" pgid=1 pgcomm="init"
01-01 14:35:35.973   456   456 I vndservicemanag: type=1400 audit(0.0:22): avc: denied { read } for name="vndbinder" dev="binder" ino=6 scontext=u:r:recovery:s0 tcontext=u:object_r:vndbinder_device:s0 tclass=chr_file permissive=1 ppid=1 pcomm="init" pgid=1 pgcomm="init"
01-01 14:35:35.973   456   456 I vndservicemanag: type=1400 audit(0.0:23): avc: denied { write } for name="vndbinder" dev="binder" ino=6 scontext=u:r:recovery:s0 tcontext=u:object_r:vndbinder_device:s0 tclass=chr_file permissive=1 ppid=1 pcomm="init" pgid=1 pgcomm="init"
01-01 14:35:35.973   456   456 I vndservicemanag: type=1400 audit(0.0:24): avc: denied { open } for path="/dev/binderfs/vndbinder" dev="binder" ino=6 scontext=u:r:recovery:s0 tcontext=u:object_r:vndbinder_device:s0 tclass=chr_file permissive=1 ppid=1 pcomm="init" pgid=1 pgcomm="init"
01-01 14:35:35.973   456   456 I vndservicemanag: type=1400 audit(0.0:25): avc: denied { ioctl } for path="/dev/binderfs/vndbinder" dev="binder" ino=6 ioctlcmd=0x6209 scontext=u:r:recovery:s0 tcontext=u:object_r:vndbinder_device:s0 tclass=chr_file permissive=1 ppid=1 pcomm="init" pgid=1 pgcomm="init"
01-01 14:35:35.973   456   456 I vndservicemanag: type=1400 audit(0.0:26): avc: denied { map } for path="/dev/binderfs/vndbinder" dev="binder" ino=6 scontext=u:r:recovery:s0 tcontext=u:object_r:vndbinder_device:s0 tclass=chr_file permissive=1 ppid=1 pcomm="init" pgid=1 pgcomm="init"
01-01 14:35:35.990   454   454 E SELinux : avc:  denied  { add } for interface=android.hidl.base::IBase sid=u:r:recovery:s0 pid=454 scontext=u:r:recovery:s0 tcontext=u:object_r:hidl_base_hwservice:s0 tclass=hwservice_manager permissive=1
01-01 14:35:35.990   454   454 E SELinux : avc:  denied  { add } for interface=android.hidl.manager::IServiceManager sid=u:r:recovery:s0 pid=454 scontext=u:r:recovery:s0 tcontext=u:object_r:hidl_manager_hwservice:s0 tclass=hwservice_manager permissive=1
01-01 14:35:35.990   454   454 I hwservicemanager: getFrameworkHalManifest: Reading VINTF information.
01-01 14:35:35.991   454   454 I hwservicemanager: getDeviceHalManifest: Reading VINTF information.
01-01 14:35:35.996   454   454 I hwservicemanager: getDeviceHalManifest: Successfully processed VINTF information
01-01 14:35:35.996   454   454 I hwservicemanager: getFrameworkHalManifest: Successfully processed VINTF information
01-01 14:35:35.996   454   454 E SELinux : avc:  denied  { add } for interface=android.hidl.token::ITokenManager sid=u:r:recovery:s0 pid=454 scontext=u:r:recovery:s0 tcontext=u:object_r:hidl_token_hwservice:s0 tclass=hwservice_manager permissive=1
01-01 14:35:35.997   454   454 I hwservicemanager: hwservicemanager is ready now.
01-01 14:35:35.993     1     1 I unknown : type=1107 audit(0.0:27): uid=0 auid=4294967295 ses=4294967295 subj=u:r:init:s0 msg='avc: denied { set } for property=hwservicemanager.ready pid=454 uid=0 gid=0 scontext=u:r:recovery:s0 tcontext=u:object_r:hwservicemanager_prop:s0 tclass=property_service permissive=1'
01-01 14:35:35.975     0     0 I         : Mass Storage Function, version: 2009/09/11
01-01 14:35:35.975     0     0 I LUN     : removable read only CD-ROM file: (no medium)
01-01 14:35:35.978     0     0 I         : file system registered
01-01 14:35:35.980     0     0 I f_cdev_alloc: port_name:at_usb0 (0000000000000000) portno:(0)
