01-04 23:29:12.323   464   464 I recovery: type=1400 audit(0.0:468): avc: denied { open } for path="/dev/__properties__/u:object_r:wifi_hal_prop:s0" dev="tmpfs" ino=13523 scontext=u:r:recovery:s0 tcontext=u:object_r:wifi_hal_prop:s0 tclass=file permissive=1 ppid=1 pcomm="init" pgid=1 pgcomm="init"
01-04 23:29:12.323   464   464 I recovery: type=1400 audit(0.0:469): avc: denied { getattr } for path="/dev/__properties__/u:object_r:wifi_hal_prop:s0" dev="tmpfs" ino=13523 scontext=u:r:recovery:s0 tcontext=u:object_r:wifi_hal_prop:s0 tclass=file permissive=1 ppid=1 pcomm="init" pgid=1 pgcomm="init"
01-04 23:29:12.323   464   464 I recovery: type=1400 audit(0.0:470): avc: denied { map } for path="/dev/__properties__/u:object_r:wifi_hal_prop:s0" dev="tmpfs" ino=13523 scontext=u:r:recovery:s0 tcontext=u:object_r:wifi_hal_prop:s0 tclass=file permissive=1 ppid=1 pcomm="init" pgid=1 pgcomm="init"
01-04 23:29:12.323   464   464 I recovery: type=1400 audit(0.0:471): avc: denied { open } for path="/dev/__properties__/u:object_r:wifi_prop:s0" dev="tmpfs" ino=13525 scontext=u:r:recovery:s0 tcontext=u:object_r:wifi_prop:s0 tclass=file permissive=1 ppid=1 pcomm="init" pgid=1 pgcomm="init"
01-04 23:29:12.323   464   464 I recovery: type=1400 audit(0.0:472): avc: denied { getattr } for path="/dev/__properties__/u:object_r:wifi_prop:s0" dev="tmpfs" ino=13525 scontext=u:r:recovery:s0 tcontext=u:object_r:wifi_prop:s0 tclass=file permissive=1 ppid=1 pcomm="init" pgid=1 pgcomm="init"
01-04 23:29:12.323   464   464 I recovery: type=1400 audit(0.0:473): avc: denied { map } for path="/dev/__properties__/u:object_r:wifi_prop:s0" dev="tmpfs" ino=13525 scontext=u:r:recovery:s0 tcontext=u:object_r:wifi_prop:s0 tclass=file permissive=1 ppid=1 pcomm="init" pgid=1 pgcomm="init"
01-04 23:29:12.323   464   464 I recovery: type=1400 audit(0.0:474): avc: denied { open } for path="/dev/__properties__/u:object_r:zram_config_prop:s0" dev="tmpfs" ino=13526 scontext=u:r:recovery:s0 tcontext=u:object_r:zram_config_prop:s0 tclass=file permissive=1 ppid=1 pcomm="init" pgid=1 pgcomm="init"
01-04 23:29:12.323   464   464 I recovery: type=1400 audit(0.0:475): avc: denied { getattr } for path="/dev/__properties__/u:object_r:zram_config_prop:s0" dev="tmpfs" ino=13526 scontext=u:r:recovery:s0 tcontext=u:object_r:zram_config_prop:s0 tclass=file permissive=1 ppid=1 pcomm="init" pgid=1 pgcomm="init"
01-04 23:29:12.323   464   464 I recovery: type=1400 audit(0.0:476): avc: denied { map } for path="/dev/__properties__/u:object_r:zram_config_prop:s0" dev="tmpfs" ino=13526 scontext=u:r:recovery:s0 tcontext=u:object_r:zram_config_prop:s0 tclass=file permissive=1 ppid=1 pcomm="init" pgid=1 pgcomm="init"
01-04 23:29:12.323   464   464 I recovery: type=1400 audit(0.0:477): avc: denied { open } for path="/dev/__properties__/u:object_r:zram_control_prop:s0" dev="tmpfs" ino=13527 scontext=u:r:recovery:s0 tcontext=u:object_r:zram_control_prop:s0 tclass=file permissive=1 ppid=1 pcomm="init" pgid=1 pgcomm="init"
01-04 23:29:12.323   464   464 I recovery: type=1400 audit(0.0:478): avc: denied { getattr } for path="/dev/__properties__/u:object_r:zram_control_prop:s0" dev="tmpfs" ino=13527 scontext=u:r:recovery:s0 tcontext=u:object_r:zram_control_prop:s0 tclass=file permissive=1 ppid=1 pcomm="init" pgid=1 pgcomm="init"
01-04 23:29:12.323   464   464 I recovery: type=1400 audit(0.0:479): avc: denied { map } for path="/dev/__properties__/u:object_r:zram_control_prop:s0" dev="tmpfs" ino=13527 scontext=u:r:recovery:s0 tcontext=u:object_r:zram_control_prop:s0 tclass=file permissive=1 ppid=1 pcomm="init" pgid=1 pgcomm="init"
01-04 23:29:12.323   464   464 I recovery: type=1400 audit(0.0:480): avc: denied { write } for name="etc" dev="rootfs" ino=11100 scontext=u:r:recovery:s0 tcontext=u:object_r:rootfs:s0 tclass=dir permissive=1 ppid=1 pcomm="init" pgid=1 pgcomm="init"
01-04 23:29:12.323   464   464 I recovery: type=1400 audit(0.0:481): avc: denied { add_name } for name="mtab" scontext=u:r:recovery:s0 tcontext=u:object_r:rootfs:s0 tclass=dir permissive=1 ppid=1 pcomm="init" pgid=1 pgcomm="init"
01-04 23:29:12.323   464   464 I recovery: type=1400 audit(0.0:482): avc: denied { create } for name="mtab" scontext=u:r:recovery:s0 tcontext=u:object_r:rootfs:s0 tclass=lnk_file permissive=1 ppid=1 pcomm="init" pgid=1 pgcomm="init"
01-04 23:29:12.326   464   464 I recovery: type=1400 audit(0.0:483): avc: denied { write } for name="/" dev="rootfs" ino=2 scontext=u:r:recovery:s0 tcontext=u:object_r:rootfs:s0 tclass=dir permissive=1 ppid=1 pcomm="init" pgid=1 pgcomm="init"
01-04 23:29:12.326   464   464 I recovery: type=1400 audit(0.0:484): avc: denied { add_name } for name="persist" scontext=u:r:recovery:s0 tcontext=u:object_r:rootfs:s0 tclass=dir permissive=1 ppid=1 pcomm="init" pgid=1 pgcomm="init"
01-04 23:29:12.326   464   464 I recovery: type=1400 audit(0.0:485): avc: denied { create } for name="persist" scontext=u:r:recovery:s0 tcontext=u:object_r:rootfs:s0 tclass=dir permissive=1 ppid=1 pcomm="init" pgid=1 pgcomm="init"
01-04 23:29:12.341     0     0 W EXT4-fs (mmcblk0p2): warning: maximal mount count reached, running e2fsck is recommended
01-04 23:29:12.343     0     0 I EXT4-fs (mmcblk0p2): mounted filesystem with ordered data mode. Opts:
01-04 23:29:12.340   464   464 I recovery: type=1400 audit(0.0:486): avc: denied { search } for name="rtc" dev="sysfs" ino=25409 scontext=u:r:recovery:s0 tcontext=u:object_r:sysfs_rtc:s0 tclass=dir permissive=1 ppid=1 pcomm="init" pgid=1 pgcomm="init"
01-04 23:29:12.340   464   464 I recovery: type=1400 audit(0.0:487): avc: denied { sys_time } for capability=25 scontext=u:r:recovery:s0 tcontext=u:r:recovery:s0 tclass=capability permissive=1 ppid=1 pcomm="init" pgid=1 pgcomm="init"
01-04 23:29:12.344     0     0 I SELinux : Context u:object_r:vendor_persist_time_file:s0 is not valid (left unmapped).
04-03 23:41:56.768   464   464 I recovery: type=1400 audit(0.0:488): avc: denied { getattr } for path="/persist" dev="mmcblk0p2" ino=2 scontext=u:r:recovery:s0 tcontext=u:object_r:mnt_vendor_file:s0 tclass=dir permissive=1 ppid=1 pcomm="init" pgid=1 pgcomm="init"
04-03 23:41:56.771   464   464 I recovery: type=1400 audit(0.0:489): avc: denied { remove_name } for name="product" dev="rootfs" ino=10733 scontext=u:r:recovery:s0 tcontext=u:object_r:rootfs:s0 tclass=dir permissive=1 ppid=1 pcomm="init" pgid=1 pgcomm="init"
04-03 23:41:56.771   464   464 I recovery: type=1400 audit(0.0:490): avc: denied { unlink } for name="product" dev="rootfs" ino=10733 scontext=u:r:recovery:s0 tcontext=u:object_r:rootfs:s0 tclass=lnk_file permissive=1 ppid=1 pcomm="init" pgid=1 pgcomm="init"
04-03 23:41:56.780   464   464 I recovery: [libfs_mgr]Created logical partition system_b on device /dev/block/dm-0
04-03 23:41:56.784   464   464 I recovery: [libfs_mgr]Created logical partition product_b on device /dev/block/dm-1
04-03 23:41:56.787   464   464 I recovery: [libfs_mgr]Created logical partition system_ext_b on device /dev/block/dm-2
04-03 23:41:56.789   464   464 I recovery: [libfs_mgr]Created logical partition vendor_b on device /dev/block/dm-3
04-03 23:41:56.790   464   464 I recovery: [libfs_mgr]Created logical partition system_b-cow on device /dev/block/dm-4
04-03 23:41:56.790   464   464 I recovery: [libfs_mgr]Created logical partition product_b-cow on device /dev/block/dm-5
04-03 23:41:56.791   464   464 I recovery: [libfs_mgr]Created logical partition system_ext_b-cow on device /dev/block/dm-6
04-03 23:41:56.792   464   464 I recovery: [libfs_mgr]Created logical partition vendor_b-cow on device /dev/block/dm-7
01-04 23:29:12.377     0     0 I F2FS-fs (mmcblk0p86): Magic Mismatch, valid(0xf2f52010) - read(0xb64a61e6)
01-04 23:29:12.377     0     0 E F2FS-fs (mmcblk0p86): Can't find valid F2FS filesystem in 1th superblock
01-04 23:29:12.377     0     0 I F2FS-fs (mmcblk0p86): Magic Mismatch, valid(0xf2f52010) - read(0x8913abeb)
01-04 23:29:12.377     0     0 E F2FS-fs (mmcblk0p86): Can't find valid F2FS filesystem in 2th superblock
01-04 23:29:12.377     0     0 I F2FS-fs (mmcblk0p86): Magic Mismatch, valid(0xf2f52010) - read(0xb64a61e6)
01-04 23:29:12.377     0     0 E F2FS-fs (mmcblk0p86): Can't find valid F2FS filesystem in 1th superblock
01-04 23:29:12.378     0     0 I F2FS-fs (mmcblk0p86): Magic Mismatch, valid(0xf2f52010) - read(0x8913abeb)
01-04 23:29:12.378     0     0 E F2FS-fs (mmcblk0p86): Can't find valid F2FS filesystem in 2th superblock
01-04 23:29:12.385     0     0 I F2FS-fs (mmcblk0p86): Magic Mismatch, valid(0xf2f52010) - read(0xb64a61e6)
01-04 23:29:12.385     0     0 E F2FS-fs (mmcblk0p86): Can't find valid F2FS filesystem in 1th superblock
01-04 23:29:12.385     0     0 I F2FS-fs (mmcblk0p86): Magic Mismatch, valid(0xf2f52010) - read(0x8913abeb)
01-04 23:29:12.385     0     0 E F2FS-fs (mmcblk0p86): Can't find valid F2FS filesystem in 2th superblock
01-04 23:29:12.386     0     0 I F2FS-fs (mmcblk0p86): Magic Mismatch, valid(0xf2f52010) - read(0xb64a61e6)
01-04 23:29:12.386     0     0 E F2FS-fs (mmcblk0p86): Can't find valid F2FS filesystem in 1th superblock
01-04 23:29:12.386     0     0 I F2FS-fs (mmcblk0p86): Magic Mismatch, valid(0xf2f52010) - read(0x8913abeb)
01-04 23:29:12.386     0     0 E F2FS-fs (mmcblk0p86): Can't find valid F2FS filesystem in 2th superblock
04-03 23:41:56.805   464   464 I recovery: type=1400 audit(0.0:491): avc: denied { sys_rawio } for capability=17 scontext=u:r:recovery:s0 tcontext=u:r:recovery:s0 tclass=capability permissive=1 ppid=1 pcomm="init" pgid=1 pgcomm="init"
04-03 23:41:56.805   464   464 I recovery: type=1400 audit(0.0:492): avc: denied { create } for name="fstab" scontext=u:r:recovery:s0 tcontext=u:object_r:rootfs:s0 tclass=file permissive=1 ppid=1 pcomm="init" pgid=1 pgcomm="init"
04-03 23:41:56.805   464   464 I recovery: type=1400 audit(0.0:493): avc: denied { write } for path="/system/etc/fstab" dev="rootfs" ino=13741 scontext=u:r:recovery:s0 tcontext=u:object_r:rootfs:s0 tclass=file permissive=1 ppid=1 pcomm="init" pgid=1 pgcomm="init"
04-03 23:41:56.805     1     1 I unknown : type=1107 audit(0.0:494): uid=0 auid=4294967295 ses=4294967295 subj=u:r:init:s0 msg='avc: denied { set } for property=ro.crypto.state pid=464 uid=0 gid=0 scontext=u:r:recovery:s0 tcontext=u:object_r:vold_status_prop:s0 tclass=property_service permissive=1'
01-04 23:29:12.401     0     0 I EXT4-fs (mmcblk0p66): recovery complete
01-04 23:29:12.401     0     0 I EXT4-fs (mmcblk0p66): mounted filesystem with ordered data mode. Opts:
04-03 23:41:57.461   457   457 W HidlServiceManagement: Waited one second for android.hardware.keymaster@4.0::IKeymasterDevice/default
04-03 23:41:57.458   457   457 I Binder:457_2: type=1400 audit(0.0:495): avc: denied { call } for scontext=u:r:recovery:s0 tcontext=u:r:recovery:s0 tclass=binder permissive=1 ppid=1 pcomm="init" pgid=1 pgcomm="init"
04-03 23:41:57.461   454   454 I hwservicemanager: Since android.hardware.keymaster@4.0::IKeymasterDevice/default is not registered, trying to start it as a lazy HAL.
04-03 23:41:57.461   457   457 I HidlServiceManagement: getService: Trying again for android.hardware.keymaster@4.0::IKeymasterDevice/default...
04-03 23:41:57.462   454   529 W libc    : Unable to set property "ctl.interface_start" to "android.hardware.keymaster@4.0::IKeymasterDevice/default": error code: 0x20
04-03 23:41:57.462   454   529 I hwservicemanager: Tried to start android.hardware.keymaster@4.0::IKeymasterDevice/default as a lazy service, but was unable to. Usually this happens when a service is not installed, but if the service is intended to be used as a lazy service, then it may be configured incorrectly.
04-03 23:41:57.825   464   464 I recovery: fscrypt_mount_metadata_encrypted: /data encrypt: 0 format: 0 with f2fs
04-03 23:41:57.825   464   464 I recovery: [libfs_mgr]dt_fstab: Skip disabled entry for partition vendor
04-03 23:41:57.825   464   464 E recovery: [libfs_mgr]Error parsing mount_flags
04-03 23:41:57.825   464   464 E recovery: [libfs_mgr]ReadFstabFromFile(): failed to load fstab from : '/etc/recovery.fstab'
04-03 23:41:57.825   464   464 I recovery: [libfs_mgr]ReadDefaultFstab(): failed to find device default fstab
04-03 23:41:57.825   464   464 E recovery: Failed to open default fstab: No such file or directory
04-03 23:41:58.038   542   542 D QSEECOMD: : qseecom listener services process entry PPID = 1
04-03 23:41:58.038   542   542 E QSEECOMD: : Listener: index = 0, hierarchy = 0
04-03 23:41:58.039   542   542 D QSEECOMD: : Init dlopen(librpmb.so, RTLD_NOW) succeeds
04-03 23:41:58.039   542   542 D QSEECOMD: : Init::Init dlsym(g_FSHandle rpmb_init_service) succeeds
04-03 23:41:58.039   542   542 I rpmb_emmc: RPMB Mult (512-bytes sector) = 32768, Rel_sec_cnt = 32
04-03 23:41:58.039   542   542 E DrmLibRpmb: rpmb_init succeeded! with ret = 0
04-03 23:41:58.039   542   542 D QSEECOMD: : Init rpmb_init_service ret = 0
04-03 23:41:58.039   542   542 D QSEECOMD: : RPMB system services: init (Listener ID = 8192)
04-03 23:41:58.039   542   542 E QSEECOMD: : Listener: index = 1, hierarchy = 0
04-03 23:41:58.039   542   542 D QSEECOMD: : Init dlopen(libssd.so, RTLD_NOW) succeeds
04-03 23:41:58.039   542   542 D QSEECOMD: : Init::Init dlsym(g_FSHandle ssd_init_service) succeeds
04-03 23:41:58.039   542   542 E SSD     : ssd_init_service succeeded!
04-03 23:41:58.039   542   542 D QSEECOMD: : Init ssd_init_service ret = 0
04-03 23:41:58.039   542   542 D QSEECOMD: : SSD system services: init (Listener ID = 12288)
04-03 23:41:58.039   542   542 D QSEECOMD: : qseecom listener service threads starting!!! 
04-03 23:41:58.039   542   542 D QSEECOMD: : Total listener services to start = 10
04-03 23:41:58.040   542   542 E QSEECOMD: : Listener: index = 0, hierarchy = 1
04-03 23:41:58.040   542   542 D QSEECOMD: : Init dlopen(librpmb.so, RTLD_NOW) succeeds
04-03 23:41:58.040   542   542 D QSEECOMD: : Init::Init dlsym(g_FSHandle rpmb_start) succeeds
04-03 23:41:58.040   542   542 D QSEECOMAPI: QSEECom_register_listener 8192 sb_length = 0x6400
04-03 23:41:58.040   542   542 E ion     : ioctl c0044901 failed with code -1: Inappropriate ioctl for device
04-03 23:41:58.035   542   542 I qseecomd: type=1400 audit(0.0:496): avc: denied { read write } for name="qseecom" dev="tmpfs" ino=11433 scontext=u:r:recovery:s0 tcontext=u:object_r:device:s0 tclass=chr_file permissive=1 ppid=1 pcomm="init" pgid=1 pgcomm="init"
04-03 23:41:58.035   542   542 I qseecomd: type=1400 audit(0.0:497): avc: denied { open } for path="/dev/qseecom" dev="tmpfs" ino=11433 scontext=u:r:recovery:s0 tcontext=u:object_r:device:s0 tclass=chr_file permissive=1 ppid=1 pcomm="init" pgid=1 pgcomm="init"
04-03 23:41:58.035   542   542 I qseecomd: type=1400 audit(0.0:498): avc: denied { ioctl } for path="/dev/qseecom" dev="tmpfs" ino=11433 ioctlcmd=0x970a scontext=u:r:recovery:s0 tcontext=u:object_r:device:s0 tclass=chr_file permissive=1 ppid=1 pcomm="init" pgid=1 pgcomm="init"
04-03 23:41:58.035   542   542 I qseecomd: type=1400 audit(0.0:499): avc: denied { read } for name="ion" dev="tmpfs" ino=13633 scontext=u:r:recovery:s0 tcontext=u:object_r:ion_device:s0 tclass=chr_file permissive=1 ppid=1 pcomm="init" pgid=1 pgcomm="init"
04-03 23:41:58.035   542   542 I qseecomd: type=1400 audit(0.0:500): avc: denied { open } for path="/dev/ion" dev="tmpfs" ino=13633 scontext=u:r:recovery:s0 tcontext=u:object_r:ion_device:s0 tclass=chr_file permissive=1 ppid=1 pcomm="init" pgid=1 pgcomm="init"
04-03 23:41:58.035   542   542 I qseecomd: type=1400 audit(0.0:501): avc: denied { ioctl } for path="/dev/ion" dev="tmpfs" ino=13633 ioctlcmd=0x4901 scontext=u:r:recovery:s0 tcontext=u:object_r:ion_device:s0 tclass=chr_file permissive=1 ppid=1 pcomm="init" pgid=1 pgcomm="init"
04-03 23:41:58.040   542   542 D QSEECOMD: : Init rpmb_start ret = 0
04-03 23:41:58.040   542   542 D QSEECOMD: : RPMB system services: Started (Listener ID = 8192)
04-03 23:41:58.040   542   542 E QSEECOMD: : Listener: index = 1, hierarchy = 1
04-03 23:41:58.041   542   542 D QSEECOMD: : Init dlopen(libssd.so, RTLD_NOW) succeeds
04-03 23:41:58.041   542   542 D QSEECOMD: : Init::Init dlsym(g_FSHandle ssd_start) succeeds
04-03 23:41:58.041   542   542 D QSEECOMAPI: QSEECom_register_listener 12288 sb_length = 0x5000
04-03 23:41:58.041   542   542 D QSEECOMD: : Init ssd_start ret = 0
04-03 23:41:58.041   542   542 D QSEECOMD: : SSD system services: Started (Listener ID = 12288)
04-03 23:41:58.041   542   542 E QSEECOMD: : Listener: index = 2, hierarchy = 1
04-03 23:41:58.044   542   542 D QSEECOMD: : Init dlopen(libsecureui.so, RTLD_NOW) succeeds
04-03 23:41:58.044   542   542 D QSEECOMD: : Init::Init dlsym(g_FSHandle secure_ui_start) succeeds
04-03 23:41:58.044   542   542 D QSEECOMAPI: QSEECom_register_listener 16384 sb_length = 0x10a8
04-03 23:41:58.045   542   542 D QSEECOMD: : Init secure_ui_start ret = 0
04-03 23:41:58.045   542   542 D QSEECOMD: : secure UI services: Started (Listener ID = 16384)
04-03 23:41:58.045   542   542 E QSEECOMD: : Listener: index = 3, hierarchy = 1
04-03 23:41:58.045   542   542 D QSEECOMD: : Init dlopen(libdrmtime.so, RTLD_NOW) succeeds
04-03 23:41:58.045   542   542 D QSEECOMD: : Init::Init dlsym(g_FSHandle atime_start) succeeds
04-03 23:41:58.045   542   542 D DrmLibTime: QSEE Time Listener: atime_start
04-03 23:41:58.045   542   542 D QSEECOMAPI: QSEECom_register_listener 11 sb_length = 0x5000
04-03 23:41:58.046   542   542 D DrmLibTime: registering fs service to QSEECom is done!
04-03 23:41:58.046   542   542 D DrmLibTime: begin to create a thread!
04-03 23:41:58.046   542   542 D DrmLibTime: Creating a pthread in atime_start is done! return 0
04-03 23:41:58.046   542   542 D QSEECOMD: : Init atime_start ret = 0
04-03 23:41:58.046   542   546 D DrmLibTime: QSEE Time Listener: dispatch
04-03 23:41:58.046   542   542 D QSEECOMD: : time services: Started (Listener ID = 11)
04-03 23:41:58.046   542   542 E QSEECOMD: : Listener: index = 4, hierarchy = 1
04-03 23:41:58.046   542   542 D QSEECOMD: : Init dlopen(libdrmfs.so, RTLD_NOW) succeeds
04-03 23:41:58.046   542   542 D QSEECOMD: : Init::Init dlsym(g_FSHandle fs_start) succeeds
04-03 23:41:58.046   542   542 D QSEECOMAPI: QSEECom_register_listener 10 sb_length = 0x5000
04-03 23:41:58.046   542   546 D DrmLibTime: before calling ioctl to read the next time_cmd
04-03 23:41:58.046   542   542 D QSEECOMD: : Init fs_start ret = 0
04-03 23:41:58.046   542   542 D QSEECOMD: : file system services: Started (Listener ID = 10)
04-03 23:41:58.046   542   542 E QSEECOMD: : Listener: index = 5, hierarchy = 1
04-03 23:41:58.046   542   542 D QSEECOMD: : Init dlopen(libdrmfs.so, RTLD_NOW) succeeds
04-03 23:41:58.046   542   542 D QSEECOMD: : Init::Init dlsym(g_FSHandle gpfs_start) succeeds
04-03 23:41:58.047   542   542 D QSEECOMAPI: QSEECom_register_listener 28672 sb_length = 0x7e000
04-03 23:41:58.047   542   542 D QSEECOMD: : Init gpfs_start ret = 0
04-03 23:41:58.047   542   542 D QSEECOMD: : gpfile system services: Started (Listener ID = 28672)
04-03 23:41:58.047   542   542 E QSEECOMD: : Listener: index = 6, hierarchy = 1
04-03 23:41:58.048   542   542 D QSEECOMD: : Init dlopen(libqisl.so, RTLD_NOW) succeeds
04-03 23:41:58.048   542   542 D QSEECOMD: : Init::Init dlsym(g_FSHandle qisl_start) succeeds
--------- beginning of system
04-03 23:41:58.048   542   549 I QISL    : QSEE Interrupt Service Listener Thread is started
04-03 23:41:58.048   542   549 D QSEECOMAPI: QSEECom_register_listener 36864 sb_length = 0x1f4
04-03 23:41:58.048   542   549 I QISL    : QSEE Interrupt Service Listener was activated successfully
04-03 23:41:58.048   542   542 D QSEECOMD: : Init qisl_start ret = 0
04-03 23:41:58.048   542   542 D QSEECOMD: : interrupt services: Started (Listener ID = 36864)
04-03 23:41:58.048   542   542 E QSEECOMD: : Listener: index = 7, hierarchy = 1
04-03 23:41:58.049   542   542 D QSEECOMD: : Init dlopen(libspl.so, RTLD_NOW) succeeds
04-03 23:41:58.049   542   542 D QSEECOMD: : Init::Init dlsym(g_FSHandle spl_start) succeeds
04-03 23:41:58.049   542   542 D SPL     : Call QSEECom_register_listener()
04-03 23:41:58.049   542   542 D QSEECOMAPI: QSEECom_register_listener 45056 sb_length = 0x400
04-03 23:41:58.049   542   542 D SPL     : Registered listener sucessfully!
04-03 23:41:58.049   542   542 D SPL     : pipe read-fd [34] write-fd [35]
04-03 23:41:58.049   542   542 D SPL     : Create thread
04-03 23:41:58.049   542   542 D SPL     : Thread created sucessfully.
04-03 23:41:58.049   542   550 D SPL     : spl_dispatch() started
04-03 23:41:58.049   542   542 D QSEECOMD: : Init spl_start ret = 0
04-03 23:41:58.049   542   542 D QSEECOMD: : secure processor services: Started (Listener ID = 45056)
04-03 23:41:58.049   542   542 E QSEECOMD: : Listener: index = 8, hierarchy = 1
04-03 23:41:58.049   542   550 D SPL     : ==== Wait For Request ======
04-03 23:41:58.049   542   542 D QSEECOMD: : Init dlopen(libGPreqcancel.so, RTLD_NOW) succeeds
04-03 23:41:58.049   542   542 D QSEECOMD: : Init::Init dlsym(g_FSHandle gp_reqcancel_start) succeeds
04-03 23:41:58.049   542   542 D QSEECOMAPI: QSEECom_register_listener 4352 sb_length = 0x5000
04-03 23:41:58.050   542   542 D QSEECOMD: : Init gp_reqcancel_start ret = 0
04-03 23:41:58.050   542   542 D QSEECOMD: : gp request cancellation services: Started (Listener ID = 4352)
04-03 23:41:58.050   542   542 E QSEECOMD: : Listener: index = 9, hierarchy = 1
04-03 23:41:58.050   542   542 D QSEECOMD: : Init dlopen(libops.so, RTLD_NOW) succeeds
04-03 23:41:58.050   542   542 D QSEECOMD: : Init::Init dlsym(g_FSHandle ops_start) succeeds
04-03 23:41:58.050   542   542 D OPS_SERVICE: Entering ops_start!
04-03 23:41:58.050   542   542 D QSEECOMAPI: QSEECom_register_listener 49152 sb_length = 0x6400
04-03 23:41:58.051   542   542 D OPS_SERVICE: registering ops service to QSEECom is done!
04-03 23:41:58.051   542   542 D OPS_SERVICE: begin to create a thread!
04-03 23:41:58.051   542   542 D OPS_SERVICE: Creating a pthread in ops_start is done! return 0
04-03 23:41:58.051   542   552 D OPS_SERVICE: OPS_SERVICE Dispatch starts! 
04-03 23:41:58.051   542   552 D OPS_SERVICE: before calling ioctl to read the next ops_cmd
04-03 23:41:58.051   542   542 D QSEECOMD: : Init ops_start ret = 0
04-03 23:41:58.051   542   542 D QSEECOMD: : output protection service listener: Started (Listener ID = 49152)
04-03 23:41:58.051   542   542 D QSEECOMD: : QSEECOM DAEMON RUNNING 
04-03 23:41:58.048     1     1 I unknown : type=1107 audit(0.0:502): uid=0 auid=4294967295 ses=4294967295 subj=u:r:init:s0 msg='avc: denied { set } for property=vendor.sys.listeners.registered pid=542 uid=1000 gid=1000 scontext=u:r:recovery:s0 tcontext=u:object_r:vendor_default_prop:s0 tclass=property_service permissive=1'
04-03 23:41:58.060   553   553 E cutils-trace: Error opening trace file: No such file or directory (2)
04-03 23:41:58.055   454   454 I hwservicemanage: type=1400 audit(0.0:503): avc: denied { write } for name="access" dev="selinuxfs" ino=6 scontext=u:r:recovery:s0 tcontext=u:object_r:selinuxfs:s0 tclass=file permissive=1 ppid=1 pcomm="init" pgid=1 pgcomm="init"
04-03 23:41:58.060   454   454 E SELinux : avc:  denied  { find } for interface=android.hardware.gatekeeper::IGatekeeper sid=u:r:recovery:s0 pid=553 scontext=u:r:recovery:s0 tcontext=u:object_r:hal_gatekeeper_hwservice:s0 tclass=hwservice_manager permissive=1
04-03 23:41:58.060   553   553 D vndksupport: Loading /vendor/lib64/hw/android.hardware.gatekeeper@1.0-impl-qti.so from current namespace instead of sphal namespace.
04-03 23:41:58.085   553   553 D QSEECOMAPI: QSEECom_get_handle sb_length = 0xa000
04-03 23:41:58.085   553   553 D QSEECOMAPI: App is already loaded QSEE and app id = 1
04-03 23:41:58.085   553   553 E ion     : ioctl c0044901 failed with code -1: Inappropriate ioctl for device
04-03 23:41:58.086   553   553 E KeymasterUtils: TA API Major Version: 4
04-03 23:41:58.086   553   553 E KeymasterUtils: TA API Minor Version: 0
04-03 23:41:58.086   553   553 E KeymasterUtils: TA Major Version: 4
04-03 23:41:58.086   553   553 E KeymasterUtils: TA Minor Version: 544
04-03 23:41:58.087   454   454 E SELinux : avc:  denied  { add } for interface=android.hardware.gatekeeper::IGatekeeper sid=u:r:recovery:s0 pid=553 scontext=u:r:recovery:s0 tcontext=u:object_r:hal_gatekeeper_hwservice:s0 tclass=hwservice_manager permissive=1
04-03 23:41:58.085   553   553 I android.hardwar: type=1400 audit(0.0:504): avc: denied { transfer } for scontext=u:r:recovery:s0 tcontext=u:r:recovery:s0 tclass=binder permissive=1 ppid=1 pcomm="init" pgid=1 pgcomm="init"
04-03 23:41:58.088   553   553 I HidlServiceManagement: Registered android.hardware.gatekeeper@1.0::IGatekeeper/default
04-03 23:41:58.088   553   553 I HidlServiceManagement: Removing namespace from process name android.hardware.gatekeeper@1.0-service-qti to gatekeeper@1.0-service-qti.
04-03 23:41:58.088   553   553 I LegacySupport: Registration complete for android.hardware.gatekeeper@1.0::IGatekeeper/default.
04-03 23:41:58.462   457   457 W HidlServiceManagement: Waited one second for android.hardware.keymaster@4.0::IKeymasterDevice/default
04-03 23:41:58.462   454   454 I hwservicemanager: Since android.hardware.keymaster@4.0::IKeymasterDevice/default is not registered, trying to start it as a lazy HAL.
04-03 23:41:58.462   457   457 I HidlServiceManagement: getService: Trying again for android.hardware.keymaster@4.0::IKeymasterDevice/default...
04-03 23:41:58.462   454   554 W libc    : Unable to set property "ctl.interface_start" to "android.hardware.keymaster@4.0::IKeymasterDevice/default": error code: 0x20
04-03 23:41:58.462   454   554 I hwservicemanager: Tried to start android.hardware.keymaster@4.0::IKeymasterDevice/default as a lazy service, but was unable to. Usually this happens when a service is not installed, but if the service is intended to be used as a lazy service, then it may be configured incorrectly.
04-03 23:41:58.825   464   464 I recovery: type=1400 audit(0.0:505): avc: denied { write } for name="by-name" dev="tmpfs" ino=1318 scontext=u:r:recovery:s0 tcontext=u:object_r:block_device:s0 tclass=dir permissive=1 ppid=1 pcomm="init" pgid=1 pgcomm="init"
04-03 23:41:58.825   464   464 I recovery: type=1400 audit(0.0:506): avc: denied { add_name } for name="boot" scontext=u:r:recovery:s0 tcontext=u:object_r:block_device:s0 tclass=dir permissive=1 ppid=1 pcomm="init" pgid=1 pgcomm="init"
04-03 23:41:58.825   464   464 I recovery: type=1400 audit(0.0:507): avc: denied { create } for name="boot" scontext=u:r:recovery:s0 tcontext=u:object_r:block_device:s0 tclass=lnk_file permissive=1 ppid=1 pcomm="init" pgid=1 pgcomm="init"
04-03 23:41:58.825   464   464 I recovery: type=1400 audit(0.0:508): avc: denied { remove_name } for name="boot" dev="tmpfs" ino=14493 scontext=u:r:recovery:s0 tcontext=u:object_r:block_device:s0 tclass=dir permissive=1 ppid=1 pcomm="init" pgid=1 pgcomm="init"
04-03 23:41:58.825   464   464 I recovery: type=1400 audit(0.0:509): avc: denied { unlink } for name="boot" dev="tmpfs" ino=14493 scontext=u:r:recovery:s0 tcontext=u:object_r:block_device:s0 tclass=lnk_file permissive=1 ppid=1 pcomm="init" pgid=1 pgcomm="init"
04-03 23:41:58.826   464   464 E Cryptfs : cryptfs_get_password_type not valid for file encryption
04-03 23:41:58.825   464   464 I recovery: type=1400 audit(0.0:510): avc: denied { ioctl } for path="/dev/block/mmcblk0p43" dev="tmpfs" ino=11403 ioctlcmd=0x1260 scontext=u:r:recovery:s0 tcontext=u:object_r:block_device:s0 tclass=blk_file permissive=1 ppid=1 pcomm="init" pgid=1 pgcomm="init"
01-04 23:29:14.414     0     0 I F2FS-fs (mmcblk0p86): Magic Mismatch, valid(0xf2f52010) - read(0xb64a61e6)
01-04 23:29:14.414     0     0 E F2FS-fs (mmcblk0p86): Can't find valid F2FS filesystem in 1th superblock
01-04 23:29:14.414     0     0 I F2FS-fs (mmcblk0p86): Magic Mismatch, valid(0xf2f52010) - read(0x8913abeb)
01-04 23:29:14.414     0     0 E F2FS-fs (mmcblk0p86): Can't find valid F2FS filesystem in 2th superblock
01-04 23:29:14.414     0     0 I F2FS-fs (mmcblk0p86): Magic Mismatch, valid(0xf2f52010) - read(0xb64a61e6)
01-04 23:29:14.414     0     0 E F2FS-fs (mmcblk0p86): Can't find valid F2FS filesystem in 1th superblock
01-04 23:29:14.414     0     0 I F2FS-fs (mmcblk0p86): Magic Mismatch, valid(0xf2f52010) - read(0x8913abeb)
01-04 23:29:14.414     0     0 E F2FS-fs (mmcblk0p86): Can't find valid F2FS filesystem in 2th superblock
01-04 23:29:14.423     0     0 I EXT4-fs (mmcblk0p84): mounted filesystem with ordered data mode. Opts:
04-03 23:41:58.855   464   464 I recovery: type=1400 audit(0.0:511): avc: denied { ioctl } for path="/dev/block/dm-1" dev="tmpfs" ino=2368 ioctlcmd=0x5331 scontext=u:r:recovery:s0 tcontext=u:object_r:dm_device:s0 tclass=blk_file permissive=1 ppid=1 pcomm="init" pgid=1 pgcomm="init"
01-04 23:29:14.435     0     0 I EXT4-fs (mmcblk0p2): mounted filesystem with ordered data mode. Opts:
01-04 23:29:14.447     0     0 I EXT4-fs (dm-1): mounted filesystem without journal. Opts:
04-03 23:41:58.868   464   464 I recovery: type=1400 audit(0.0:512): avc: denied { ioctl } for path="/dev/block/dm-1" dev="tmpfs" ino=2368 ioctlcmd=0x1260 scontext=u:r:recovery:s0 tcontext=u:object_r:dm_device:s0 tclass=blk_file permissive=1 ppid=1 pcomm="init" pgid=1 pgcomm="init"
04-03 23:41:59.065   464   464 I recovery: type=1400 audit(0.0:513): avc: denied { ioctl } for path="/dev/block/dm-0" dev="tmpfs" ino=2363 ioctlcmd=0x5331 scontext=u:r:recovery:s0 tcontext=u:object_r:dm_device:s0 tclass=blk_file permissive=1 ppid=1 pcomm="init" pgid=1 pgcomm="init"
04-03 23:41:59.078   464   464 I recovery: type=1400 audit(0.0:514): avc: denied { ioctl } for path="/dev/block/dm-0" dev="tmpfs" ino=2363 ioctlcmd=0x5331 scontext=u:r:recovery:s0 tcontext=u:object_r:dm_device:s0 tclass=blk_file permissive=1 ppid=1 pcomm="init" pgid=1 pgcomm="init"
01-04 23:29:14.658     0     0 I EXT4-fs (dm-0): mounted filesystem without journal. Opts:
01-04 23:29:14.670     0     0 W EXT4-fs (dm-0): warning: mounting unchecked fs, running e2fsck is recommended
01-04 23:29:14.671     0     0 I EXT4-fs (dm-0): mounted filesystem without journal. Opts:
04-03 23:41:59.095   464   464 I recovery: type=1400 audit(0.0:515): avc: denied { ioctl } for path="/dev/block/dm-3" dev="tmpfs" ino=2374 ioctlcmd=0x5331 scontext=u:r:recovery:s0 tcontext=u:object_r:dm_device:s0 tclass=blk_file permissive=1 ppid=1 pcomm="init" pgid=1 pgcomm="init"
01-04 23:29:14.686     0     0 I EXT4-fs (dm-3): mounted filesystem without journal. Opts:
04-03 23:41:59.115   464   464 I recovery: type=1400 audit(0.0:516): avc: denied { create } for scontext=u:r:recovery:s0 tcontext=u:r:recovery:s0 tclass=netlink_kobject_uevent_socket permissive=1 ppid=1 pcomm="init" pgid=1 pgcomm="init"
04-03 23:41:59.115   464   464 I recovery: type=1400 audit(0.0:517): avc: denied { bind } for scontext=u:r:recovery:s0 tcontext=u:r:recovery:s0 tclass=netlink_kobject_uevent_socket permissive=1 ppid=1 pcomm="init" pgid=1 pgcomm="init"
04-03 23:41:59.115   464   464 I recovery: type=1400 audit(0.0:518): avc: denied { ioctl } for path="/dev/block/dm-0" dev="tmpfs" ino=2363 ioctlcmd=0x5331 scontext=u:r:recovery:s0 tcontext=u:object_r:dm_device:s0 tclass=blk_file permissive=1 ppid=1 pcomm="init" pgid=1 pgcomm="init"
01-04 23:29:14.695     0     0 I F2FS-fs (mmcblk0p86): Magic Mismatch, valid(0xf2f52010) - read(0xb64a61e6)
01-04 23:29:14.695     0     0 E F2FS-fs (mmcblk0p86): Can't find valid F2FS filesystem in 1th superblock
01-04 23:29:14.695     0     0 I F2FS-fs (mmcblk0p86): Magic Mismatch, valid(0xf2f52010) - read(0x8913abeb)
01-04 23:29:14.695     0     0 E F2FS-fs (mmcblk0p86): Can't find valid F2FS filesystem in 2th superblock
01-04 23:29:14.695     0     0 I F2FS-fs (mmcblk0p86): Magic Mismatch, valid(0xf2f52010) - read(0xb64a61e6)
01-04 23:29:14.695     0     0 E F2FS-fs (mmcblk0p86): Can't find valid F2FS filesystem in 1th superblock
01-04 23:29:14.695     0     0 I F2FS-fs (mmcblk0p86): Magic Mismatch, valid(0xf2f52010) - read(0x8913abeb)
01-04 23:29:14.695     0     0 E F2FS-fs (mmcblk0p86): Can't find valid F2FS filesystem in 2th superblock
01-04 23:29:14.709     0     0 W EXT4-fs (dm-0): warning: mounting unchecked fs, running e2fsck is recommended
01-04 23:29:14.710     0     0 I EXT4-fs (dm-0): mounted filesystem without journal. Opts:
04-03 23:41:59.135   464   464 I recovery: type=1400 audit(0.0:519): avc: denied { write } for name="properties_serial" dev="tmpfs" ino=13530 scontext=u:r:recovery:s0 tcontext=u:object_r:properties_serial:s0 tclass=file permissive=1 ppid=1 pcomm="init" pgid=1 pgcomm="init"
04-03 23:41:59.135   464   464 I recovery: type=1400 audit(0.0:520): avc: denied { write } for name="u:object_r:build_prop:s0" dev="tmpfs" ino=13318 scontext=u:r:recovery:s0 tcontext=u:object_r:build_prop:s0 tclass=file permissive=1 ppid=1 pcomm="init" pgid=1 pgcomm="init"
04-03 23:41:59.135   464   464 I recovery: type=1400 audit(0.0:521): avc: denied { ioctl } for path="/dev/block/dm-0" dev="tmpfs" ino=2363 ioctlcmd=0x5331 scontext=u:r:recovery:s0 tcontext=u:object_r:dm_device:s0 tclass=blk_file permissive=1 ppid=1 pcomm="init" pgid=1 pgcomm="init"
01-04 23:29:14.727     0     0 W EXT4-fs (dm-0): warning: mounting unchecked fs, running e2fsck is recommended
01-04 23:29:14.728     0     0 I EXT4-fs (dm-0): mounted filesystem without journal. Opts:
04-03 23:41:59.151   464   464 I recovery: type=1400 audit(0.0:522): avc: denied { write } for name="u:object_r:fingerprint_prop:s0" dev="tmpfs" ino=13396 scontext=u:r:recovery:s0 tcontext=u:object_r:fingerprint_prop:s0 tclass=file permissive=1 ppid=1 pcomm="init" pgid=1 pgcomm="init"
04-03 23:41:59.151   464   464 I recovery: type=1400 audit(0.0:523): avc: denied { ioctl } for path="/dev/block/dm-0" dev="tmpfs" ino=2363 ioctlcmd=0x5331 scontext=u:r:recovery:s0 tcontext=u:object_r:dm_device:s0 tclass=blk_file permissive=1 ppid=1 pcomm="init" pgid=1 pgcomm="init"
01-04 23:29:14.744     0     0 W EXT4-fs (dm-0): warning: mounting unchecked fs, running e2fsck is recommended
01-04 23:29:14.745     0     0 I EXT4-fs (dm-0): mounted filesystem without journal. Opts:
04-03 23:41:59.168   464   464 I recovery: type=1400 audit(0.0:524): avc: denied { ioctl } for path="/dev/block/dm-0" dev="tmpfs" ino=2363 ioctlcmd=0x5331 scontext=u:r:recovery:s0 tcontext=u:object_r:dm_device:s0 tclass=blk_file permissive=1 ppid=1 pcomm="init" pgid=1 pgcomm="init"
01-04 23:29:14.760     0     0 W EXT4-fs (dm-0): warning: mounting unchecked fs, running e2fsck is recommended
01-04 23:29:14.761     0     0 I EXT4-fs (dm-0): mounted filesystem without journal. Opts:
04-03 23:41:59.185   464   464 I recovery: type=1400 audit(0.0:525): avc: denied { ioctl } for path="/dev/block/dm-0" dev="tmpfs" ino=2363 ioctlcmd=0x5331 scontext=u:r:recovery:s0 tcontext=u:object_r:dm_device:s0 tclass=blk_file permissive=1 ppid=1 pcomm="init" pgid=1 pgcomm="init"
01-04 23:29:14.777     0     0 W EXT4-fs (dm-0): warning: mounting unchecked fs, running e2fsck is recommended
01-04 23:29:14.777     0     0 I EXT4-fs (dm-0): mounted filesystem without journal. Opts:
04-03 23:41:59.201   464   464 I recovery: type=1400 audit(0.0:526): avc: denied { ioctl } for path="/dev/block/dm-0" dev="tmpfs" ino=2363 ioctlcmd=0x5331 scontext=u:r:recovery:s0 tcontext=u:object_r:dm_device:s0 tclass=blk_file permissive=1 ppid=1 pcomm="init" pgid=1 pgcomm="init"
01-04 23:29:14.793     0     0 W EXT4-fs (dm-0): warning: mounting unchecked fs, running e2fsck is recommended
01-04 23:29:14.793     0     0 I EXT4-fs (dm-0): mounted filesystem without journal. Opts:
01-04 23:29:14.812     0     0 I F2FS-fs (mmcblk0p86): Magic Mismatch, valid(0xf2f52010) - read(0xb64a61e6)
01-04 23:29:14.812     0     0 E F2FS-fs (mmcblk0p86): Can't find valid F2FS filesystem in 1th superblock
01-04 23:29:14.813     0     0 I F2FS-fs (mmcblk0p86): Magic Mismatch, valid(0xf2f52010) - read(0x8913abeb)
01-04 23:29:14.813     0     0 E F2FS-fs (mmcblk0p86): Can't find valid F2FS filesystem in 2th superblock
01-04 23:29:14.813     0     0 I F2FS-fs (mmcblk0p86): Magic Mismatch, valid(0xf2f52010) - read(0xb64a61e6)
01-04 23:29:14.813     0     0 E F2FS-fs (mmcblk0p86): Can't find valid F2FS filesystem in 1th superblock
01-04 23:29:14.813     0     0 I F2FS-fs (mmcblk0p86): Magic Mismatch, valid(0xf2f52010) - read(0x8913abeb)
01-04 23:29:14.813     0     0 E F2FS-fs (mmcblk0p86): Can't find valid F2FS filesystem in 2th superblock
01-04 23:29:14.827     0     0 W FAT-fs (mmcblk1p1): Volume was not properly unmounted. Some data may be corrupt. Please run fsck.
04-03 23:41:59.418   464   464 I recovery: type=1400 audit(0.0:527): avc: denied { create } for name="orsin" scontext=u:r:recovery:s0 tcontext=u:object_r:rootfs:s0 tclass=fifo_file permissive=1 ppid=1 pcomm="init" pgid=1 pgcomm="init"
04-03 23:41:59.418   464   464 I recovery: type=1400 audit(0.0:528): avc: denied { read } for name="orsin" dev="rootfs" ino=12360 scontext=u:r:recovery:s0 tcontext=u:object_r:rootfs:s0 tclass=fifo_file permissive=1 ppid=1 pcomm="init" pgid=1 pgcomm="init"
04-03 23:41:59.418   464   464 I recovery: type=1400 audit(0.0:529): avc: denied { open } for path="/system/bin/orsin" dev="rootfs" ino=12360 scontext=u:r:recovery:s0 tcontext=u:object_r:rootfs:s0 tclass=fifo_file permissive=1 ppid=1 pcomm="init" pgid=1 pgcomm="init"
04-03 23:41:59.418   464   464 I recovery: type=1400 audit(0.0:530): avc: denied { read } for scontext=u:r:recovery:s0 tcontext=u:r:recovery:s0 tclass=netlink_kobject_uevent_socket permissive=1 ppid=1 pcomm="init" pgid=1 pgcomm="init"
04-03 23:41:59.425   464   464 I ArmToArm64Assembler: generated scanline__00000077:03545401_00000000_00000000 [ 65 ipp] (94 ins) at [0x746c9e9b40:0x746c9e9cb8] in 70260ns
04-03 23:41:59.462   457   457 W HidlServiceManagement: Waited one second for android.hardware.keymaster@4.0::IKeymasterDevice/default
04-03 23:41:59.463   454   454 I hwservicemanager: Since android.hardware.keymaster@4.0::IKeymasterDevice/default is not registered, trying to start it as a lazy HAL.
04-03 23:41:59.463   457   457 I HidlServiceManagement: getService: Trying again for android.hardware.keymaster@4.0::IKeymasterDevice/default...
04-03 23:41:59.464   454   572 W libc    : Unable to set property "ctl.interface_start" to "android.hardware.keymaster@4.0::IKeymasterDevice/default": error code: 0x20
04-03 23:41:59.464   454   572 I hwservicemanager: Tried to start android.hardware.keymaster@4.0::IKeymasterDevice/default as a lazy service, but was unable to. Usually this happens when a service is not installed, but if the service is intended to be used as a lazy service, then it may be configured incorrectly.
01-04 23:29:16.013     0     0 I init    : starting service 'adbd'...
01-04 23:29:16.014     0     0 I init    : Created socket '/dev/socket/adbd', mode 660, user 1000, group 1000
04-03 23:42:00.463   457   457 W HidlServiceManagement: Waited one second for android.hardware.keymaster@4.0::IKeymasterDevice/default
04-03 23:42:00.464   454   454 I hwservicemanager: Since android.hardware.keymaster@4.0::IKeymasterDevice/default is not registered, trying to start it as a lazy HAL.
04-03 23:42:00.464   457   457 I HidlServiceManagement: getService: Trying again for android.hardware.keymaster@4.0::IKeymasterDevice/default...
04-03 23:42:00.464   454   575 W libc    : Unable to set property "ctl.interface_start" to "android.hardware.keymaster@4.0::IKeymasterDevice/default": error code: 0x20
04-03 23:42:00.464   454   575 I hwservicemanager: Tried to start android.hardware.keymaster@4.0::IKeymasterDevice/default as a lazy service, but was unable to. Usually this happens when a service is not installed, but if the service is intended to be used as a lazy service, then it may be configured incorrectly.
01-04 23:29:16.041     0     0 E init    : Control message: Could not find 'android.hardware.keymaster@4.0::IKeymasterDevice/default' for ctl.interface_start from pid: 454 (/system/bin/hwservicemanager)
04-03 23:42:00.472   574   574 I adbd    : persist.adb.watchdog set to ''
04-03 23:42:00.472   574   574 I adbd    : persist.sys.test_harness set to ''
04-03 23:42:00.472   574   574 I adbd    : adb watchdog timeout set to 600 seconds
04-03 23:42:00.472   574   577 I adbd    : Waiting for persist.adb.tls_server.enable=1
04-03 23:42:00.473   574   574 I adbd    : adbd started
04-03 23:42:00.473   574   579 I adbd    : opening control endpoint /dev/usb-ffs/adb/ep0
04-03 23:42:00.474   574   579 I adbd    : UsbFfsConnection constructed
01-04 23:29:16.050     0     0 I         : read descriptors
01-04 23:29:16.050     0     0 I         : read strings
04-03 23:42:00.474   574   580 I adbd    : UsbFfs-monitor thread spawned
01-04 23:29:16.051     0     0 I init    : processing action (sys.usb.config=adb && sys.usb.configfs=1 && sys.usb.ffs.ready=1) from (/system/etc/init/hw/init.rc:201)
01-04 23:29:16.056     0     0 I android_work: did not send uevent (0 0 0000000000000000)
01-04 23:29:16.057     0     0 I init    : processing action (sys.usb.config=adb && sys.usb.configfs=1 && sys.usb.ffs.ready=1) from (/init.recovery.usb.rc:116)
04-03 23:42:00.481   574   580 I adbd    : USB event: FUNCTIONFS_BIND
01-04 23:29:16.058     0     0 I init    : Command 'symlink /config/usb_gadget/g1/functions/ffs.adb /config/usb_gadget/g1/configs/b.1/f1' action=sys.usb.config=adb && sys.usb.configfs=1 && sys.usb.ffs.ready=1 (/init.recovery.usb.rc:120) took 0ms and failed: symlink() failed: File exists
01-04 23:29:16.058     0     0 I init    : Command 'write /config/usb_gadget/g1/UDC ${sys.usb.controller}' action=sys.usb.config=adb && sys.usb.configfs=1 && sys.usb.ffs.ready=1 (/init.recovery.usb.rc:121) took 0ms and failed: Unable to write to file '/config/usb_gadget/g1/UDC': Unable to write file contents: Device or resource busy
01-04 23:29:16.192     0     0 I msm-dwc3 4e00000.ssusb: Avail curr from USB = 100
01-04 23:29:16.193     0     0 I pmi632_charger: smblib_set_icl_current: set ICL to 50000uA
01-04 23:29:16.193     0     0 I pmi632_charger: somc_aicl_irq_handler: IRQ: aicl-done
01-04 23:29:16.317     0     0 I android_work: sent uevent USB_STATE=CONNECTED
01-04 23:29:16.323     0     0 I android_work: sent uevent USB_STATE=DISCONNECTED
01-04 23:29:16.508     0     0 I pmi632_charger: chg_state_change_irq_handler: IRQ: chg-state-change
01-04 23:29:16.520     0     0 I ALG     : cap_learning_update: [SOMC CL][OFF] charge_status:1 bsoc_cp:7500
01-04 23:29:16.533     0     0 I android_work: sent uevent USB_STATE=CONNECTED
04-03 23:42:00.961   464   464 I recovery: type=1400 audit(0.0:531): avc: denied { read } for scontext=u:r:recovery:s0 tcontext=u:r:recovery:s0 tclass=netlink_kobject_uevent_socket permissive=1 ppid=1 pcomm="init" pgid=1 pgcomm="init"
01-04 23:29:16.571     0     0 I configfs-gadget gadget: high-speed config #1: b
01-04 23:29:16.571     0     0 I msm-dwc3 4e00000.ssusb: Avail curr from USB = 500
04-03 23:42:00.994   574   580 I adbd    : USB event: FUNCTIONFS_ENABLE
04-03 23:42:00.994   574   582 I adbd    : UsbFfs-worker thread spawned
01-04 23:29:16.571     0     0 I pmi632_charger: smblib_set_icl_current: set ICL to 500000uA
01-04 23:29:16.571     0     0 I android_work: sent uevent USB_STATE=CONFIGURED
01-04 23:29:16.839     0     0 I pmi632_charger: smblib_icl_change_work: icl_settled=500000
01-04 23:29:16.839     0     0 I pmi632_charger: somc_aicl_irq_handler: IRQ: aicl-done
04-03 23:42:01.464   457   457 W HidlServiceManagement: Waited one second for android.hardware.keymaster@4.0::IKeymasterDevice/default
04-03 23:42:01.464   454   454 I hwservicemanager: Since android.hardware.keymaster@4.0::IKeymasterDevice/default is not registered, trying to start it as a lazy HAL.
04-03 23:42:01.465   457   457 I HidlServiceManagement: getService: Trying again for android.hardware.keymaster@4.0::IKeymasterDevice/default...
04-03 23:42:01.465   454   583 W libc    : Unable to set property "ctl.interface_start" to "android.hardware.keymaster@4.0::IKeymasterDevice/default": error code: 0x20
04-03 23:42:01.465   454   583 I hwservicemanager: Tried to start android.hardware.keymaster@4.0::IKeymasterDevice/default as a lazy service, but was unable to. Usually this happens when a service is not installed, but if the service is intended to be used as a lazy service, then it may be configured incorrectly.
01-04 23:29:17.042     0     0 E init    : Control message: Could not find 'android.hardware.keymaster@4.0::IKeymasterDevice/default' for ctl.interface_start from pid: 454 (/system/bin/hwservicemanager)
04-03 23:42:02.056   574   574 I adbd    : UsbFfs: already offline
04-03 23:42:02.056   574   574 I adbd    : authentication not required
04-03 23:42:02.465   457   457 W HidlServiceManagement: Waited one second for android.hardware.keymaster@4.0::IKeymasterDevice/default
04-03 23:42:02.465   454   454 I hwservicemanager: Since android.hardware.keymaster@4.0::IKeymasterDevice/default is not registered, trying to start it as a lazy HAL.
04-03 23:42:02.465   457   457 I HidlServiceManagement: getService: Trying again for android.hardware.keymaster@4.0::IKeymasterDevice/default...
04-03 23:42:02.466   454   584 W libc    : Unable to set property "ctl.interface_start" to "android.hardware.keymaster@4.0::IKeymasterDevice/default": error code: 0x20
04-03 23:42:02.466   454   584 I hwservicemanager: Tried to start android.hardware.keymaster@4.0::IKeymasterDevice/default as a lazy service, but was unable to. Usually this happens when a service is not installed, but if the service is intended to be used as a lazy service, then it may be configured incorrectly.
01-04 23:29:18.043     0     0 E init    : Control message: Could not find 'android.hardware.keymaster@4.0::IKeymasterDevice/default' for ctl.interface_start from pid: 454 (/system/bin/hwservicemanager)
04-03 23:42:02.613   585   585 D QSEECOMAPI: QSEECom_get_handle sb_length = 0xa000
04-03 23:42:02.613   585   585 D QSEECOMAPI: App is already loaded QSEE and app id = 1
04-03 23:42:02.613   585   585 E ion     : ioctl c0044901 failed with code -1: Inappropriate ioctl for device
04-03 23:42:02.614   585   585 E KeymasterUtils: TA API Major Version: 4
04-03 23:42:02.614   585   585 E KeymasterUtils: TA API Minor Version: 0
04-03 23:42:02.614   585   585 E KeymasterUtils: TA Major Version: 4
04-03 23:42:02.614   585   585 E KeymasterUtils: TA Minor Version: 544
04-03 23:42:02.616   585   585 E cutils-trace: Error opening trace file: No such file or directory (2)
04-03 23:42:02.617   585   585 I HidlServiceManagement: Registered android.hardware.keymaster@4.0::IKeymasterDevice/default
04-03 23:42:02.617   585   585 I HidlServiceManagement: Removing namespace from process name android.hardware.keymaster@4.0-service-qti to keymaster@4.0-service-qti.
04-03 23:42:02.617   454   454 I hw-BpHwBinder: onLastStrongRef automatically unlinking death recipients
04-03 23:42:02.618   457   457 I keystore2: found android.hardware.keymaster@4.0::IKeymasterDevice with interface name default and seclevel TRUSTED_ENVIRONMENT
04-03 23:42:02.619   455   455 E SELinux : avc:  denied  { add } for pid=457 uid=0 name=android.system.keystore2.IKeystoreService/default scontext=u:r:recovery:s0 tcontext=u:object_r:keystore_service:s0 tclass=service_manager permissive=1
04-03 23:42:02.619   455   455 I servicemanager: getDeviceHalManifest: Reading VINTF information.
04-03 23:42:02.623   455   455 I servicemanager: getDeviceHalManifest: Successfully processed VINTF information
04-03 23:42:02.623   455   455 I servicemanager: getFrameworkHalManifest: Reading VINTF information.
04-03 23:42:02.623   455   455 I servicemanager: getFrameworkHalManifest: Successfully processed VINTF information
04-03 23:42:02.623   455   455 I servicemanager: Found android.system.keystore2.IKeystoreService/default in framework VINTF manifest.
04-03 23:42:02.624   455   455 E SELinux : avc:  denied  { add } for pid=457 uid=0 name=android.security.apc scontext=u:r:recovery:s0 tcontext=u:object_r:apc_service:s0 tclass=service_manager permissive=1
04-03 23:42:02.624   455   455 E SELinux : avc:  denied  { add } for pid=457 uid=0 name=android.security.authorization scontext=u:r:recovery:s0 tcontext=u:object_r:authorization_service:s0 tclass=service_manager permissive=1
04-03 23:42:02.625   455   455 E SELinux : avc:  denied  { add } for pid=457 uid=0 name=android.security.maintenance scontext=u:r:recovery:s0 tcontext=u:object_r:keystore_maintenance_service:s0 tclass=service_manager permissive=1
04-03 23:42:02.625   455   455 E SELinux : avc:  denied  { add } for pid=457 uid=0 name=android.security.metrics scontext=u:r:recovery:s0 tcontext=u:object_r:keystore_metrics_service:s0 tclass=service_manager permissive=1
04-03 23:42:02.625   455   455 E SELinux : avc:  denied  { add } for pid=457 uid=0 name=android.security.legacykeystore scontext=u:r:recovery:s0 tcontext=u:object_r:legacykeystore_service:s0 tclass=service_manager permissive=1
04-03 23:42:02.626   457   457 I keystore2: keystore2_main: Successfully registered Keystore 2.0 service.
04-03 23:42:02.626   457   457 I keystore2: keystore2_main: Joining thread pool now.
01-04 23:29:19.305     0     0 I ALG     : cap_learning_update: [SOMC CL][OFF] charge_status:1 bsoc_cp:7500
04-03 23:42:04.195   464   464 I recovery: type=1400 audit(0.0:532): avc: denied { setattr } for name="recovery" dev="rootfs" ino=13866 scontext=u:r:recovery:s0 tcontext=u:object_r:rootfs:s0 tclass=dir permissive=1 ppid=1 pcomm="init" pgid=1 pgcomm="init"
01-04 23:29:19.823     0     0 I F2FS-fs (mmcblk0p86): Magic Mismatch, valid(0xf2f52010) - read(0xb64a61e6)
01-04 23:29:19.823     0     0 E F2FS-fs (mmcblk0p86): Can't find valid F2FS filesystem in 1th superblock
01-04 23:29:19.823     0     0 I F2FS-fs (mmcblk0p86): Magic Mismatch, valid(0xf2f52010) - read(0x8913abeb)
01-04 23:29:19.823     0     0 E F2FS-fs (mmcblk0p86): Can't find valid F2FS filesystem in 2th superblock
