01-01 17:50:48.336   464   464 I recovery: type=1400 audit(0.0:156): avc: denied { open } for path="/dev/__properties__/u:object_r:ctl_interface_restart_prop:s0" dev="tmpfs" ino=9429 scontext=u:r:recovery:s0 tcontext=u:object_r:ctl_interface_restart_prop:s0 tclass=file permissive=1 ppid=1 pcomm="init" pgid=1 pgcomm="init"
01-01 17:50:48.336   464   464 I recovery: type=1400 audit(0.0:157): avc: denied { getattr } for path="/dev/__properties__/u:object_r:ctl_interface_restart_prop:s0" dev="tmpfs" ino=9429 scontext=u:r:recovery:s0 tcontext=u:object_r:ctl_interface_restart_prop:s0 tclass=file permissive=1 ppid=1 pcomm="init" pgid=1 pgcomm="init"
01-01 17:50:48.336   464   464 I recovery: type=1400 audit(0.0:158): avc: denied { map } for path="/dev/__properties__/u:object_r:ctl_interface_restart_prop:s0" dev="tmpfs" ino=9429 scontext=u:r:recovery:s0 tcontext=u:object_r:ctl_interface_restart_prop:s0 tclass=file permissive=1 ppid=1 pcomm="init" pgid=1 pgcomm="init"
01-01 17:50:48.336   464   464 I recovery: type=1400 audit(0.0:159): avc: denied { open } for path="/dev/__properties__/u:object_r:ctl_interface_start_prop:s0" dev="tmpfs" ino=9430 scontext=u:r:recovery:s0 tcontext=u:object_r:ctl_interface_start_prop:s0 tclass=file permissive=1 ppid=1 pcomm="init" pgid=1 pgcomm="init"
01-01 17:50:48.336   464   464 I recovery: type=1400 audit(0.0:160): avc: denied { getattr } for path="/dev/__properties__/u:object_r:ctl_interface_start_prop:s0" dev="tmpfs" ino=9430 scontext=u:r:recovery:s0 tcontext=u:object_r:ctl_interface_start_prop:s0 tclass=file permissive=1 ppid=1 pcomm="init" pgid=1 pgcomm="init"
01-01 17:50:48.336   464   464 I recovery: type=1400 audit(0.0:161): avc: denied { map } for path="/dev/__properties__/u:object_r:ctl_interface_start_prop:s0" dev="tmpfs" ino=9430 scontext=u:r:recovery:s0 tcontext=u:object_r:ctl_interface_start_prop:s0 tclass=file permissive=1 ppid=1 pcomm="init" pgid=1 pgcomm="init"
01-01 17:50:48.336   464   464 I recovery: type=1400 audit(0.0:162): avc: denied { open } for path="/dev/__properties__/u:object_r:ctl_interface_stop_prop:s0" dev="tmpfs" ino=9431 scontext=u:r:recovery:s0 tcontext=u:object_r:ctl_interface_stop_prop:s0 tclass=file permissive=1 ppid=1 pcomm="init" pgid=1 pgcomm="init"
01-01 17:50:48.336   464   464 I recovery: type=1400 audit(0.0:163): avc: denied { getattr } for path="/dev/__properties__/u:object_r:ctl_interface_stop_prop:s0" dev="tmpfs" ino=9431 scontext=u:r:recovery:s0 tcontext=u:object_r:ctl_interface_stop_prop:s0 tclass=file permissive=1 ppid=1 pcomm="init" pgid=1 pgcomm="init"
01-01 17:50:48.336   464   464 I recovery: type=1400 audit(0.0:164): avc: denied { map } for path="/dev/__properties__/u:object_r:ctl_interface_stop_prop:s0" dev="tmpfs" ino=9431 scontext=u:r:recovery:s0 tcontext=u:object_r:ctl_interface_stop_prop:s0 tclass=file permissive=1 ppid=1 pcomm="init" pgid=1 pgcomm="init"
01-01 17:50:48.336   464   464 I recovery: type=1400 audit(0.0:165): avc: denied { open } for path="/dev/__properties__/u:object_r:ctl_mdnsd_prop:s0" dev="tmpfs" ino=9432 scontext=u:r:recovery:s0 tcontext=u:object_r:ctl_mdnsd_prop:s0 tclass=file permissive=1 ppid=1 pcomm="init" pgid=1 pgcomm="init"
01-01 17:50:48.336   464   464 I recovery: type=1400 audit(0.0:166): avc: denied { getattr } for path="/dev/__properties__/u:object_r:ctl_mdnsd_prop:s0" dev="tmpfs" ino=9432 scontext=u:r:recovery:s0 tcontext=u:object_r:ctl_mdnsd_prop:s0 tclass=file permissive=1 ppid=1 pcomm="init" pgid=1 pgcomm="init"
01-01 17:50:48.336   464   464 I recovery: type=1400 audit(0.0:167): avc: denied { map } for path="/dev/__properties__/u:object_r:ctl_mdnsd_prop:s0" dev="tmpfs" ino=9432 scontext=u:r:recovery:s0 tcontext=u:object_r:ctl_mdnsd_prop:s0 tclass=file permissive=1 ppid=1 pcomm="init" pgid=1 pgcomm="init"
01-01 17:50:48.336   464   464 I recovery: type=1400 audit(0.0:168): avc: denied { open } for path="/dev/__properties__/u:object_r:ctl_mediatranscoding_prop:s0" dev="tmpfs" ino=9433 scontext=u:r:recovery:s0 tcontext=u:object_r:ctl_mediatranscoding_prop:s0 tclass=file permissive=1 ppid=1 pcomm="init" pgid=1 pgcomm="init"
01-01 17:50:48.340   464   464 I recovery: type=1400 audit(0.0:169): avc: denied { open } for path="/dev/__properties__/u:object_r:userspace_reboot_exported_prop:s0" dev="tmpfs" ino=9594 scontext=u:r:recovery:s0 tcontext=u:object_r:userspace_reboot_exported_prop:s0 tclass=file permissive=1 ppid=1 pcomm="init" pgid=1 pgcomm="init"
01-01 17:50:48.340   464   464 I recovery: type=1400 audit(0.0:170): avc: denied { getattr } for path="/dev/__properties__/u:object_r:userspace_reboot_exported_prop:s0" dev="tmpfs" ino=9594 scontext=u:r:recovery:s0 tcontext=u:object_r:userspace_reboot_exported_prop:s0 tclass=file permissive=1 ppid=1 pcomm="init" pgid=1 pgcomm="init"
01-01 17:50:48.340   464   464 I recovery: type=1400 audit(0.0:171): avc: denied { map } for path="/dev/__properties__/u:object_r:userspace_reboot_exported_prop:s0" dev="tmpfs" ino=9594 scontext=u:r:recovery:s0 tcontext=u:object_r:userspace_reboot_exported_prop:s0 tclass=file permissive=1 ppid=1 pcomm="init" pgid=1 pgcomm="init"
01-01 17:50:48.340   464   464 I recovery: type=1400 audit(0.0:172): avc: denied { open } for path="/dev/__properties__/u:object_r:userspace_reboot_log_prop:s0" dev="tmpfs" ino=9595 scontext=u:r:recovery:s0 tcontext=u:object_r:userspace_reboot_log_prop:s0 tclass=file permissive=1 ppid=1 pcomm="init" pgid=1 pgcomm="init"
01-01 17:50:48.340   464   464 I recovery: type=1400 audit(0.0:173): avc: denied { getattr } for path="/dev/__properties__/u:object_r:userspace_reboot_log_prop:s0" dev="tmpfs" ino=9595 scontext=u:r:recovery:s0 tcontext=u:object_r:userspace_reboot_log_prop:s0 tclass=file permissive=1 ppid=1 pcomm="init" pgid=1 pgcomm="init"
01-01 17:50:48.340   464   464 I recovery: type=1400 audit(0.0:174): avc: denied { map } for path="/dev/__properties__/u:object_r:userspace_reboot_log_prop:s0" dev="tmpfs" ino=9595 scontext=u:r:recovery:s0 tcontext=u:object_r:userspace_reboot_log_prop:s0 tclass=file permissive=1 ppid=1 pcomm="init" pgid=1 pgcomm="init"
01-01 17:50:48.340   464   464 I recovery: type=1400 audit(0.0:175): avc: denied { open } for path="/dev/__properties__/u:object_r:userspace_reboot_test_prop:s0" dev="tmpfs" ino=9596 scontext=u:r:recovery:s0 tcontext=u:object_r:userspace_reboot_test_prop:s0 tclass=file permissive=1 ppid=1 pcomm="init" pgid=1 pgcomm="init"
01-01 17:50:48.340   464   464 I recovery: type=1400 audit(0.0:176): avc: denied { getattr } for path="/dev/__properties__/u:object_r:userspace_reboot_test_prop:s0" dev="tmpfs" ino=9596 scontext=u:r:recovery:s0 tcontext=u:object_r:userspace_reboot_test_prop:s0 tclass=file permissive=1 ppid=1 pcomm="init" pgid=1 pgcomm="init"
01-01 17:50:48.340   464   464 I recovery: type=1400 audit(0.0:177): avc: denied { map } for path="/dev/__properties__/u:object_r:userspace_reboot_test_prop:s0" dev="tmpfs" ino=9596 scontext=u:r:recovery:s0 tcontext=u:object_r:userspace_reboot_test_prop:s0 tclass=file permissive=1 ppid=1 pcomm="init" pgid=1 pgcomm="init"
01-01 17:50:48.340   464   464 I recovery: type=1400 audit(0.0:178): avc: denied { open } for path="/dev/__properties__/u:object_r:vehicle_hal_prop:s0" dev="tmpfs" ino=9597 scontext=u:r:recovery:s0 tcontext=u:object_r:vehicle_hal_prop:s0 tclass=file permissive=1 ppid=1 pcomm="init" pgid=1 pgcomm="init"
01-01 17:50:48.340   464   464 I recovery: type=1400 audit(0.0:179): avc: denied { getattr } for path="/dev/__properties__/u:object_r:vehicle_hal_prop:s0" dev="tmpfs" ino=9597 scontext=u:r:recovery:s0 tcontext=u:object_r:vehicle_hal_prop:s0 tclass=file permissive=1 ppid=1 pcomm="init" pgid=1 pgcomm="init"
01-01 17:50:48.340   464   464 I recovery: type=1400 audit(0.0:180): avc: denied { map } for path="/dev/__properties__/u:object_r:vehicle_hal_prop:s0" dev="tmpfs" ino=9597 scontext=u:r:recovery:s0 tcontext=u:object_r:vehicle_hal_prop:s0 tclass=file permissive=1 ppid=1 pcomm="init" pgid=1 pgcomm="init"
01-01 17:50:48.340   464   464 I recovery: type=1400 audit(0.0:181): avc: denied { open } for path="/dev/__properties__/u:object_r:vendor_security_patch_level_prop:s0" dev="tmpfs" ino=9599 scontext=u:r:recovery:s0 tcontext=u:object_r:vendor_security_patch_level_prop:s0 tclass=file permissive=1 ppid=1 pcomm="init" pgid=1 pgcomm="init"
01-01 17:50:48.340   464   464 I recovery: type=1400 audit(0.0:182): avc: denied { getattr } for path="/dev/__properties__/u:object_r:vendor_security_patch_level_prop:s0" dev="tmpfs" ino=9599 scontext=u:r:recovery:s0 tcontext=u:object_r:vendor_security_patch_level_prop:s0 tclass=file permissive=1 ppid=1 pcomm="init" pgid=1 pgcomm="init"
01-01 17:50:48.340   464   464 I recovery: type=1400 audit(0.0:183): avc: denied { map } for path="/dev/__properties__/u:object_r:vendor_security_patch_level_prop:s0" dev="tmpfs" ino=9599 scontext=u:r:recovery:s0 tcontext=u:object_r:vendor_security_patch_level_prop:s0 tclass=file permissive=1 ppid=1 pcomm="init" pgid=1 pgcomm="init"
01-01 17:50:48.340   464   464 I recovery: type=1400 audit(0.0:184): avc: denied { open } for path="/dev/__properties__/u:object_r:verity_status_prop:s0" dev="tmpfs" ino=9601 scontext=u:r:recovery:s0 tcontext=u:object_r:verity_status_prop:s0 tclass=file permissive=1 ppid=1 pcomm="init" pgid=1 pgcomm="init"
01-01 17:50:48.340   464   464 I recovery: type=1400 audit(0.0:185): avc: denied { getattr } for path="/dev/__properties__/u:object_r:verity_status_prop:s0" dev="tmpfs" ino=9601 scontext=u:r:recovery:s0 tcontext=u:object_r:verity_status_prop:s0 tclass=file permissive=1 ppid=1 pcomm="init" pgid=1 pgcomm="init"
01-01 17:50:48.340   464   464 I recovery: type=1400 audit(0.0:186): avc: denied { map } for path="/dev/__properties__/u:object_r:verity_status_prop:s0" dev="tmpfs" ino=9601 scontext=u:r:recovery:s0 tcontext=u:object_r:verity_status_prop:s0 tclass=file permissive=1 ppid=1 pcomm="init" pgid=1 pgcomm="init"
01-01 17:50:48.340   464   464 I recovery: type=1400 audit(0.0:187): avc: denied { open } for path="/dev/__properties__/u:object_r:vold_post_fs_data_prop:s0" dev="tmpfs" ino=9605 scontext=u:r:recovery:s0 tcontext=u:object_r:vold_post_fs_data_prop:s0 tclass=file permissive=1 ppid=1 pcomm="init" pgid=1 pgcomm="init"
01-01 17:50:48.340   464   464 I recovery: type=1400 audit(0.0:188): avc: denied { getattr } for path="/dev/__properties__/u:object_r:vold_post_fs_data_prop:s0" dev="tmpfs" ino=9605 scontext=u:r:recovery:s0 tcontext=u:object_r:vold_post_fs_data_prop:s0 tclass=file permissive=1 ppid=1 pcomm="init" pgid=1 pgcomm="init"
01-01 17:50:48.340   464   464 I recovery: type=1400 audit(0.0:189): avc: denied { map } for path="/dev/__properties__/u:object_r:vold_post_fs_data_prop:s0" dev="tmpfs" ino=9605 scontext=u:r:recovery:s0 tcontext=u:object_r:vold_post_fs_data_prop:s0 tclass=file permissive=1 ppid=1 pcomm="init" pgid=1 pgcomm="init"
01-01 17:50:48.340   464   464 I recovery: type=1400 audit(0.0:190): avc: denied { open } for path="/dev/__properties__/u:object_r:wifi_config_prop:s0" dev="tmpfs" ino=9610 scontext=u:r:recovery:s0 tcontext=u:object_r:wifi_config_prop:s0 tclass=file permissive=1 ppid=1 pcomm="init" pgid=1 pgcomm="init"
01-01 17:50:48.340   464   464 I recovery: type=1400 audit(0.0:191): avc: denied { getattr } for path="/dev/__properties__/u:object_r:wifi_config_prop:s0" dev="tmpfs" ino=9610 scontext=u:r:recovery:s0 tcontext=u:object_r:wifi_config_prop:s0 tclass=file permissive=1 ppid=1 pcomm="init" pgid=1 pgcomm="init"
01-01 17:50:48.340   464   464 I recovery: type=1400 audit(0.0:192): avc: denied { map } for path="/dev/__properties__/u:object_r:wifi_config_prop:s0" dev="tmpfs" ino=9610 scontext=u:r:recovery:s0 tcontext=u:object_r:wifi_config_prop:s0 tclass=file permissive=1 ppid=1 pcomm="init" pgid=1 pgcomm="init"
01-01 17:50:48.340   464   464 I recovery: type=1400 audit(0.0:193): avc: denied { open } for path="/dev/__properties__/u:object_r:wifi_hal_prop:s0" dev="tmpfs" ino=9611 scontext=u:r:recovery:s0 tcontext=u:object_r:wifi_hal_prop:s0 tclass=file permissive=1 ppid=1 pcomm="init" pgid=1 pgcomm="init"
01-01 17:50:48.340   464   464 I recovery: type=1400 audit(0.0:194): avc: denied { getattr } for path="/dev/__properties__/u:object_r:wifi_hal_prop:s0" dev="tmpfs" ino=9611 scontext=u:r:recovery:s0 tcontext=u:object_r:wifi_hal_prop:s0 tclass=file permissive=1 ppid=1 pcomm="init" pgid=1 pgcomm="init"
01-01 17:50:48.340   464   464 I recovery: type=1400 audit(0.0:195): avc: denied { map } for path="/dev/__properties__/u:object_r:wifi_hal_prop:s0" dev="tmpfs" ino=9611 scontext=u:r:recovery:s0 tcontext=u:object_r:wifi_hal_prop:s0 tclass=file permissive=1 ppid=1 pcomm="init" pgid=1 pgcomm="init"
01-01 17:50:48.340   464   464 I recovery: type=1400 audit(0.0:196): avc: denied { open } for path="/dev/__properties__/u:object_r:wifi_prop:s0" dev="tmpfs" ino=9613 scontext=u:r:recovery:s0 tcontext=u:object_r:wifi_prop:s0 tclass=file permissive=1 ppid=1 pcomm="init" pgid=1 pgcomm="init"
01-01 17:50:48.340   464   464 I recovery: type=1400 audit(0.0:197): avc: denied { getattr } for path="/dev/__properties__/u:object_r:wifi_prop:s0" dev="tmpfs" ino=9613 scontext=u:r:recovery:s0 tcontext=u:object_r:wifi_prop:s0 tclass=file permissive=1 ppid=1 pcomm="init" pgid=1 pgcomm="init"
01-01 17:50:48.340   464   464 I recovery: type=1400 audit(0.0:198): avc: denied { map } for path="/dev/__properties__/u:object_r:wifi_prop:s0" dev="tmpfs" ino=9613 scontext=u:r:recovery:s0 tcontext=u:object_r:wifi_prop:s0 tclass=file permissive=1 ppid=1 pcomm="init" pgid=1 pgcomm="init"
01-01 17:50:48.340   464   464 I recovery: type=1400 audit(0.0:199): avc: denied { open } for path="/dev/__properties__/u:object_r:zram_config_prop:s0" dev="tmpfs" ino=9614 scontext=u:r:recovery:s0 tcontext=u:object_r:zram_config_prop:s0 tclass=file permissive=1 ppid=1 pcomm="init" pgid=1 pgcomm="init"
01-01 17:50:48.340   464   464 I recovery: type=1400 audit(0.0:200): avc: denied { getattr } for path="/dev/__properties__/u:object_r:zram_config_prop:s0" dev="tmpfs" ino=9614 scontext=u:r:recovery:s0 tcontext=u:object_r:zram_config_prop:s0 tclass=file permissive=1 ppid=1 pcomm="init" pgid=1 pgcomm="init"
01-01 17:50:48.340   464   464 I recovery: type=1400 audit(0.0:201): avc: denied { map } for path="/dev/__properties__/u:object_r:zram_config_prop:s0" dev="tmpfs" ino=9614 scontext=u:r:recovery:s0 tcontext=u:object_r:zram_config_prop:s0 tclass=file permissive=1 ppid=1 pcomm="init" pgid=1 pgcomm="init"
01-01 17:50:48.340   464   464 I recovery: type=1400 audit(0.0:202): avc: denied { open } for path="/dev/__properties__/u:object_r:zram_control_prop:s0" dev="tmpfs" ino=9615 scontext=u:r:recovery:s0 tcontext=u:object_r:zram_control_prop:s0 tclass=file permissive=1 ppid=1 pcomm="init" pgid=1 pgcomm="init"
01-01 17:50:48.340   464   464 I recovery: type=1400 audit(0.0:203): avc: denied { getattr } for path="/dev/__properties__/u:object_r:zram_control_prop:s0" dev="tmpfs" ino=9615 scontext=u:r:recovery:s0 tcontext=u:object_r:zram_control_prop:s0 tclass=file permissive=1 ppid=1 pcomm="init" pgid=1 pgcomm="init"
01-01 17:50:48.340   464   464 I recovery: type=1400 audit(0.0:204): avc: denied { map } for path="/dev/__properties__/u:object_r:zram_control_prop:s0" dev="tmpfs" ino=9615 scontext=u:r:recovery:s0 tcontext=u:object_r:zram_control_prop:s0 tclass=file permissive=1 ppid=1 pcomm="init" pgid=1 pgcomm="init"
01-01 17:50:48.340   464   464 I recovery: type=1400 audit(0.0:205): avc: denied { write } for name="etc" dev="rootfs" ino=10521 scontext=u:r:recovery:s0 tcontext=u:object_r:rootfs:s0 tclass=dir permissive=1 ppid=1 pcomm="init" pgid=1 pgcomm="init"
01-01 17:50:48.340   464   464 I recovery: type=1400 audit(0.0:206): avc: denied { add_name } for name="mtab" scontext=u:r:recovery:s0 tcontext=u:object_r:rootfs:s0 tclass=dir permissive=1 ppid=1 pcomm="init" pgid=1 pgcomm="init"
01-01 17:50:48.340   464   464 I recovery: type=1400 audit(0.0:207): avc: denied { create } for name="mtab" scontext=u:r:recovery:s0 tcontext=u:object_r:rootfs:s0 tclass=lnk_file permissive=1 ppid=1 pcomm="init" pgid=1 pgcomm="init"
01-01 17:50:48.340   464   464 I recovery: type=1400 audit(0.0:208): avc: denied { write } for name="/" dev="rootfs" ino=2 scontext=u:r:recovery:s0 tcontext=u:object_r:rootfs:s0 tclass=dir permissive=1 ppid=1 pcomm="init" pgid=1 pgcomm="init"
01-01 17:50:48.340   464   464 I recovery: type=1400 audit(0.0:209): avc: denied { create } for name="persist" scontext=u:r:recovery:s0 tcontext=u:object_r:rootfs:s0 tclass=dir permissive=1 ppid=1 pcomm="init" pgid=1 pgcomm="init"
01-01 17:50:48.359     0     0 I EXT4-fs (mmcblk0p2): mounted filesystem with ordered data mode. Opts:
01-01 17:50:48.356   464   464 I recovery: type=1400 audit(0.0:210): avc: denied { search } for name="rtc" dev="sysfs" ino=25409 scontext=u:r:recovery:s0 tcontext=u:object_r:sysfs_rtc:s0 tclass=dir permissive=1 ppid=1 pcomm="init" pgid=1 pgcomm="init"
01-01 17:50:48.356   464   464 I recovery: type=1400 audit(0.0:211): avc: denied { sys_time } for capability=25 scontext=u:r:recovery:s0 tcontext=u:r:recovery:s0 tclass=capability permissive=1 ppid=1 pcomm="init" pgid=1 pgcomm="init"
01-01 17:50:48.360     0     0 I SELinux : Context u:object_r:vendor_persist_time_file:s0 is not valid (left unmapped).
03-31 18:03:31.803   464   464 I recovery: type=1400 audit(0.0:212): avc: denied { getattr } for path="/persist" dev="mmcblk0p2" ino=2 scontext=u:r:recovery:s0 tcontext=u:object_r:mnt_vendor_file:s0 tclass=dir permissive=1 ppid=1 pcomm="init" pgid=1 pgcomm="init"
03-31 18:03:31.806   464   464 I recovery: type=1400 audit(0.0:213): avc: denied { remove_name } for name="product" dev="rootfs" ino=8768 scontext=u:r:recovery:s0 tcontext=u:object_r:rootfs:s0 tclass=dir permissive=1 ppid=1 pcomm="init" pgid=1 pgcomm="init"
03-31 18:03:31.806   464   464 I recovery: type=1400 audit(0.0:214): avc: denied { unlink } for name="product" dev="rootfs" ino=8768 scontext=u:r:recovery:s0 tcontext=u:object_r:rootfs:s0 tclass=lnk_file permissive=1 ppid=1 pcomm="init" pgid=1 pgcomm="init"
03-31 18:03:31.814   464   464 I recovery: [libfs_mgr]Created logical partition product_a on device /dev/block/dm-0
03-31 18:03:31.818   464   464 I recovery: [libfs_mgr]Created logical partition system_a on device /dev/block/dm-1
03-31 18:03:31.822   464   464 I recovery: [libfs_mgr]Created logical partition vendor_a on device /dev/block/dm-2
03-31 18:03:31.823   464   464 I recovery: [libfs_mgr]Created logical partition system_b on device /dev/block/dm-3
03-31 18:03:31.824   464   464 I recovery: [libfs_mgr]Created logical partition product_b on device /dev/block/dm-4
03-31 18:03:31.833   464   464 I recovery: [libfs_mgr]Created logical partition system_ext_b on device /dev/block/dm-5
03-31 18:03:31.835   464   464 I recovery: [libfs_mgr]Created logical partition vendor_b on device /dev/block/dm-6
01-01 17:50:48.450     0     0 I F2FS-fs (mmcblk0p86): Mounted with checkpoint version = 1134f661
03-31 18:03:31.889   464   464 I recovery: type=1400 audit(0.0:215): avc: denied { sys_rawio } for capability=17 scontext=u:r:recovery:s0 tcontext=u:r:recovery:s0 tclass=capability permissive=1 ppid=1 pcomm="init" pgid=1 pgcomm="init"
03-31 18:03:31.889   464   464 I recovery: type=1400 audit(0.0:216): avc: denied { create } for name="fstab" scontext=u:r:recovery:s0 tcontext=u:object_r:rootfs:s0 tclass=file permissive=1 ppid=1 pcomm="init" pgid=1 pgcomm="init"
03-31 18:03:31.889   464   464 I recovery: type=1400 audit(0.0:217): avc: denied { write } for path="/system/etc/fstab" dev="rootfs" ino=9878 scontext=u:r:recovery:s0 tcontext=u:object_r:rootfs:s0 tclass=file permissive=1 ppid=1 pcomm="init" pgid=1 pgcomm="init"
03-31 18:03:31.889   464   464 I recovery: type=1400 audit(0.0:218): avc: denied { write } for name="by-name" dev="tmpfs" ino=10760 scontext=u:r:recovery:s0 tcontext=u:object_r:block_device:s0 tclass=dir permissive=1 ppid=1 pcomm="init" pgid=1 pgcomm="init"
03-31 18:03:31.889   464   464 I recovery: type=1400 audit(0.0:219): avc: denied { add_name } for name="boot" scontext=u:r:recovery:s0 tcontext=u:object_r:block_device:s0 tclass=dir permissive=1 ppid=1 pcomm="init" pgid=1 pgcomm="init"
03-31 18:03:31.889   464   464 I recovery: type=1400 audit(0.0:220): avc: denied { create } for name="boot" scontext=u:r:recovery:s0 tcontext=u:object_r:block_device:s0 tclass=lnk_file permissive=1 ppid=1 pcomm="init" pgid=1 pgcomm="init"
03-31 18:03:31.889   464   464 I recovery: type=1400 audit(0.0:221): avc: denied { remove_name } for name="boot" dev="tmpfs" ino=9879 scontext=u:r:recovery:s0 tcontext=u:object_r:block_device:s0 tclass=dir permissive=1 ppid=1 pcomm="init" pgid=1 pgcomm="init"
03-31 18:03:31.889   464   464 I recovery: type=1400 audit(0.0:222): avc: denied { unlink } for name="boot" dev="tmpfs" ino=9879 scontext=u:r:recovery:s0 tcontext=u:object_r:block_device:s0 tclass=lnk_file permissive=1 ppid=1 pcomm="init" pgid=1 pgcomm="init"
03-31 18:03:31.889   464   464 I recovery: type=1400 audit(0.0:223): avc: denied { ioctl } for path="/dev/block/mmcblk0p43" dev="tmpfs" ino=9730 ioctlcmd=0x1260 scontext=u:r:recovery:s0 tcontext=u:object_r:block_device:s0 tclass=blk_file permissive=1 ppid=1 pcomm="init" pgid=1 pgcomm="init"
01-01 17:50:48.461     0     0 I EXT4-fs (mmcblk0p66): mounted filesystem with ordered data mode. Opts:
01-01 17:50:48.471     0     0 I EXT4-fs (mmcblk0p84): mounted filesystem with ordered data mode. Opts:
01-01 17:50:48.483     0     0 I EXT4-fs (mmcblk0p2): mounted filesystem with ordered data mode. Opts:
03-31 18:03:31.923   464   464 I recovery: type=1400 audit(0.0:224): avc: denied { ioctl } for path="/dev/block/dm-4" dev="tmpfs" ino=9060 ioctlcmd=0x5331 scontext=u:r:recovery:s0 tcontext=u:object_r:dm_device:s0 tclass=blk_file permissive=1 ppid=1 pcomm="init" pgid=1 pgcomm="init"
03-31 18:03:31.933   464   464 I recovery: type=1400 audit(0.0:225): avc: denied { ioctl } for path="/dev/block/dm-4" dev="tmpfs" ino=9060 ioctlcmd=0x1260 scontext=u:r:recovery:s0 tcontext=u:object_r:dm_device:s0 tclass=blk_file permissive=1 ppid=1 pcomm="init" pgid=1 pgcomm="init"
03-31 18:03:31.933   464   464 I recovery: type=1400 audit(0.0:226): avc: denied { getattr } for path="/sys/devices/platform/soc/4784000.sdhci/mmc_host/mmc1/mmc1:aaaa/block/mmcblk1/mmcblk1p1/partition" dev="sysfs" ino=48603 scontext=u:r:recovery:s0 tcontext=u:object_r:sysfs:s0 tclass=file permissive=1 ppid=1 pcomm="init" pgid=1 pgcomm="init"
03-31 18:03:31.933   464   464 I recovery: type=1400 audit(0.0:227): avc: denied { read } for name="dev" dev="sysfs" ino=48131 scontext=u:r:recovery:s0 tcontext=u:object_r:sysfs:s0 tclass=file permissive=1 ppid=1 pcomm="init" pgid=1 pgcomm="init"
03-31 18:03:31.933   464   464 I recovery: type=1400 audit(0.0:228): avc: denied { open } for path="/sys/devices/platform/soc/4784000.sdhci/mmc_host/mmc1/mmc1:aaaa/block/mmcblk1/dev" dev="sysfs" ino=48131 scontext=u:r:recovery:s0 tcontext=u:object_r:sysfs:s0 tclass=file permissive=1 ppid=1 pcomm="init" pgid=1 pgcomm="init"
01-01 17:50:48.494     0     0 I EXT4-fs (dm-4): mounted filesystem without journal. Opts:
03-31 18:03:32.126   464   464 I recovery: type=1400 audit(0.0:229): avc: denied { ioctl } for path="/dev/block/dm-3" dev="tmpfs" ino=9057 ioctlcmd=0x5331 scontext=u:r:recovery:s0 tcontext=u:object_r:dm_device:s0 tclass=blk_file permissive=1 ppid=1 pcomm="init" pgid=1 pgcomm="init"
03-31 18:03:32.139   464   464 I recovery: type=1400 audit(0.0:230): avc: denied { ioctl } for path="/dev/block/dm-3" dev="tmpfs" ino=9057 ioctlcmd=0x5331 scontext=u:r:recovery:s0 tcontext=u:object_r:dm_device:s0 tclass=blk_file permissive=1 ppid=1 pcomm="init" pgid=1 pgcomm="init"
01-01 17:50:48.700     0     0 I EXT4-fs (dm-3): mounted filesystem without journal. Opts:
01-01 17:50:48.712     0     0 W EXT4-fs (dm-3): warning: mounting unchecked fs, running e2fsck is recommended
01-01 17:50:48.713     0     0 I EXT4-fs (dm-3): mounted filesystem without journal. Opts:
03-31 18:03:32.156   464   464 I recovery: type=1400 audit(0.0:231): avc: denied { ioctl } for path="/dev/block/dm-6" dev="tmpfs" ino=9875 ioctlcmd=0x5331 scontext=u:r:recovery:s0 tcontext=u:object_r:dm_device:s0 tclass=blk_file permissive=1 ppid=1 pcomm="init" pgid=1 pgcomm="init"
01-01 17:50:48.728     0     0 I EXT4-fs (dm-6): mounted filesystem without journal. Opts:
03-31 18:03:32.166   464   464 I recovery: type=1400 audit(0.0:232): avc: denied { create } for scontext=u:r:recovery:s0 tcontext=u:r:recovery:s0 tclass=netlink_kobject_uevent_socket permissive=1 ppid=1 pcomm="init" pgid=1 pgcomm="init"
03-31 18:03:32.169   464   464 I recovery: type=1400 audit(0.0:233): avc: denied { bind } for scontext=u:r:recovery:s0 tcontext=u:r:recovery:s0 tclass=netlink_kobject_uevent_socket permissive=1 ppid=1 pcomm="init" pgid=1 pgcomm="init"
03-31 18:03:32.169   464   464 I recovery: type=1400 audit(0.0:234): avc: denied { ioctl } for path="/dev/block/dm-3" dev="tmpfs" ino=9057 ioctlcmd=0x5331 scontext=u:r:recovery:s0 tcontext=u:object_r:dm_device:s0 tclass=blk_file permissive=1 ppid=1 pcomm="init" pgid=1 pgcomm="init"
01-01 17:50:48.741     0     0 W EXT4-fs (dm-3): warning: mounting unchecked fs, running e2fsck is recommended
01-01 17:50:48.742     0     0 I EXT4-fs (dm-3): mounted filesystem without journal. Opts:
03-31 18:03:32.186   464   464 I recovery: type=1400 audit(0.0:235): avc: denied { write } for name="properties_serial" dev="tmpfs" ino=9618 scontext=u:r:recovery:s0 tcontext=u:object_r:properties_serial:s0 tclass=file permissive=1 ppid=1 pcomm="init" pgid=1 pgcomm="init"
03-31 18:03:32.186   464   464 I recovery: type=1400 audit(0.0:236): avc: denied { write } for name="u:object_r:build_prop:s0" dev="tmpfs" ino=9406 scontext=u:r:recovery:s0 tcontext=u:object_r:build_prop:s0 tclass=file permissive=1 ppid=1 pcomm="init" pgid=1 pgcomm="init"
03-31 18:03:32.186   464   464 I recovery: type=1400 audit(0.0:237): avc: denied { ioctl } for path="/dev/block/dm-3" dev="tmpfs" ino=9057 ioctlcmd=0x5331 scontext=u:r:recovery:s0 tcontext=u:object_r:dm_device:s0 tclass=blk_file permissive=1 ppid=1 pcomm="init" pgid=1 pgcomm="init"
01-01 17:50:48.758     0     0 W EXT4-fs (dm-3): warning: mounting unchecked fs, running e2fsck is recommended
01-01 17:50:48.759     0     0 I EXT4-fs (dm-3): mounted filesystem without journal. Opts:
03-31 18:03:32.203   464   464 I recovery: type=1400 audit(0.0:238): avc: denied { write } for name="u:object_r:fingerprint_prop:s0" dev="tmpfs" ino=9484 scontext=u:r:recovery:s0 tcontext=u:object_r:fingerprint_prop:s0 tclass=file permissive=1 ppid=1 pcomm="init" pgid=1 pgcomm="init"
03-31 18:03:32.203   464   464 I recovery: type=1400 audit(0.0:239): avc: denied { ioctl } for path="/dev/block/dm-3" dev="tmpfs" ino=9057 ioctlcmd=0x5331 scontext=u:r:recovery:s0 tcontext=u:object_r:dm_device:s0 tclass=blk_file permissive=1 ppid=1 pcomm="init" pgid=1 pgcomm="init"
01-01 17:50:48.776     0     0 W EXT4-fs (dm-3): warning: mounting unchecked fs, running e2fsck is recommended
01-01 17:50:48.777     0     0 I EXT4-fs (dm-3): mounted filesystem without journal. Opts:
03-31 18:03:32.219   464   464 I recovery: type=1400 audit(0.0:240): avc: denied { ioctl } for path="/dev/block/dm-3" dev="tmpfs" ino=9057 ioctlcmd=0x5331 scontext=u:r:recovery:s0 tcontext=u:object_r:dm_device:s0 tclass=blk_file permissive=1 ppid=1 pcomm="init" pgid=1 pgcomm="init"
01-01 17:50:48.792     0     0 W EXT4-fs (dm-3): warning: mounting unchecked fs, running e2fsck is recommended
01-01 17:50:48.793     0     0 I EXT4-fs (dm-3): mounted filesystem without journal. Opts:
03-31 18:03:32.236   464   464 I recovery: type=1400 audit(0.0:241): avc: denied { ioctl } for path="/dev/block/dm-3" dev="tmpfs" ino=9057 ioctlcmd=0x5331 scontext=u:r:recovery:s0 tcontext=u:object_r:dm_device:s0 tclass=blk_file permissive=1 ppid=1 pcomm="init" pgid=1 pgcomm="init"
01-01 17:50:48.809     0     0 W EXT4-fs (dm-3): warning: mounting unchecked fs, running e2fsck is recommended
01-01 17:50:48.810     0     0 I EXT4-fs (dm-3): mounted filesystem without journal. Opts:
03-31 18:03:32.253   464   464 I recovery: type=1400 audit(0.0:242): avc: denied { ioctl } for path="/dev/block/dm-3" dev="tmpfs" ino=9057 ioctlcmd=0x5331 scontext=u:r:recovery:s0 tcontext=u:object_r:dm_device:s0 tclass=blk_file permissive=1 ppid=1 pcomm="init" pgid=1 pgcomm="init"
01-01 17:50:48.826     0     0 W EXT4-fs (dm-3): warning: mounting unchecked fs, running e2fsck is recommended
01-01 17:50:48.826     0     0 I EXT4-fs (dm-3): mounted filesystem without journal. Opts:
01-01 17:50:48.855     0     0 W FAT-fs (mmcblk1p1): Volume was not properly unmounted. Some data may be corrupt. Please run fsck.
03-31 18:03:32.463   464   464 I recovery: type=1400 audit(0.0:243): avc: denied { write } for name="brightness" dev="sysfs" ino=34386 scontext=u:r:recovery:s0 tcontext=u:object_r:sysfs:s0 tclass=file permissive=1 ppid=1 pcomm="init" pgid=1 pgcomm="init"
03-31 18:03:32.473   464   464 I recovery: type=1400 audit(0.0:244): avc: denied { create } for name="orsin" scontext=u:r:recovery:s0 tcontext=u:object_r:rootfs:s0 tclass=fifo_file permissive=1 ppid=1 pcomm="init" pgid=1 pgcomm="init"
03-31 18:03:32.473   464   464 I recovery: type=1400 audit(0.0:245): avc: denied { read } for name="orsin" dev="rootfs" ino=240 scontext=u:r:recovery:s0 tcontext=u:object_r:rootfs:s0 tclass=fifo_file permissive=1 ppid=1 pcomm="init" pgid=1 pgcomm="init"
03-31 18:03:32.473   464   464 I recovery: type=1400 audit(0.0:246): avc: denied { open } for path="/system/bin/orsin" dev="rootfs" ino=240 scontext=u:r:recovery:s0 tcontext=u:object_r:rootfs:s0 tclass=fifo_file permissive=1 ppid=1 pcomm="init" pgid=1 pgcomm="init"
03-31 18:03:32.473   464   464 I recovery: type=1400 audit(0.0:247): avc: denied { read } for scontext=u:r:recovery:s0 tcontext=u:r:recovery:s0 tclass=netlink_kobject_uevent_socket permissive=1 ppid=1 pcomm="init" pgid=1 pgcomm="init"
03-31 18:03:32.476   458   458 W HidlServiceManagement: Waited one second for android.hardware.keymaster@4.0::IKeymasterDevice/default
03-31 18:03:32.473   458   458 I Binder:458_2: type=1400 audit(0.0:248): avc: denied { call } for scontext=u:r:recovery:s0 tcontext=u:r:recovery:s0 tclass=binder permissive=1 ppid=1 pcomm="init" pgid=1 pgcomm="init"
03-31 18:03:32.476   455   455 I hwservicemanager: Since android.hardware.keymaster@4.0::IKeymasterDevice/default is not registered, trying to start it as a lazy HAL.
03-31 18:03:32.477   458   458 I HidlServiceManagement: getService: Trying again for android.hardware.keymaster@4.0::IKeymasterDevice/default...
03-31 18:03:32.479   455   541 W libc    : Unable to set property "ctl.interface_start" to "android.hardware.keymaster@4.0::IKeymasterDevice/default": error code: 0x20
03-31 18:03:32.479   455   541 I hwservicemanager: Tried to start android.hardware.keymaster@4.0::IKeymasterDevice/default as a lazy service, but was unable to. Usually this happens when a service is not installed, but if the service is intended to be used as a lazy service, then it may be configured incorrectly.
03-31 18:03:32.491   464   464 I ArmToArm64Assembler: generated scanline__00000077:03545401_00000000_00000000 [ 65 ipp] (94 ins) at [0x71463e4b40:0x71463e4cb8] in 94896ns
03-31 18:03:32.511   542   542 I adbd    : persist.adb.watchdog set to ''
03-31 18:03:32.511   542   542 I adbd    : persist.sys.test_harness set to ''
03-31 18:03:32.511   542   542 I adbd    : adb watchdog timeout set to 600 seconds
03-31 18:03:32.512   542   544 I adbd    : Waiting for persist.adb.tls_server.enable=1
03-31 18:03:32.512   542   542 I adbd    : adbd started
03-31 18:03:32.512   542   546 I adbd    : opening control endpoint /dev/usb-ffs/adb/ep0
03-31 18:03:32.513   542   546 I adbd    : UsbFfsConnection constructed
01-01 17:50:49.070     0     0 I         : read descriptors
01-01 17:50:49.070     0     0 I         : read strings
03-31 18:03:32.515   542   547 I adbd    : UsbFfs-monitor thread spawned
03-31 18:03:32.515   542   547 I adbd    : USB event: FUNCTIONFS_BIND
01-01 17:50:49.077     0     0 I android_work: did not send uevent (0 0 0000000000000000)
03-31 18:03:32.523   464   464 I recovery: type=1400 audit(0.0:249): avc: denied { ioctl } for path="/dev/dri/card0" dev="tmpfs" ino=10745 ioctlcmd=0x64b0 scontext=u:r:recovery:s0 tcontext=u:object_r:device:s0 tclass=chr_file permissive=1 ppid=1 pcomm="init" pgid=1 pgcomm="init"
03-31 18:03:32.523   464   464 I recovery: type=1400 audit(0.0:250): avc: denied { read } for scontext=u:r:recovery:s0 tcontext=u:r:recovery:s0 tclass=netlink_kobject_uevent_socket permissive=1 ppid=1 pcomm="init" pgid=1 pgcomm="init"
01-01 17:50:49.214     0     0 I msm-dwc3 4e00000.ssusb: Avail curr from USB = 100
01-01 17:50:49.214     0     0 I pmi632_charger: smblib_set_icl_current: set ICL to 50000uA
01-01 17:50:49.215     0     0 I pmi632_charger: somc_aicl_irq_handler: IRQ: aicl-done
01-01 17:50:49.342     0     0 I android_work: sent uevent USB_STATE=CONNECTED
01-01 17:50:49.348     0     0 I android_work: sent uevent USB_STATE=DISCONNECTED
01-01 17:50:49.431     0     0 I pmi632_charger: somc_aicl_irq_handler: IRQ: aicl-done
01-01 17:50:49.533     0     0 I pmi632_charger: chg_state_change_irq_handler: IRQ: chg-state-change
01-01 17:50:49.542     0     0 I ALG     : cap_learning_update: [SOMC CL][OFF] charge_status:1 bsoc_cp:10000
01-01 17:50:49.551     0     0 I android_work: sent uevent USB_STATE=CONNECTED
03-31 18:03:33.042   542   547 I adbd    : USB event: FUNCTIONFS_ENABLE
03-31 18:03:33.042   542   549 I adbd    : UsbFfs-worker thread spawned
01-01 17:50:49.600     0     0 I configfs-gadget gadget: high-speed config #1: b
01-01 17:50:49.600     0     0 I msm-dwc3 4e00000.ssusb: Avail curr from USB = 500
01-01 17:50:49.600     0     0 I pmi632_charger: smblib_set_icl_current: set ICL to 500000uA
01-01 17:50:49.600     0     0 I android_work: sent uevent USB_STATE=CONFIGURED
03-31 18:03:33.273   540   540 I recovery: type=1400 audit(0.0:251): avc: denied { write } for name="mtp_usb" dev="tmpfs" ino=10940 scontext=u:r:recovery:s0 tcontext=u:object_r:mtp_device:s0 tclass=chr_file permissive=1 ppid=464 pcomm="recovery" pgid=464 pgcomm="recovery"
03-31 18:03:33.273   540   540 I recovery: type=1400 audit(0.0:252): avc: denied { open } for path="/dev/mtp_usb" dev="tmpfs" ino=10940 scontext=u:r:recovery:s0 tcontext=u:object_r:mtp_device:s0 tclass=chr_file permissive=1 ppid=464 pcomm="recovery" pgid=464 pgcomm="recovery"
01-01 17:50:49.832     0     0 I         : mtp_open
03-31 18:03:33.273   540   540 I recovery: type=1400 audit(0.0:253): avc: denied { read } for name="mtp_usb" dev="tmpfs" ino=10940 scontext=u:r:recovery:s0 tcontext=u:object_r:mtp_device:s0 tclass=chr_file permissive=1 ppid=464 pcomm="recovery" pgid=464 pgcomm="recovery"
01-01 17:50:49.832     0     0 I         : mtp_open
01-01 17:50:49.832     0     0 E         : mtp_open mtp_release not called returning EBUSY
01-01 17:50:49.832     0     0 I         : mtp_release
03-31 18:03:33.273   540   540 I recovery: type=1400 audit(0.0:254): avc: denied { read } for name="/" dev="mmcblk1p1" ino=1 scontext=u:r:recovery:s0 tcontext=u:object_r:vfat:s0 tclass=dir permissive=1 ppid=464 pcomm="recovery" pgid=540 pgcomm="recovery"
03-31 18:03:33.273   540   540 I recovery: type=1400 audit(0.0:255): avc: denied { open } for path="/sdcard1" dev="mmcblk1p1" ino=1 scontext=u:r:recovery:s0 tcontext=u:object_r:vfat:s0 tclass=dir permissive=1 ppid=464 pcomm="recovery" pgid=540 pgcomm="recovery"
03-31 18:03:33.276   540   540 I recovery: type=1400 audit(0.0:256): avc: denied { getattr } for path="/sdcard1/recovery.log" dev="mmcblk1p1" ino=1048607 scontext=u:r:recovery:s0 tcontext=u:object_r:vfat:s0 tclass=file permissive=1 ppid=464 pcomm="recovery" pgid=540 pgcomm="recovery"
03-31 18:03:33.477   458   458 W HidlServiceManagement: Waited one second for android.hardware.keymaster@4.0::IKeymasterDevice/default
03-31 18:03:33.477   455   455 I hwservicemanager: Since android.hardware.keymaster@4.0::IKeymasterDevice/default is not registered, trying to start it as a lazy HAL.
03-31 18:03:33.477   458   458 I HidlServiceManagement: getService: Trying again for android.hardware.keymaster@4.0::IKeymasterDevice/default...
01-01 17:50:50.033     0     0 I pmi632_charger: chg_state_change_irq_handler: IRQ: chg-state-change
03-31 18:03:33.478   455   553 W libc    : Unable to set property "ctl.interface_start" to "android.hardware.keymaster@4.0::IKeymasterDevice/default": error code: 0x20
03-31 18:03:33.478   455   553 I hwservicemanager: Tried to start android.hardware.keymaster@4.0::IKeymasterDevice/default as a lazy service, but was unable to. Usually this happens when a service is not installed, but if the service is intended to be used as a lazy service, then it may be configured incorrectly.
01-01 17:50:50.036     0     0 I ALG     : cap_learning_update: [SOMC CL][OFF] charge_status:1 bsoc_cp:10000
01-01 17:50:50.182     0     0 I ALG     : cap_learning_update: [SOMC CL][OFF] charge_status:1 bsoc_cp:10000
01-01 17:50:50.617     0     0 I QG-K    : qg_somc_jeita_step_charge_work: [Charging] BSOC:10000 MSOC:100 RTEMP:286 IBATT:79mA VBATT:4337mV VCELL:4337mV Target FCC:1000mA FV:4340mV
01-01 17:50:50.632     0     0 I         : mtp_open
03-31 18:03:34.110   542   542 I adbd    : UsbFfs: already offline
03-31 18:03:34.110   542   542 I adbd    : authentication not required
03-31 18:03:34.477   458   458 W HidlServiceManagement: Waited one second for android.hardware.keymaster@4.0::IKeymasterDevice/default
03-31 18:03:34.477   455   455 I hwservicemanager: Since android.hardware.keymaster@4.0::IKeymasterDevice/default is not registered, trying to start it as a lazy HAL.
03-31 18:03:34.478   458   458 I HidlServiceManagement: getService: Trying again for android.hardware.keymaster@4.0::IKeymasterDevice/default...
03-31 18:03:34.478   455   556 W libc    : Unable to set property "ctl.interface_start" to "android.hardware.keymaster@4.0::IKeymasterDevice/default": error code: 0x20
03-31 18:03:34.478   455   556 I hwservicemanager: Tried to start android.hardware.keymaster@4.0::IKeymasterDevice/default as a lazy service, but was unable to. Usually this happens when a service is not installed, but if the service is intended to be used as a lazy service, then it may be configured incorrectly.
01-01 17:50:51.725     0     0 I pmi632_charger: smblib_icl_change_work: icl_settled=300000
03-31 18:03:35.478   458   458 W HidlServiceManagement: Waited one second for android.hardware.keymaster@4.0::IKeymasterDevice/default
03-31 18:03:35.478   455   455 I hwservicemanager: Since android.hardware.keymaster@4.0::IKeymasterDevice/default is not registered, trying to start it as a lazy HAL.
03-31 18:03:35.479   455   557 W libc    : Unable to set property "ctl.interface_start" to "android.hardware.keymaster@4.0::IKeymasterDevice/default": error code: 0x20
03-31 18:03:35.479   455   557 I hwservicemanager: Tried to start android.hardware.keymaster@4.0::IKeymasterDevice/default as a lazy service, but was unable to. Usually this happens when a service is not installed, but if the service is intended to be used as a lazy service, then it may be configured incorrectly.
03-31 18:03:35.479   458   458 I HidlServiceManagement: getService: Trying again for android.hardware.keymaster@4.0::IKeymasterDevice/default...
01-01 17:50:52.037     0     0 E init    : Control message: Could not find 'android.hardware.keymaster@4.0::IKeymasterDevice/default' for ctl.interface_start from pid: 455 (/system/bin/hwservicemanager)
03-31 18:03:36.479   458   458 W HidlServiceManagement: Waited one second for android.hardware.keymaster@4.0::IKeymasterDevice/default
03-31 18:03:36.479   455   455 I hwservicemanager: Since android.hardware.keymaster@4.0::IKeymasterDevice/default is not registered, trying to start it as a lazy HAL.
03-31 18:03:36.479   458   458 I HidlServiceManagement: getService: Trying again for android.hardware.keymaster@4.0::IKeymasterDevice/default...
03-31 18:03:36.480   455   558 W libc    : Unable to set property "ctl.interface_start" to "android.hardware.keymaster@4.0::IKeymasterDevice/default": error code: 0x20
03-31 18:03:36.480   455   558 I hwservicemanager: Tried to start android.hardware.keymaster@4.0::IKeymasterDevice/default as a lazy service, but was unable to. Usually this happens when a service is not installed, but if the service is intended to be used as a lazy service, then it may be configured incorrectly.
01-01 17:50:53.038     0     0 E init    : Control message: Could not find 'android.hardware.keymaster@4.0::IKeymasterDevice/default' for ctl.interface_start from pid: 455 (/system/bin/hwservicemanager)
03-31 18:03:37.480   458   458 W HidlServiceManagement: Waited one second for android.hardware.keymaster@4.0::IKeymasterDevice/default
03-31 18:03:37.480   455   455 I hwservicemanager: Since android.hardware.keymaster@4.0::IKeymasterDevice/default is not registered, trying to start it as a lazy HAL.
03-31 18:03:37.480   458   458 I HidlServiceManagement: getService: Trying again for android.hardware.keymaster@4.0::IKeymasterDevice/default...
03-31 18:03:37.480   455   559 W libc    : Unable to set property "ctl.interface_start" to "android.hardware.keymaster@4.0::IKeymasterDevice/default": error code: 0x20
03-31 18:03:37.480   455   559 I hwservicemanager: Tried to start android.hardware.keymaster@4.0::IKeymasterDevice/default as a lazy service, but was unable to. Usually this happens when a service is not installed, but if the service is intended to be used as a lazy service, then it may be configured incorrectly.
01-01 17:50:54.038     0     0 E init    : Control message: Could not find 'android.hardware.keymaster@4.0::IKeymasterDevice/default' for ctl.interface_start from pid: 455 (/system/bin/hwservicemanager)
03-31 18:03:38.480   458   458 W HidlServiceManagement: Waited one second for android.hardware.keymaster@4.0::IKeymasterDevice/default
03-31 18:03:38.480   455   455 I hwservicemanager: Since android.hardware.keymaster@4.0::IKeymasterDevice/default is not registered, trying to start it as a lazy HAL.
03-31 18:03:38.481   458   458 I HidlServiceManagement: getService: Trying again for android.hardware.keymaster@4.0::IKeymasterDevice/default...
03-31 18:03:38.481   455   560 W libc    : Unable to set property "ctl.interface_start" to "android.hardware.keymaster@4.0::IKeymasterDevice/default": error code: 0x20
03-31 18:03:38.481   455   560 I hwservicemanager: Tried to start android.hardware.keymaster@4.0::IKeymasterDevice/default as a lazy service, but was unable to. Usually this happens when a service is not installed, but if the service is intended to be used as a lazy service, then it may be configured incorrectly.
01-01 17:50:55.039     0     0 E init    : Control message: Could not find 'android.hardware.keymaster@4.0::IKeymasterDevice/default' for ctl.interface_start from pid: 455 (/system/bin/hwservicemanager)
01-01 17:50:55.961     0     0 I pmi632_charger: chg_state_change_irq_handler: IRQ: chg-state-change
03-31 18:03:39.481   458   458 W HidlServiceManagement: Waited one second for android.hardware.keymaster@4.0::IKeymasterDevice/default
03-31 18:03:39.481   455   455 I hwservicemanager: Since android.hardware.keymaster@4.0::IKeymasterDevice/default is not registered, trying to start it as a lazy HAL.
03-31 18:03:39.481   458   458 I HidlServiceManagement: getService: Trying again for android.hardware.keymaster@4.0::IKeymasterDevice/default...
03-31 18:03:39.482   455   561 W libc    : Unable to set property "ctl.interface_start" to "android.hardware.keymaster@4.0::IKeymasterDevice/default": error code: 0x20
03-31 18:03:39.482   455   561 I hwservicemanager: Tried to start android.hardware.keymaster@4.0::IKeymasterDevice/default as a lazy service, but was unable to. Usually this happens when a service is not installed, but if the service is intended to be used as a lazy service, then it may be configured incorrectly.
01-01 17:50:56.040     0     0 E init    : Control message: Could not find 'android.hardware.keymaster@4.0::IKeymasterDevice/default' for ctl.interface_start from pid: 455 (/system/bin/hwservicemanager)
01-01 17:50:57.007     0     0 I QG-K    : qg_somc_jeita_step_charge_work: [FULL] BSOC:10000 MSOC:100 RTEMP:286 IBATT:-41mA VBATT:4353mV VCELL:4352mV Target FCC:3000mA FV:4340mV
01-01 17:50:57.007     0     0 I QG-K    : qg_somc_jeita_step_charge_work: exit step_work input_present:1 status:4
03-31 18:03:40.481   458   458 W HidlServiceManagement: Waited one second for android.hardware.keymaster@4.0::IKeymasterDevice/default
03-31 18:03:40.482   455   455 I hwservicemanager: Since android.hardware.keymaster@4.0::IKeymasterDevice/default is not registered, trying to start it as a lazy HAL.
03-31 18:03:40.482   458   458 I HidlServiceManagement: getService: Trying again for android.hardware.keymaster@4.0::IKeymasterDevice/default...
03-31 18:03:40.482   455   562 W libc    : Unable to set property "ctl.interface_start" to "android.hardware.keymaster@4.0::IKeymasterDevice/default": error code: 0x20
03-31 18:03:40.482   455   562 I hwservicemanager: Tried to start android.hardware.keymaster@4.0::IKeymasterDevice/default as a lazy service, but was unable to. Usually this happens when a service is not installed, but if the service is intended to be used as a lazy service, then it may be configured incorrectly.
01-01 17:50:57.040     0     0 E init    : Control message: Could not find 'android.hardware.keymaster@4.0::IKeymasterDevice/default' for ctl.interface_start from pid: 455 (/system/bin/hwservicemanager)
01-01 17:50:57.220     0     0 E i2c_geni 4a88000.i2c: i2c error :-107
03-31 18:03:41.482   458   458 W HidlServiceManagement: Waited one second for android.hardware.keymaster@4.0::IKeymasterDevice/default
03-31 18:03:41.482   455   455 I hwservicemanager: Since android.hardware.keymaster@4.0::IKeymasterDevice/default is not registered, trying to start it as a lazy HAL.
03-31 18:03:41.483   458   458 I HidlServiceManagement: getService: Trying again for android.hardware.keymaster@4.0::IKeymasterDevice/default...
03-31 18:03:41.483   455   563 W libc    : Unable to set property "ctl.interface_start" to "android.hardware.keymaster@4.0::IKeymasterDevice/default": error code: 0x20
03-31 18:03:41.483   455   563 I hwservicemanager: Tried to start android.hardware.keymaster@4.0::IKeymasterDevice/default as a lazy service, but was unable to. Usually this happens when a service is not installed, but if the service is intended to be used as a lazy service, then it may be configured incorrectly.
01-01 17:50:58.041     0     0 E init    : Control message: Could not find 'android.hardware.keymaster@4.0::IKeymasterDevice/default' for ctl.interface_start from pid: 455 (/system/bin/hwservicemanager)
03-31 18:03:42.483   458   458 W HidlServiceManagement: Waited one second for android.hardware.keymaster@4.0::IKeymasterDevice/default
03-31 18:03:42.483   455   455 I hwservicemanager: Since android.hardware.keymaster@4.0::IKeymasterDevice/default is not registered, trying to start it as a lazy HAL.
03-31 18:03:42.483   458   458 I HidlServiceManagement: getService: Trying again for android.hardware.keymaster@4.0::IKeymasterDevice/default...
03-31 18:03:42.483   455   564 W libc    : Unable to set property "ctl.interface_start" to "android.hardware.keymaster@4.0::IKeymasterDevice/default": error code: 0x20
03-31 18:03:42.483   455   564 I hwservicemanager: Tried to start android.hardware.keymaster@4.0::IKeymasterDevice/default as a lazy service, but was unable to. Usually this happens when a service is not installed, but if the service is intended to be used as a lazy service, then it may be configured incorrectly.
01-01 17:50:59.041     0     0 E init    : Control message: Could not find 'android.hardware.keymaster@4.0::IKeymasterDevice/default' for ctl.interface_start from pid: 455 (/system/bin/hwservicemanager)
03-31 18:03:43.483   458   458 W HidlServiceManagement: Waited one second for android.hardware.keymaster@4.0::IKeymasterDevice/default
03-31 18:03:43.484   455   455 I hwservicemanager: Since android.hardware.keymaster@4.0::IKeymasterDevice/default is not registered, trying to start it as a lazy HAL.
03-31 18:03:43.484   458   458 I HidlServiceManagement: getService: Trying again for android.hardware.keymaster@4.0::IKeymasterDevice/default...
03-31 18:03:43.484   455   565 W libc    : Unable to set property "ctl.interface_start" to "android.hardware.keymaster@4.0::IKeymasterDevice/default": error code: 0x20
03-31 18:03:43.484   455   565 I hwservicemanager: Tried to start android.hardware.keymaster@4.0::IKeymasterDevice/default as a lazy service, but was unable to. Usually this happens when a service is not installed, but if the service is intended to be used as a lazy service, then it may be configured incorrectly.
01-01 17:51:00.042     0     0 E init    : Control message: Could not find 'android.hardware.keymaster@4.0::IKeymasterDevice/default' for ctl.interface_start from pid: 455 (/system/bin/hwservicemanager)
03-31 18:03:44.484   458   458 W HidlServiceManagement: Waited one second for android.hardware.keymaster@4.0::IKeymasterDevice/default
03-31 18:03:44.484   455   455 I hwservicemanager: Since android.hardware.keymaster@4.0::IKeymasterDevice/default is not registered, trying to start it as a lazy HAL.
03-31 18:03:44.484   458   458 I HidlServiceManagement: getService: Trying again for android.hardware.keymaster@4.0::IKeymasterDevice/default...
03-31 18:03:44.485   455   566 W libc    : Unable to set property "ctl.interface_start" to "android.hardware.keymaster@4.0::IKeymasterDevice/default": error code: 0x20
