01-04 23:41:05.008     0     0 I f_cdev_alloc: port_name:at_usb2 (0000000000000000) portno:(2)
01-04 23:41:05.020     1     1 I init    : type=1400 audit(0.0:28): avc: denied { sys_module } for capability=16 scontext=u:r:init:s0 tcontext=u:r:init:s0 tclass=capability permissive=1 ppid=0 pcomm="swapper/0"
01-04 23:41:05.020     1     1 I init    : type=1400 audit(0.0:29): avc: denied { module_load } for path="/vendor/lib/modules/sec_touchscreen.ko" dev="rootfs" ino=11300 scontext=u:r:init:s0 tcontext=u:object_r:rootfs:s0 tclass=system permissive=1 ppid=0 pcomm="swapper/0"
01-04 23:41:05.031     0     0 I pmi632_charger: usb_source_change_irq_handler: APSD_STATUS = 0x00
01-04 23:41:05.031     0     0 I pmi632_charger: smblib_handle_hvdcp_detect_done: IRQ: hvdcp-detect-done falling
01-04 23:41:05.031     0     0 I pmi632_charger: smblib_handle_hvdcp_check_timeout: IRQ: smblib_handle_hvdcp_check_timeout falling
01-04 23:41:05.031     0     0 I pmi632_charger: smblib_handle_sdp_enumeration_done: IRQ: sdp-enumeration-done falling
01-04 23:41:05.031     0     0 I pmi632_charger: smblib_handle_slow_plugin_timeout: IRQ: slow-plugin-timeout falling
01-04 23:41:05.031     0     0 I pmi632_charger: usb_source_change_irq_handler: APSD_STATUS = 0x00
01-04 23:41:05.031     0     0 I water_detection soc: somc_water_detection: Connection status is changed to 1
01-04 23:41:05.031     0     0 I water_detection soc: somc_water_detection: wdet_polling_set: state 0 -> 1
01-04 23:41:05.031     0     0 I water_detection soc: somc_water_detection: wdet_polling_set: Polling stop
01-04 23:41:05.035   456   456 I keystore2: keystore2_main: Keystore2 is starting.
01-04 23:41:05.030   456   456 I keystore2: type=1400 audit(0.0:30): avc: denied { read } for name="u:object_r:keystore_crash_prop:s0" dev="tmpfs" ino=11513 scontext=u:r:recovery:s0 tcontext=u:object_r:keystore_crash_prop:s0 tclass=file permissive=1 ppid=1 pcomm="init" pgid=1 pgcomm="init"
01-04 23:41:05.030   456   456 I keystore2: type=1400 audit(0.0:31): avc: denied { open } for path="/dev/__properties__/u:object_r:keystore_crash_prop:s0" dev="tmpfs" ino=11513 scontext=u:r:recovery:s0 tcontext=u:object_r:keystore_crash_prop:s0 tclass=file permissive=1 ppid=1 pcomm="init" pgid=1 pgcomm="init"
01-04 23:41:05.030   456   456 I keystore2: type=1400 audit(0.0:32): avc: denied { getattr } for path="/dev/__properties__/u:object_r:keystore_crash_prop:s0" dev="tmpfs" ino=11513 scontext=u:r:recovery:s0 tcontext=u:object_r:keystore_crash_prop:s0 tclass=file permissive=1 ppid=1 pcomm="init" pgid=1 pgcomm="init"
01-04 23:41:05.030   456   456 I keystore2: type=1400 audit(0.0:33): avc: denied { map } for path="/dev/__properties__/u:object_r:keystore_crash_prop:s0" dev="tmpfs" ino=11513 scontext=u:r:recovery:s0 tcontext=u:object_r:keystore_crash_prop:s0 tclass=file permissive=1 ppid=1 pcomm="init" pgid=1 pgcomm="init"
01-04 23:41:05.033     1     1 I unknown : type=1107 audit(0.0:34): uid=0 auid=4294967295 ses=4294967295 subj=u:r:init:s0 msg='avc: denied { set } for property=keystore.crash_count pid=456 uid=0 gid=1017 scontext=u:r:recovery:s0 tcontext=u:object_r:keystore_crash_prop:s0 tclass=property_service permissive=1'
01-04 23:41:05.035   456   456 I keystore2: keystore2_main: Starting thread pool now.
01-04 23:41:05.036   456   484 I keystore2: getDeviceHalManifest: Reading VINTF information.
01-04 23:41:05.036     1     1 I init    : type=1400 audit(0.0:35): avc: denied { write } for name="after_work" dev="sysfs" ino=43508 scontext=u:r:init:s0 tcontext=u:object_r:sysfs:s0 tclass=file permissive=1 ppid=0 pcomm="swapper/0"
01-04 23:41:05.036     1     1 I init    : type=1400 audit(0.0:36): avc: denied { open } for path="/sys/devices/virtual/sec/tsp/after_work" dev="sysfs" ino=43508 scontext=u:r:init:s0 tcontext=u:object_r:sysfs:s0 tclass=file permissive=1 ppid=0 pcomm="swapper/0"
01-04 23:41:05.038     0     0 E         : PKCS#7 signature not signed with a trusted key
01-04 23:41:05.039     0     0 W sec_touchscreen: disagrees about version of symbol module_layout
01-04 23:41:05.039     0     0 I sec_ts 1-0048: [sec_input] after_init_work_start_store: - start
01-04 23:41:05.039     0     0 I sec_ts 1-0048: [sec_input] start after_init_work
01-04 23:41:05.039     0     0 I sec_ts 1-0048: [sec_input] sec_ts_after_init_work: session_work start
01-04 23:41:05.039     0     0 I sec_ts 1-0048: [sec_input] sec_ts_after_init: start
01-04 23:41:05.039     0     0 I sec_ts 1-0048: [sec_input] sec_ts_after_init: request_irq = 229
01-04 23:41:05.039     0     0 I sec_ts 1-0048: [sec_input] sec_ts_after_init: ret 0
01-04 23:41:05.039     0     0 I sec_ts 1-0048: [sec_input] Change irq was disable
01-04 23:41:05.039     0     0 I sec_ts 1-0048: [sec_input] sec_ts_after_init: ts =  SEC_TS_READ_DEVICE_ID = 34 deviceID = 138132712
01-04 23:41:05.041     0     0 I sec_ts 1-0048: [sec_input] sec_ts_after_init: TOUCH DEVICE ID : 53, 45, 37, 61, 00
01-04 23:41:05.045   456   484 I keystore2: getDeviceHalManifest: Successfully processed VINTF information
01-04 23:41:05.045   456   484 I keystore2: keystore2::shared_secret_negotiation: Shared secret negotiation concluded successfully.
01-04 23:41:05.043   456   456 I Binder:456_2: type=1400 audit(0.0:37): avc: denied { call } for scontext=u:r:recovery:s0 tcontext=u:r:recovery:s0 tclass=binder permissive=1 ppid=1 pcomm="init" pgid=1 pgcomm="init"
01-04 23:41:05.043   456   456 I Binder:456_2: type=1400 audit(0.0:38): avc: denied { transfer } for scontext=u:r:recovery:s0 tcontext=u:r:recovery:s0 tclass=binder permissive=1 ppid=1 pcomm="init" pgid=1 pgcomm="init"
01-04 23:41:05.046   454   454 E SELinux : avc:  denied  { add } for pid=456 uid=0 name=android.security.compat scontext=u:r:recovery:s0 tcontext=u:object_r:keystore_compat_hal_service:s0 tclass=service_manager permissive=1
01-04 23:41:05.046   454   454 E SELinux : avc:  denied  { find } for pid=456 uid=0 name=android.security.compat scontext=u:r:recovery:s0 tcontext=u:object_r:keystore_compat_hal_service:s0 tclass=service_manager permissive=1
01-04 23:41:05.046   456   456 E cutils-trace: Error opening trace file: No such file or directory (2)
01-04 23:41:05.046   453   453 E cutils-trace: Error opening trace file: No such file or directory (2)
01-04 23:41:05.047   453   453 E SELinux : avc:  denied  { find } for interface=android.hardware.keymaster::IKeymasterDevice sid=u:r:recovery:s0 pid=456 scontext=u:r:recovery:s0 tcontext=u:object_r:hal_keymaster_hwservice:s0 tclass=hwservice_manager permissive=1
01-04 23:41:05.047   453   453 I hwservicemanager: Since android.hardware.keymaster@4.0::IKeymasterDevice/default is not registered, trying to start it as a lazy HAL.
01-04 23:41:05.047   453   453 I hwservicemanager: Since android.hardware.keymaster@4.0::IKeymasterDevice/default is not registered, trying to start it as a lazy HAL.
01-04 23:41:05.048   456   456 I HidlServiceManagement: getService: Trying again for android.hardware.keymaster@4.0::IKeymasterDevice/default...
01-04 23:41:05.043     1     1 I unknown : type=1107 audit(0.0:39): uid=0 auid=4294967295 ses=4294967295 subj=u:r:init:s0 msg='avc: denied { set } for property=ctl.interface_start$android.hardware.keymaster@4.0::IKeymasterDevice/default pid=453 uid=0 gid=0 scontext=u:r:recovery:s0 tcontext=u:object_r:ctl_interface_start_prop:s0 tclass=property_service permissive=1'
01-04 23:41:05.048   453   489 W libc    : Unable to set property "ctl.interface_start" to "android.hardware.keymaster@4.0::IKeymasterDevice/default": error code: 0x20
01-04 23:41:05.048   453   491 W libc    : Unable to set property "ctl.interface_start" to "android.hardware.keymaster@4.0::IKeymasterDevice/default": error code: 0x20
01-04 23:41:05.048   453   491 I hwservicemanager: Tried to start android.hardware.keymaster@4.0::IKeymasterDevice/default as a lazy service, but was unable to. Usually this happens when a service is not installed, but if the service is intended to be used as a lazy service, then it may be configured incorrectly.
01-04 23:41:05.048   453   489 I hwservicemanager: Tried to start android.hardware.keymaster@4.0::IKeymasterDevice/default as a lazy service, but was unable to. Usually this happens when a service is not installed, but if the service is intended to be used as a lazy service, then it may be configured incorrectly.
01-04 23:41:05.056     0     0 I sec_ts 1-0048: [sec_input] sec_ts_after_init: TOUCH STATUS : 20 || 00, 02, 00, 00
01-04 23:41:05.056     0     0 I sec_ts 1-0048: [sec_input] no irq change [disable]
01-04 23:41:05.056     0     0 I sec_ts 1-0048: [sec_input] sec_ts_read_calibration_report: count:4, pass count:4, fail count:0, status:0xA2
01-04 23:41:05.056     0     0 I sec_ts 1-0048: [sec_input] sec_ts_firmware_update_on_probe: initial firmware update touch_module_id_0x82.img, cal:A2
01-04 23:41:05.053   462   462 I recovery: type=1400 audit(0.0:40): avc: denied { getattr } for path="/sys/devices/virtual/thermal/thermal_zone0/temp" dev="sysfs" ino=25428 scontext=u:r:recovery:s0 tcontext=u:object_r:sysfs:s0 tclass=file permissive=1 ppid=1 pcomm="init" pgid=1 pgcomm="init"
01-04 23:41:05.053   462   462 I recovery: type=1400 audit(0.0:41): avc: denied { getattr } for path="/config/usb_gadget/g1/functions/mass_storage.0/lun.0/file" dev="configfs" ino=10891 scontext=u:r:recovery:s0 tcontext=u:object_r:configfs:s0 tclass=file permissive=1 ppid=1 pcomm="init" pgid=1 pgcomm="init"
01-04 23:41:05.053   462   462 I recovery: type=1400 audit(0.0:42): avc: denied { write } for name="brightness" dev="sysfs" ino=34386 scontext=u:r:recovery:s0 tcontext=u:object_r:sysfs:s0 tclass=file permissive=1 ppid=1 pcomm="init" pgid=1 pgcomm="init"
01-04 23:41:05.053   462   462 I recovery: type=1400 audit(0.0:43): avc: denied { open } for path="/sys/devices/platform/soc/5e00000.qcom,mdss_mdp/backlight/panel0-backlight/brightness" dev="sysfs" ino=34386 scontext=u:r:recovery:s0 tcontext=u:object_r:sysfs:s0 tclass=file permissive=1 ppid=1 pcomm="init" pgid=1 pgcomm="init"
01-04 23:41:05.053     1     1 I unknown : type=1107 audit(0.0:44): uid=0 auid=4294967295 ses=4294967295 subj=u:r:init:s0 msg='avc: denied { set } for property=ro.twrp.boot pid=462 uid=0 gid=0 scontext=u:r:recovery:s0 tcontext=u:object_r:default_prop:s0 tclass=property_service permissive=1'
01-04 23:41:05.056   462   462 I recovery: type=1400 audit(0.0:45): avc: denied { read write } for name="card0" dev="tmpfs" ino=10709 scontext=u:r:recovery:s0 tcontext=u:object_r:device:s0 tclass=chr_file permissive=1 ppid=1 pcomm="init" pgid=1 pgcomm="init"
01-04 23:41:05.056   462   462 I recovery: type=1400 audit(0.0:46): avc: denied { open } for path="/dev/dri/card0" dev="tmpfs" ino=10709 scontext=u:r:recovery:s0 tcontext=u:object_r:device:s0 tclass=chr_file permissive=1 ppid=1 pcomm="init" pgid=1 pgcomm="init"
01-04 23:41:05.056   462   462 I recovery: type=1400 audit(0.0:47): avc: denied { ioctl } for path="/dev/dri/card0" dev="tmpfs" ino=10709 ioctlcmd=0x640c scontext=u:r:recovery:s0 tcontext=u:object_r:device:s0 tclass=chr_file permissive=1 ppid=1 pcomm="init" pgid=1 pgcomm="init"
01-04 23:41:05.056   462   462 I recovery: type=1400 audit(0.0:48): avc: denied { map } for path="/dev/dri/card0" dev="tmpfs" ino=10709 scontext=u:r:recovery:s0 tcontext=u:object_r:device:s0 tclass=chr_file permissive=1 ppid=1 pcomm="init" pgid=1 pgcomm="init"
01-04 23:41:05.059     0     0 E firmware touch_module_id_0x82.img: _request_firmware_load: firmware state wait timeout: rc = -2
01-04 23:41:05.059     0     0 E sec_ts 1-0048: [sec_input] sec_ts_firmware_update_on_probe: firmware is not available
01-04 23:41:05.059     0     0 E sec_ts 1-0048: [sec_input] sec_ts_after_init: fail firmware update on probe
01-04 23:41:05.060     0     0 I sec_ts 1-0048: [sec_input] sec_ts_read_information: AC, 37, 61
01-04 23:41:05.060     0     0 I sec_ts 1-0048: [sec_input] sec_ts_read_information: nTX:E, nRX:1F, rY:2520, rX:1080
01-04 23:41:05.060     0     0 I sec_ts 1-0048: [sec_input] sec_ts_read_information: STATUS : 20
01-04 23:41:05.061     0     0 I sec_ts 1-0048: [sec_input] sec_ts_read_information: TOUCH STATUS : 00, 02, 00, 00
01-04 23:41:05.061     0     0 I sec_ts 1-0048: [sec_input] sec_ts_read_information: Functions : 61
01-04 23:41:05.061     0     0 I sec_ts 1-0048: [sec_input] sec_ts_read_information: Stamina mode : 0
01-04 23:41:05.061     0     0 I sec_ts 1-0048: [sec_input] sec_ts_read_information: Side touch : 255
01-04 23:41:05.061     0     0 I sec_ts 1-0048: [sec_input] sec_ts_read_information: Doze timeout : 249
01-04 23:41:05.062     0     0 I sec_ts 1-0048: [sec_input] Change irq enabled
01-04 23:41:05.062     0     0 I sec_ts 1-0048: [sec_input] sec_ts_after_init: success
01-04 23:41:05.062     0     0 I sec_ts 1-0048: [sec_input] after_init_work done
01-04 23:41:05.078     0     0 I sec_ts 1-0048: [sec_input] After: Unblank
01-04 23:41:05.078     0     0 I sec_ts 1-0048: [sec_input] start@2.39364472
01-04 23:41:05.078     0     0 I sec_ts 1-0048: [sec_input] sec_ts_resume: start
01-04 23:41:05.078     0     0 I sec_ts 1-0048: [sec_input] sec_ts_resume: already power on
01-04 23:41:05.078     0     0 I sec_ts 1-0048: [sec_input] sec_ts_resume: end
01-04 23:41:05.078     0     0 I sec_ts 1-0048: [sec_input] end@2.39388222
01-04 23:41:05.110   462   462 I recovery: type=1400 audit(0.0:49): avc: denied { execmem } for scontext=u:r:recovery:s0 tcontext=u:r:recovery:s0 tclass=process permissive=1 ppid=1 pcomm="init" pgid=1 pgcomm="init"
01-04 23:41:05.110   462   462 I recovery: type=1400 audit(0.0:50): avc: denied { execute } for path="/dev/ashmema8a96882-2693-46bd-b3a8-b1b5941f9d09" dev="tmpfs" ino=1841 scontext=u:r:recovery:s0 tcontext=u:object_r:ashmem_libcutils_device:s0 tclass=chr_file permissive=1 ppid=1 pcomm="init" pgid=1 pgcomm="init"
01-04 23:41:05.114   462   462 I ArmToArm64Assembler: generated scanline__00000077:03010101_00008001_00000000 [195 ipp] (241 ins) at [0x743d25f3c0:0x743d25f784] in 70364ns
01-04 23:41:05.142   462   462 I ArmToArm64Assembler: generated scanline__00000077:03545401_00000A01_00000000 [ 69 ipp] (113 ins) at [0x743d25f790:0x743d25f954] in 53021ns
01-04 23:41:05.151   462   462 I ArmToArm64Assembler: generated scanline__00000077:03545401_00000A08_00000000 [ 69 ipp] (116 ins) at [0x743d25f960:0x743d25fb30] in 52448ns
01-04 23:41:05.423   462   462 I recovery: type=1400 audit(0.0:51): avc: denied { read } for name="temp" dev="sysfs" ino=25428 scontext=u:r:recovery:s0 tcontext=u:object_r:sysfs:s0 tclass=file permissive=1 ppid=1 pcomm="init" pgid=1 pgcomm="init"
01-04 23:41:05.438     0     0 I pmi632_charger: smblib_icl_change_work: icl_settled=0
01-04 23:41:05.479     0     0 I pmi632_charger: usb_source_change_irq_handler: APSD_STATUS = 0x01
01-04 23:41:05.479     0     0 I pmi632_charger: smblib_handle_apsd_done: IRQ: apsd-done rising; SDP detected
01-04 23:41:05.479     0     0 I pmi632_charger: smblib_handle_hvdcp_detect_done: IRQ: hvdcp-detect-done falling
01-04 23:41:05.479     0     0 I pmi632_charger: smblib_handle_hvdcp_check_timeout: IRQ: smblib_handle_hvdcp_check_timeout falling
01-04 23:41:05.479     0     0 I pmi632_charger: smblib_handle_sdp_enumeration_done: IRQ: sdp-enumeration-done falling
01-04 23:41:05.479     0     0 I pmi632_charger: smblib_handle_slow_plugin_timeout: IRQ: slow-plugin-timeout falling
01-04 23:41:05.479     0     0 I pmi632_charger: usb_source_change_irq_handler: APSD_STATUS = 0x01
01-04 23:41:05.484     0     0 I msm-dwc3 4e00000.ssusb: DWC3 exited from low power mode
01-04 23:41:06.048   456   456 W HidlServiceManagement: Waited one second for android.hardware.keymaster@4.0::IKeymasterDevice/default
01-04 23:41:06.048   453   453 I hwservicemanager: Since android.hardware.keymaster@4.0::IKeymasterDevice/default is not registered, trying to start it as a lazy HAL.
01-04 23:41:06.048   456   456 I HidlServiceManagement: getService: Trying again for android.hardware.keymaster@4.0::IKeymasterDevice/default...
01-04 23:41:06.049   453   494 W libc    : Unable to set property "ctl.interface_start" to "android.hardware.keymaster@4.0::IKeymasterDevice/default": error code: 0x20
01-04 23:41:06.049   453   494 I hwservicemanager: Tried to start android.hardware.keymaster@4.0::IKeymasterDevice/default as a lazy service, but was unable to. Usually this happens when a service is not installed, but if the service is intended to be used as a lazy service, then it may be configured incorrectly.
01-04 23:41:06.100   462   462 I recovery: type=1400 audit(0.0:52): avc: denied { getattr } for path="/linkerconfig" dev="tmpfs" ino=3151 scontext=u:r:recovery:s0 tcontext=u:object_r:linkerconfig_file:s0 tclass=dir permissive=1 ppid=1 pcomm="init" pgid=1 pgcomm="init"
01-04 23:41:06.100   462   462 I recovery: type=1400 audit(0.0:53): avc: denied { getattr } for path="/system/bin/init" dev="rootfs" ino=1276 scontext=u:r:recovery:s0 tcontext=u:object_r:init_exec:s0 tclass=file permissive=1 ppid=1 pcomm="init" pgid=1 pgcomm="init"
01-04 23:41:06.333   462   462 I recovery: [libfs_mgr]dt_fstab: Skip disabled entry for partition vendor
01-04 23:41:06.333   462   462 E recovery: [libfs_mgr]Error parsing mount_flags
01-04 23:41:06.333   462   462 E recovery: [libfs_mgr]ReadFstabFromFile(): failed to load fstab from : '/etc/recovery.fstab'
01-04 23:41:06.333   462   462 I recovery: [libfs_mgr]ReadDefaultFstab(): failed to find device default fstab
01-04 23:41:06.333   462   462 E recovery: failed to read default fstab
01-04 23:41:06.334   462   462 I recovery: [libfs_mgr]dt_fstab: Skip disabled entry for partition vendor
01-04 23:41:06.334   462   462 E recovery: [libfs_mgr]Error parsing mount_flags
01-04 23:41:06.334   462   462 E recovery: [libfs_mgr]ReadFstabFromFile(): failed to load fstab from : '/etc/recovery.fstab'
01-04 23:41:06.334   462   462 I recovery: [libfs_mgr]ReadDefaultFstab(): failed to find device default fstab
01-04 23:41:06.334   462   462 E recovery: Failed to set BCB message: failed to read default fstab
01-04 23:41:06.334   462   462 I recovery: [libfs_mgr]dt_fstab: Skip disabled entry for partition vendor
01-04 23:41:06.334   462   462 E recovery: [libfs_mgr]Error parsing mount_flags
01-04 23:41:06.334   462   462 E recovery: [libfs_mgr]ReadFstabFromFile(): failed to load fstab from : '/etc/recovery.fstab'
01-04 23:41:06.334   462   462 I recovery: [libfs_mgr]ReadDefaultFstab(): failed to find device default fstab
01-04 23:41:06.330   462   462 I recovery: type=1400 audit(0.0:54): avc: denied { open } for path="/dev/__properties__/u:object_r:aac_drc_prop:s0" dev="tmpfs" ino=11387 scontext=u:r:recovery:s0 tcontext=u:object_r:aac_drc_prop:s0 tclass=file permissive=1 ppid=1 pcomm="init" pgid=1 pgcomm="init"
01-04 23:41:06.330   462   462 I recovery: type=1400 audit(0.0:55): avc: denied { getattr } for path="/dev/__properties__/u:object_r:aac_drc_prop:s0" dev="tmpfs" ino=11387 scontext=u:r:recovery:s0 tcontext=u:object_r:aac_drc_prop:s0 tclass=file permissive=1 ppid=1 pcomm="init" pgid=1 pgcomm="init"
01-04 23:41:06.330   462   462 I recovery: type=1400 audit(0.0:56): avc: denied { map } for path="/dev/__properties__/u:object_r:aac_drc_prop:s0" dev="tmpfs" ino=11387 scontext=u:r:recovery:s0 tcontext=u:object_r:aac_drc_prop:s0 tclass=file permissive=1 ppid=1 pcomm="init" pgid=1 pgcomm="init"
01-04 23:41:06.330   462   462 I recovery: type=1400 audit(0.0:57): avc: denied { open } for path="/dev/__properties__/u:object_r:adbd_config_prop:s0" dev="tmpfs" ino=11390 scontext=u:r:recovery:s0 tcontext=u:object_r:adbd_config_prop:s0 tclass=file permissive=1 ppid=1 pcomm="init" pgid=1 pgcomm="init"
01-04 23:41:06.330   462   462 I recovery: type=1400 audit(0.0:58): avc: denied { getattr } for path="/dev/__properties__/u:object_r:adbd_config_prop:s0" dev="tmpfs" ino=11390 scontext=u:r:recovery:s0 tcontext=u:object_r:adbd_config_prop:s0 tclass=file permissive=1 ppid=1 pcomm="init" pgid=1 pgcomm="init"
01-04 23:41:06.330   462   462 I recovery: type=1400 audit(0.0:59): avc: denied { map } for path="/dev/__properties__/u:object_r:adbd_config_prop:s0" dev="tmpfs" ino=11390 scontext=u:r:recovery:s0 tcontext=u:object_r:adbd_config_prop:s0 tclass=file permissive=1 ppid=1 pcomm="init" pgid=1 pgcomm="init"
01-04 23:41:06.330   462   462 I recovery: type=1400 audit(0.0:60): avc: denied { open } for path="/dev/__properties__/u:object_r:adbd_prop:s0" dev="tmpfs" ino=11391 scontext=u:r:recovery:s0 tcontext=u:object_r:adbd_prop:s0 tclass=file permissive=1 ppid=1 pcomm="init" pgid=1 pgcomm="init"
01-04 23:41:06.330   462   462 I recovery: type=1400 audit(0.0:61): avc: denied { getattr } for path="/dev/__properties__/u:object_r:adbd_prop:s0" dev="tmpfs" ino=11391 scontext=u:r:recovery:s0 tcontext=u:object_r:adbd_prop:s0 tclass=file permissive=1 ppid=1 pcomm="init" pgid=1 pgcomm="init"
01-04 23:41:06.330   462   462 I recovery: type=1400 audit(0.0:62): avc: denied { map } for path="/dev/__properties__/u:object_r:adbd_prop:s0" dev="tmpfs" ino=11391 scontext=u:r:recovery:s0 tcontext=u:object_r:adbd_prop:s0 tclass=file permissive=1 ppid=1 pcomm="init" pgid=1 pgcomm="init"
01-04 23:41:06.330   462   462 I recovery: type=1400 audit(0.0:63): avc: denied { open } for path="/dev/__properties__/u:object_r:apexd_config_prop:s0" dev="tmpfs" ino=11392 scontext=u:r:recovery:s0 tcontext=u:object_r:apexd_config_prop:s0 tclass=file permissive=1 ppid=1 pcomm="init" pgid=1 pgcomm="init"
01-04 23:41:06.330   462   462 I recovery: type=1400 audit(0.0:64): avc: denied { getattr } for path="/dev/__properties__/u:object_r:apexd_config_prop:s0" dev="tmpfs" ino=11392 scontext=u:r:recovery:s0 tcontext=u:object_r:apexd_config_prop:s0 tclass=file permissive=1 ppid=1 pcomm="init" pgid=1 pgcomm="init"
01-04 23:41:06.330   462   462 I recovery: type=1400 audit(0.0:65): avc: denied { map } for path="/dev/__properties__/u:object_r:apexd_config_prop:s0" dev="tmpfs" ino=11392 scontext=u:r:recovery:s0 tcontext=u:object_r:apexd_config_prop:s0 tclass=file permissive=1 ppid=1 pcomm="init" pgid=1 pgcomm="init"
01-04 23:41:06.330   462   462 I recovery: type=1400 audit(0.0:66): avc: denied { open } for path="/dev/__properties__/u:object_r:apexd_prop:s0" dev="tmpfs" ino=11393 scontext=u:r:recovery:s0 tcontext=u:object_r:apexd_prop:s0 tclass=file permissive=1 ppid=1 pcomm="init" pgid=1 pgcomm="init"
01-04 23:41:06.330   462   462 I recovery: type=1400 audit(0.0:67): avc: denied { getattr } for path="/dev/__properties__/u:object_r:apexd_prop:s0" dev="tmpfs" ino=11393 scontext=u:r:recovery:s0 tcontext=u:object_r:apexd_prop:s0 tclass=file permissive=1 ppid=1 pcomm="init" pgid=1 pgcomm="init"
01-04 23:41:06.330   462   462 I recovery: type=1400 audit(0.0:68): avc: denied { map } for path="/dev/__properties__/u:object_r:apexd_prop:s0" dev="tmpfs" ino=11393 scontext=u:r:recovery:s0 tcontext=u:object_r:apexd_prop:s0 tclass=file permissive=1 ppid=1 pcomm="init" pgid=1 pgcomm="init"
01-04 23:41:06.330   462   462 I recovery: type=1400 audit(0.0:69): avc: denied { open } for path="/dev/__properties__/u:object_r:apk_verity_prop:s0" dev="tmpfs" ino=11394 scontext=u:r:recovery:s0 tcontext=u:object_r:apk_verity_prop:s0 tclass=file permissive=1 ppid=1 pcomm="init" pgid=1 pgcomm="init"
01-04 23:41:06.330   462   462 I recovery: type=1400 audit(0.0:70): avc: denied { getattr } for path="/dev/__properties__/u:object_r:apk_verity_prop:s0" dev="tmpfs" ino=11394 scontext=u:r:recovery:s0 tcontext=u:object_r:apk_verity_prop:s0 tclass=file permissive=1 ppid=1 pcomm="init" pgid=1 pgcomm="init"
01-04 23:41:06.330   462   462 I recovery: type=1400 audit(0.0:71): avc: denied { map } for path="/dev/__properties__/u:object_r:apk_verity_prop:s0" dev="tmpfs" ino=11394 scontext=u:r:recovery:s0 tcontext=u:object_r:apk_verity_prop:s0 tclass=file permissive=1 ppid=1 pcomm="init" pgid=1 pgcomm="init"
01-04 23:41:06.333   462   462 I recovery: type=1400 audit(0.0:72): avc: denied { open } for path="/dev/__properties__/u:object_r:audio_config_prop:s0" dev="tmpfs" ino=11396 scontext=u:r:recovery:s0 tcontext=u:object_r:audio_config_prop:s0 tclass=file permissive=1 ppid=1 pcomm="init" pgid=1 pgcomm="init"
01-04 23:41:06.333   462   462 I recovery: type=1400 audit(0.0:73): avc: denied { getattr } for path="/dev/__properties__/u:object_r:audio_config_prop:s0" dev="tmpfs" ino=11396 scontext=u:r:recovery:s0 tcontext=u:object_r:audio_config_prop:s0 tclass=file permissive=1 ppid=1 pcomm="init" pgid=1 pgcomm="init"
01-04 23:41:06.333   462   462 I recovery: type=1400 audit(0.0:74): avc: denied { map } for path="/dev/__properties__/u:object_r:audio_config_prop:s0" dev="tmpfs" ino=11396 scontext=u:r:recovery:s0 tcontext=u:object_r:audio_config_prop:s0 tclass=file permissive=1 ppid=1 pcomm="init" pgid=1 pgcomm="init"
01-04 23:41:06.333   462   462 I recovery: type=1400 audit(0.0:75): avc: denied { open } for path="/dev/__properties__/u:object_r:bluetooth_a2dp_offload_prop:s0" dev="tmpfs" ino=11401 scontext=u:r:recovery:s0 tcontext=u:object_r:bluetooth_a2dp_offload_prop:s0 tclass=file permissive=1 ppid=1 pcomm="init" pgid=1 pgcomm="init"
01-04 23:41:06.333   462   462 I recovery: type=1400 audit(0.0:76): avc: denied { getattr } for path="/dev/__properties__/u:object_r:bluetooth_a2dp_offload_prop:s0" dev="tmpfs" ino=11401 scontext=u:r:recovery:s0 tcontext=u:object_r:bluetooth_a2dp_offload_prop:s0 tclass=file permissive=1 ppid=1 pcomm="init" pgid=1 pgcomm="init"
01-04 23:41:06.333   462   462 I recovery: type=1400 audit(0.0:77): avc: denied { map } for path="/dev/__properties__/u:object_r:bluetooth_a2dp_offload_prop:s0" dev="tmpfs" ino=11401 scontext=u:r:recovery:s0 tcontext=u:object_r:bluetooth_a2dp_offload_prop:s0 tclass=file permissive=1 ppid=1 pcomm="init" pgid=1 pgcomm="init"
01-04 23:41:06.333   462   462 I recovery: type=1400 audit(0.0:78): avc: denied { open } for path="/dev/__properties__/u:object_r:bluetooth_audio_hal_prop:s0" dev="tmpfs" ino=11402 scontext=u:r:recovery:s0 tcontext=u:object_r:bluetooth_audio_hal_prop:s0 tclass=file permissive=1 ppid=1 pcomm="init" pgid=1 pgcomm="init"
01-04 23:41:06.333   462   462 I recovery: type=1400 audit(0.0:79): avc: denied { getattr } for path="/dev/__properties__/u:object_r:bluetooth_audio_hal_prop:s0" dev="tmpfs" ino=11402 scontext=u:r:recovery:s0 tcontext=u:object_r:bluetooth_audio_hal_prop:s0 tclass=file permissive=1 ppid=1 pcomm="init" pgid=1 pgcomm="init"
01-04 23:41:06.333   462   462 I recovery: type=1400 audit(0.0:80): avc: denied { map } for path="/dev/__properties__/u:object_r:bluetooth_audio_hal_prop:s0" dev="tmpfs" ino=11402 scontext=u:r:recovery:s0 tcontext=u:object_r:bluetooth_audio_hal_prop:s0 tclass=file permissive=1 ppid=1 pcomm="init" pgid=1 pgcomm="init"
01-04 23:41:06.333   462   462 I recovery: type=1400 audit(0.0:81): avc: denied { open } for path="/dev/__properties__/u:object_r:bluetooth_prop:s0" dev="tmpfs" ino=11403 scontext=u:r:recovery:s0 tcontext=u:object_r:bluetooth_prop:s0 tclass=file permissive=1 ppid=1 pcomm="init" pgid=1 pgcomm="init"
01-04 23:41:06.333   462   462 I recovery: type=1400 audit(0.0:82): avc: denied { getattr } for path="/dev/__properties__/u:object_r:bluetooth_prop:s0" dev="tmpfs" ino=11403 scontext=u:r:recovery:s0 tcontext=u:object_r:bluetooth_prop:s0 tclass=file permissive=1 ppid=1 pcomm="init" pgid=1 pgcomm="init"
01-04 23:41:06.333   462   462 I recovery: type=1400 audit(0.0:83): avc: denied { map } for path="/dev/__properties__/u:object_r:bluetooth_prop:s0" dev="tmpfs" ino=11403 scontext=u:r:recovery:s0 tcontext=u:object_r:bluetooth_prop:s0 tclass=file permissive=1 ppid=1 pcomm="init" pgid=1 pgcomm="init"
01-04 23:41:06.333   462   462 I recovery: type=1400 audit(0.0:84): avc: denied { open } for path="/dev/__properties__/u:object_r:bootanim_config_prop:s0" dev="tmpfs" ino=11405 scontext=u:r:recovery:s0 tcontext=u:object_r:bootanim_config_prop:s0 tclass=file permissive=1 ppid=1 pcomm="init" pgid=1 pgcomm="init"
01-04 23:41:06.333   462   462 I recovery: type=1400 audit(0.0:85): avc: denied { getattr } for path="/dev/__properties__/u:object_r:bootanim_config_prop:s0" dev="tmpfs" ino=11405 scontext=u:r:recovery:s0 tcontext=u:object_r:bootanim_config_prop:s0 tclass=file permissive=1 ppid=1 pcomm="init" pgid=1 pgcomm="init"
01-04 23:41:06.333   462   462 I recovery: type=1400 audit(0.0:86): avc: denied { map } for path="/dev/__properties__/u:object_r:bootanim_config_prop:s0" dev="tmpfs" ino=11405 scontext=u:r:recovery:s0 tcontext=u:object_r:bootanim_config_prop:s0 tclass=file permissive=1 ppid=1 pcomm="init" pgid=1 pgcomm="init"
01-04 23:41:06.333   462   462 I recovery: type=1400 audit(0.0:87): avc: denied { open } for path="/dev/__properties__/u:object_r:bootanim_system_prop:s0" dev="tmpfs" ino=11406 scontext=u:r:recovery:s0 tcontext=u:object_r:bootanim_system_prop:s0 tclass=file permissive=1 ppid=1 pcomm="init" pgid=1 pgcomm="init"
01-04 23:41:06.333   462   462 I recovery: type=1400 audit(0.0:88): avc: denied { getattr } for path="/dev/__properties__/u:object_r:bootanim_system_prop:s0" dev="tmpfs" ino=11406 scontext=u:r:recovery:s0 tcontext=u:object_r:bootanim_system_prop:s0 tclass=file permissive=1 ppid=1 pcomm="init" pgid=1 pgcomm="init"
01-04 23:41:06.333   462   462 I recovery: type=1400 audit(0.0:89): avc: denied { map } for path="/dev/__properties__/u:object_r:bootanim_system_prop:s0" dev="tmpfs" ino=11406 scontext=u:r:recovery:s0 tcontext=u:object_r:bootanim_system_prop:s0 tclass=file permissive=1 ppid=1 pcomm="init" pgid=1 pgcomm="init"
01-04 23:41:06.333   462   462 I recovery: type=1400 audit(0.0:90): avc: denied { open } for path="/dev/__properties__/u:object_r:boottime_prop:s0" dev="tmpfs" ino=11409 scontext=u:r:recovery:s0 tcontext=u:object_r:boottime_prop:s0 tclass=file permissive=1 ppid=1 pcomm="init" pgid=1 pgcomm="init"
01-04 23:41:06.333   462   462 I recovery: type=1400 audit(0.0:91): avc: denied { getattr } for path="/dev/__properties__/u:object_r:boottime_prop:s0" dev="tmpfs" ino=11409 scontext=u:r:recovery:s0 tcontext=u:object_r:boottime_prop:s0 tclass=file permissive=1 ppid=1 pcomm="init" pgid=1 pgcomm="init"
01-04 23:41:06.333   462   462 I recovery: type=1400 audit(0.0:92): avc: denied { map } for path="/dev/__properties__/u:object_r:boottime_prop:s0" dev="tmpfs" ino=11409 scontext=u:r:recovery:s0 tcontext=u:object_r:boottime_prop:s0 tclass=file permissive=1 ppid=1 pcomm="init" pgid=1 pgcomm="init"
01-04 23:41:06.333   462   462 I recovery: type=1400 audit(0.0:93): avc: denied { open } for path="/dev/__properties__/u:object_r:boottime_public_prop:s0" dev="tmpfs" ino=11410 scontext=u:r:recovery:s0 tcontext=u:object_r:boottime_public_prop:s0 tclass=file permissive=1 ppid=1 pcomm="init" pgid=1 pgcomm="init"
01-04 23:41:06.333   462   462 I recovery: type=1400 audit(0.0:94): avc: denied { getattr } for path="/dev/__properties__/u:object_r:boottime_public_prop:s0" dev="tmpfs" ino=11410 scontext=u:r:recovery:s0 tcontext=u:object_r:boottime_public_prop:s0 tclass=file permissive=1 ppid=1 pcomm="init" pgid=1 pgcomm="init"
01-04 23:41:06.333   462   462 I recovery: type=1400 audit(0.0:95): avc: denied { map } for path="/dev/__properties__/u:object_r:boottime_public_prop:s0" dev="tmpfs" ino=11410 scontext=u:r:recovery:s0 tcontext=u:object_r:boottime_public_prop:s0 tclass=file permissive=1 ppid=1 pcomm="init" pgid=1 pgcomm="init"
01-04 23:41:06.333   462   462 I recovery: type=1400 audit(0.0:96): avc: denied { open } for path="/dev/__properties__/u:object_r:bpf_progs_loaded_prop:s0" dev="tmpfs" ino=11411 scontext=u:r:recovery:s0 tcontext=u:object_r:bpf_progs_loaded_prop:s0 tclass=file permissive=1 ppid=1 pcomm="init" pgid=1 pgcomm="init"
01-04 23:41:06.333   462   462 I recovery: type=1400 audit(0.0:97): avc: denied { getattr } for path="/dev/__properties__/u:object_r:bpf_progs_loaded_prop:s0" dev="tmpfs" ino=11411 scontext=u:r:recovery:s0 tcontext=u:object_r:bpf_progs_loaded_prop:s0 tclass=file permissive=1 ppid=1 pcomm="init" pgid=1 pgcomm="init"
01-04 23:41:06.333   462   462 I recovery: type=1400 audit(0.0:98): avc: denied { map } for path="/dev/__properties__/u:object_r:bpf_progs_loaded_prop:s0" dev="tmpfs" ino=11411 scontext=u:r:recovery:s0 tcontext=u:object_r:bpf_progs_loaded_prop:s0 tclass=file permissive=1 ppid=1 pcomm="init" pgid=1 pgcomm="init"
01-04 23:41:06.333   462   462 I recovery: type=1400 audit(0.0:99): avc: denied { open } for path="/dev/__properties__/u:object_r:build_config_prop:s0" dev="tmpfs" ino=11414 scontext=u:r:recovery:s0 tcontext=u:object_r:build_config_prop:s0 tclass=file permissive=1 ppid=1 pcomm="init" pgid=1 pgcomm="init"
01-04 23:41:06.333   462   462 I recovery: type=1400 audit(0.0:100): avc: denied { getattr } for path="/dev/__properties__/u:object_r:build_config_prop:s0" dev="tmpfs" ino=11414 scontext=u:r:recovery:s0 tcontext=u:object_r:build_config_prop:s0 tclass=file permissive=1 ppid=1 pcomm="init" pgid=1 pgcomm="init"
01-04 23:41:06.333   462   462 I recovery: type=1400 audit(0.0:101): avc: denied { map } for path="/dev/__properties__/u:object_r:build_config_prop:s0" dev="tmpfs" ino=11414 scontext=u:r:recovery:s0 tcontext=u:object_r:build_config_prop:s0 tclass=file permissive=1 ppid=1 pcomm="init" pgid=1 pgcomm="init"
01-04 23:41:06.333   462   462 I recovery: type=1400 audit(0.0:102): avc: denied { open } for path="/dev/__properties__/u:object_r:camera2_extensions_prop:s0" dev="tmpfs" ino=11418 scontext=u:r:recovery:s0 tcontext=u:object_r:camera2_extensions_prop:s0 tclass=file permissive=1 ppid=1 pcomm="init" pgid=1 pgcomm="init"
01-04 23:41:06.333   462   462 I recovery: type=1400 audit(0.0:103): avc: denied { getattr } for path="/dev/__properties__/u:object_r:camera2_extensions_prop:s0" dev="tmpfs" ino=11418 scontext=u:r:recovery:s0 tcontext=u:object_r:camera2_extensions_prop:s0 tclass=file permissive=1 ppid=1 pcomm="init" pgid=1 pgcomm="init"
01-04 23:41:06.333   462   462 I recovery: type=1400 audit(0.0:104): avc: denied { map } for path="/dev/__properties__/u:object_r:camera2_extensions_prop:s0" dev="tmpfs" ino=11418 scontext=u:r:recovery:s0 tcontext=u:object_r:camera2_extensions_prop:s0 tclass=file permissive=1 ppid=1 pcomm="init" pgid=1 pgcomm="init"
01-04 23:41:06.333   462   462 I recovery: type=1400 audit(0.0:105): avc: denied { open } for path="/dev/__properties__/u:object_r:camera_calibration_prop:s0" dev="tmpfs" ino=11419 scontext=u:r:recovery:s0 tcontext=u:object_r:camera_calibration_prop:s0 tclass=file permissive=1 ppid=1 pcomm="init" pgid=1 pgcomm="init"
01-04 23:41:06.333   462   462 I recovery: type=1400 audit(0.0:106): avc: denied { getattr } for path="/dev/__properties__/u:object_r:camera_calibration_prop:s0" dev="tmpfs" ino=11419 scontext=u:r:recovery:s0 tcontext=u:object_r:camera_calibration_prop:s0 tclass=file permissive=1 ppid=1 pcomm="init" pgid=1 pgcomm="init"
01-04 23:41:06.333   462   462 I recovery: type=1400 audit(0.0:107): avc: denied { map } for path="/dev/__properties__/u:object_r:camera_calibration_prop:s0" dev="tmpfs" ino=11419 scontext=u:r:recovery:s0 tcontext=u:object_r:camera_calibration_prop:s0 tclass=file permissive=1 ppid=1 pcomm="init" pgid=1 pgcomm="init"
01-04 23:41:06.333   462   462 I recovery: type=1400 audit(0.0:108): avc: denied { open } for path="/dev/__properties__/u:object_r:camerax_extensions_prop:s0" dev="tmpfs" ino=11421 scontext=u:r:recovery:s0 tcontext=u:object_r:camerax_extensions_prop:s0 tclass=file permissive=1 ppid=1 pcomm="init" pgid=1 pgcomm="init"
01-04 23:41:06.333   462   462 I recovery: type=1400 audit(0.0:109): avc: denied { getattr } for path="/dev/__properties__/u:object_r:camerax_extensions_prop:s0" dev="tmpfs" ino=11421 scontext=u:r:recovery:s0 tcontext=u:object_r:camerax_extensions_prop:s0 tclass=file permissive=1 ppid=1 pcomm="init" pgid=1 pgcomm="init"
01-04 23:41:06.333   462   462 I recovery: type=1400 audit(0.0:110): avc: denied { map } for path="/dev/__properties__/u:object_r:camerax_extensions_prop:s0" dev="tmpfs" ino=11421 scontext=u:r:recovery:s0 tcontext=u:object_r:camerax_extensions_prop:s0 tclass=file permissive=1 ppid=1 pcomm="init" pgid=1 pgcomm="init"
01-04 23:41:06.333   462   462 I recovery: type=1400 audit(0.0:111): avc: denied { open } for path="/dev/__properties__/u:object_r:charger_config_prop:s0" dev="tmpfs" ino=11422 scontext=u:r:recovery:s0 tcontext=u:object_r:charger_config_prop:s0 tclass=file permissive=1 ppid=1 pcomm="init" pgid=1 pgcomm="init"
01-04 23:41:06.333   462   462 I recovery: type=1400 audit(0.0:112): avc: denied { getattr } for path="/dev/__properties__/u:object_r:charger_config_prop:s0" dev="tmpfs" ino=11422 scontext=u:r:recovery:s0 tcontext=u:object_r:charger_config_prop:s0 tclass=file permissive=1 ppid=1 pcomm="init" pgid=1 pgcomm="init"
01-04 23:41:06.333   462   462 I recovery: type=1400 audit(0.0:113): avc: denied { map } for path="/dev/__properties__/u:object_r:charger_config_prop:s0" dev="tmpfs" ino=11422 scontext=u:r:recovery:s0 tcontext=u:object_r:charger_config_prop:s0 tclass=file permissive=1 ppid=1 pcomm="init" pgid=1 pgcomm="init"
01-04 23:41:06.333   462   462 I recovery: type=1400 audit(0.0:114): avc: denied { open } for path="/dev/__properties__/u:object_r:charger_prop:s0" dev="tmpfs" ino=11423 scontext=u:r:recovery:s0 tcontext=u:object_r:charger_prop:s0 tclass=file permissive=1 ppid=1 pcomm="init" pgid=1 pgcomm="init"
01-04 23:41:06.333   462   462 I recovery: type=1400 audit(0.0:115): avc: denied { getattr } for path="/dev/__properties__/u:object_r:charger_prop:s0" dev="tmpfs" ino=11423 scontext=u:r:recovery:s0 tcontext=u:object_r:charger_prop:s0 tclass=file permissive=1 ppid=1 pcomm="init" pgid=1 pgcomm="init"
01-04 23:41:06.333   462   462 I recovery: type=1400 audit(0.0:116): avc: denied { map } for path="/dev/__properties__/u:object_r:charger_prop:s0" dev="tmpfs" ino=11423 scontext=u:r:recovery:s0 tcontext=u:object_r:charger_prop:s0 tclass=file permissive=1 ppid=1 pcomm="init" pgid=1 pgcomm="init"
01-04 23:41:06.333   462   462 I recovery: type=1400 audit(0.0:117): avc: denied { open } for path="/dev/__properties__/u:object_r:charger_status_prop:s0" dev="tmpfs" ino=11424 scontext=u:r:recovery:s0 tcontext=u:object_r:charger_status_prop:s0 tclass=file permissive=1 ppid=1 pcomm="init" pgid=1 pgcomm="init"
01-04 23:41:06.333   462   462 I recovery: type=1400 audit(0.0:118): avc: denied { getattr } for path="/dev/__properties__/u:object_r:charger_status_prop:s0" dev="tmpfs" ino=11424 scontext=u:r:recovery:s0 tcontext=u:object_r:charger_status_prop:s0 tclass=file permissive=1 ppid=1 pcomm="init" pgid=1 pgcomm="init"
01-04 23:41:06.333   462   462 I recovery: type=1400 audit(0.0:119): avc: denied { map } for path="/dev/__properties__/u:object_r:charger_status_prop:s0" dev="tmpfs" ino=11424 scontext=u:r:recovery:s0 tcontext=u:object_r:charger_status_prop:s0 tclass=file permissive=1 ppid=1 pcomm="init" pgid=1 pgcomm="init"
01-04 23:41:06.333   462   462 I recovery: type=1400 audit(0.0:120): avc: denied { open } for path="/dev/__properties__/u:object_r:codec2_config_prop:s0" dev="tmpfs" ino=11425 scontext=u:r:recovery:s0 tcontext=u:object_r:codec2_config_prop:s0 tclass=file permissive=1 ppid=1 pcomm="init" pgid=1 pgcomm="init"
01-04 23:41:06.333   462   462 I recovery: type=1400 audit(0.0:121): avc: denied { getattr } for path="/dev/__properties__/u:object_r:codec2_config_prop:s0" dev="tmpfs" ino=11425 scontext=u:r:recovery:s0 tcontext=u:object_r:codec2_config_prop:s0 tclass=file permissive=1 ppid=1 pcomm="init" pgid=1 pgcomm="init"
01-04 23:41:06.333   462   462 I recovery: type=1400 audit(0.0:122): avc: denied { map } for path="/dev/__properties__/u:object_r:codec2_config_prop:s0" dev="tmpfs" ino=11425 scontext=u:r:recovery:s0 tcontext=u:object_r:codec2_config_prop:s0 tclass=file permissive=1 ppid=1 pcomm="init" pgid=1 pgcomm="init"
01-04 23:41:06.333   462   462 I recovery: type=1400 audit(0.0:123): avc: denied { open } for path="/dev/__properties__/u:object_r:cold_boot_done_prop:s0" dev="tmpfs" ino=11426 scontext=u:r:recovery:s0 tcontext=u:object_r:cold_boot_done_prop:s0 tclass=file permissive=1 ppid=1 pcomm="init" pgid=1 pgcomm="init"
01-04 23:41:06.333   462   462 I recovery: type=1400 audit(0.0:124): avc: denied { getattr } for path="/dev/__properties__/u:object_r:cold_boot_done_prop:s0" dev="tmpfs" ino=11426 scontext=u:r:recovery:s0 tcontext=u:object_r:cold_boot_done_prop:s0 tclass=file permissive=1 ppid=1 pcomm="init" pgid=1 pgcomm="init"
01-04 23:41:06.333   462   462 I recovery: type=1400 audit(0.0:125): avc: denied { map } for path="/dev/__properties__/u:object_r:cold_boot_done_prop:s0" dev="tmpfs" ino=11426 scontext=u:r:recovery:s0 tcontext=u:object_r:cold_boot_done_prop:s0 tclass=file permissive=1 ppid=1 pcomm="init" pgid=1 pgcomm="init"
01-04 23:41:06.333   462   462 I recovery: type=1400 audit(0.0:126): avc: denied { open } for path="/dev/__properties__/u:object_r:cpu_variant_prop:s0" dev="tmpfs" ino=11429 scontext=u:r:recovery:s0 tcontext=u:object_r:cpu_variant_prop:s0 tclass=file permissive=1 ppid=1 pcomm="init" pgid=1 pgcomm="init"
01-04 23:41:06.333   462   462 I recovery: type=1400 audit(0.0:127): avc: denied { getattr } for path="/dev/__properties__/u:object_r:cpu_variant_prop:s0" dev="tmpfs" ino=11429 scontext=u:r:recovery:s0 tcontext=u:object_r:cpu_variant_prop:s0 tclass=file permissive=1 ppid=1 pcomm="init" pgid=1 pgcomm="init"
01-04 23:41:06.333   462   462 I recovery: type=1400 audit(0.0:128): avc: denied { map } for path="/dev/__properties__/u:object_r:cpu_variant_prop:s0" dev="tmpfs" ino=11429 scontext=u:r:recovery:s0 tcontext=u:object_r:cpu_variant_prop:s0 tclass=file permissive=1 ppid=1 pcomm="init" pgid=1 pgcomm="init"
01-04 23:41:06.333   462   462 I recovery: type=1400 audit(0.0:129): avc: denied { open } for path="/dev/__properties__/u:object_r:ctl_adbd_prop:s0" dev="tmpfs" ino=11430 scontext=u:r:recovery:s0 tcontext=u:object_r:ctl_adbd_prop:s0 tclass=file permissive=1 ppid=1 pcomm="init" pgid=1 pgcomm="init"
01-04 23:41:06.333   462   462 I recovery: type=1400 audit(0.0:130): avc: denied { getattr } for path="/dev/__properties__/u:object_r:ctl_adbd_prop:s0" dev="tmpfs" ino=11430 scontext=u:r:recovery:s0 tcontext=u:object_r:ctl_adbd_prop:s0 tclass=file permissive=1 ppid=1 pcomm="init" pgid=1 pgcomm="init"
01-04 23:41:06.333   462   462 I recovery: type=1400 audit(0.0:131): avc: denied { map } for path="/dev/__properties__/u:object_r:ctl_adbd_prop:s0" dev="tmpfs" ino=11430 scontext=u:r:recovery:s0 tcontext=u:object_r:ctl_adbd_prop:s0 tclass=file permissive=1 ppid=1 pcomm="init" pgid=1 pgcomm="init"
01-04 23:41:06.333   462   462 I recovery: type=1400 audit(0.0:132): avc: denied { open } for path="/dev/__properties__/u:object_r:ctl_apexd_prop:s0" dev="tmpfs" ino=11431 scontext=u:r:recovery:s0 tcontext=u:object_r:ctl_apexd_prop:s0 tclass=file permissive=1 ppid=1 pcomm="init" pgid=1 pgcomm="init"
01-04 23:41:06.333   462   462 I recovery: type=1400 audit(0.0:133): avc: denied { getattr } for path="/dev/__properties__/u:object_r:ctl_apexd_prop:s0" dev="tmpfs" ino=11431 scontext=u:r:recovery:s0 tcontext=u:object_r:ctl_apexd_prop:s0 tclass=file permissive=1 ppid=1 pcomm="init" pgid=1 pgcomm="init"
01-04 23:41:06.333   462   462 I recovery: type=1400 audit(0.0:134): avc: denied { map } for path="/dev/__properties__/u:object_r:ctl_apexd_prop:s0" dev="tmpfs" ino=11431 scontext=u:r:recovery:s0 tcontext=u:object_r:ctl_apexd_prop:s0 tclass=file permissive=1 ppid=1 pcomm="init" pgid=1 pgcomm="init"
01-04 23:41:06.333   462   462 I recovery: type=1400 audit(0.0:135): avc: denied { open } for path="/dev/__properties__/u:object_r:ctl_bootanim_prop:s0" dev="tmpfs" ino=11432 scontext=u:r:recovery:s0 tcontext=u:object_r:ctl_bootanim_prop:s0 tclass=file permissive=1 ppid=1 pcomm="init" pgid=1 pgcomm="init"
01-04 23:41:06.333   462   462 I recovery: type=1400 audit(0.0:136): avc: denied { getattr } for path="/dev/__properties__/u:object_r:ctl_bootanim_prop:s0" dev="tmpfs" ino=11432 scontext=u:r:recovery:s0 tcontext=u:object_r:ctl_bootanim_prop:s0 tclass=file permissive=1 ppid=1 pcomm="init" pgid=1 pgcomm="init"
01-04 23:41:06.333   462   462 I recovery: type=1400 audit(0.0:137): avc: denied { map } for path="/dev/__properties__/u:object_r:ctl_bootanim_prop:s0" dev="tmpfs" ino=11432 scontext=u:r:recovery:s0 tcontext=u:object_r:ctl_bootanim_prop:s0 tclass=file permissive=1 ppid=1 pcomm="init" pgid=1 pgcomm="init"
01-04 23:41:06.333   462   462 I recovery: type=1400 audit(0.0:138): avc: denied { open } for path="/dev/__properties__/u:object_r:ctl_bugreport_prop:s0" dev="tmpfs" ino=11433 scontext=u:r:recovery:s0 tcontext=u:object_r:ctl_bugreport_prop:s0 tclass=file permissive=1 ppid=1 pcomm="init" pgid=1 pgcomm="init"
01-04 23:41:06.333   462   462 I recovery: type=1400 audit(0.0:139): avc: denied { getattr } for path="/dev/__properties__/u:object_r:ctl_bugreport_prop:s0" dev="tmpfs" ino=11433 scontext=u:r:recovery:s0 tcontext=u:object_r:ctl_bugreport_prop:s0 tclass=file permissive=1 ppid=1 pcomm="init" pgid=1 pgcomm="init"
01-04 23:41:06.333   462   462 I recovery: type=1400 audit(0.0:140): avc: denied { map } for path="/dev/__properties__/u:object_r:ctl_bugreport_prop:s0" dev="tmpfs" ino=11433 scontext=u:r:recovery:s0 tcontext=u:object_r:ctl_bugreport_prop:s0 tclass=file permissive=1 ppid=1 pcomm="init" pgid=1 pgcomm="init"
01-04 23:41:06.333   462   462 I recovery: type=1400 audit(0.0:141): avc: denied { open } for path="/dev/__properties__/u:object_r:ctl_console_prop:s0" dev="tmpfs" ino=11434 scontext=u:r:recovery:s0 tcontext=u:object_r:ctl_console_prop:s0 tclass=file permissive=1 ppid=1 pcomm="init" pgid=1 pgcomm="init"
01-04 23:41:06.333   462   462 I recovery: type=1400 audit(0.0:142): avc: denied { getattr } for path="/dev/__properties__/u:object_r:ctl_console_prop:s0" dev="tmpfs" ino=11434 scontext=u:r:recovery:s0 tcontext=u:object_r:ctl_console_prop:s0 tclass=file permissive=1 ppid=1 pcomm="init" pgid=1 pgcomm="init"
01-04 23:41:06.333   462   462 I recovery: type=1400 audit(0.0:143): avc: denied { map } for path="/dev/__properties__/u:object_r:ctl_console_prop:s0" dev="tmpfs" ino=11434 scontext=u:r:recovery:s0 tcontext=u:object_r:ctl_console_prop:s0 tclass=file permissive=1 ppid=1 pcomm="init" pgid=1 pgcomm="init"
01-04 23:41:06.333   462   462 I recovery: type=1400 audit(0.0:144): avc: denied { open } for path="/dev/__properties__/u:object_r:ctl_default_prop:s0" dev="tmpfs" ino=11435 scontext=u:r:recovery:s0 tcontext=u:object_r:ctl_default_prop:s0 tclass=file permissive=1 ppid=1 pcomm="init" pgid=1 pgcomm="init"
01-04 23:41:06.333   462   462 I recovery: type=1400 audit(0.0:145): avc: denied { getattr } for path="/dev/__properties__/u:object_r:ctl_default_prop:s0" dev="tmpfs" ino=11435 scontext=u:r:recovery:s0 tcontext=u:object_r:ctl_default_prop:s0 tclass=file permissive=1 ppid=1 pcomm="init" pgid=1 pgcomm="init"
01-04 23:41:06.333   462   462 I recovery: type=1400 audit(0.0:146): avc: denied { map } for path="/dev/__properties__/u:object_r:ctl_default_prop:s0" dev="tmpfs" ino=11435 scontext=u:r:recovery:s0 tcontext=u:object_r:ctl_default_prop:s0 tclass=file permissive=1 ppid=1 pcomm="init" pgid=1 pgcomm="init"
01-04 23:41:06.333   462   462 I recovery: type=1400 audit(0.0:147): avc: denied { open } for path="/dev/__properties__/u:object_r:ctl_dumpstate_prop:s0" dev="tmpfs" ino=11436 scontext=u:r:recovery:s0 tcontext=u:object_r:ctl_dumpstate_prop:s0 tclass=file permissive=1 ppid=1 pcomm="init" pgid=1 pgcomm="init"
01-04 23:41:06.333   462   462 I recovery: type=1400 audit(0.0:148): avc: denied { getattr } for path="/dev/__properties__/u:object_r:ctl_dumpstate_prop:s0" dev="tmpfs" ino=11436 scontext=u:r:recovery:s0 tcontext=u:object_r:ctl_dumpstate_prop:s0 tclass=file permissive=1 ppid=1 pcomm="init" pgid=1 pgcomm="init"
01-04 23:41:06.333   462   462 I recovery: type=1400 audit(0.0:149): avc: denied { map } for path="/dev/__properties__/u:object_r:ctl_dumpstate_prop:s0" dev="tmpfs" ino=11436 scontext=u:r:recovery:s0 tcontext=u:object_r:ctl_dumpstate_prop:s0 tclass=file permissive=1 ppid=1 pcomm="init" pgid=1 pgcomm="init"
01-04 23:41:06.333   462   462 I recovery: type=1400 audit(0.0:150): avc: denied { open } for path="/dev/__properties__/u:object_r:ctl_fuse_prop:s0" dev="tmpfs" ino=11437 scontext=u:r:recovery:s0 tcontext=u:object_r:ctl_fuse_prop:s0 tclass=file permissive=1 ppid=1 pcomm="init" pgid=1 pgcomm="init"
01-04 23:41:06.333   462   462 I recovery: type=1400 audit(0.0:151): avc: denied { getattr } for path="/dev/__properties__/u:object_r:ctl_fuse_prop:s0" dev="tmpfs" ino=11437 scontext=u:r:recovery:s0 tcontext=u:object_r:ctl_fuse_prop:s0 tclass=file permissive=1 ppid=1 pcomm="init" pgid=1 pgcomm="init"
01-04 23:41:06.333   462   462 I recovery: type=1400 audit(0.0:152): avc: denied { map } for path="/dev/__properties__/u:object_r:ctl_fuse_prop:s0" dev="tmpfs" ino=11437 scontext=u:r:recovery:s0 tcontext=u:object_r:ctl_fuse_prop:s0 tclass=file permissive=1 ppid=1 pcomm="init" pgid=1 pgcomm="init"
01-04 23:41:06.333   462   462 I recovery: type=1400 audit(0.0:153): avc: denied { open } for path="/dev/__properties__/u:object_r:ctl_gsid_prop:s0" dev="tmpfs" ino=11438 scontext=u:r:recovery:s0 tcontext=u:object_r:ctl_gsid_prop:s0 tclass=file permissive=1 ppid=1 pcomm="init" pgid=1 pgcomm="init"
01-04 23:41:06.333   462   462 I recovery: type=1400 audit(0.0:154): avc: denied { getattr } for path="/dev/__properties__/u:object_r:ctl_gsid_prop:s0" dev="tmpfs" ino=11438 scontext=u:r:recovery:s0 tcontext=u:object_r:ctl_gsid_prop:s0 tclass=file permissive=1 ppid=1 pcomm="init" pgid=1 pgcomm="init"
01-04 23:41:06.333   462   462 I recovery: type=1400 audit(0.0:155): avc: denied { map } for path="/dev/__properties__/u:object_r:ctl_gsid_prop:s0" dev="tmpfs" ino=11438 scontext=u:r:recovery:s0 tcontext=u:object_r:ctl_gsid_prop:s0 tclass=file permissive=1 ppid=1 pcomm="init" pgid=1 pgcomm="init"
