09-05 21:18:24.991   456   456 I hwservicemanager: getDeviceHalManifest: Reading VINTF information.
09-05 21:18:24.995   456   456 I hwservicemanager: getDeviceHalManifest: Successfully processed VINTF information
09-05 21:18:24.995   456   456 I hwservicemanager: getFrameworkHalManifest: Successfully processed VINTF information
09-05 21:18:24.995   456   456 E SELinux : avc:  denied  { add } for interface=android.hidl.token::ITokenManager sid=u:r:recovery:s0 pid=456 scontext=u:r:recovery:s0 tcontext=u:object_r:hidl_token_hwservice:s0 tclass=hwservice_manager permissive=1
09-05 21:18:24.996   456   456 I hwservicemanager: hwservicemanager is ready now.
09-05 21:18:24.993     1     1 I unknown : type=1107 audit(0.0:27): uid=0 auid=4294967295 ses=4294967295 subj=u:r:init:s0 msg='avc: denied { set } for property=hwservicemanager.ready pid=456 uid=0 gid=0 scontext=u:r:recovery:s0 tcontext=u:object_r:hwservicemanager_prop:s0 tclass=property_service permissive=1'
09-05 21:18:24.979     0     0 I         : Mass Storage Function, version: 2009/09/11
09-05 21:18:24.979     0     0 I LUN     : removable read only CD-ROM file: (no medium)
09-05 21:18:24.983     0     0 I         : file system registered
09-05 21:18:24.986     0     0 I f_cdev_alloc: port_name:at_usb0 (0000000000000000) portno:(0)
09-05 21:18:24.989     0     0 I f_cdev_alloc: port_name:at_usb1 (0000000000000000) portno:(1)
09-05 21:18:24.992     0     0 I f_cdev_alloc: port_name:at_usb2 (0000000000000000) portno:(2)
09-05 21:18:25.003     1     1 I init    : type=1400 audit(0.0:28): avc: denied { sys_module } for capability=16 scontext=u:r:init:s0 tcontext=u:r:init:s0 tclass=capability permissive=1 ppid=0 pcomm="swapper/0"
09-05 21:18:25.003     1     1 I init    : type=1400 audit(0.0:29): avc: denied { module_load } for path="/vendor/lib/modules/sec_touchscreen.ko" dev="rootfs" ino=11312 scontext=u:r:init:s0 tcontext=u:object_r:rootfs:s0 tclass=system permissive=1 ppid=0 pcomm="swapper/0"
09-05 21:18:25.012   459   459 I keystore2: keystore2_main: Keystore2 is starting.
09-05 21:18:25.006   459   459 I keystore2: type=1400 audit(0.0:30): avc: denied { read } for name="u:object_r:keystore_crash_prop:s0" dev="tmpfs" ino=10870 scontext=u:r:recovery:s0 tcontext=u:object_r:keystore_crash_prop:s0 tclass=file permissive=1 ppid=1 pcomm="init" pgid=1 pgcomm="init"
09-05 21:18:25.006   459   459 I keystore2: type=1400 audit(0.0:31): avc: denied { open } for path="/dev/__properties__/u:object_r:keystore_crash_prop:s0" dev="tmpfs" ino=10870 scontext=u:r:recovery:s0 tcontext=u:object_r:keystore_crash_prop:s0 tclass=file permissive=1 ppid=1 pcomm="init" pgid=1 pgcomm="init"
09-05 21:18:25.006   459   459 I keystore2: type=1400 audit(0.0:32): avc: denied { getattr } for path="/dev/__properties__/u:object_r:keystore_crash_prop:s0" dev="tmpfs" ino=10870 scontext=u:r:recovery:s0 tcontext=u:object_r:keystore_crash_prop:s0 tclass=file permissive=1 ppid=1 pcomm="init" pgid=1 pgcomm="init"
09-05 21:18:25.006   459   459 I keystore2: type=1400 audit(0.0:33): avc: denied { map } for path="/dev/__properties__/u:object_r:keystore_crash_prop:s0" dev="tmpfs" ino=10870 scontext=u:r:recovery:s0 tcontext=u:object_r:keystore_crash_prop:s0 tclass=file permissive=1 ppid=1 pcomm="init" pgid=1 pgcomm="init"
09-05 21:18:25.010     1     1 I unknown : type=1107 audit(0.0:34): uid=0 auid=4294967295 ses=4294967295 subj=u:r:init:s0 msg='avc: denied { set } for property=keystore.crash_count pid=459 uid=0 gid=1017 scontext=u:r:recovery:s0 tcontext=u:object_r:keystore_crash_prop:s0 tclass=property_service permissive=1'
09-05 21:18:25.013   459   459 I keystore2: keystore2_main: Starting thread pool now.
09-05 21:18:25.013   459   485 I keystore2: getDeviceHalManifest: Reading VINTF information.
09-05 21:18:25.021   459   485 I keystore2: getDeviceHalManifest: Successfully processed VINTF information
09-05 21:18:25.016   459   459 I Binder:459_2: type=1400 audit(0.0:35): avc: denied { call } for scontext=u:r:recovery:s0 tcontext=u:r:recovery:s0 tclass=binder permissive=1 ppid=1 pcomm="init" pgid=1 pgcomm="init"
09-05 21:18:25.021   457   457 E SELinux : avc:  denied  { add } for pid=459 uid=0 name=android.security.compat scontext=u:r:recovery:s0 tcontext=u:object_r:keystore_compat_hal_service:s0 tclass=service_manager permissive=1
09-05 21:18:25.016   459   459 I Binder:459_2: type=1400 audit(0.0:36): avc: denied { transfer } for scontext=u:r:recovery:s0 tcontext=u:r:recovery:s0 tclass=binder permissive=1 ppid=1 pcomm="init" pgid=1 pgcomm="init"
09-05 21:18:25.022   457   457 E SELinux : avc:  denied  { find } for pid=459 uid=0 name=android.security.compat scontext=u:r:recovery:s0 tcontext=u:object_r:keystore_compat_hal_service:s0 tclass=service_manager permissive=1
09-05 21:18:25.022   459   459 E cutils-trace: Error opening trace file: No such file or directory (2)
09-05 21:18:25.022   456   456 E cutils-trace: Error opening trace file: No such file or directory (2)
09-05 21:18:25.023   456   456 E SELinux : avc:  denied  { find } for interface=android.hardware.keymaster::IKeymasterDevice sid=u:r:recovery:s0 pid=459 scontext=u:r:recovery:s0 tcontext=u:object_r:hal_keymaster_hwservice:s0 tclass=hwservice_manager permissive=1
09-05 21:18:25.023   456   456 I hwservicemanager: Since android.hardware.keymaster@4.0::IKeymasterDevice/default is not registered, trying to start it as a lazy HAL.
09-05 21:18:25.020     1     1 I unknown : type=1107 audit(0.0:37): uid=0 auid=4294967295 ses=4294967295 subj=u:r:init:s0 msg='avc: denied { set } for property=ctl.interface_start$android.hardware.keymaster@4.0::IKeymasterDevice/default pid=456 uid=0 gid=0 scontext=u:r:recovery:s0 tcontext=u:object_r:ctl_interface_start_prop:s0 tclass=property_service permissive=1'
09-05 21:18:25.024   456   456 I hwservicemanager: Since android.hardware.keymaster@4.0::IKeymasterDevice/default is not registered, trying to start it as a lazy HAL.
09-05 21:18:25.025   459   459 I HidlServiceManagement: getService: Trying again for android.hardware.keymaster@4.0::IKeymasterDevice/default...
09-05 21:18:25.020     1     1 I init    : type=1400 audit(0.0:38): avc: denied { write } for name="after_work" dev="sysfs" ino=43511 scontext=u:r:init:s0 tcontext=u:object_r:sysfs:s0 tclass=file permissive=1 ppid=0 pcomm="swapper/0"
09-05 21:18:25.020     1     1 I init    : type=1400 audit(0.0:39): avc: denied { open } for path="/sys/devices/virtual/sec/tsp/after_work" dev="sysfs" ino=43511 scontext=u:r:init:s0 tcontext=u:object_r:sysfs:s0 tclass=file permissive=1 ppid=0 pcomm="swapper/0"
09-05 21:18:25.025   456   488 I hwservicemanager: Tried to start android.hardware.keymaster@4.0::IKeymasterDevice/default as a lazy service, but was unable to. Usually this happens when a service is not installed, but if the service is intended to be used as a lazy service, then it may be configured incorrectly.
09-05 21:18:25.025   456   490 W libc    : Unable to set property "ctl.interface_start" to "android.hardware.keymaster@4.0::IKeymasterDevice/default": error code: 0x20
09-05 21:18:25.025   456   490 I hwservicemanager: Tried to start android.hardware.keymaster@4.0::IKeymasterDevice/default as a lazy service, but was unable to. Usually this happens when a service is not installed, but if the service is intended to be used as a lazy service, then it may be configured incorrectly.
09-05 21:18:25.024     0     0 E         : PKCS#7 signature not signed with a trusted key
09-05 21:18:25.024     0     0 W sec_touchscreen: disagrees about version of symbol module_layout
09-05 21:18:25.025     0     0 I sec_ts 1-0048: [sec_input] after_init_work_start_store: - start
09-05 21:18:25.025     0     0 I sec_ts 1-0048: [sec_input] start after_init_work
09-05 21:18:25.025     0     0 I sec_ts 1-0048: [sec_input] sec_ts_after_init_work: session_work start
09-05 21:18:25.025     0     0 I sec_ts 1-0048: [sec_input] sec_ts_after_init: start
09-05 21:18:25.025     0     0 I sec_ts 1-0048: [sec_input] sec_ts_after_init: request_irq = 229
09-05 21:18:25.025     0     0 I sec_ts 1-0048: [sec_input] sec_ts_after_init: ret 0
09-05 21:18:25.025     0     0 I sec_ts 1-0048: [sec_input] Change irq was disable
09-05 21:18:25.025     0     0 I sec_ts 1-0048: [sec_input] sec_ts_after_init: ts =  SEC_TS_READ_DEVICE_ID = 34 deviceID = 198884584
09-05 21:18:25.027     0     0 I sec_ts 1-0048: [sec_input] sec_ts_after_init: TOUCH DEVICE ID : 53, 45, 37, 61, 00
09-05 21:18:25.033   465   465 I recovery: type=1400 audit(0.0:40): avc: denied { getattr } for path="/sys/devices/virtual/thermal/thermal_zone0/temp" dev="sysfs" ino=25428 scontext=u:r:recovery:s0 tcontext=u:object_r:sysfs:s0 tclass=file permissive=1 ppid=1 pcomm="init" pgid=1 pgcomm="init"
09-05 21:18:25.033   465   465 I recovery: type=1400 audit(0.0:41): avc: denied { getattr } for path="/config/usb_gadget/g1/functions/mass_storage.0/lun.0/file" dev="configfs" ino=2944 scontext=u:r:recovery:s0 tcontext=u:object_r:configfs:s0 tclass=file permissive=1 ppid=1 pcomm="init" pgid=1 pgcomm="init"
09-05 21:18:25.033   465   465 I recovery: type=1400 audit(0.0:42): avc: denied { write } for name="brightness" dev="sysfs" ino=34386 scontext=u:r:recovery:s0 tcontext=u:object_r:sysfs:s0 tclass=file permissive=1 ppid=1 pcomm="init" pgid=1 pgcomm="init"
09-05 21:18:25.033   465   465 I recovery: type=1400 audit(0.0:43): avc: denied { open } for path="/sys/devices/platform/soc/5e00000.qcom,mdss_mdp/backlight/panel0-backlight/brightness" dev="sysfs" ino=34386 scontext=u:r:recovery:s0 tcontext=u:object_r:sysfs:s0 tclass=file permissive=1 ppid=1 pcomm="init" pgid=1 pgcomm="init"
09-05 21:18:25.036     1     1 I unknown : type=1107 audit(0.0:44): uid=0 auid=4294967295 ses=4294967295 subj=u:r:init:s0 msg='avc: denied { set } for property=ro.twrp.boot pid=465 uid=0 gid=0 scontext=u:r:recovery:s0 tcontext=u:object_r:default_prop:s0 tclass=property_service permissive=1'
09-05 21:18:25.036   465   465 I recovery: type=1400 audit(0.0:45): avc: denied { read write } for name="card0" dev="tmpfs" ino=2768 scontext=u:r:recovery:s0 tcontext=u:object_r:device:s0 tclass=chr_file permissive=1 ppid=1 pcomm="init" pgid=1 pgcomm="init"
09-05 21:18:25.036   465   465 I recovery: type=1400 audit(0.0:46): avc: denied { open } for path="/dev/dri/card0" dev="tmpfs" ino=2768 scontext=u:r:recovery:s0 tcontext=u:object_r:device:s0 tclass=chr_file permissive=1 ppid=1 pcomm="init" pgid=1 pgcomm="init"
09-05 21:18:25.036   465   465 I recovery: type=1400 audit(0.0:47): avc: denied { ioctl } for path="/dev/dri/card0" dev="tmpfs" ino=2768 ioctlcmd=0x640c scontext=u:r:recovery:s0 tcontext=u:object_r:device:s0 tclass=chr_file permissive=1 ppid=1 pcomm="init" pgid=1 pgcomm="init"
09-05 21:18:25.036   465   465 I recovery: type=1400 audit(0.0:48): avc: denied { map } for path="/dev/dri/card0" dev="tmpfs" ino=2768 scontext=u:r:recovery:s0 tcontext=u:object_r:device:s0 tclass=chr_file permissive=1 ppid=1 pcomm="init" pgid=1 pgcomm="init"
09-05 21:18:25.041     0     0 I sec_ts 1-0048: [sec_input] sec_ts_after_init: TOUCH STATUS : 20 || 00, 02, 00, 00
09-05 21:18:25.041     0     0 I sec_ts 1-0048: [sec_input] no irq change [disable]
09-05 21:18:25.041     0     0 I sec_ts 1-0048: [sec_input] sec_ts_read_calibration_report: count:4, pass count:4, fail count:0, status:0xA2
09-05 21:18:25.041     0     0 I sec_ts 1-0048: [sec_input] sec_ts_firmware_update_on_probe: initial firmware update touch_module_id_0x82.img, cal:A2
09-05 21:18:25.045     0     0 E firmware touch_module_id_0x82.img: _request_firmware_load: firmware state wait timeout: rc = -2
09-05 21:18:25.045     0     0 E sec_ts 1-0048: [sec_input] sec_ts_firmware_update_on_probe: firmware is not available
09-05 21:18:25.045     0     0 E sec_ts 1-0048: [sec_input] sec_ts_after_init: fail firmware update on probe
09-05 21:18:25.045     0     0 I sec_ts 1-0048: [sec_input] sec_ts_read_information: AC, 37, 61
09-05 21:18:25.046     0     0 I sec_ts 1-0048: [sec_input] sec_ts_read_information: nTX:E, nRX:1F, rY:2520, rX:1080
09-05 21:18:25.046     0     0 I sec_ts 1-0048: [sec_input] sec_ts_read_information: STATUS : 20
09-05 21:18:25.047     0     0 I sec_ts 1-0048: [sec_input] sec_ts_read_information: TOUCH STATUS : 00, 02, 00, 00
09-05 21:18:25.047     0     0 I sec_ts 1-0048: [sec_input] sec_ts_read_information: Functions : 61
09-05 21:18:25.047     0     0 I sec_ts 1-0048: [sec_input] sec_ts_read_information: Stamina mode : 0
09-05 21:18:25.047     0     0 I sec_ts 1-0048: [sec_input] sec_ts_read_information: Side touch : 255
09-05 21:18:25.048     0     0 I sec_ts 1-0048: [sec_input] sec_ts_read_information: Doze timeout : 249
09-05 21:18:25.048     0     0 I sec_ts 1-0048: [sec_input] Change irq enabled
09-05 21:18:25.048     0     0 I sec_ts 1-0048: [sec_input] sec_ts_after_init: success
09-05 21:18:25.048     0     0 I sec_ts 1-0048: [sec_input] after_init_work done
09-05 21:18:25.059     0     0 I sec_ts 1-0048: [sec_input] After: Unblank
09-05 21:18:25.059     0     0 I sec_ts 1-0048: [sec_input] start@4.23231909
09-05 21:18:25.059     0     0 I sec_ts 1-0048: [sec_input] sec_ts_resume: start
09-05 21:18:25.059     0     0 I sec_ts 1-0048: [sec_input] sec_ts_resume: already power on
09-05 21:18:25.059     0     0 I sec_ts 1-0048: [sec_input] sec_ts_resume: end
09-05 21:18:25.059     0     0 I sec_ts 1-0048: [sec_input] end@4.23257273
09-05 21:18:25.095   465   465 I ArmToArm64Assembler: generated scanline__00000077:03010101_00008001_00000000 [195 ipp] (241 ins) at [0x7bd167e3c0:0x7bd167e784] in 70208ns
09-05 21:18:25.090   465   465 I recovery: type=1400 audit(0.0:49): avc: denied { execmem } for scontext=u:r:recovery:s0 tcontext=u:r:recovery:s0 tclass=process permissive=1 ppid=1 pcomm="init" pgid=1 pgcomm="init"
09-05 21:18:25.090   465   465 I recovery: type=1400 audit(0.0:50): avc: denied { execute } for path="/dev/ashmem5d826ee2-39da-41df-8c70-048d75b28a6c" dev="tmpfs" ino=11467 scontext=u:r:recovery:s0 tcontext=u:object_r:ashmem_libcutils_device:s0 tclass=chr_file permissive=1 ppid=1 pcomm="init" pgid=1 pgcomm="init"
09-05 21:18:25.123   465   465 I ArmToArm64Assembler: generated scanline__00000077:03545401_00000A01_00000000 [ 69 ipp] (113 ins) at [0x7bd167e790:0x7bd167e954] in 53229ns
09-05 21:18:25.132   465   465 I ArmToArm64Assembler: generated scanline__00000077:03545401_00000A08_00000000 [ 69 ipp] (116 ins) at [0x7bd167e960:0x7bd167eb30] in 49167ns
09-05 21:18:25.403   465   465 I recovery: type=1400 audit(0.0:51): avc: denied { read } for name="temp" dev="sysfs" ino=25428 scontext=u:r:recovery:s0 tcontext=u:object_r:sysfs:s0 tclass=file permissive=1 ppid=1 pcomm="init" pgid=1 pgcomm="init"
09-05 21:18:26.025   459   459 W HidlServiceManagement: Waited one second for android.hardware.keymaster@4.0::IKeymasterDevice/default
09-05 21:18:26.025   456   456 I hwservicemanager: Since android.hardware.keymaster@4.0::IKeymasterDevice/default is not registered, trying to start it as a lazy HAL.
09-05 21:18:26.025   459   459 I HidlServiceManagement: getService: Trying again for android.hardware.keymaster@4.0::IKeymasterDevice/default...
09-05 21:18:26.026   456   495 W libc    : Unable to set property "ctl.interface_start" to "android.hardware.keymaster@4.0::IKeymasterDevice/default": error code: 0x20
09-05 21:18:26.026   456   495 I hwservicemanager: Tried to start android.hardware.keymaster@4.0::IKeymasterDevice/default as a lazy service, but was unable to. Usually this happens when a service is not installed, but if the service is intended to be used as a lazy service, then it may be configured incorrectly.
09-05 21:18:26.083   465   465 I recovery: type=1400 audit(0.0:52): avc: denied { getattr } for path="/linkerconfig" dev="tmpfs" ino=2751 scontext=u:r:recovery:s0 tcontext=u:object_r:linkerconfig_file:s0 tclass=dir permissive=1 ppid=1 pcomm="init" pgid=1 pgcomm="init"
09-05 21:18:26.083   465   465 I recovery: type=1400 audit(0.0:53): avc: denied { getattr } for path="/system/bin/init" dev="rootfs" ino=2297 scontext=u:r:recovery:s0 tcontext=u:object_r:init_exec:s0 tclass=file permissive=1 ppid=1 pcomm="init" pgid=1 pgcomm="init"
09-05 21:18:26.315   465   465 I recovery: [libfs_mgr]dt_fstab: Skip disabled entry for partition vendor
09-05 21:18:26.315   465   465 W recovery: [libfs_mgr]Warning: unknown flag: defaultsntext=u:object_r:bt_firmware_file:s0
09-05 21:18:26.354   465   465 I recovery: Boot command: boot-recovery
09-05 21:18:26.355   465   465 I recovery: [libfs_mgr]dt_fstab: Skip disabled entry for partition vendor
09-05 21:18:26.355   465   465 W recovery: [libfs_mgr]Warning: unknown flag: defaultsntext=u:object_r:bt_firmware_file:s0
09-05 21:18:26.355   465   465 I recovery: [libfs_mgr]dt_fstab: Skip disabled entry for partition vendor
09-05 21:18:26.356   465   465 W recovery: [libfs_mgr]Warning: unknown flag: defaultsntext=u:object_r:bt_firmware_file:s0
09-05 21:18:26.357   465   465 I recovery: [libfs_mgr]dt_fstab: Skip disabled entry for partition vendor
09-05 21:18:26.357   465   465 W recovery: [libfs_mgr]Warning: unknown flag: defaultsntext=u:object_r:bt_firmware_file:s0
09-05 21:18:26.353   465   465 I recovery: type=1400 audit(0.0:54): avc: denied { open } for path="/dev/__properties__/u:object_r:aac_drc_prop:s0" dev="tmpfs" ino=10744 scontext=u:r:recovery:s0 tcontext=u:object_r:aac_drc_prop:s0 tclass=file permissive=1 ppid=1 pcomm="init" pgid=1 pgcomm="init"
09-05 21:18:26.353   465   465 I recovery: type=1400 audit(0.0:55): avc: denied { getattr } for path="/dev/__properties__/u:object_r:aac_drc_prop:s0" dev="tmpfs" ino=10744 scontext=u:r:recovery:s0 tcontext=u:object_r:aac_drc_prop:s0 tclass=file permissive=1 ppid=1 pcomm="init" pgid=1 pgcomm="init"
09-05 21:18:26.353   465   465 I recovery: type=1400 audit(0.0:56): avc: denied { map } for path="/dev/__properties__/u:object_r:aac_drc_prop:s0" dev="tmpfs" ino=10744 scontext=u:r:recovery:s0 tcontext=u:object_r:aac_drc_prop:s0 tclass=file permissive=1 ppid=1 pcomm="init" pgid=1 pgcomm="init"
09-05 21:18:26.353   465   465 I recovery: type=1400 audit(0.0:57): avc: denied { open } for path="/dev/__properties__/u:object_r:adbd_config_prop:s0" dev="tmpfs" ino=10747 scontext=u:r:recovery:s0 tcontext=u:object_r:adbd_config_prop:s0 tclass=file permissive=1 ppid=1 pcomm="init" pgid=1 pgcomm="init"
09-05 21:18:26.353   465   465 I recovery: type=1400 audit(0.0:58): avc: denied { getattr } for path="/dev/__properties__/u:object_r:adbd_config_prop:s0" dev="tmpfs" ino=10747 scontext=u:r:recovery:s0 tcontext=u:object_r:adbd_config_prop:s0 tclass=file permissive=1 ppid=1 pcomm="init" pgid=1 pgcomm="init"
09-05 21:18:26.353   465   465 I recovery: type=1400 audit(0.0:59): avc: denied { map } for path="/dev/__properties__/u:object_r:adbd_config_prop:s0" dev="tmpfs" ino=10747 scontext=u:r:recovery:s0 tcontext=u:object_r:adbd_config_prop:s0 tclass=file permissive=1 ppid=1 pcomm="init" pgid=1 pgcomm="init"
09-05 21:18:26.353   465   465 I recovery: type=1400 audit(0.0:60): avc: denied { open } for path="/dev/__properties__/u:object_r:adbd_prop:s0" dev="tmpfs" ino=10748 scontext=u:r:recovery:s0 tcontext=u:object_r:adbd_prop:s0 tclass=file permissive=1 ppid=1 pcomm="init" pgid=1 pgcomm="init"
09-05 21:18:26.353   465   465 I recovery: type=1400 audit(0.0:61): avc: denied { getattr } for path="/dev/__properties__/u:object_r:adbd_prop:s0" dev="tmpfs" ino=10748 scontext=u:r:recovery:s0 tcontext=u:object_r:adbd_prop:s0 tclass=file permissive=1 ppid=1 pcomm="init" pgid=1 pgcomm="init"
09-05 21:18:26.353   465   465 I recovery: type=1400 audit(0.0:62): avc: denied { map } for path="/dev/__properties__/u:object_r:adbd_prop:s0" dev="tmpfs" ino=10748 scontext=u:r:recovery:s0 tcontext=u:object_r:adbd_prop:s0 tclass=file permissive=1 ppid=1 pcomm="init" pgid=1 pgcomm="init"
09-05 21:18:26.353   465   465 I recovery: type=1400 audit(0.0:63): avc: denied { open } for path="/dev/__properties__/u:object_r:apexd_config_prop:s0" dev="tmpfs" ino=10749 scontext=u:r:recovery:s0 tcontext=u:object_r:apexd_config_prop:s0 tclass=file permissive=1 ppid=1 pcomm="init" pgid=1 pgcomm="init"
09-05 21:18:26.353   465   465 I recovery: type=1400 audit(0.0:64): avc: denied { getattr } for path="/dev/__properties__/u:object_r:apexd_config_prop:s0" dev="tmpfs" ino=10749 scontext=u:r:recovery:s0 tcontext=u:object_r:apexd_config_prop:s0 tclass=file permissive=1 ppid=1 pcomm="init" pgid=1 pgcomm="init"
09-05 21:18:26.353   465   465 I recovery: type=1400 audit(0.0:65): avc: denied { map } for path="/dev/__properties__/u:object_r:apexd_config_prop:s0" dev="tmpfs" ino=10749 scontext=u:r:recovery:s0 tcontext=u:object_r:apexd_config_prop:s0 tclass=file permissive=1 ppid=1 pcomm="init" pgid=1 pgcomm="init"
09-05 21:18:26.353   465   465 I recovery: type=1400 audit(0.0:66): avc: denied { open } for path="/dev/__properties__/u:object_r:apexd_prop:s0" dev="tmpfs" ino=10750 scontext=u:r:recovery:s0 tcontext=u:object_r:apexd_prop:s0 tclass=file permissive=1 ppid=1 pcomm="init" pgid=1 pgcomm="init"
09-05 21:18:26.353   465   465 I recovery: type=1400 audit(0.0:67): avc: denied { getattr } for path="/dev/__properties__/u:object_r:apexd_prop:s0" dev="tmpfs" ino=10750 scontext=u:r:recovery:s0 tcontext=u:object_r:apexd_prop:s0 tclass=file permissive=1 ppid=1 pcomm="init" pgid=1 pgcomm="init"
09-05 21:18:26.353   465   465 I recovery: type=1400 audit(0.0:68): avc: denied { map } for path="/dev/__properties__/u:object_r:apexd_prop:s0" dev="tmpfs" ino=10750 scontext=u:r:recovery:s0 tcontext=u:object_r:apexd_prop:s0 tclass=file permissive=1 ppid=1 pcomm="init" pgid=1 pgcomm="init"
09-05 21:18:26.353   465   465 I recovery: type=1400 audit(0.0:69): avc: denied { open } for path="/dev/__properties__/u:object_r:apk_verity_prop:s0" dev="tmpfs" ino=10751 scontext=u:r:recovery:s0 tcontext=u:object_r:apk_verity_prop:s0 tclass=file permissive=1 ppid=1 pcomm="init" pgid=1 pgcomm="init"
09-05 21:18:26.353   465   465 I recovery: type=1400 audit(0.0:70): avc: denied { getattr } for path="/dev/__properties__/u:object_r:apk_verity_prop:s0" dev="tmpfs" ino=10751 scontext=u:r:recovery:s0 tcontext=u:object_r:apk_verity_prop:s0 tclass=file permissive=1 ppid=1 pcomm="init" pgid=1 pgcomm="init"
09-05 21:18:26.353   465   465 I recovery: type=1400 audit(0.0:71): avc: denied { map } for path="/dev/__properties__/u:object_r:apk_verity_prop:s0" dev="tmpfs" ino=10751 scontext=u:r:recovery:s0 tcontext=u:object_r:apk_verity_prop:s0 tclass=file permissive=1 ppid=1 pcomm="init" pgid=1 pgcomm="init"
09-05 21:18:26.353   465   465 I recovery: type=1400 audit(0.0:72): avc: denied { open } for path="/dev/__properties__/u:object_r:audio_config_prop:s0" dev="tmpfs" ino=10753 scontext=u:r:recovery:s0 tcontext=u:object_r:audio_config_prop:s0 tclass=file permissive=1 ppid=1 pcomm="init" pgid=1 pgcomm="init"
09-05 21:18:26.353   465   465 I recovery: type=1400 audit(0.0:73): avc: denied { getattr } for path="/dev/__properties__/u:object_r:audio_config_prop:s0" dev="tmpfs" ino=10753 scontext=u:r:recovery:s0 tcontext=u:object_r:audio_config_prop:s0 tclass=file permissive=1 ppid=1 pcomm="init" pgid=1 pgcomm="init"
09-05 21:18:26.353   465   465 I recovery: type=1400 audit(0.0:74): avc: denied { map } for path="/dev/__properties__/u:object_r:audio_config_prop:s0" dev="tmpfs" ino=10753 scontext=u:r:recovery:s0 tcontext=u:object_r:audio_config_prop:s0 tclass=file permissive=1 ppid=1 pcomm="init" pgid=1 pgcomm="init"
09-05 21:18:26.353   465   465 I recovery: type=1400 audit(0.0:75): avc: denied { open } for path="/dev/__properties__/u:object_r:bluetooth_a2dp_offload_prop:s0" dev="tmpfs" ino=10758 scontext=u:r:recovery:s0 tcontext=u:object_r:bluetooth_a2dp_offload_prop:s0 tclass=file permissive=1 ppid=1 pcomm="init" pgid=1 pgcomm="init"
09-05 21:18:26.353   465   465 I recovery: type=1400 audit(0.0:76): avc: denied { getattr } for path="/dev/__properties__/u:object_r:bluetooth_a2dp_offload_prop:s0" dev="tmpfs" ino=10758 scontext=u:r:recovery:s0 tcontext=u:object_r:bluetooth_a2dp_offload_prop:s0 tclass=file permissive=1 ppid=1 pcomm="init" pgid=1 pgcomm="init"
09-05 21:18:26.356   465   465 I recovery: type=1400 audit(0.0:77): avc: denied { map } for path="/dev/__properties__/u:object_r:bluetooth_a2dp_offload_prop:s0" dev="tmpfs" ino=10758 scontext=u:r:recovery:s0 tcontext=u:object_r:bluetooth_a2dp_offload_prop:s0 tclass=file permissive=1 ppid=1 pcomm="init" pgid=1 pgcomm="init"
09-05 21:18:26.356   465   465 I recovery: type=1400 audit(0.0:78): avc: denied { open } for path="/dev/__properties__/u:object_r:bluetooth_audio_hal_prop:s0" dev="tmpfs" ino=10759 scontext=u:r:recovery:s0 tcontext=u:object_r:bluetooth_audio_hal_prop:s0 tclass=file permissive=1 ppid=1 pcomm="init" pgid=1 pgcomm="init"
09-05 21:18:26.356   465   465 I recovery: type=1400 audit(0.0:79): avc: denied { getattr } for path="/dev/__properties__/u:object_r:bluetooth_audio_hal_prop:s0" dev="tmpfs" ino=10759 scontext=u:r:recovery:s0 tcontext=u:object_r:bluetooth_audio_hal_prop:s0 tclass=file permissive=1 ppid=1 pcomm="init" pgid=1 pgcomm="init"
09-05 21:18:26.356   465   465 I recovery: type=1400 audit(0.0:80): avc: denied { map } for path="/dev/__properties__/u:object_r:bluetooth_audio_hal_prop:s0" dev="tmpfs" ino=10759 scontext=u:r:recovery:s0 tcontext=u:object_r:bluetooth_audio_hal_prop:s0 tclass=file permissive=1 ppid=1 pcomm="init" pgid=1 pgcomm="init"
09-05 21:18:26.356   465   465 I recovery: type=1400 audit(0.0:81): avc: denied { open } for path="/dev/__properties__/u:object_r:bluetooth_prop:s0" dev="tmpfs" ino=10760 scontext=u:r:recovery:s0 tcontext=u:object_r:bluetooth_prop:s0 tclass=file permissive=1 ppid=1 pcomm="init" pgid=1 pgcomm="init"
09-05 21:18:26.356   465   465 I recovery: type=1400 audit(0.0:82): avc: denied { getattr } for path="/dev/__properties__/u:object_r:bluetooth_prop:s0" dev="tmpfs" ino=10760 scontext=u:r:recovery:s0 tcontext=u:object_r:bluetooth_prop:s0 tclass=file permissive=1 ppid=1 pcomm="init" pgid=1 pgcomm="init"
09-05 21:18:26.356   465   465 I recovery: type=1400 audit(0.0:83): avc: denied { map } for path="/dev/__properties__/u:object_r:bluetooth_prop:s0" dev="tmpfs" ino=10760 scontext=u:r:recovery:s0 tcontext=u:object_r:bluetooth_prop:s0 tclass=file permissive=1 ppid=1 pcomm="init" pgid=1 pgcomm="init"
09-05 21:18:26.356   465   465 I recovery: type=1400 audit(0.0:84): avc: denied { open } for path="/dev/__properties__/u:object_r:bootanim_config_prop:s0" dev="tmpfs" ino=10762 scontext=u:r:recovery:s0 tcontext=u:object_r:bootanim_config_prop:s0 tclass=file permissive=1 ppid=1 pcomm="init" pgid=1 pgcomm="init"
09-05 21:18:26.356   465   465 I recovery: type=1400 audit(0.0:85): avc: denied { getattr } for path="/dev/__properties__/u:object_r:bootanim_config_prop:s0" dev="tmpfs" ino=10762 scontext=u:r:recovery:s0 tcontext=u:object_r:bootanim_config_prop:s0 tclass=file permissive=1 ppid=1 pcomm="init" pgid=1 pgcomm="init"
09-05 21:18:26.356   465   465 I recovery: type=1400 audit(0.0:86): avc: denied { map } for path="/dev/__properties__/u:object_r:bootanim_config_prop:s0" dev="tmpfs" ino=10762 scontext=u:r:recovery:s0 tcontext=u:object_r:bootanim_config_prop:s0 tclass=file permissive=1 ppid=1 pcomm="init" pgid=1 pgcomm="init"
09-05 21:18:26.356   465   465 I recovery: type=1400 audit(0.0:87): avc: denied { open } for path="/dev/__properties__/u:object_r:bootanim_system_prop:s0" dev="tmpfs" ino=10763 scontext=u:r:recovery:s0 tcontext=u:object_r:bootanim_system_prop:s0 tclass=file permissive=1 ppid=1 pcomm="init" pgid=1 pgcomm="init"
09-05 21:18:26.356   465   465 I recovery: type=1400 audit(0.0:88): avc: denied { getattr } for path="/dev/__properties__/u:object_r:bootanim_system_prop:s0" dev="tmpfs" ino=10763 scontext=u:r:recovery:s0 tcontext=u:object_r:bootanim_system_prop:s0 tclass=file permissive=1 ppid=1 pcomm="init" pgid=1 pgcomm="init"
09-05 21:18:26.356   465   465 I recovery: type=1400 audit(0.0:89): avc: denied { map } for path="/dev/__properties__/u:object_r:bootanim_system_prop:s0" dev="tmpfs" ino=10763 scontext=u:r:recovery:s0 tcontext=u:object_r:bootanim_system_prop:s0 tclass=file permissive=1 ppid=1 pcomm="init" pgid=1 pgcomm="init"
09-05 21:18:26.356   465   465 I recovery: type=1400 audit(0.0:90): avc: denied { open } for path="/dev/__properties__/u:object_r:boottime_prop:s0" dev="tmpfs" ino=10766 scontext=u:r:recovery:s0 tcontext=u:object_r:boottime_prop:s0 tclass=file permissive=1 ppid=1 pcomm="init" pgid=1 pgcomm="init"
09-05 21:18:26.356   465   465 I recovery: type=1400 audit(0.0:91): avc: denied { getattr } for path="/dev/__properties__/u:object_r:boottime_prop:s0" dev="tmpfs" ino=10766 scontext=u:r:recovery:s0 tcontext=u:object_r:boottime_prop:s0 tclass=file permissive=1 ppid=1 pcomm="init" pgid=1 pgcomm="init"
09-05 21:18:26.356   465   465 I recovery: type=1400 audit(0.0:92): avc: denied { map } for path="/dev/__properties__/u:object_r:boottime_prop:s0" dev="tmpfs" ino=10766 scontext=u:r:recovery:s0 tcontext=u:object_r:boottime_prop:s0 tclass=file permissive=1 ppid=1 pcomm="init" pgid=1 pgcomm="init"
09-05 21:18:26.356   465   465 I recovery: type=1400 audit(0.0:93): avc: denied { open } for path="/dev/__properties__/u:object_r:boottime_public_prop:s0" dev="tmpfs" ino=10767 scontext=u:r:recovery:s0 tcontext=u:object_r:boottime_public_prop:s0 tclass=file permissive=1 ppid=1 pcomm="init" pgid=1 pgcomm="init"
09-05 21:18:26.356   465   465 I recovery: type=1400 audit(0.0:94): avc: denied { getattr } for path="/dev/__properties__/u:object_r:boottime_public_prop:s0" dev="tmpfs" ino=10767 scontext=u:r:recovery:s0 tcontext=u:object_r:boottime_public_prop:s0 tclass=file permissive=1 ppid=1 pcomm="init" pgid=1 pgcomm="init"
09-05 21:18:26.356   465   465 I recovery: type=1400 audit(0.0:95): avc: denied { map } for path="/dev/__properties__/u:object_r:boottime_public_prop:s0" dev="tmpfs" ino=10767 scontext=u:r:recovery:s0 tcontext=u:object_r:boottime_public_prop:s0 tclass=file permissive=1 ppid=1 pcomm="init" pgid=1 pgcomm="init"
09-05 21:18:26.356   465   465 I recovery: type=1400 audit(0.0:96): avc: denied { open } for path="/dev/__properties__/u:object_r:bpf_progs_loaded_prop:s0" dev="tmpfs" ino=10768 scontext=u:r:recovery:s0 tcontext=u:object_r:bpf_progs_loaded_prop:s0 tclass=file permissive=1 ppid=1 pcomm="init" pgid=1 pgcomm="init"
09-05 21:18:26.356   465   465 I recovery: type=1400 audit(0.0:97): avc: denied { getattr } for path="/dev/__properties__/u:object_r:bpf_progs_loaded_prop:s0" dev="tmpfs" ino=10768 scontext=u:r:recovery:s0 tcontext=u:object_r:bpf_progs_loaded_prop:s0 tclass=file permissive=1 ppid=1 pcomm="init" pgid=1 pgcomm="init"
09-05 21:18:26.356   465   465 I recovery: type=1400 audit(0.0:98): avc: denied { map } for path="/dev/__properties__/u:object_r:bpf_progs_loaded_prop:s0" dev="tmpfs" ino=10768 scontext=u:r:recovery:s0 tcontext=u:object_r:bpf_progs_loaded_prop:s0 tclass=file permissive=1 ppid=1 pcomm="init" pgid=1 pgcomm="init"
09-05 21:18:26.356   465   465 I recovery: type=1400 audit(0.0:99): avc: denied { open } for path="/dev/__properties__/u:object_r:build_config_prop:s0" dev="tmpfs" ino=10771 scontext=u:r:recovery:s0 tcontext=u:object_r:build_config_prop:s0 tclass=file permissive=1 ppid=1 pcomm="init" pgid=1 pgcomm="init"
09-05 21:18:26.356   465   465 I recovery: type=1400 audit(0.0:100): avc: denied { getattr } for path="/dev/__properties__/u:object_r:build_config_prop:s0" dev="tmpfs" ino=10771 scontext=u:r:recovery:s0 tcontext=u:object_r:build_config_prop:s0 tclass=file permissive=1 ppid=1 pcomm="init" pgid=1 pgcomm="init"
09-05 21:18:26.356   465   465 I recovery: type=1400 audit(0.0:101): avc: denied { map } for path="/dev/__properties__/u:object_r:build_config_prop:s0" dev="tmpfs" ino=10771 scontext=u:r:recovery:s0 tcontext=u:object_r:build_config_prop:s0 tclass=file permissive=1 ppid=1 pcomm="init" pgid=1 pgcomm="init"
09-05 21:18:26.356   465   465 I recovery: type=1400 audit(0.0:102): avc: denied { open } for path="/dev/__properties__/u:object_r:camera2_extensions_prop:s0" dev="tmpfs" ino=10775 scontext=u:r:recovery:s0 tcontext=u:object_r:camera2_extensions_prop:s0 tclass=file permissive=1 ppid=1 pcomm="init" pgid=1 pgcomm="init"
09-05 21:18:26.356   465   465 I recovery: type=1400 audit(0.0:103): avc: denied { getattr } for path="/dev/__properties__/u:object_r:camera2_extensions_prop:s0" dev="tmpfs" ino=10775 scontext=u:r:recovery:s0 tcontext=u:object_r:camera2_extensions_prop:s0 tclass=file permissive=1 ppid=1 pcomm="init" pgid=1 pgcomm="init"
09-05 21:18:26.356   465   465 I recovery: type=1400 audit(0.0:104): avc: denied { map } for path="/dev/__properties__/u:object_r:camera2_extensions_prop:s0" dev="tmpfs" ino=10775 scontext=u:r:recovery:s0 tcontext=u:object_r:camera2_extensions_prop:s0 tclass=file permissive=1 ppid=1 pcomm="init" pgid=1 pgcomm="init"
09-05 21:18:26.356   465   465 I recovery: type=1400 audit(0.0:105): avc: denied { open } for path="/dev/__properties__/u:object_r:camera_calibration_prop:s0" dev="tmpfs" ino=10776 scontext=u:r:recovery:s0 tcontext=u:object_r:camera_calibration_prop:s0 tclass=file permissive=1 ppid=1 pcomm="init" pgid=1 pgcomm="init"
09-05 21:18:26.356   465   465 I recovery: type=1400 audit(0.0:106): avc: denied { getattr } for path="/dev/__properties__/u:object_r:camera_calibration_prop:s0" dev="tmpfs" ino=10776 scontext=u:r:recovery:s0 tcontext=u:object_r:camera_calibration_prop:s0 tclass=file permissive=1 ppid=1 pcomm="init" pgid=1 pgcomm="init"
09-05 21:18:26.356   465   465 I recovery: type=1400 audit(0.0:107): avc: denied { map } for path="/dev/__properties__/u:object_r:camera_calibration_prop:s0" dev="tmpfs" ino=10776 scontext=u:r:recovery:s0 tcontext=u:object_r:camera_calibration_prop:s0 tclass=file permissive=1 ppid=1 pcomm="init" pgid=1 pgcomm="init"
09-05 21:18:26.356   465   465 I recovery: type=1400 audit(0.0:108): avc: denied { open } for path="/dev/__properties__/u:object_r:camerax_extensions_prop:s0" dev="tmpfs" ino=10778 scontext=u:r:recovery:s0 tcontext=u:object_r:camerax_extensions_prop:s0 tclass=file permissive=1 ppid=1 pcomm="init" pgid=1 pgcomm="init"
09-05 21:18:26.356   465   465 I recovery: type=1400 audit(0.0:109): avc: denied { getattr } for path="/dev/__properties__/u:object_r:camerax_extensions_prop:s0" dev="tmpfs" ino=10778 scontext=u:r:recovery:s0 tcontext=u:object_r:camerax_extensions_prop:s0 tclass=file permissive=1 ppid=1 pcomm="init" pgid=1 pgcomm="init"
09-05 21:18:26.356   465   465 I recovery: type=1400 audit(0.0:110): avc: denied { map } for path="/dev/__properties__/u:object_r:camerax_extensions_prop:s0" dev="tmpfs" ino=10778 scontext=u:r:recovery:s0 tcontext=u:object_r:camerax_extensions_prop:s0 tclass=file permissive=1 ppid=1 pcomm="init" pgid=1 pgcomm="init"
09-05 21:18:26.356   465   465 I recovery: type=1400 audit(0.0:111): avc: denied { open } for path="/dev/__properties__/u:object_r:charger_config_prop:s0" dev="tmpfs" ino=10779 scontext=u:r:recovery:s0 tcontext=u:object_r:charger_config_prop:s0 tclass=file permissive=1 ppid=1 pcomm="init" pgid=1 pgcomm="init"
09-05 21:18:26.356   465   465 I recovery: type=1400 audit(0.0:112): avc: denied { getattr } for path="/dev/__properties__/u:object_r:charger_config_prop:s0" dev="tmpfs" ino=10779 scontext=u:r:recovery:s0 tcontext=u:object_r:charger_config_prop:s0 tclass=file permissive=1 ppid=1 pcomm="init" pgid=1 pgcomm="init"
09-05 21:18:26.356   465   465 I recovery: type=1400 audit(0.0:113): avc: denied { map } for path="/dev/__properties__/u:object_r:charger_config_prop:s0" dev="tmpfs" ino=10779 scontext=u:r:recovery:s0 tcontext=u:object_r:charger_config_prop:s0 tclass=file permissive=1 ppid=1 pcomm="init" pgid=1 pgcomm="init"
09-05 21:18:26.356   465   465 I recovery: type=1400 audit(0.0:114): avc: denied { open } for path="/dev/__properties__/u:object_r:charger_prop:s0" dev="tmpfs" ino=10780 scontext=u:r:recovery:s0 tcontext=u:object_r:charger_prop:s0 tclass=file permissive=1 ppid=1 pcomm="init" pgid=1 pgcomm="init"
09-05 21:18:26.356   465   465 I recovery: type=1400 audit(0.0:115): avc: denied { getattr } for path="/dev/__properties__/u:object_r:charger_prop:s0" dev="tmpfs" ino=10780 scontext=u:r:recovery:s0 tcontext=u:object_r:charger_prop:s0 tclass=file permissive=1 ppid=1 pcomm="init" pgid=1 pgcomm="init"
09-05 21:18:26.356   465   465 I recovery: type=1400 audit(0.0:116): avc: denied { map } for path="/dev/__properties__/u:object_r:charger_prop:s0" dev="tmpfs" ino=10780 scontext=u:r:recovery:s0 tcontext=u:object_r:charger_prop:s0 tclass=file permissive=1 ppid=1 pcomm="init" pgid=1 pgcomm="init"
09-05 21:18:26.356   465   465 I recovery: type=1400 audit(0.0:117): avc: denied { open } for path="/dev/__properties__/u:object_r:charger_status_prop:s0" dev="tmpfs" ino=10781 scontext=u:r:recovery:s0 tcontext=u:object_r:charger_status_prop:s0 tclass=file permissive=1 ppid=1 pcomm="init" pgid=1 pgcomm="init"
09-05 21:18:26.356   465   465 I recovery: type=1400 audit(0.0:118): avc: denied { getattr } for path="/dev/__properties__/u:object_r:charger_status_prop:s0" dev="tmpfs" ino=10781 scontext=u:r:recovery:s0 tcontext=u:object_r:charger_status_prop:s0 tclass=file permissive=1 ppid=1 pcomm="init" pgid=1 pgcomm="init"
09-05 21:18:26.356   465   465 I recovery: type=1400 audit(0.0:119): avc: denied { map } for path="/dev/__properties__/u:object_r:charger_status_prop:s0" dev="tmpfs" ino=10781 scontext=u:r:recovery:s0 tcontext=u:object_r:charger_status_prop:s0 tclass=file permissive=1 ppid=1 pcomm="init" pgid=1 pgcomm="init"
09-05 21:18:26.356   465   465 I recovery: type=1400 audit(0.0:120): avc: denied { open } for path="/dev/__properties__/u:object_r:codec2_config_prop:s0" dev="tmpfs" ino=10782 scontext=u:r:recovery:s0 tcontext=u:object_r:codec2_config_prop:s0 tclass=file permissive=1 ppid=1 pcomm="init" pgid=1 pgcomm="init"
09-05 21:18:26.356   465   465 I recovery: type=1400 audit(0.0:121): avc: denied { getattr } for path="/dev/__properties__/u:object_r:codec2_config_prop:s0" dev="tmpfs" ino=10782 scontext=u:r:recovery:s0 tcontext=u:object_r:codec2_config_prop:s0 tclass=file permissive=1 ppid=1 pcomm="init" pgid=1 pgcomm="init"
09-05 21:18:26.356   465   465 I recovery: type=1400 audit(0.0:122): avc: denied { map } for path="/dev/__properties__/u:object_r:codec2_config_prop:s0" dev="tmpfs" ino=10782 scontext=u:r:recovery:s0 tcontext=u:object_r:codec2_config_prop:s0 tclass=file permissive=1 ppid=1 pcomm="init" pgid=1 pgcomm="init"
09-05 21:18:26.356   465   465 I recovery: type=1400 audit(0.0:123): avc: denied { open } for path="/dev/__properties__/u:object_r:cold_boot_done_prop:s0" dev="tmpfs" ino=10783 scontext=u:r:recovery:s0 tcontext=u:object_r:cold_boot_done_prop:s0 tclass=file permissive=1 ppid=1 pcomm="init" pgid=1 pgcomm="init"
09-05 21:18:26.356   465   465 I recovery: type=1400 audit(0.0:124): avc: denied { getattr } for path="/dev/__properties__/u:object_r:cold_boot_done_prop:s0" dev="tmpfs" ino=10783 scontext=u:r:recovery:s0 tcontext=u:object_r:cold_boot_done_prop:s0 tclass=file permissive=1 ppid=1 pcomm="init" pgid=1 pgcomm="init"
09-05 21:18:26.356   465   465 I recovery: type=1400 audit(0.0:125): avc: denied { map } for path="/dev/__properties__/u:object_r:cold_boot_done_prop:s0" dev="tmpfs" ino=10783 scontext=u:r:recovery:s0 tcontext=u:object_r:cold_boot_done_prop:s0 tclass=file permissive=1 ppid=1 pcomm="init" pgid=1 pgcomm="init"
09-05 21:18:26.356   465   465 I recovery: type=1400 audit(0.0:126): avc: denied { open } for path="/dev/__properties__/u:object_r:cpu_variant_prop:s0" dev="tmpfs" ino=10786 scontext=u:r:recovery:s0 tcontext=u:object_r:cpu_variant_prop:s0 tclass=file permissive=1 ppid=1 pcomm="init" pgid=1 pgcomm="init"
09-05 21:18:26.356   465   465 I recovery: type=1400 audit(0.0:127): avc: denied { getattr } for path="/dev/__properties__/u:object_r:cpu_variant_prop:s0" dev="tmpfs" ino=10786 scontext=u:r:recovery:s0 tcontext=u:object_r:cpu_variant_prop:s0 tclass=file permissive=1 ppid=1 pcomm="init" pgid=1 pgcomm="init"
09-05 21:18:26.356   465   465 I recovery: type=1400 audit(0.0:128): avc: denied { map } for path="/dev/__properties__/u:object_r:cpu_variant_prop:s0" dev="tmpfs" ino=10786 scontext=u:r:recovery:s0 tcontext=u:object_r:cpu_variant_prop:s0 tclass=file permissive=1 ppid=1 pcomm="init" pgid=1 pgcomm="init"
09-05 21:18:26.356   465   465 I recovery: type=1400 audit(0.0:129): avc: denied { open } for path="/dev/__properties__/u:object_r:ctl_adbd_prop:s0" dev="tmpfs" ino=10787 scontext=u:r:recovery:s0 tcontext=u:object_r:ctl_adbd_prop:s0 tclass=file permissive=1 ppid=1 pcomm="init" pgid=1 pgcomm="init"
09-05 21:18:26.356   465   465 I recovery: type=1400 audit(0.0:130): avc: denied { getattr } for path="/dev/__properties__/u:object_r:ctl_adbd_prop:s0" dev="tmpfs" ino=10787 scontext=u:r:recovery:s0 tcontext=u:object_r:ctl_adbd_prop:s0 tclass=file permissive=1 ppid=1 pcomm="init" pgid=1 pgcomm="init"
09-05 21:18:26.356   465   465 I recovery: type=1400 audit(0.0:131): avc: denied { map } for path="/dev/__properties__/u:object_r:ctl_adbd_prop:s0" dev="tmpfs" ino=10787 scontext=u:r:recovery:s0 tcontext=u:object_r:ctl_adbd_prop:s0 tclass=file permissive=1 ppid=1 pcomm="init" pgid=1 pgcomm="init"
09-05 21:18:26.356   465   465 I recovery: type=1400 audit(0.0:132): avc: denied { open } for path="/dev/__properties__/u:object_r:ctl_apexd_prop:s0" dev="tmpfs" ino=10788 scontext=u:r:recovery:s0 tcontext=u:object_r:ctl_apexd_prop:s0 tclass=file permissive=1 ppid=1 pcomm="init" pgid=1 pgcomm="init"
09-05 21:18:26.356   465   465 I recovery: type=1400 audit(0.0:133): avc: denied { getattr } for path="/dev/__properties__/u:object_r:ctl_apexd_prop:s0" dev="tmpfs" ino=10788 scontext=u:r:recovery:s0 tcontext=u:object_r:ctl_apexd_prop:s0 tclass=file permissive=1 ppid=1 pcomm="init" pgid=1 pgcomm="init"
09-05 21:18:26.356   465   465 I recovery: type=1400 audit(0.0:134): avc: denied { map } for path="/dev/__properties__/u:object_r:ctl_apexd_prop:s0" dev="tmpfs" ino=10788 scontext=u:r:recovery:s0 tcontext=u:object_r:ctl_apexd_prop:s0 tclass=file permissive=1 ppid=1 pcomm="init" pgid=1 pgcomm="init"
09-05 21:18:26.356   465   465 I recovery: type=1400 audit(0.0:135): avc: denied { open } for path="/dev/__properties__/u:object_r:ctl_bootanim_prop:s0" dev="tmpfs" ino=10789 scontext=u:r:recovery:s0 tcontext=u:object_r:ctl_bootanim_prop:s0 tclass=file permissive=1 ppid=1 pcomm="init" pgid=1 pgcomm="init"
09-05 21:18:26.356   465   465 I recovery: type=1400 audit(0.0:136): avc: denied { getattr } for path="/dev/__properties__/u:object_r:ctl_bootanim_prop:s0" dev="tmpfs" ino=10789 scontext=u:r:recovery:s0 tcontext=u:object_r:ctl_bootanim_prop:s0 tclass=file permissive=1 ppid=1 pcomm="init" pgid=1 pgcomm="init"
09-05 21:18:26.356   465   465 I recovery: type=1400 audit(0.0:137): avc: denied { map } for path="/dev/__properties__/u:object_r:ctl_bootanim_prop:s0" dev="tmpfs" ino=10789 scontext=u:r:recovery:s0 tcontext=u:object_r:ctl_bootanim_prop:s0 tclass=file permissive=1 ppid=1 pcomm="init" pgid=1 pgcomm="init"
09-05 21:18:26.356   465   465 I recovery: type=1400 audit(0.0:138): avc: denied { open } for path="/dev/__properties__/u:object_r:ctl_bugreport_prop:s0" dev="tmpfs" ino=10790 scontext=u:r:recovery:s0 tcontext=u:object_r:ctl_bugreport_prop:s0 tclass=file permissive=1 ppid=1 pcomm="init" pgid=1 pgcomm="init"
09-05 21:18:26.356   465   465 I recovery: type=1400 audit(0.0:139): avc: denied { getattr } for path="/dev/__properties__/u:object_r:ctl_bugreport_prop:s0" dev="tmpfs" ino=10790 scontext=u:r:recovery:s0 tcontext=u:object_r:ctl_bugreport_prop:s0 tclass=file permissive=1 ppid=1 pcomm="init" pgid=1 pgcomm="init"
09-05 21:18:26.356   465   465 I recovery: type=1400 audit(0.0:140): avc: denied { map } for path="/dev/__properties__/u:object_r:ctl_bugreport_prop:s0" dev="tmpfs" ino=10790 scontext=u:r:recovery:s0 tcontext=u:object_r:ctl_bugreport_prop:s0 tclass=file permissive=1 ppid=1 pcomm="init" pgid=1 pgcomm="init"
09-05 21:18:26.356   465   465 I recovery: type=1400 audit(0.0:141): avc: denied { open } for path="/dev/__properties__/u:object_r:ctl_console_prop:s0" dev="tmpfs" ino=10791 scontext=u:r:recovery:s0 tcontext=u:object_r:ctl_console_prop:s0 tclass=file permissive=1 ppid=1 pcomm="init" pgid=1 pgcomm="init"
09-05 21:18:26.356   465   465 I recovery: type=1400 audit(0.0:142): avc: denied { getattr } for path="/dev/__properties__/u:object_r:ctl_console_prop:s0" dev="tmpfs" ino=10791 scontext=u:r:recovery:s0 tcontext=u:object_r:ctl_console_prop:s0 tclass=file permissive=1 ppid=1 pcomm="init" pgid=1 pgcomm="init"
09-05 21:18:26.356   465   465 I recovery: type=1400 audit(0.0:143): avc: denied { map } for path="/dev/__properties__/u:object_r:ctl_console_prop:s0" dev="tmpfs" ino=10791 scontext=u:r:recovery:s0 tcontext=u:object_r:ctl_console_prop:s0 tclass=file permissive=1 ppid=1 pcomm="init" pgid=1 pgcomm="init"
09-05 21:18:26.356   465   465 I recovery: type=1400 audit(0.0:144): avc: denied { open } for path="/dev/__properties__/u:object_r:ctl_default_prop:s0" dev="tmpfs" ino=10792 scontext=u:r:recovery:s0 tcontext=u:object_r:ctl_default_prop:s0 tclass=file permissive=1 ppid=1 pcomm="init" pgid=1 pgcomm="init"
09-05 21:18:26.356   465   465 I recovery: type=1400 audit(0.0:145): avc: denied { getattr } for path="/dev/__properties__/u:object_r:ctl_default_prop:s0" dev="tmpfs" ino=10792 scontext=u:r:recovery:s0 tcontext=u:object_r:ctl_default_prop:s0 tclass=file permissive=1 ppid=1 pcomm="init" pgid=1 pgcomm="init"
09-05 21:18:26.356   465   465 I recovery: type=1400 audit(0.0:146): avc: denied { map } for path="/dev/__properties__/u:object_r:ctl_default_prop:s0" dev="tmpfs" ino=10792 scontext=u:r:recovery:s0 tcontext=u:object_r:ctl_default_prop:s0 tclass=file permissive=1 ppid=1 pcomm="init" pgid=1 pgcomm="init"
09-05 21:18:26.356   465   465 I recovery: type=1400 audit(0.0:147): avc: denied { open } for path="/dev/__properties__/u:object_r:ctl_dumpstate_prop:s0" dev="tmpfs" ino=10793 scontext=u:r:recovery:s0 tcontext=u:object_r:ctl_dumpstate_prop:s0 tclass=file permissive=1 ppid=1 pcomm="init" pgid=1 pgcomm="init"
09-05 21:18:26.356   465   465 I recovery: type=1400 audit(0.0:148): avc: denied { getattr } for path="/dev/__properties__/u:object_r:ctl_dumpstate_prop:s0" dev="tmpfs" ino=10793 scontext=u:r:recovery:s0 tcontext=u:object_r:ctl_dumpstate_prop:s0 tclass=file permissive=1 ppid=1 pcomm="init" pgid=1 pgcomm="init"
09-05 21:18:26.356   465   465 I recovery: type=1400 audit(0.0:149): avc: denied { map } for path="/dev/__properties__/u:object_r:ctl_dumpstate_prop:s0" dev="tmpfs" ino=10793 scontext=u:r:recovery:s0 tcontext=u:object_r:ctl_dumpstate_prop:s0 tclass=file permissive=1 ppid=1 pcomm="init" pgid=1 pgcomm="init"
09-05 21:18:26.356   465   465 I recovery: type=1400 audit(0.0:150): avc: denied { open } for path="/dev/__properties__/u:object_r:ctl_fuse_prop:s0" dev="tmpfs" ino=10794 scontext=u:r:recovery:s0 tcontext=u:object_r:ctl_fuse_prop:s0 tclass=file permissive=1 ppid=1 pcomm="init" pgid=1 pgcomm="init"
09-05 21:18:26.356   465   465 I recovery: type=1400 audit(0.0:151): avc: denied { getattr } for path="/dev/__properties__/u:object_r:ctl_fuse_prop:s0" dev="tmpfs" ino=10794 scontext=u:r:recovery:s0 tcontext=u:object_r:ctl_fuse_prop:s0 tclass=file permissive=1 ppid=1 pcomm="init" pgid=1 pgcomm="init"
09-05 21:18:26.356   465   465 I recovery: type=1400 audit(0.0:152): avc: denied { map } for path="/dev/__properties__/u:object_r:ctl_fuse_prop:s0" dev="tmpfs" ino=10794 scontext=u:r:recovery:s0 tcontext=u:object_r:ctl_fuse_prop:s0 tclass=file permissive=1 ppid=1 pcomm="init" pgid=1 pgcomm="init"
09-05 21:18:26.356   465   465 I recovery: type=1400 audit(0.0:153): avc: denied { open } for path="/dev/__properties__/u:object_r:ctl_gsid_prop:s0" dev="tmpfs" ino=10795 scontext=u:r:recovery:s0 tcontext=u:object_r:ctl_gsid_prop:s0 tclass=file permissive=1 ppid=1 pcomm="init" pgid=1 pgcomm="init"
09-05 21:18:26.356   465   465 I recovery: type=1400 audit(0.0:154): avc: denied { getattr } for path="/dev/__properties__/u:object_r:ctl_gsid_prop:s0" dev="tmpfs" ino=10795 scontext=u:r:recovery:s0 tcontext=u:object_r:ctl_gsid_prop:s0 tclass=file permissive=1 ppid=1 pcomm="init" pgid=1 pgcomm="init"
09-05 21:18:26.356   465   465 I recovery: type=1400 audit(0.0:155): avc: denied { map } for path="/dev/__properties__/u:object_r:ctl_gsid_prop:s0" dev="tmpfs" ino=10795 scontext=u:r:recovery:s0 tcontext=u:object_r:ctl_gsid_prop:s0 tclass=file permissive=1 ppid=1 pcomm="init" pgid=1 pgcomm="init"
09-05 21:18:26.356   465   465 I recovery: type=1400 audit(0.0:156): avc: denied { open } for path="/dev/__properties__/u:object_r:ctl_interface_restart_prop:s0" dev="tmpfs" ino=10796 scontext=u:r:recovery:s0 tcontext=u:object_r:ctl_interface_restart_prop:s0 tclass=file permissive=1 ppid=1 pcomm="init" pgid=1 pgcomm="init"
09-05 21:18:26.356   465   465 I recovery: type=1400 audit(0.0:157): avc: denied { getattr } for path="/dev/__properties__/u:object_r:ctl_interface_restart_prop:s0" dev="tmpfs" ino=10796 scontext=u:r:recovery:s0 tcontext=u:object_r:ctl_interface_restart_prop:s0 tclass=file permissive=1 ppid=1 pcomm="init" pgid=1 pgcomm="init"
09-05 21:18:26.356   465   465 I recovery: type=1400 audit(0.0:158): avc: denied { map } for path="/dev/__properties__/u:object_r:ctl_interface_restart_prop:s0" dev="tmpfs" ino=10796 scontext=u:r:recovery:s0 tcontext=u:object_r:ctl_interface_restart_prop:s0 tclass=file permissive=1 ppid=1 pcomm="init" pgid=1 pgcomm="init"
09-05 21:18:26.356   465   465 I recovery: type=1400 audit(0.0:159): avc: denied { open } for path="/dev/__properties__/u:object_r:ctl_interface_start_prop:s0" dev="tmpfs" ino=10797 scontext=u:r:recovery:s0 tcontext=u:object_r:ctl_interface_start_prop:s0 tclass=file permissive=1 ppid=1 pcomm="init" pgid=1 pgcomm="init"
