09-05 21:18:26.360   465   465 I recovery: type=1400 audit(0.0:312): avc: denied { open } for path="/dev/__properties__/u:object_r:lowpan_prop:s0" dev="tmpfs" ino=10883 scontext=u:r:recovery:s0 tcontext=u:object_r:lowpan_prop:s0 tclass=file permissive=1 ppid=1 pcomm="init" pgid=1 pgcomm="init"
09-05 21:18:26.360   465   465 I recovery: type=1400 audit(0.0:313): avc: denied { getattr } for path="/dev/__properties__/u:object_r:lowpan_prop:s0" dev="tmpfs" ino=10883 scontext=u:r:recovery:s0 tcontext=u:object_r:lowpan_prop:s0 tclass=file permissive=1 ppid=1 pcomm="init" pgid=1 pgcomm="init"
09-05 21:18:26.360   465   465 I recovery: type=1400 audit(0.0:314): avc: denied { map } for path="/dev/__properties__/u:object_r:lowpan_prop:s0" dev="tmpfs" ino=10883 scontext=u:r:recovery:s0 tcontext=u:object_r:lowpan_prop:s0 tclass=file permissive=1 ppid=1 pcomm="init" pgid=1 pgcomm="init"
09-05 21:18:26.360   465   465 I recovery: type=1400 audit(0.0:315): avc: denied { open } for path="/dev/__properties__/u:object_r:lpdumpd_prop:s0" dev="tmpfs" ino=10884 scontext=u:r:recovery:s0 tcontext=u:object_r:lpdumpd_prop:s0 tclass=file permissive=1 ppid=1 pcomm="init" pgid=1 pgcomm="init"
09-05 21:18:26.360   465   465 I recovery: type=1400 audit(0.0:316): avc: denied { getattr } for path="/dev/__properties__/u:object_r:lpdumpd_prop:s0" dev="tmpfs" ino=10884 scontext=u:r:recovery:s0 tcontext=u:object_r:lpdumpd_prop:s0 tclass=file permissive=1 ppid=1 pcomm="init" pgid=1 pgcomm="init"
09-05 21:18:26.360   465   465 I recovery: type=1400 audit(0.0:317): avc: denied { map } for path="/dev/__properties__/u:object_r:lpdumpd_prop:s0" dev="tmpfs" ino=10884 scontext=u:r:recovery:s0 tcontext=u:object_r:lpdumpd_prop:s0 tclass=file permissive=1 ppid=1 pcomm="init" pgid=1 pgcomm="init"
09-05 21:18:26.360   465   465 I recovery: type=1400 audit(0.0:318): avc: denied { open } for path="/dev/__properties__/u:object_r:media_config_prop:s0" dev="tmpfs" ino=10885 scontext=u:r:recovery:s0 tcontext=u:object_r:media_config_prop:s0 tclass=file permissive=1 ppid=1 pcomm="init" pgid=1 pgcomm="init"
09-05 21:18:26.360   465   465 I recovery: type=1400 audit(0.0:319): avc: denied { getattr } for path="/dev/__properties__/u:object_r:media_config_prop:s0" dev="tmpfs" ino=10885 scontext=u:r:recovery:s0 tcontext=u:object_r:media_config_prop:s0 tclass=file permissive=1 ppid=1 pcomm="init" pgid=1 pgcomm="init"
09-05 21:18:26.360   465   465 I recovery: type=1400 audit(0.0:320): avc: denied { map } for path="/dev/__properties__/u:object_r:media_config_prop:s0" dev="tmpfs" ino=10885 scontext=u:r:recovery:s0 tcontext=u:object_r:media_config_prop:s0 tclass=file permissive=1 ppid=1 pcomm="init" pgid=1 pgcomm="init"
09-05 21:18:26.360   465   465 I recovery: type=1400 audit(0.0:321): avc: denied { open } for path="/dev/__properties__/u:object_r:media_variant_prop:s0" dev="tmpfs" ino=10886 scontext=u:r:recovery:s0 tcontext=u:object_r:media_variant_prop:s0 tclass=file permissive=1 ppid=1 pcomm="init" pgid=1 pgcomm="init"
09-05 21:18:26.360   465   465 I recovery: type=1400 audit(0.0:322): avc: denied { getattr } for path="/dev/__properties__/u:object_r:media_variant_prop:s0" dev="tmpfs" ino=10886 scontext=u:r:recovery:s0 tcontext=u:object_r:media_variant_prop:s0 tclass=file permissive=1 ppid=1 pcomm="init" pgid=1 pgcomm="init"
09-05 21:18:26.360   465   465 I recovery: type=1400 audit(0.0:323): avc: denied { map } for path="/dev/__properties__/u:object_r:media_variant_prop:s0" dev="tmpfs" ino=10886 scontext=u:r:recovery:s0 tcontext=u:object_r:media_variant_prop:s0 tclass=file permissive=1 ppid=1 pcomm="init" pgid=1 pgcomm="init"
09-05 21:18:26.360   465   465 I recovery: type=1400 audit(0.0:324): avc: denied { open } for path="/dev/__properties__/u:object_r:mm_events_config_prop:s0" dev="tmpfs" ino=10888 scontext=u:r:recovery:s0 tcontext=u:object_r:mm_events_config_prop:s0 tclass=file permissive=1 ppid=1 pcomm="init" pgid=1 pgcomm="init"
09-05 21:18:26.360   465   465 I recovery: type=1400 audit(0.0:325): avc: denied { getattr } for path="/dev/__properties__/u:object_r:mm_events_config_prop:s0" dev="tmpfs" ino=10888 scontext=u:r:recovery:s0 tcontext=u:object_r:mm_events_config_prop:s0 tclass=file permissive=1 ppid=1 pcomm="init" pgid=1 pgcomm="init"
09-05 21:18:26.360   465   465 I recovery: type=1400 audit(0.0:326): avc: denied { map } for path="/dev/__properties__/u:object_r:mm_events_config_prop:s0" dev="tmpfs" ino=10888 scontext=u:r:recovery:s0 tcontext=u:object_r:mm_events_config_prop:s0 tclass=file permissive=1 ppid=1 pcomm="init" pgid=1 pgcomm="init"
09-05 21:18:26.360   465   465 I recovery: type=1400 audit(0.0:327): avc: denied { open } for path="/dev/__properties__/u:object_r:mmc_prop:s0" dev="tmpfs" ino=10889 scontext=u:r:recovery:s0 tcontext=u:object_r:mmc_prop:s0 tclass=file permissive=1 ppid=1 pcomm="init" pgid=1 pgcomm="init"
09-05 21:18:26.360   465   465 I recovery: type=1400 audit(0.0:328): avc: denied { getattr } for path="/dev/__properties__/u:object_r:mmc_prop:s0" dev="tmpfs" ino=10889 scontext=u:r:recovery:s0 tcontext=u:object_r:mmc_prop:s0 tclass=file permissive=1 ppid=1 pcomm="init" pgid=1 pgcomm="init"
09-05 21:18:26.360   465   465 I recovery: type=1400 audit(0.0:329): avc: denied { map } for path="/dev/__properties__/u:object_r:mmc_prop:s0" dev="tmpfs" ino=10889 scontext=u:r:recovery:s0 tcontext=u:object_r:mmc_prop:s0 tclass=file permissive=1 ppid=1 pcomm="init" pgid=1 pgcomm="init"
09-05 21:18:26.360   465   465 I recovery: type=1400 audit(0.0:330): avc: denied { open } for path="/dev/__properties__/u:object_r:mock_ota_prop:s0" dev="tmpfs" ino=10890 scontext=u:r:recovery:s0 tcontext=u:object_r:mock_ota_prop:s0 tclass=file permissive=1 ppid=1 pcomm="init" pgid=1 pgcomm="init"
09-05 21:18:26.360   465   465 I recovery: type=1400 audit(0.0:331): avc: denied { getattr } for path="/dev/__properties__/u:object_r:mock_ota_prop:s0" dev="tmpfs" ino=10890 scontext=u:r:recovery:s0 tcontext=u:object_r:mock_ota_prop:s0 tclass=file permissive=1 ppid=1 pcomm="init" pgid=1 pgcomm="init"
09-05 21:18:26.360   465   465 I recovery: type=1400 audit(0.0:332): avc: denied { map } for path="/dev/__properties__/u:object_r:mock_ota_prop:s0" dev="tmpfs" ino=10890 scontext=u:r:recovery:s0 tcontext=u:object_r:mock_ota_prop:s0 tclass=file permissive=1 ppid=1 pcomm="init" pgid=1 pgcomm="init"
09-05 21:18:26.360   465   465 I recovery: type=1400 audit(0.0:333): avc: denied { open } for path="/dev/__properties__/u:object_r:net_464xlat_fromvendor_prop:s0" dev="tmpfs" ino=10892 scontext=u:r:recovery:s0 tcontext=u:object_r:net_464xlat_fromvendor_prop:s0 tclass=file permissive=1 ppid=1 pcomm="init" pgid=1 pgcomm="init"
09-05 21:18:26.360   465   465 I recovery: type=1400 audit(0.0:334): avc: denied { getattr } for path="/dev/__properties__/u:object_r:net_464xlat_fromvendor_prop:s0" dev="tmpfs" ino=10892 scontext=u:r:recovery:s0 tcontext=u:object_r:net_464xlat_fromvendor_prop:s0 tclass=file permissive=1 ppid=1 pcomm="init" pgid=1 pgcomm="init"
09-05 21:18:26.360   465   465 I recovery: type=1400 audit(0.0:335): avc: denied { map } for path="/dev/__properties__/u:object_r:net_464xlat_fromvendor_prop:s0" dev="tmpfs" ino=10892 scontext=u:r:recovery:s0 tcontext=u:object_r:net_464xlat_fromvendor_prop:s0 tclass=file permissive=1 ppid=1 pcomm="init" pgid=1 pgcomm="init"
09-05 21:18:26.360   465   465 I recovery: type=1400 audit(0.0:336): avc: denied { open } for path="/dev/__properties__/u:object_r:net_connectivity_prop:s0" dev="tmpfs" ino=10893 scontext=u:r:recovery:s0 tcontext=u:object_r:net_connectivity_prop:s0 tclass=file permissive=1 ppid=1 pcomm="init" pgid=1 pgcomm="init"
09-05 21:18:26.360   465   465 I recovery: type=1400 audit(0.0:337): avc: denied { getattr } for path="/dev/__properties__/u:object_r:net_connectivity_prop:s0" dev="tmpfs" ino=10893 scontext=u:r:recovery:s0 tcontext=u:object_r:net_connectivity_prop:s0 tclass=file permissive=1 ppid=1 pcomm="init" pgid=1 pgcomm="init"
09-05 21:18:26.360   465   465 I recovery: type=1400 audit(0.0:338): avc: denied { map } for path="/dev/__properties__/u:object_r:net_connectivity_prop:s0" dev="tmpfs" ino=10893 scontext=u:r:recovery:s0 tcontext=u:object_r:net_connectivity_prop:s0 tclass=file permissive=1 ppid=1 pcomm="init" pgid=1 pgcomm="init"
09-05 21:18:26.360   465   465 I recovery: type=1400 audit(0.0:339): avc: denied { open } for path="/dev/__properties__/u:object_r:net_dns_prop:s0" dev="tmpfs" ino=10894 scontext=u:r:recovery:s0 tcontext=u:object_r:net_dns_prop:s0 tclass=file permissive=1 ppid=1 pcomm="init" pgid=1 pgcomm="init"
09-05 21:18:26.360   465   465 I recovery: type=1400 audit(0.0:340): avc: denied { getattr } for path="/dev/__properties__/u:object_r:net_dns_prop:s0" dev="tmpfs" ino=10894 scontext=u:r:recovery:s0 tcontext=u:object_r:net_dns_prop:s0 tclass=file permissive=1 ppid=1 pcomm="init" pgid=1 pgcomm="init"
09-05 21:18:26.360   465   465 I recovery: type=1400 audit(0.0:341): avc: denied { map } for path="/dev/__properties__/u:object_r:net_dns_prop:s0" dev="tmpfs" ino=10894 scontext=u:r:recovery:s0 tcontext=u:object_r:net_dns_prop:s0 tclass=file permissive=1 ppid=1 pcomm="init" pgid=1 pgcomm="init"
09-05 21:18:26.360   465   465 I recovery: type=1400 audit(0.0:342): avc: denied { open } for path="/dev/__properties__/u:object_r:netd_stable_secret_prop:s0" dev="tmpfs" ino=10896 scontext=u:r:recovery:s0 tcontext=u:object_r:netd_stable_secret_prop:s0 tclass=file permissive=1 ppid=1 pcomm="init" pgid=1 pgcomm="init"
09-05 21:18:26.360   465   465 I recovery: type=1400 audit(0.0:343): avc: denied { getattr } for path="/dev/__properties__/u:object_r:netd_stable_secret_prop:s0" dev="tmpfs" ino=10896 scontext=u:r:recovery:s0 tcontext=u:object_r:netd_stable_secret_prop:s0 tclass=file permissive=1 ppid=1 pcomm="init" pgid=1 pgcomm="init"
09-05 21:18:26.360   465   465 I recovery: type=1400 audit(0.0:344): avc: denied { map } for path="/dev/__properties__/u:object_r:netd_stable_secret_prop:s0" dev="tmpfs" ino=10896 scontext=u:r:recovery:s0 tcontext=u:object_r:netd_stable_secret_prop:s0 tclass=file permissive=1 ppid=1 pcomm="init" pgid=1 pgcomm="init"
09-05 21:18:26.360   465   465 I recovery: type=1400 audit(0.0:345): avc: denied { open } for path="/dev/__properties__/u:object_r:nnapi_ext_deny_product_prop:s0" dev="tmpfs" ino=10898 scontext=u:r:recovery:s0 tcontext=u:object_r:nnapi_ext_deny_product_prop:s0 tclass=file permissive=1 ppid=1 pcomm="init" pgid=1 pgcomm="init"
09-05 21:18:26.360   465   465 I recovery: type=1400 audit(0.0:346): avc: denied { getattr } for path="/dev/__properties__/u:object_r:nnapi_ext_deny_product_prop:s0" dev="tmpfs" ino=10898 scontext=u:r:recovery:s0 tcontext=u:object_r:nnapi_ext_deny_product_prop:s0 tclass=file permissive=1 ppid=1 pcomm="init" pgid=1 pgcomm="init"
09-05 21:18:26.360   465   465 I recovery: type=1400 audit(0.0:347): avc: denied { map } for path="/dev/__properties__/u:object_r:nnapi_ext_deny_product_prop:s0" dev="tmpfs" ino=10898 scontext=u:r:recovery:s0 tcontext=u:object_r:nnapi_ext_deny_product_prop:s0 tclass=file permissive=1 ppid=1 pcomm="init" pgid=1 pgcomm="init"
09-05 21:18:26.360   465   465 I recovery: type=1400 audit(0.0:348): avc: denied { open } for path="/dev/__properties__/u:object_r:odsign_prop:s0" dev="tmpfs" ino=10899 scontext=u:r:recovery:s0 tcontext=u:object_r:odsign_prop:s0 tclass=file permissive=1 ppid=1 pcomm="init" pgid=1 pgcomm="init"
09-05 21:18:26.360   465   465 I recovery: type=1400 audit(0.0:349): avc: denied { getattr } for path="/dev/__properties__/u:object_r:odsign_prop:s0" dev="tmpfs" ino=10899 scontext=u:r:recovery:s0 tcontext=u:object_r:odsign_prop:s0 tclass=file permissive=1 ppid=1 pcomm="init" pgid=1 pgcomm="init"
09-05 21:18:26.360   465   465 I recovery: type=1400 audit(0.0:350): avc: denied { map } for path="/dev/__properties__/u:object_r:odsign_prop:s0" dev="tmpfs" ino=10899 scontext=u:r:recovery:s0 tcontext=u:object_r:odsign_prop:s0 tclass=file permissive=1 ppid=1 pcomm="init" pgid=1 pgcomm="init"
09-05 21:18:26.360   465   465 I recovery: type=1400 audit(0.0:351): avc: denied { open } for path="/dev/__properties__/u:object_r:oem_unlock_prop:s0" dev="tmpfs" ino=10900 scontext=u:r:recovery:s0 tcontext=u:object_r:oem_unlock_prop:s0 tclass=file permissive=1 ppid=1 pcomm="init" pgid=1 pgcomm="init"
09-05 21:18:26.360   465   465 I recovery: type=1400 audit(0.0:352): avc: denied { getattr } for path="/dev/__properties__/u:object_r:oem_unlock_prop:s0" dev="tmpfs" ino=10900 scontext=u:r:recovery:s0 tcontext=u:object_r:oem_unlock_prop:s0 tclass=file permissive=1 ppid=1 pcomm="init" pgid=1 pgcomm="init"
09-05 21:18:26.360   465   465 I recovery: type=1400 audit(0.0:353): avc: denied { map } for path="/dev/__properties__/u:object_r:oem_unlock_prop:s0" dev="tmpfs" ino=10900 scontext=u:r:recovery:s0 tcontext=u:object_r:oem_unlock_prop:s0 tclass=file permissive=1 ppid=1 pcomm="init" pgid=1 pgcomm="init"
09-05 21:18:26.360   465   465 I recovery: type=1400 audit(0.0:354): avc: denied { open } for path="/dev/__properties__/u:object_r:overlay_prop:s0" dev="tmpfs" ino=10902 scontext=u:r:recovery:s0 tcontext=u:object_r:overlay_prop:s0 tclass=file permissive=1 ppid=1 pcomm="init" pgid=1 pgcomm="init"
09-05 21:18:26.360   465   465 I recovery: type=1400 audit(0.0:355): avc: denied { getattr } for path="/dev/__properties__/u:object_r:overlay_prop:s0" dev="tmpfs" ino=10902 scontext=u:r:recovery:s0 tcontext=u:object_r:overlay_prop:s0 tclass=file permissive=1 ppid=1 pcomm="init" pgid=1 pgcomm="init"
09-05 21:18:26.360   465   465 I recovery: type=1400 audit(0.0:356): avc: denied { map } for path="/dev/__properties__/u:object_r:overlay_prop:s0" dev="tmpfs" ino=10902 scontext=u:r:recovery:s0 tcontext=u:object_r:overlay_prop:s0 tclass=file permissive=1 ppid=1 pcomm="init" pgid=1 pgcomm="init"
09-05 21:18:26.360   465   465 I recovery: type=1400 audit(0.0:357): avc: denied { open } for path="/dev/__properties__/u:object_r:packagemanager_config_prop:s0" dev="tmpfs" ino=10903 scontext=u:r:recovery:s0 tcontext=u:object_r:packagemanager_config_prop:s0 tclass=file permissive=1 ppid=1 pcomm="init" pgid=1 pgcomm="init"
09-05 21:18:26.360   465   465 I recovery: type=1400 audit(0.0:358): avc: denied { getattr } for path="/dev/__properties__/u:object_r:packagemanager_config_prop:s0" dev="tmpfs" ino=10903 scontext=u:r:recovery:s0 tcontext=u:object_r:packagemanager_config_prop:s0 tclass=file permissive=1 ppid=1 pcomm="init" pgid=1 pgcomm="init"
09-05 21:18:26.360   465   465 I recovery: type=1400 audit(0.0:359): avc: denied { open } for path="/dev/__properties__/u:object_r:persist_vendor_debug_wifi_prop:s0" dev="tmpfs" ino=10907 scontext=u:r:recovery:s0 tcontext=u:object_r:persist_vendor_debug_wifi_prop:s0 tclass=file permissive=1 ppid=1 pcomm="init" pgid=1 pgcomm="init"
09-05 21:18:26.360   465   465 I recovery: type=1400 audit(0.0:360): avc: denied { open } for path="/dev/__properties__/u:object_r:profcollectd_node_id_prop:s0" dev="tmpfs" ino=10912 scontext=u:r:recovery:s0 tcontext=u:object_r:profcollectd_node_id_prop:s0 tclass=file permissive=1 ppid=1 pcomm="init" pgid=1 pgcomm="init"
09-05 21:18:26.360   465   465 I recovery: type=1400 audit(0.0:361): avc: denied { open } for path="/dev/__properties__/u:object_r:qemu_sf_lcd_density_prop:s0" dev="tmpfs" ino=10916 scontext=u:r:recovery:s0 tcontext=u:object_r:qemu_sf_lcd_density_prop:s0 tclass=file permissive=1 ppid=1 pcomm="init" pgid=1 pgcomm="init"
09-05 21:18:26.360   465   465 I recovery: type=1400 audit(0.0:362): avc: denied { open } for path="/dev/__properties__/u:object_r:retaildemo_prop:s0" dev="tmpfs" ino=10923 scontext=u:r:recovery:s0 tcontext=u:object_r:retaildemo_prop:s0 tclass=file permissive=1 ppid=1 pcomm="init" pgid=1 pgcomm="init"
09-05 21:18:26.360   465   465 I recovery: type=1400 audit(0.0:363): avc: denied { open } for path="/dev/__properties__/u:object_r:sendbug_config_prop:s0" dev="tmpfs" ino=10926 scontext=u:r:recovery:s0 tcontext=u:object_r:sendbug_config_prop:s0 tclass=file permissive=1 ppid=1 pcomm="init" pgid=1 pgcomm="init"
09-05 21:18:26.360   465   465 I recovery: type=1400 audit(0.0:364): avc: denied { open } for path="/dev/__properties__/u:object_r:surfaceflinger_display_prop:s0" dev="tmpfs" ino=10936 scontext=u:r:recovery:s0 tcontext=u:object_r:surfaceflinger_display_prop:s0 tclass=file permissive=1 ppid=1 pcomm="init" pgid=1 pgcomm="init"
09-05 21:18:26.360   465   465 I recovery: type=1400 audit(0.0:365): avc: denied { getattr } for path="/dev/__properties__/u:object_r:surfaceflinger_display_prop:s0" dev="tmpfs" ino=10936 scontext=u:r:recovery:s0 tcontext=u:object_r:surfaceflinger_display_prop:s0 tclass=file permissive=1 ppid=1 pcomm="init" pgid=1 pgcomm="init"
09-05 21:18:26.360   465   465 I recovery: type=1400 audit(0.0:366): avc: denied { open } for path="/dev/__properties__/u:object_r:system_lmk_prop:s0" dev="tmpfs" ino=10942 scontext=u:r:recovery:s0 tcontext=u:object_r:system_lmk_prop:s0 tclass=file permissive=1 ppid=1 pcomm="init" pgid=1 pgcomm="init"
09-05 21:18:26.392     0     0 I F2FS-fs (mmcblk0p86): Magic Mismatch, valid(0xf2f52010) - read(0x14bf94fa)
09-05 21:18:26.392     0     0 E F2FS-fs (mmcblk0p86): Can't find valid F2FS filesystem in 1th superblock
09-05 21:18:26.360   465   465 I recovery: type=1400 audit(0.0:367): avc: denied { open } for path="/dev/__properties__/u:object_r:test_boot_reason_prop:s0" dev="tmpfs" ino=10948 scontext=u:r:recovery:s0 tcontext=u:object_r:test_boot_reason_prop:s0 tclass=file permissive=1 ppid=1 pcomm="init" pgid=1 pgcomm="init"
09-05 21:18:26.392     0     0 I F2FS-fs (mmcblk0p86): Magic Mismatch, valid(0xf2f52010) - read(0x17d6cc1)
09-05 21:18:26.360   465   465 I recovery: type=1400 audit(0.0:368): avc: denied { open } for path="/dev/__properties__/u:object_r:tombstone_config_prop:s0" dev="tmpfs" ino=10952 scontext=u:r:recovery:s0 tcontext=u:object_r:tombstone_config_prop:s0 tclass=file permissive=1 ppid=1 pcomm="init" pgid=1 pgcomm="init"
09-05 21:18:26.392     0     0 E F2FS-fs (mmcblk0p86): Can't find valid F2FS filesystem in 2th superblock
09-05 21:18:26.363   465   465 I recovery: type=1400 audit(0.0:369): avc: denied { open } for path="/dev/__properties__/u:object_r:userspace_reboot_exported_prop:s0" dev="tmpfs" ino=10961 scontext=u:r:recovery:s0 tcontext=u:object_r:userspace_reboot_exported_prop:s0 tclass=file permissive=1 ppid=1 pcomm="init" pgid=1 pgcomm="init"
09-05 21:18:26.363   465   465 I recovery: type=1400 audit(0.0:370): avc: denied { open } for path="/dev/__properties__/u:object_r:userspace_reboot_log_prop:s0" dev="tmpfs" ino=10962 scontext=u:r:recovery:s0 tcontext=u:object_r:userspace_reboot_log_prop:s0 tclass=file permissive=1 ppid=1 pcomm="init" pgid=1 pgcomm="init"
09-05 21:18:26.363   465   465 I recovery: type=1400 audit(0.0:371): avc: denied { open } for path="/dev/__properties__/u:object_r:vendor_security_patch_level_prop:s0" dev="tmpfs" ino=10966 scontext=u:r:recovery:s0 tcontext=u:object_r:vendor_security_patch_level_prop:s0 tclass=file permissive=1 ppid=1 pcomm="init" pgid=1 pgcomm="init"
09-05 21:18:26.363   465   465 I recovery: type=1400 audit(0.0:372): avc: denied { open } for path="/dev/__properties__/u:object_r:wifi_config_prop:s0" dev="tmpfs" ino=10977 scontext=u:r:recovery:s0 tcontext=u:object_r:wifi_config_prop:s0 tclass=file permissive=1 ppid=1 pcomm="init" pgid=1 pgcomm="init"
09-05 21:18:26.363   465   465 I recovery: type=1400 audit(0.0:373): avc: denied { open } for path="/dev/__properties__/u:object_r:wifi_prop:s0" dev="tmpfs" ino=10980 scontext=u:r:recovery:s0 tcontext=u:object_r:wifi_prop:s0 tclass=file permissive=1 ppid=1 pcomm="init" pgid=1 pgcomm="init"
09-05 21:18:26.393     0     0 I F2FS-fs (mmcblk0p86): Magic Mismatch, valid(0xf2f52010) - read(0x14bf94fa)
09-05 21:18:26.393     0     0 E F2FS-fs (mmcblk0p86): Can't find valid F2FS filesystem in 1th superblock
09-05 21:18:26.363   465   465 I recovery: type=1400 audit(0.0:374): avc: denied { write } for name="etc" dev="rootfs" ino=2461 scontext=u:r:recovery:s0 tcontext=u:object_r:rootfs:s0 tclass=dir permissive=1 ppid=1 pcomm="init" pgid=1 pgcomm="init"
--------- beginning of system
09-05 21:18:26.393   465   465 E Cryptfs : Unexpected value for crypto key location
09-05 21:18:26.363   465   465 I recovery: type=1400 audit(0.0:375): avc: denied { create } for name="boot" scontext=u:r:recovery:s0 tcontext=u:object_r:rootfs:s0 tclass=dir permissive=1 ppid=1 pcomm="init" pgid=1 pgcomm="init"
09-05 21:18:26.363   465   465 I recovery: type=1400 audit(0.0:376): avc: denied { remove_name } for name="product" dev="rootfs" ino=2098 scontext=u:r:recovery:s0 tcontext=u:object_r:rootfs:s0 tclass=dir permissive=1 ppid=1 pcomm="init" pgid=1 pgcomm="init"
09-05 21:18:26.363   465   465 I recovery: type=1400 audit(0.0:377): avc: denied { unlink } for name="product" dev="rootfs" ino=2098 scontext=u:r:recovery:s0 tcontext=u:object_r:rootfs:s0 tclass=lnk_file permissive=1 ppid=1 pcomm="init" pgid=1 pgcomm="init"
09-05 21:18:26.393     0     0 I F2FS-fs (mmcblk0p86): Magic Mismatch, valid(0xf2f52010) - read(0x17d6cc1)
09-05 21:18:26.393     0     0 E F2FS-fs (mmcblk0p86): Can't find valid F2FS filesystem in 2th superblock
09-05 21:18:26.400     0     0 I F2FS-fs (mmcblk0p86): Magic Mismatch, valid(0xf2f52010) - read(0x14bf94fa)
09-05 21:18:26.400     0     0 E F2FS-fs (mmcblk0p86): Can't find valid F2FS filesystem in 1th superblock
09-05 21:18:26.400     0     0 I F2FS-fs (mmcblk0p86): Magic Mismatch, valid(0xf2f52010) - read(0x17d6cc1)
09-05 21:18:26.400     0     0 E F2FS-fs (mmcblk0p86): Can't find valid F2FS filesystem in 2th superblock
09-05 21:18:26.400     0     0 I F2FS-fs (mmcblk0p86): Magic Mismatch, valid(0xf2f52010) - read(0x14bf94fa)
09-05 21:18:26.400     0     0 E F2FS-fs (mmcblk0p86): Can't find valid F2FS filesystem in 1th superblock
09-05 21:18:26.401     0     0 I F2FS-fs (mmcblk0p86): Magic Mismatch, valid(0xf2f52010) - read(0x17d6cc1)
09-05 21:18:26.401     0     0 E F2FS-fs (mmcblk0p86): Can't find valid F2FS filesystem in 2th superblock
09-05 21:18:26.406   465   465 I recovery: type=1400 audit(0.0:378): avc: denied { sys_rawio } for capability=17 scontext=u:r:recovery:s0 tcontext=u:r:recovery:s0 tclass=capability permissive=1 ppid=1 pcomm="init" pgid=1 pgcomm="init"
09-05 21:18:26.410     0     0 I F2FS-fs (mmcblk0p86): Magic Mismatch, valid(0xf2f52010) - read(0x14bf94fa)
09-05 21:18:26.410     0     0 E F2FS-fs (mmcblk0p86): Can't find valid F2FS filesystem in 1th superblock
09-05 21:18:26.410     0     0 I F2FS-fs (mmcblk0p86): Magic Mismatch, valid(0xf2f52010) - read(0x17d6cc1)
09-05 21:18:26.410     0     0 E F2FS-fs (mmcblk0p86): Can't find valid F2FS filesystem in 2th superblock
09-05 21:18:26.411     0     0 I F2FS-fs (mmcblk0p86): Magic Mismatch, valid(0xf2f52010) - read(0x14bf94fa)
09-05 21:18:26.411     0     0 E F2FS-fs (mmcblk0p86): Can't find valid F2FS filesystem in 1th superblock
09-05 21:18:26.411     0     0 I F2FS-fs (mmcblk0p86): Magic Mismatch, valid(0xf2f52010) - read(0x17d6cc1)
09-05 21:18:26.411     0     0 E F2FS-fs (mmcblk0p86): Can't find valid F2FS filesystem in 2th superblock
09-05 21:18:26.410   465   465 I recovery: type=1400 audit(0.0:379): avc: denied { create } for name="fstab" scontext=u:r:recovery:s0 tcontext=u:object_r:rootfs:s0 tclass=file permissive=1 ppid=1 pcomm="init" pgid=1 pgcomm="init"
09-05 21:18:26.410   465   465 I recovery: type=1400 audit(0.0:380): avc: denied { write } for path="/system/etc/fstab" dev="rootfs" ino=14474 scontext=u:r:recovery:s0 tcontext=u:object_r:rootfs:s0 tclass=file permissive=1 ppid=1 pcomm="init" pgid=1 pgcomm="init"
09-05 21:18:26.421     0     0 I F2FS-fs (mmcblk0p86): Magic Mismatch, valid(0xf2f52010) - read(0x14bf94fa)
09-05 21:18:26.422     0     0 E F2FS-fs (mmcblk0p86): Can't find valid F2FS filesystem in 1th superblock
09-05 21:18:26.422     0     0 I F2FS-fs (mmcblk0p86): Magic Mismatch, valid(0xf2f52010) - read(0x17d6cc1)
09-05 21:18:26.422     0     0 E F2FS-fs (mmcblk0p86): Can't find valid F2FS filesystem in 2th superblock
09-05 21:18:26.422     0     0 I F2FS-fs (mmcblk0p86): Magic Mismatch, valid(0xf2f52010) - read(0x14bf94fa)
09-05 21:18:26.422     0     0 E F2FS-fs (mmcblk0p86): Can't find valid F2FS filesystem in 1th superblock
09-05 21:18:26.422     0     0 I F2FS-fs (mmcblk0p86): Magic Mismatch, valid(0xf2f52010) - read(0x17d6cc1)
09-05 21:18:26.422     0     0 E F2FS-fs (mmcblk0p86): Can't find valid F2FS filesystem in 2th superblock
09-05 21:18:26.431     0     0 I EXT4-fs (mmcblk0p2): INFO: recovery required on readonly filesystem
09-05 21:18:26.431     0     0 I EXT4-fs (mmcblk0p2): write access will be enabled during recovery
09-05 21:18:26.430   465   465 I recovery: type=1400 audit(0.0:381): avc: denied { getattr } for path="/mnt/vendor/persist" dev="mmcblk0p2" ino=2 scontext=u:r:recovery:s0 tcontext=u:object_r:mnt_vendor_file:s0 tclass=dir permissive=1 ppid=1 pcomm="init" pgid=1 pgcomm="init"
09-05 21:18:26.430   465   465 I recovery: type=1400 audit(0.0:382): avc: denied { write } for name="by-name" dev="tmpfs" ino=2783 scontext=u:r:recovery:s0 tcontext=u:object_r:block_device:s0 tclass=dir permissive=1 ppid=1 pcomm="init" pgid=1 pgcomm="init"
09-05 21:18:26.430   465   465 I recovery: type=1400 audit(0.0:383): avc: denied { add_name } for name="boot" scontext=u:r:recovery:s0 tcontext=u:object_r:block_device:s0 tclass=dir permissive=1 ppid=1 pcomm="init" pgid=1 pgcomm="init"
09-05 21:18:26.430   465   465 I recovery: type=1400 audit(0.0:384): avc: denied { create } for name="boot" scontext=u:r:recovery:s0 tcontext=u:object_r:block_device:s0 tclass=lnk_file permissive=1 ppid=1 pcomm="init" pgid=1 pgcomm="init"
09-05 21:18:26.430   465   465 I recovery: type=1400 audit(0.0:385): avc: denied { remove_name } for name="boot" dev="tmpfs" ino=14475 scontext=u:r:recovery:s0 tcontext=u:object_r:block_device:s0 tclass=dir permissive=1 ppid=1 pcomm="init" pgid=1 pgcomm="init"
09-05 21:18:26.430   465   465 I recovery: type=1400 audit(0.0:386): avc: denied { unlink } for name="boot" dev="tmpfs" ino=14475 scontext=u:r:recovery:s0 tcontext=u:object_r:block_device:s0 tclass=lnk_file permissive=1 ppid=1 pcomm="init" pgid=1 pgcomm="init"
09-05 21:18:26.432     0     0 I EXT4-fs (mmcblk0p2): recovery complete
09-05 21:18:26.433     0     0 I EXT4-fs (mmcblk0p2): mounted filesystem with ordered data mode. Opts: barrier=1
09-05 21:18:26.440   465   465 I recovery: type=1400 audit(0.0:387): avc: denied { ioctl } for path="/dev/block/mmcblk0p62" dev="tmpfs" ino=2871 ioctlcmd=0x1260 scontext=u:r:recovery:s0 tcontext=u:object_r:block_device:s0 tclass=blk_file permissive=1 ppid=1 pcomm="init" pgid=1 pgcomm="init"
09-05 21:18:26.443     0     0 E EXT4-fs (mmcblk0p43): VFS: Can't find ext4 filesystem
09-05 21:18:26.443     0     0 E EXT4-fs (mmcblk0p43): VFS: Can't find ext4 filesystem
09-05 21:18:26.451     0     0 I F2FS-fs (mmcblk0p86): Magic Mismatch, valid(0xf2f52010) - read(0x14bf94fa)
09-05 21:18:26.451     0     0 E F2FS-fs (mmcblk0p86): Can't find valid F2FS filesystem in 1th superblock
09-05 21:18:26.451     0     0 I F2FS-fs (mmcblk0p86): Magic Mismatch, valid(0xf2f52010) - read(0x17d6cc1)
09-05 21:18:26.451     0     0 E F2FS-fs (mmcblk0p86): Can't find valid F2FS filesystem in 2th superblock
09-05 21:18:26.451     0     0 I F2FS-fs (mmcblk0p86): Magic Mismatch, valid(0xf2f52010) - read(0x14bf94fa)
09-05 21:18:26.451     0     0 E F2FS-fs (mmcblk0p86): Can't find valid F2FS filesystem in 1th superblock
09-05 21:18:26.451     0     0 I F2FS-fs (mmcblk0p86): Magic Mismatch, valid(0xf2f52010) - read(0x17d6cc1)
09-05 21:18:26.451     0     0 E F2FS-fs (mmcblk0p86): Can't find valid F2FS filesystem in 2th superblock
09-05 21:18:26.458     0     0 I EXT4-fs (mmcblk0p66): INFO: recovery required on readonly filesystem
09-05 21:18:26.458     0     0 I EXT4-fs (mmcblk0p66): write access will be enabled during recovery
09-05 21:18:26.461     0     0 I EXT4-fs (mmcblk0p66): recovery complete
09-05 21:18:26.462     0     0 I EXT4-fs (mmcblk0p66): mounted filesystem with ordered data mode. Opts:
09-05 21:18:26.470   465   465 I recovery: type=1400 audit(0.0:388): avc: denied { ioctl } for path="/dev/block/dm-4" dev="tmpfs" ino=14471 ioctlcmd=0x5331 scontext=u:r:recovery:s0 tcontext=u:object_r:dm_device:s0 tclass=blk_file permissive=1 ppid=1 pcomm="init" pgid=1 pgcomm="init"
09-05 21:18:26.472     0     0 I EXT4-fs (mmcblk0p84): INFO: recovery required on readonly filesystem
09-05 21:18:26.472     0     0 I EXT4-fs (mmcblk0p84): write access will be enabled during recovery
09-05 21:18:26.473     0     0 I EXT4-fs (mmcblk0p84): recovery complete
09-05 21:18:26.474     0     0 I EXT4-fs (mmcblk0p84): mounted filesystem with ordered data mode. Opts:
09-05 21:18:26.480   465   465 I recovery: type=1400 audit(0.0:389): avc: denied { getattr } for path="/sys/devices/platform/soc/4784000.sdhci/mmc_host/mmc1/mmc1:aaaa/block/mmcblk1/mmcblk1p1/partition" dev="sysfs" ino=48596 scontext=u:r:recovery:s0 tcontext=u:object_r:sysfs:s0 tclass=file permissive=1 ppid=1 pcomm="init" pgid=1 pgcomm="init"
09-05 21:18:26.480   465   465 I recovery: type=1400 audit(0.0:390): avc: denied { read } for name="dev" dev="sysfs" ino=48095 scontext=u:r:recovery:s0 tcontext=u:object_r:sysfs:s0 tclass=file permissive=1 ppid=1 pcomm="init" pgid=1 pgcomm="init"
09-05 21:18:26.480   465   465 I recovery: type=1400 audit(0.0:391): avc: denied { open } for path="/sys/devices/platform/soc/4784000.sdhci/mmc_host/mmc1/mmc1:aaaa/block/mmcblk1/dev" dev="sysfs" ino=48095 scontext=u:r:recovery:s0 tcontext=u:object_r:sysfs:s0 tclass=file permissive=1 ppid=1 pcomm="init" pgid=1 pgcomm="init"
09-05 21:18:26.484     0     0 I EXT4-fs (dm-4): mounted filesystem without journal. Opts:
09-05 21:18:26.676   465   465 I recovery: type=1400 audit(0.0:392): avc: denied { ioctl } for path="/dev/block/dm-3" dev="tmpfs" ino=14468 ioctlcmd=0x5331 scontext=u:r:recovery:s0 tcontext=u:object_r:dm_device:s0 tclass=blk_file permissive=1 ppid=1 pcomm="init" pgid=1 pgcomm="init"
09-05 21:18:26.691     0     0 I EXT4-fs (dm-3): mounted filesystem without journal. Opts:
09-05 21:18:26.690   465   465 I recovery: type=1400 audit(0.0:393): avc: denied { ioctl } for path="/dev/block/dm-3" dev="tmpfs" ino=14468 ioctlcmd=0x5331 scontext=u:r:recovery:s0 tcontext=u:object_r:dm_device:s0 tclass=blk_file permissive=1 ppid=1 pcomm="init" pgid=1 pgcomm="init"
09-05 21:18:26.705     0     0 W EXT4-fs (dm-3): warning: mounting unchecked fs, running e2fsck is recommended
09-05 21:18:26.706     0     0 I EXT4-fs (dm-3): mounted filesystem without journal. Opts:
09-05 21:18:26.706   465   465 I recovery: type=1400 audit(0.0:394): avc: denied { ioctl } for path="/dev/block/dm-6" dev="tmpfs" ino=2957 ioctlcmd=0x5331 scontext=u:r:recovery:s0 tcontext=u:object_r:dm_device:s0 tclass=blk_file permissive=1 ppid=1 pcomm="init" pgid=1 pgcomm="init"
09-05 21:18:26.721     0     0 I EXT4-fs (dm-6): mounted filesystem without journal. Opts:
09-05 21:18:26.726   465   465 I recovery: type=1400 audit(0.0:395): avc: denied { create } for scontext=u:r:recovery:s0 tcontext=u:r:recovery:s0 tclass=netlink_kobject_uevent_socket permissive=1 ppid=1 pcomm="init" pgid=1 pgcomm="init"
09-05 21:18:26.726   465   465 I recovery: type=1400 audit(0.0:396): avc: denied { bind } for scontext=u:r:recovery:s0 tcontext=u:r:recovery:s0 tclass=netlink_kobject_uevent_socket permissive=1 ppid=1 pcomm="init" pgid=1 pgcomm="init"
09-05 21:18:26.726   465   465 I recovery: type=1400 audit(0.0:397): avc: denied { ioctl } for path="/dev/block/dm-3" dev="tmpfs" ino=14468 ioctlcmd=0x5331 scontext=u:r:recovery:s0 tcontext=u:object_r:dm_device:s0 tclass=blk_file permissive=1 ppid=1 pcomm="init" pgid=1 pgcomm="init"
09-05 21:18:26.730     0     0 I F2FS-fs (mmcblk0p86): Magic Mismatch, valid(0xf2f52010) - read(0x14bf94fa)
09-05 21:18:26.730     0     0 E F2FS-fs (mmcblk0p86): Can't find valid F2FS filesystem in 1th superblock
09-05 21:18:26.730     0     0 I F2FS-fs (mmcblk0p86): Magic Mismatch, valid(0xf2f52010) - read(0x17d6cc1)
09-05 21:18:26.730     0     0 E F2FS-fs (mmcblk0p86): Can't find valid F2FS filesystem in 2th superblock
09-05 21:18:26.730     0     0 I F2FS-fs (mmcblk0p86): Magic Mismatch, valid(0xf2f52010) - read(0x14bf94fa)
09-05 21:18:26.730     0     0 E F2FS-fs (mmcblk0p86): Can't find valid F2FS filesystem in 1th superblock
09-05 21:18:26.731     0     0 I F2FS-fs (mmcblk0p86): Magic Mismatch, valid(0xf2f52010) - read(0x17d6cc1)
09-05 21:18:26.731     0     0 E F2FS-fs (mmcblk0p86): Can't find valid F2FS filesystem in 2th superblock
09-05 21:18:26.744     0     0 W EXT4-fs (dm-3): warning: mounting unchecked fs, running e2fsck is recommended
09-05 21:18:26.745     0     0 I EXT4-fs (dm-3): mounted filesystem without journal. Opts:
09-05 21:18:26.750   465   465 I recovery: type=1400 audit(0.0:398): avc: denied { write } for name="properties_serial" dev="tmpfs" ino=10985 scontext=u:r:recovery:s0 tcontext=u:object_r:properties_serial:s0 tclass=file permissive=1 ppid=1 pcomm="init" pgid=1 pgcomm="init"
09-05 21:18:26.750   465   465 I recovery: type=1400 audit(0.0:399): avc: denied { write } for name="u:object_r:build_prop:s0" dev="tmpfs" ino=10773 scontext=u:r:recovery:s0 tcontext=u:object_r:build_prop:s0 tclass=file permissive=1 ppid=1 pcomm="init" pgid=1 pgcomm="init"
09-05 21:18:26.750   465   465 I recovery: type=1400 audit(0.0:400): avc: denied { ioctl } for path="/dev/block/dm-3" dev="tmpfs" ino=14468 ioctlcmd=0x5331 scontext=u:r:recovery:s0 tcontext=u:object_r:dm_device:s0 tclass=blk_file permissive=1 ppid=1 pcomm="init" pgid=1 pgcomm="init"
09-05 21:18:26.763     0     0 W EXT4-fs (dm-3): warning: mounting unchecked fs, running e2fsck is recommended
09-05 21:18:26.764     0     0 I EXT4-fs (dm-3): mounted filesystem without journal. Opts:
09-05 21:18:26.763   465   465 I recovery: type=1400 audit(0.0:401): avc: denied { write } for name="u:object_r:fingerprint_prop:s0" dev="tmpfs" ino=10851 scontext=u:r:recovery:s0 tcontext=u:object_r:fingerprint_prop:s0 tclass=file permissive=1 ppid=1 pcomm="init" pgid=1 pgcomm="init"
09-05 21:18:26.766   465   465 I recovery: type=1400 audit(0.0:402): avc: denied { ioctl } for path="/dev/block/dm-3" dev="tmpfs" ino=14468 ioctlcmd=0x5331 scontext=u:r:recovery:s0 tcontext=u:object_r:dm_device:s0 tclass=blk_file permissive=1 ppid=1 pcomm="init" pgid=1 pgcomm="init"
09-05 21:18:26.780     0     0 W EXT4-fs (dm-3): warning: mounting unchecked fs, running e2fsck is recommended
09-05 21:18:26.781     0     0 I EXT4-fs (dm-3): mounted filesystem without journal. Opts:
09-05 21:18:26.783   465   465 I recovery: type=1400 audit(0.0:403): avc: denied { ioctl } for path="/dev/block/dm-3" dev="tmpfs" ino=14468 ioctlcmd=0x5331 scontext=u:r:recovery:s0 tcontext=u:object_r:dm_device:s0 tclass=blk_file permissive=1 ppid=1 pcomm="init" pgid=1 pgcomm="init"
09-05 21:18:26.797     0     0 W EXT4-fs (dm-3): warning: mounting unchecked fs, running e2fsck is recommended
09-05 21:18:26.798     0     0 I EXT4-fs (dm-3): mounted filesystem without journal. Opts:
09-05 21:18:26.800   465   465 I recovery: type=1400 audit(0.0:404): avc: denied { ioctl } for path="/dev/block/dm-3" dev="tmpfs" ino=14468 ioctlcmd=0x5331 scontext=u:r:recovery:s0 tcontext=u:object_r:dm_device:s0 tclass=blk_file permissive=1 ppid=1 pcomm="init" pgid=1 pgcomm="init"
09-05 21:18:26.814     0     0 W EXT4-fs (dm-3): warning: mounting unchecked fs, running e2fsck is recommended
09-05 21:18:26.814     0     0 I EXT4-fs (dm-3): mounted filesystem without journal. Opts:
09-05 21:18:26.816   465   465 I recovery: type=1400 audit(0.0:405): avc: denied { ioctl } for path="/dev/block/dm-3" dev="tmpfs" ino=14468 ioctlcmd=0x5331 scontext=u:r:recovery:s0 tcontext=u:object_r:dm_device:s0 tclass=blk_file permissive=1 ppid=1 pcomm="init" pgid=1 pgcomm="init"
09-05 21:18:26.831     0     0 W EXT4-fs (dm-3): warning: mounting unchecked fs, running e2fsck is recommended
09-05 21:18:26.831     0     0 I EXT4-fs (dm-3): mounted filesystem without journal. Opts:
09-05 21:18:26.836   465   465 I recovery: type=1400 audit(0.0:406): avc: denied { search } for name="rtc" dev="sysfs" ino=25409 scontext=u:r:recovery:s0 tcontext=u:object_r:sysfs_rtc:s0 tclass=dir permissive=1 ppid=1 pcomm="init" pgid=1 pgcomm="init"
09-05 21:18:26.836   465   465 I recovery: type=1400 audit(0.0:407): avc: denied { sys_time } for capability=25 scontext=u:r:recovery:s0 tcontext=u:r:recovery:s0 tclass=capability permissive=1 ppid=1 pcomm="init" pgid=1 pgcomm="init"
09-05 21:18:26.850     0     0 I F2FS-fs (mmcblk0p86): Magic Mismatch, valid(0xf2f52010) - read(0x14bf94fa)
09-05 21:18:26.850     0     0 E F2FS-fs (mmcblk0p86): Can't find valid F2FS filesystem in 1th superblock
09-05 21:18:26.850     0     0 I F2FS-fs (mmcblk0p86): Magic Mismatch, valid(0xf2f52010) - read(0x17d6cc1)
09-05 21:18:26.850     0     0 E F2FS-fs (mmcblk0p86): Can't find valid F2FS filesystem in 2th superblock
09-05 21:18:26.850     0     0 I F2FS-fs (mmcblk0p86): Magic Mismatch, valid(0xf2f52010) - read(0x14bf94fa)
09-05 21:18:26.850     0     0 E F2FS-fs (mmcblk0p86): Can't find valid F2FS filesystem in 1th superblock
09-05 21:18:26.850     0     0 I F2FS-fs (mmcblk0p86): Magic Mismatch, valid(0xf2f52010) - read(0x17d6cc1)
09-05 21:18:26.850     0     0 E F2FS-fs (mmcblk0p86): Can't find valid F2FS filesystem in 2th superblock
09-05 21:18:26.857     0     0 I F2FS-fs (mmcblk0p86): Magic Mismatch, valid(0xf2f52010) - read(0x14bf94fa)
09-05 21:18:26.857     0     0 E F2FS-fs (mmcblk0p86): Can't find valid F2FS filesystem in 1th superblock
09-05 21:18:26.858     0     0 I F2FS-fs (mmcblk0p86): Magic Mismatch, valid(0xf2f52010) - read(0x17d6cc1)
09-05 21:18:26.858     0     0 E F2FS-fs (mmcblk0p86): Can't find valid F2FS filesystem in 2th superblock
09-05 21:18:26.858     0     0 I F2FS-fs (mmcblk0p86): Magic Mismatch, valid(0xf2f52010) - read(0x14bf94fa)
09-05 21:18:26.858     0     0 E F2FS-fs (mmcblk0p86): Can't find valid F2FS filesystem in 1th superblock
09-05 21:18:26.858     0     0 I F2FS-fs (mmcblk0p86): Magic Mismatch, valid(0xf2f52010) - read(0x17d6cc1)
09-05 21:18:26.858     0     0 E F2FS-fs (mmcblk0p86): Can't find valid F2FS filesystem in 2th superblock
09-05 21:18:26.871     0     0 W FAT-fs (mmcblk1p1): Volume was not properly unmounted. Some data may be corrupt. Please run fsck.
09-05 21:18:26.183   459   459 W HidlServiceManagement: Waited one second for android.hardware.keymaster@4.0::IKeymasterDevice/default
09-05 21:18:26.184   456   456 I hwservicemanager: Since android.hardware.keymaster@4.0::IKeymasterDevice/default is not registered, trying to start it as a lazy HAL.
09-05 21:18:26.180   459   459 I Binder:459_2: type=1400 audit(0.0:408): avc: denied { call } for scontext=u:r:recovery:s0 tcontext=u:r:recovery:s0 tclass=binder permissive=1 ppid=1 pcomm="init" pgid=1 pgcomm="init"
09-05 21:18:26.184   459   459 I HidlServiceManagement: getService: Trying again for android.hardware.keymaster@4.0::IKeymasterDevice/default...
09-05 21:18:26.184   456   534 W libc    : Unable to set property "ctl.interface_start" to "android.hardware.keymaster@4.0::IKeymasterDevice/default": error code: 0x20
09-05 21:18:26.184   456   534 I hwservicemanager: Tried to start android.hardware.keymaster@4.0::IKeymasterDevice/default as a lazy service, but was unable to. Usually this happens when a service is not installed, but if the service is intended to be used as a lazy service, then it may be configured incorrectly.
09-05 21:18:26.193   465   465 I recovery: type=1400 audit(0.0:409): avc: denied { write } for name="brightness" dev="sysfs" ino=34386 scontext=u:r:recovery:s0 tcontext=u:object_r:sysfs:s0 tclass=file permissive=1 ppid=1 pcomm="init" pgid=1 pgcomm="init"
09-05 21:18:26.196   465   465 I recovery: type=1400 audit(0.0:410): avc: denied { create } for name="orsin" scontext=u:r:recovery:s0 tcontext=u:object_r:rootfs:s0 tclass=fifo_file permissive=1 ppid=1 pcomm="init" pgid=1 pgcomm="init"
09-05 21:18:26.196   465   465 I recovery: type=1400 audit(0.0:411): avc: denied { read } for name="orsin" dev="rootfs" ino=12376 scontext=u:r:recovery:s0 tcontext=u:object_r:rootfs:s0 tclass=fifo_file permissive=1 ppid=1 pcomm="init" pgid=1 pgcomm="init"
09-05 21:18:26.196   465   465 I recovery: type=1400 audit(0.0:412): avc: denied { open } for path="/system/bin/orsin" dev="rootfs" ino=12376 scontext=u:r:recovery:s0 tcontext=u:object_r:rootfs:s0 tclass=fifo_file permissive=1 ppid=1 pcomm="init" pgid=1 pgcomm="init"
09-05 21:18:26.196   465   465 I recovery: type=1400 audit(0.0:413): avc: denied { read } for scontext=u:r:recovery:s0 tcontext=u:r:recovery:s0 tclass=netlink_kobject_uevent_socket permissive=1 ppid=1 pcomm="init" pgid=1 pgcomm="init"
09-05 21:18:26.202   465   465 I ArmToArm64Assembler: generated scanline__00000077:03545401_00000000_00000000 [ 65 ipp] (94 ins) at [0x7bd167eb40:0x7bd167ecb8] in 69948ns
09-05 21:18:26.240   465   465 I recovery: type=1400 audit(0.0:414): avc: denied { ioctl } for path="/dev/dri/card0" dev="tmpfs" ino=2768 ioctlcmd=0x64b0 scontext=u:r:recovery:s0 tcontext=u:object_r:device:s0 tclass=chr_file permissive=1 ppid=1 pcomm="init" pgid=1 pgcomm="init"
09-05 21:18:27.184   459   459 W HidlServiceManagement: Waited one second for android.hardware.keymaster@4.0::IKeymasterDevice/default
09-05 21:18:27.184   456   456 I hwservicemanager: Since android.hardware.keymaster@4.0::IKeymasterDevice/default is not registered, trying to start it as a lazy HAL.
09-05 21:18:27.184   459   459 I HidlServiceManagement: getService: Trying again for android.hardware.keymaster@4.0::IKeymasterDevice/default...
09-05 21:18:27.185   456   535 W libc    : Unable to set property "ctl.interface_start" to "android.hardware.keymaster@4.0::IKeymasterDevice/default": error code: 0x20
09-05 21:18:27.185   456   535 I hwservicemanager: Tried to start android.hardware.keymaster@4.0::IKeymasterDevice/default as a lazy service, but was unable to. Usually this happens when a service is not installed, but if the service is intended to be used as a lazy service, then it may be configured incorrectly.
09-05 21:18:27.473   465   465 I recovery: type=1400 audit(0.0:415): avc: denied { setattr } for name="recovery" dev="rootfs" ino=5363 scontext=u:r:recovery:s0 tcontext=u:object_r:rootfs:s0 tclass=dir permissive=1 ppid=1 pcomm="init" pgid=1 pgcomm="init"
09-05 21:18:28.328     0     0 I F2FS-fs (mmcblk0p86): Magic Mismatch, valid(0xf2f52010) - read(0x14bf94fa)
09-05 21:18:28.328     0     0 E F2FS-fs (mmcblk0p86): Can't find valid F2FS filesystem in 1th superblock
09-05 21:18:28.328     0     0 I F2FS-fs (mmcblk0p86): Magic Mismatch, valid(0xf2f52010) - read(0x17d6cc1)
09-05 21:18:28.328     0     0 E F2FS-fs (mmcblk0p86): Can't find valid F2FS filesystem in 2th superblock
09-05 21:18:28.328     0     0 I F2FS-fs (mmcblk0p86): Magic Mismatch, valid(0xf2f52010) - read(0x14bf94fa)
09-05 21:18:28.328     0     0 E F2FS-fs (mmcblk0p86): Can't find valid F2FS filesystem in 1th superblock
09-05 21:18:28.328     0     0 I F2FS-fs (mmcblk0p86): Magic Mismatch, valid(0xf2f52010) - read(0x17d6cc1)
09-05 21:18:28.329     0     0 E F2FS-fs (mmcblk0p86): Can't find valid F2FS filesystem in 2th superblock
09-05 21:18:28.335     0     0 I F2FS-fs (mmcblk0p86): Magic Mismatch, valid(0xf2f52010) - read(0x14bf94fa)
09-05 21:18:28.335     0     0 E F2FS-fs (mmcblk0p86): Can't find valid F2FS filesystem in 1th superblock
09-05 21:18:28.335     0     0 I F2FS-fs (mmcblk0p86): Magic Mismatch, valid(0xf2f52010) - read(0x17d6cc1)
09-05 21:18:28.335     0     0 E F2FS-fs (mmcblk0p86): Can't find valid F2FS filesystem in 2th superblock
09-05 21:18:28.336     0     0 I F2FS-fs (mmcblk0p86): Magic Mismatch, valid(0xf2f52010) - read(0x14bf94fa)
09-05 21:18:28.336     0     0 E F2FS-fs (mmcblk0p86): Can't find valid F2FS filesystem in 1th superblock
09-05 21:18:28.336     0     0 I F2FS-fs (mmcblk0p86): Magic Mismatch, valid(0xf2f52010) - read(0x17d6cc1)
09-05 21:18:28.336     0     0 E F2FS-fs (mmcblk0p86): Can't find valid F2FS filesystem in 2th superblock
09-05 21:18:28.343     0     0 I F2FS-fs (mmcblk0p86): Magic Mismatch, valid(0xf2f52010) - read(0x14bf94fa)
09-05 21:18:28.343     0     0 E F2FS-fs (mmcblk0p86): Can't find valid F2FS filesystem in 1th superblock
09-05 21:18:28.343     0     0 I F2FS-fs (mmcblk0p86): Magic Mismatch, valid(0xf2f52010) - read(0x17d6cc1)
09-05 21:18:28.343     0     0 E F2FS-fs (mmcblk0p86): Can't find valid F2FS filesystem in 2th superblock
09-05 21:18:28.343     0     0 I F2FS-fs (mmcblk0p86): Magic Mismatch, valid(0xf2f52010) - read(0x14bf94fa)
09-05 21:18:28.343     0     0 E F2FS-fs (mmcblk0p86): Can't find valid F2FS filesystem in 1th superblock
09-05 21:18:28.343     0     0 I F2FS-fs (mmcblk0p86): Magic Mismatch, valid(0xf2f52010) - read(0x17d6cc1)
09-05 21:18:28.343     0     0 E F2FS-fs (mmcblk0p86): Can't find valid F2FS filesystem in 2th superblock
09-05 21:18:27.503   465   465 I recovery: type=1400 audit(0.0:416): avc: denied { setattr } for name="log.gz" dev="rootfs" ino=11209 scontext=u:r:recovery:s0 tcontext=u:object_r:rootfs:s0 tclass=file permissive=1 ppid=1 pcomm="init" pgid=1 pgcomm="init"
09-05 21:18:27.503   465   465 I recovery: type=1400 audit(0.0:417): avc: denied { fsetid } for capability=4 scontext=u:r:recovery:s0 tcontext=u:r:recovery:s0 tclass=capability permissive=1 ppid=1 pcomm="init" pgid=1 pgcomm="init"
09-05 21:18:27.576   465   465 I recovery: type=1400 audit(0.0:418): avc: denied { create } for name="twadbfifo" scontext=u:r:recovery:s0 tcontext=u:object_r:tmpfs:s0 tclass=fifo_file permissive=1 ppid=1 pcomm="init" pgid=465 pgcomm="recovery"
09-05 21:18:27.576   465   465 I recovery: type=1400 audit(0.0:419): avc: denied { read } for name="twadbfifo" dev="tmpfs" ino=12378 scontext=u:r:recovery:s0 tcontext=u:object_r:tmpfs:s0 tclass=fifo_file permissive=1 ppid=1 pcomm="init" pgid=465 pgcomm="recovery"
09-05 21:18:27.576   465   465 I recovery: type=1400 audit(0.0:420): avc: denied { open } for path="/tmp/twadbfifo" dev="tmpfs" ino=12378 scontext=u:r:recovery:s0 tcontext=u:object_r:tmpfs:s0 tclass=fifo_file permissive=1 ppid=1 pcomm="init" pgid=465 pgcomm="recovery"
09-05 21:18:27.576   465   465 I recovery: type=1400 audit(0.0:421): avc: denied { ioctl } for path="/dev/block/dm-3" dev="tmpfs" ino=14468 ioctlcmd=0x5331 scontext=u:r:recovery:s0 tcontext=u:object_r:dm_device:s0 tclass=blk_file permissive=1 ppid=1 pcomm="init" pgid=1 pgcomm="init"
09-05 21:18:28.434     0     0 W EXT4-fs (dm-3): warning: mounting unchecked fs, running e2fsck is recommended
09-05 21:18:28.435     0     0 I EXT4-fs (dm-3): mounted filesystem without journal. Opts:
09-05 21:18:27.596   465   465 I recovery: type=1400 audit(0.0:422): avc: denied { ioctl } for path="/dev/block/dm-3" dev="tmpfs" ino=14468 ioctlcmd=0x5331 scontext=u:r:recovery:s0 tcontext=u:object_r:dm_device:s0 tclass=blk_file permissive=1 ppid=1 pcomm="init" pgid=1 pgcomm="init"
09-05 21:18:28.451     0     0 W EXT4-fs (dm-3): warning: mounting unchecked fs, running e2fsck is recommended
09-05 21:18:28.452     0     0 I EXT4-fs (dm-3): mounted filesystem without journal. Opts:
09-05 21:18:27.613   465   465 I recovery: type=1400 audit(0.0:423): avc: denied { ioctl } for path="/dev/block/dm-3" dev="tmpfs" ino=14468 ioctlcmd=0x5331 scontext=u:r:recovery:s0 tcontext=u:object_r:dm_device:s0 tclass=blk_file permissive=1 ppid=1 pcomm="init" pgid=1 pgcomm="init"
09-05 21:18:28.468     0     0 W EXT4-fs (dm-3): warning: mounting unchecked fs, running e2fsck is recommended
09-05 21:18:28.469     0     0 I EXT4-fs (dm-3): mounted filesystem without journal. Opts:
09-05 21:18:27.636   465   465 I recovery: type=1400 audit(0.0:424): avc: denied { unlink } for name="orsin" dev="rootfs" ino=12376 scontext=u:r:recovery:s0 tcontext=u:object_r:rootfs:s0 tclass=fifo_file permissive=1 ppid=1 pcomm="init" pgid=1 pgcomm="init"
09-05 21:18:28.480     0     0 I F2FS-fs (mmcblk0p86): Magic Mismatch, valid(0xf2f52010) - read(0x14bf94fa)
09-05 21:18:28.480     0     0 E F2FS-fs (mmcblk0p86): Can't find valid F2FS filesystem in 1th superblock
09-05 21:18:28.481     0     0 I F2FS-fs (mmcblk0p86): Magic Mismatch, valid(0xf2f52010) - read(0x17d6cc1)
09-05 21:18:28.481     0     0 E F2FS-fs (mmcblk0p86): Can't find valid F2FS filesystem in 2th superblock
09-05 21:18:28.481     0     0 I F2FS-fs (mmcblk0p86): Magic Mismatch, valid(0xf2f52010) - read(0x14bf94fa)
09-05 21:18:28.481     0     0 E F2FS-fs (mmcblk0p86): Can't find valid F2FS filesystem in 1th superblock
09-05 21:18:28.481     0     0 I F2FS-fs (mmcblk0p86): Magic Mismatch, valid(0xf2f52010) - read(0x17d6cc1)
09-05 21:18:28.481     0     0 E F2FS-fs (mmcblk0p86): Can't find valid F2FS filesystem in 2th superblock
09-05 21:18:28.185   459   459 W HidlServiceManagement: Waited one second for android.hardware.keymaster@4.0::IKeymasterDevice/default
09-05 21:18:28.185   456   456 I hwservicemanager: Since android.hardware.keymaster@4.0::IKeymasterDevice/default is not registered, trying to start it as a lazy HAL.
09-05 21:18:28.185   459   459 I HidlServiceManagement: getService: Trying again for android.hardware.keymaster@4.0::IKeymasterDevice/default...
09-05 21:18:28.185   456   543 W libc    : Unable to set property "ctl.interface_start" to "android.hardware.keymaster@4.0::IKeymasterDevice/default": error code: 0x20
09-05 21:18:28.186   456   543 I hwservicemanager: Tried to start android.hardware.keymaster@4.0::IKeymasterDevice/default as a lazy service, but was unable to. Usually this happens when a service is not installed, but if the service is intended to be used as a lazy service, then it may be configured incorrectly.
09-05 21:18:29.185   459   459 W HidlServiceManagement: Waited one second for android.hardware.keymaster@4.0::IKeymasterDevice/default
