01-04 23:41:06.400     0     0 I F2FS-fs (mmcblk0p86): Magic Mismatch, valid(0xf2f52010) - read(0xb64a61e6)
01-04 23:41:06.400     0     0 E F2FS-fs (mmcblk0p86): Can't find valid F2FS filesystem in 1th superblock
01-04 23:41:06.400     0     0 I F2FS-fs (mmcblk0p86): Magic Mismatch, valid(0xf2f52010) - read(0x8913abeb)
01-04 23:41:06.400     0     0 E F2FS-fs (mmcblk0p86): Can't find valid F2FS filesystem in 2th superblock
01-04 23:41:06.401     0     0 I F2FS-fs (mmcblk0p86): Magic Mismatch, valid(0xf2f52010) - read(0xb64a61e6)
01-04 23:41:06.401     0     0 E F2FS-fs (mmcblk0p86): Can't find valid F2FS filesystem in 1th superblock
01-04 23:41:06.401     0     0 I F2FS-fs (mmcblk0p86): Magic Mismatch, valid(0xf2f52010) - read(0x8913abeb)
01-04 23:41:06.401     0     0 E F2FS-fs (mmcblk0p86): Can't find valid F2FS filesystem in 2th superblock
04-03 23:53:50.805   462   462 I recovery: type=1400 audit(0.0:465): avc: denied { sys_rawio } for capability=17 scontext=u:r:recovery:s0 tcontext=u:r:recovery:s0 tclass=capability permissive=1 ppid=1 pcomm="init" pgid=1 pgcomm="init"
04-03 23:53:50.808   462   462 I recovery: type=1400 audit(0.0:466): avc: denied { create } for name="fstab" scontext=u:r:recovery:s0 tcontext=u:object_r:rootfs:s0 tclass=file permissive=1 ppid=1 pcomm="init" pgid=1 pgcomm="init"
04-03 23:53:50.808   462   462 I recovery: type=1400 audit(0.0:467): avc: denied { write } for path="/system/etc/fstab" dev="rootfs" ino=3432 scontext=u:r:recovery:s0 tcontext=u:object_r:rootfs:s0 tclass=file permissive=1 ppid=1 pcomm="init" pgid=1 pgcomm="init"
04-03 23:53:50.808     1     1 I unknown : type=1107 audit(0.0:468): uid=0 auid=4294967295 ses=4294967295 subj=u:r:init:s0 msg='avc: denied { set } for property=ro.crypto.state pid=462 uid=0 gid=0 scontext=u:r:recovery:s0 tcontext=u:object_r:vold_status_prop:s0 tclass=property_service permissive=1'
01-04 23:41:06.414     0     0 I EXT4-fs (mmcblk0p66): recovery complete
01-04 23:41:06.414     0     0 I EXT4-fs (mmcblk0p66): mounted filesystem with ordered data mode. Opts:
04-03 23:53:51.456   456   456 W HidlServiceManagement: Waited one second for android.hardware.keymaster@4.0::IKeymasterDevice/default
04-03 23:53:51.455   456   456 I Binder:456_2: type=1400 audit(0.0:469): avc: denied { call } for scontext=u:r:recovery:s0 tcontext=u:r:recovery:s0 tclass=binder permissive=1 ppid=1 pcomm="init" pgid=1 pgcomm="init"
04-03 23:53:51.456   453   453 I hwservicemanager: Since android.hardware.keymaster@4.0::IKeymasterDevice/default is not registered, trying to start it as a lazy HAL.
04-03 23:53:51.457   456   456 I HidlServiceManagement: getService: Trying again for android.hardware.keymaster@4.0::IKeymasterDevice/default...
04-03 23:53:51.457   453   528 W libc    : Unable to set property "ctl.interface_start" to "android.hardware.keymaster@4.0::IKeymasterDevice/default": error code: 0x20
04-03 23:53:51.457   453   528 I hwservicemanager: Tried to start android.hardware.keymaster@4.0::IKeymasterDevice/default as a lazy service, but was unable to. Usually this happens when a service is not installed, but if the service is intended to be used as a lazy service, then it may be configured incorrectly.
04-03 23:53:51.823   462   462 I recovery: fscrypt_mount_metadata_encrypted: /data encrypt: 0 format: 0 with f2fs
04-03 23:53:51.823   462   462 I recovery: [libfs_mgr]dt_fstab: Skip disabled entry for partition vendor
04-03 23:53:51.823   462   462 E recovery: [libfs_mgr]Error parsing mount_flags
04-03 23:53:51.824   462   462 E recovery: [libfs_mgr]ReadFstabFromFile(): failed to load fstab from : '/etc/recovery.fstab'
04-03 23:53:51.824   462   462 I recovery: [libfs_mgr]ReadDefaultFstab(): failed to find device default fstab
04-03 23:53:51.824   462   462 E recovery: Failed to open default fstab: No such file or directory
04-03 23:53:52.048   543   543 D QSEECOMD: : qseecom listener services process entry PPID = 1
04-03 23:53:52.048   543   543 E QSEECOMD: : Listener: index = 0, hierarchy = 0
04-03 23:53:52.048   543   543 D QSEECOMD: : Init dlopen(librpmb.so, RTLD_NOW) succeeds
04-03 23:53:52.048   543   543 D QSEECOMD: : Init::Init dlsym(g_FSHandle rpmb_init_service) succeeds
04-03 23:53:52.049   543   543 I rpmb_emmc: RPMB Mult (512-bytes sector) = 32768, Rel_sec_cnt = 32
04-03 23:53:52.049   543   543 E DrmLibRpmb: rpmb_init succeeded! with ret = 0
04-03 23:53:52.049   543   543 D QSEECOMD: : Init rpmb_init_service ret = 0
04-03 23:53:52.049   543   543 D QSEECOMD: : RPMB system services: init (Listener ID = 8192)
04-03 23:53:52.049   543   543 E QSEECOMD: : Listener: index = 1, hierarchy = 0
04-03 23:53:52.049   543   543 D QSEECOMD: : Init dlopen(libssd.so, RTLD_NOW) succeeds
04-03 23:53:52.049   543   543 D QSEECOMD: : Init::Init dlsym(g_FSHandle ssd_init_service) succeeds
04-03 23:53:52.049   543   543 E SSD     : ssd_init_service succeeded!
04-03 23:53:52.049   543   543 D QSEECOMD: : Init ssd_init_service ret = 0
04-03 23:53:52.049   543   543 D QSEECOMD: : SSD system services: init (Listener ID = 12288)
04-03 23:53:52.049   543   543 D QSEECOMD: : qseecom listener service threads starting!!! 
04-03 23:53:52.049   543   543 D QSEECOMD: : Total listener services to start = 10
04-03 23:53:52.049   543   543 E QSEECOMD: : Listener: index = 0, hierarchy = 1
04-03 23:53:52.050   543   543 D QSEECOMD: : Init dlopen(librpmb.so, RTLD_NOW) succeeds
04-03 23:53:52.050   543   543 D QSEECOMD: : Init::Init dlsym(g_FSHandle rpmb_start) succeeds
04-03 23:53:52.050   543   543 D QSEECOMAPI: QSEECom_register_listener 8192 sb_length = 0x6400
04-03 23:53:52.050   543   543 E ion     : ioctl c0044901 failed with code -1: Inappropriate ioctl for device
04-03 23:53:52.048   543   543 I qseecomd: type=1400 audit(0.0:470): avc: denied { read write } for name="qseecom" dev="tmpfs" ino=11724 scontext=u:r:recovery:s0 tcontext=u:object_r:device:s0 tclass=chr_file permissive=1 ppid=1 pcomm="init" pgid=1 pgcomm="init"
04-03 23:53:52.048   543   543 I qseecomd: type=1400 audit(0.0:471): avc: denied { open } for path="/dev/qseecom" dev="tmpfs" ino=11724 scontext=u:r:recovery:s0 tcontext=u:object_r:device:s0 tclass=chr_file permissive=1 ppid=1 pcomm="init" pgid=1 pgcomm="init"
04-03 23:53:52.048   543   543 I qseecomd: type=1400 audit(0.0:472): avc: denied { ioctl } for path="/dev/qseecom" dev="tmpfs" ino=11724 ioctlcmd=0x970a scontext=u:r:recovery:s0 tcontext=u:object_r:device:s0 tclass=chr_file permissive=1 ppid=1 pcomm="init" pgid=1 pgcomm="init"
04-03 23:53:52.048   543   543 I qseecomd: type=1400 audit(0.0:473): avc: denied { read } for name="ion" dev="tmpfs" ino=1875 scontext=u:r:recovery:s0 tcontext=u:object_r:ion_device:s0 tclass=chr_file permissive=1 ppid=1 pcomm="init" pgid=1 pgcomm="init"
04-03 23:53:52.048   543   543 I qseecomd: type=1400 audit(0.0:474): avc: denied { open } for path="/dev/ion" dev="tmpfs" ino=1875 scontext=u:r:recovery:s0 tcontext=u:object_r:ion_device:s0 tclass=chr_file permissive=1 ppid=1 pcomm="init" pgid=1 pgcomm="init"
04-03 23:53:52.048   543   543 I qseecomd: type=1400 audit(0.0:475): avc: denied { ioctl } for path="/dev/ion" dev="tmpfs" ino=1875 ioctlcmd=0x4901 scontext=u:r:recovery:s0 tcontext=u:object_r:ion_device:s0 tclass=chr_file permissive=1 ppid=1 pcomm="init" pgid=1 pgcomm="init"
04-03 23:53:52.050   543   543 D QSEECOMD: : Init rpmb_start ret = 0
04-03 23:53:52.050   543   543 D QSEECOMD: : RPMB system services: Started (Listener ID = 8192)
04-03 23:53:52.050   543   543 E QSEECOMD: : Listener: index = 1, hierarchy = 1
04-03 23:53:52.050   543   543 D QSEECOMD: : Init dlopen(libssd.so, RTLD_NOW) succeeds
04-03 23:53:52.050   543   543 D QSEECOMD: : Init::Init dlsym(g_FSHandle ssd_start) succeeds
04-03 23:53:52.050   543   543 D QSEECOMAPI: QSEECom_register_listener 12288 sb_length = 0x5000
04-03 23:53:52.051   543   543 D QSEECOMD: : Init ssd_start ret = 0
04-03 23:53:52.051   543   543 D QSEECOMD: : SSD system services: Started (Listener ID = 12288)
04-03 23:53:52.051   543   543 E QSEECOMD: : Listener: index = 2, hierarchy = 1
04-03 23:53:52.054   543   543 D QSEECOMD: : Init dlopen(libsecureui.so, RTLD_NOW) succeeds
04-03 23:53:52.054   543   543 D QSEECOMD: : Init::Init dlsym(g_FSHandle secure_ui_start) succeeds
04-03 23:53:52.054   543   543 D QSEECOMAPI: QSEECom_register_listener 16384 sb_length = 0x10a8
04-03 23:53:52.055   543   543 D QSEECOMD: : Init secure_ui_start ret = 0
04-03 23:53:52.055   543   543 D QSEECOMD: : secure UI services: Started (Listener ID = 16384)
04-03 23:53:52.055   543   543 E QSEECOMD: : Listener: index = 3, hierarchy = 1
04-03 23:53:52.055   543   543 D QSEECOMD: : Init dlopen(libdrmtime.so, RTLD_NOW) succeeds
04-03 23:53:52.055   543   543 D QSEECOMD: : Init::Init dlsym(g_FSHandle atime_start) succeeds
04-03 23:53:52.055   543   543 D DrmLibTime: QSEE Time Listener: atime_start
04-03 23:53:52.055   543   543 D QSEECOMAPI: QSEECom_register_listener 11 sb_length = 0x5000
04-03 23:53:52.055   543   543 D DrmLibTime: registering fs service to QSEECom is done!
04-03 23:53:52.055   543   543 D DrmLibTime: begin to create a thread!
04-03 23:53:52.056   543   543 D DrmLibTime: Creating a pthread in atime_start is done! return 0
04-03 23:53:52.056   543   543 D QSEECOMD: : Init atime_start ret = 0
04-03 23:53:52.056   543   547 D DrmLibTime: QSEE Time Listener: dispatch
04-03 23:53:52.056   543   543 D QSEECOMD: : time services: Started (Listener ID = 11)
04-03 23:53:52.056   543   543 E QSEECOMD: : Listener: index = 4, hierarchy = 1
04-03 23:53:52.056   543   543 D QSEECOMD: : Init dlopen(libdrmfs.so, RTLD_NOW) succeeds
04-03 23:53:52.056   543   543 D QSEECOMD: : Init::Init dlsym(g_FSHandle fs_start) succeeds
04-03 23:53:52.056   543   543 D QSEECOMAPI: QSEECom_register_listener 10 sb_length = 0x5000
04-03 23:53:52.056   543   547 D DrmLibTime: before calling ioctl to read the next time_cmd
04-03 23:53:52.056   543   543 D QSEECOMD: : Init fs_start ret = 0
04-03 23:53:52.056   543   543 D QSEECOMD: : file system services: Started (Listener ID = 10)
04-03 23:53:52.056   543   543 E QSEECOMD: : Listener: index = 5, hierarchy = 1
04-03 23:53:52.056   543   543 D QSEECOMD: : Init dlopen(libdrmfs.so, RTLD_NOW) succeeds
04-03 23:53:52.056   543   543 D QSEECOMD: : Init::Init dlsym(g_FSHandle gpfs_start) succeeds
04-03 23:53:52.057   543   543 D QSEECOMAPI: QSEECom_register_listener 28672 sb_length = 0x7e000
04-03 23:53:52.057   543   543 D QSEECOMD: : Init gpfs_start ret = 0
04-03 23:53:52.057   543   543 D QSEECOMD: : gpfile system services: Started (Listener ID = 28672)
04-03 23:53:52.057   543   543 E QSEECOMD: : Listener: index = 6, hierarchy = 1
04-03 23:53:52.057   543   543 D QSEECOMD: : Init dlopen(libqisl.so, RTLD_NOW) succeeds
04-03 23:53:52.057   543   543 D QSEECOMD: : Init::Init dlsym(g_FSHandle qisl_start) succeeds
--------- beginning of system
04-03 23:53:52.058   543   550 I QISL    : QSEE Interrupt Service Listener Thread is started
04-03 23:53:52.058   543   550 D QSEECOMAPI: QSEECom_register_listener 36864 sb_length = 0x1f4
04-03 23:53:52.058   543   550 I QISL    : QSEE Interrupt Service Listener was activated successfully
04-03 23:53:52.058   543   543 D QSEECOMD: : Init qisl_start ret = 0
04-03 23:53:52.058   543   543 D QSEECOMD: : interrupt services: Started (Listener ID = 36864)
04-03 23:53:52.058   543   543 E QSEECOMD: : Listener: index = 7, hierarchy = 1
04-03 23:53:52.058   543   543 D QSEECOMD: : Init dlopen(libspl.so, RTLD_NOW) succeeds
04-03 23:53:52.059   543   543 D QSEECOMD: : Init::Init dlsym(g_FSHandle spl_start) succeeds
04-03 23:53:52.059   543   543 D SPL     : Call QSEECom_register_listener()
04-03 23:53:52.059   543   543 D QSEECOMAPI: QSEECom_register_listener 45056 sb_length = 0x400
04-03 23:53:52.059   543   543 D SPL     : Registered listener sucessfully!
04-03 23:53:52.059   543   543 D SPL     : pipe read-fd [34] write-fd [35]
04-03 23:53:52.059   543   543 D SPL     : Create thread
04-03 23:53:52.059   543   543 D SPL     : Thread created sucessfully.
04-03 23:53:52.059   543   543 D QSEECOMD: : Init spl_start ret = 0
04-03 23:53:52.059   543   551 D SPL     : spl_dispatch() started
04-03 23:53:52.059   543   551 D SPL     : ==== Wait For Request ======
04-03 23:53:52.059   543   543 D QSEECOMD: : secure processor services: Started (Listener ID = 45056)
04-03 23:53:52.059   543   543 E QSEECOMD: : Listener: index = 8, hierarchy = 1
04-03 23:53:52.059   543   543 D QSEECOMD: : Init dlopen(libGPreqcancel.so, RTLD_NOW) succeeds
04-03 23:53:52.060   543   543 D QSEECOMD: : Init::Init dlsym(g_FSHandle gp_reqcancel_start) succeeds
04-03 23:53:52.060   543   543 D QSEECOMAPI: QSEECom_register_listener 4352 sb_length = 0x5000
04-03 23:53:52.060   543   543 D QSEECOMD: : Init gp_reqcancel_start ret = 0
04-03 23:53:52.060   543   543 D QSEECOMD: : gp request cancellation services: Started (Listener ID = 4352)
04-03 23:53:52.060   543   543 E QSEECOMD: : Listener: index = 9, hierarchy = 1
04-03 23:53:52.060   543   543 D QSEECOMD: : Init dlopen(libops.so, RTLD_NOW) succeeds
04-03 23:53:52.060   543   543 D QSEECOMD: : Init::Init dlsym(g_FSHandle ops_start) succeeds
04-03 23:53:52.060   543   543 D OPS_SERVICE: Entering ops_start!
04-03 23:53:52.060   543   543 D QSEECOMAPI: QSEECom_register_listener 49152 sb_length = 0x6400
04-03 23:53:52.061   543   543 D OPS_SERVICE: registering ops service to QSEECom is done!
04-03 23:53:52.061   543   543 D OPS_SERVICE: begin to create a thread!
04-03 23:53:52.061   543   543 D OPS_SERVICE: Creating a pthread in ops_start is done! return 0
04-03 23:53:52.061   543   553 D OPS_SERVICE: OPS_SERVICE Dispatch starts! 
04-03 23:53:52.061   543   543 D QSEECOMD: : Init ops_start ret = 0
04-03 23:53:52.061   543   543 D QSEECOMD: : output protection service listener: Started (Listener ID = 49152)
04-03 23:53:52.061   543   553 D OPS_SERVICE: before calling ioctl to read the next ops_cmd
04-03 23:53:52.061   543   543 D QSEECOMD: : QSEECOM DAEMON RUNNING 
04-03 23:53:52.058     1     1 I unknown : type=1107 audit(0.0:476): uid=0 auid=4294967295 ses=4294967295 subj=u:r:init:s0 msg='avc: denied { set } for property=vendor.sys.listeners.registered pid=543 uid=1000 gid=1000 scontext=u:r:recovery:s0 tcontext=u:object_r:vendor_default_prop:s0 tclass=property_service permissive=1'
04-03 23:53:52.065   541   541 D QSEECOMAPI: QSEECom_get_handle sb_length = 0xa000
04-03 23:53:52.066   541   541 D QSEECOMAPI: App is already loaded QSEE and app id = 1
04-03 23:53:52.066   541   541 E ion     : ioctl c0044901 failed with code -1: Inappropriate ioctl for device
04-03 23:53:52.067   541   541 E KeymasterUtils: TA API Major Version: 4
04-03 23:53:52.067   541   541 E KeymasterUtils: TA API Minor Version: 0
04-03 23:53:52.067   541   541 E KeymasterUtils: TA Major Version: 4
04-03 23:53:52.067   541   541 E KeymasterUtils: TA Minor Version: 544
04-03 23:53:52.069   541   541 E cutils-trace: Error opening trace file: No such file or directory (2)
04-03 23:53:52.070   453   453 E SELinux : avc:  denied  { add } for interface=android.hardware.keymaster::IKeymasterDevice sid=u:r:recovery:s0 pid=541 scontext=u:r:recovery:s0 tcontext=u:object_r:hal_keymaster_hwservice:s0 tclass=hwservice_manager permissive=1
04-03 23:53:52.070   541   541 I HidlServiceManagement: Registered android.hardware.keymaster@4.0::IKeymasterDevice/default
04-03 23:53:52.070   541   541 I HidlServiceManagement: Removing namespace from process name android.hardware.keymaster@4.0-service-qti to keymaster@4.0-service-qti.
04-03 23:53:52.070   554   554 E cutils-trace: Error opening trace file: No such file or directory (2)
04-03 23:53:52.068   541   541 I android.hardwar: type=1400 audit(0.0:477): avc: denied { transfer } for scontext=u:r:recovery:s0 tcontext=u:r:recovery:s0 tclass=binder permissive=1 ppid=1 pcomm="init" pgid=1 pgcomm="init"
04-03 23:53:52.070   453   453 I hw-BpHwBinder: onLastStrongRef automatically unlinking death recipients
04-03 23:53:52.071   456   456 I keystore2: found android.hardware.keymaster@4.0::IKeymasterDevice with interface name default and seclevel TRUSTED_ENVIRONMENT
04-03 23:53:52.071   453   453 E SELinux : avc:  denied  { find } for interface=android.hardware.gatekeeper::IGatekeeper sid=u:r:recovery:s0 pid=554 scontext=u:r:recovery:s0 tcontext=u:object_r:hal_gatekeeper_hwservice:s0 tclass=hwservice_manager permissive=1
04-03 23:53:52.071   554   554 D vndksupport: Loading /vendor/lib64/hw/android.hardware.gatekeeper@1.0-impl-qti.so from current namespace instead of sphal namespace.
04-03 23:53:52.068   453   453 I hwservicemanage: type=1400 audit(0.0:478): avc: denied { write } for name="access" dev="selinuxfs" ino=6 scontext=u:r:recovery:s0 tcontext=u:object_r:selinuxfs:s0 tclass=file permissive=1 ppid=1 pcomm="init" pgid=1 pgcomm="init"
04-03 23:53:52.072   454   454 E SELinux : avc:  denied  { add } for pid=456 uid=0 name=android.system.keystore2.IKeystoreService/default scontext=u:r:recovery:s0 tcontext=u:object_r:keystore_service:s0 tclass=service_manager permissive=1
04-03 23:53:52.072   454   454 I servicemanager: getDeviceHalManifest: Reading VINTF information.
04-03 23:53:52.076   454   454 I servicemanager: getDeviceHalManifest: Successfully processed VINTF information
04-03 23:53:52.076   454   454 I servicemanager: getFrameworkHalManifest: Reading VINTF information.
04-03 23:53:52.077   454   454 I servicemanager: getFrameworkHalManifest: Successfully processed VINTF information
04-03 23:53:52.077   454   454 I servicemanager: Found android.system.keystore2.IKeystoreService/default in framework VINTF manifest.
04-03 23:53:52.077   454   454 E SELinux : avc:  denied  { add } for pid=456 uid=0 name=android.security.apc scontext=u:r:recovery:s0 tcontext=u:object_r:apc_service:s0 tclass=service_manager permissive=1
04-03 23:53:52.077   454   454 E SELinux : avc:  denied  { add } for pid=456 uid=0 name=android.security.authorization scontext=u:r:recovery:s0 tcontext=u:object_r:authorization_service:s0 tclass=service_manager permissive=1
04-03 23:53:52.078   454   454 E SELinux : avc:  denied  { add } for pid=456 uid=0 name=android.security.maintenance scontext=u:r:recovery:s0 tcontext=u:object_r:keystore_maintenance_service:s0 tclass=service_manager permissive=1
04-03 23:53:52.078   454   454 E SELinux : avc:  denied  { add } for pid=456 uid=0 name=android.security.metrics scontext=u:r:recovery:s0 tcontext=u:object_r:keystore_metrics_service:s0 tclass=service_manager permissive=1
04-03 23:53:52.078   454   454 E SELinux : avc:  denied  { add } for pid=456 uid=0 name=android.security.legacykeystore scontext=u:r:recovery:s0 tcontext=u:object_r:legacykeystore_service:s0 tclass=service_manager permissive=1
04-03 23:53:52.079   456   456 I keystore2: keystore2_main: Successfully registered Keystore 2.0 service.
04-03 23:53:52.079   456   456 I keystore2: keystore2_main: Joining thread pool now.
04-03 23:53:52.096   554   554 D QSEECOMAPI: QSEECom_get_handle sb_length = 0xa000
04-03 23:53:52.096   554   554 D QSEECOMAPI: App is already loaded QSEE and app id = 1
04-03 23:53:52.096   554   554 E ion     : ioctl c0044901 failed with code -1: Inappropriate ioctl for device
04-03 23:53:52.097   554   554 E KeymasterUtils: TA API Major Version: 4
04-03 23:53:52.097   554   554 E KeymasterUtils: TA API Minor Version: 0
04-03 23:53:52.097   554   554 E KeymasterUtils: TA Major Version: 4
04-03 23:53:52.097   554   554 E KeymasterUtils: TA Minor Version: 544
04-03 23:53:52.098   453   453 E SELinux : avc:  denied  { add } for interface=android.hardware.gatekeeper::IGatekeeper sid=u:r:recovery:s0 pid=554 scontext=u:r:recovery:s0 tcontext=u:object_r:hal_gatekeeper_hwservice:s0 tclass=hwservice_manager permissive=1
04-03 23:53:52.098   554   554 I HidlServiceManagement: Registered android.hardware.gatekeeper@1.0::IGatekeeper/default
04-03 23:53:52.099   554   554 I HidlServiceManagement: Removing namespace from process name android.hardware.gatekeeper@1.0-service-qti to gatekeeper@1.0-service-qti.
04-03 23:53:52.099   554   554 I LegacySupport: Registration complete for android.hardware.gatekeeper@1.0::IGatekeeper/default.
04-03 23:53:52.821   462   462 I recovery: type=1400 audit(0.0:479): avc: denied { write } for name="by-name" dev="tmpfs" ino=11675 scontext=u:r:recovery:s0 tcontext=u:object_r:block_device:s0 tclass=dir permissive=1 ppid=1 pcomm="init" pgid=1 pgcomm="init"
04-03 23:53:52.821   462   462 I recovery: type=1400 audit(0.0:480): avc: denied { add_name } for name="boot" scontext=u:r:recovery:s0 tcontext=u:object_r:block_device:s0 tclass=dir permissive=1 ppid=1 pcomm="init" pgid=1 pgcomm="init"
04-03 23:53:52.821   462   462 I recovery: type=1400 audit(0.0:481): avc: denied { create } for name="boot" scontext=u:r:recovery:s0 tcontext=u:object_r:block_device:s0 tclass=lnk_file permissive=1 ppid=1 pcomm="init" pgid=1 pgcomm="init"
04-03 23:53:52.821   462   462 I recovery: type=1400 audit(0.0:482): avc: denied { remove_name } for name="boot" dev="tmpfs" ino=14407 scontext=u:r:recovery:s0 tcontext=u:object_r:block_device:s0 tclass=dir permissive=1 ppid=1 pcomm="init" pgid=1 pgcomm="init"
04-03 23:53:52.821   462   462 I recovery: type=1400 audit(0.0:483): avc: denied { unlink } for name="boot" dev="tmpfs" ino=14407 scontext=u:r:recovery:s0 tcontext=u:object_r:block_device:s0 tclass=lnk_file permissive=1 ppid=1 pcomm="init" pgid=1 pgcomm="init"
04-03 23:53:52.824   462   462 E Cryptfs : cryptfs_get_password_type not valid for file encryption
04-03 23:53:52.821   462   462 I recovery: type=1400 audit(0.0:484): avc: denied { ioctl } for path="/dev/block/mmcblk0p43" dev="tmpfs" ino=11694 ioctlcmd=0x1260 scontext=u:r:recovery:s0 tcontext=u:object_r:block_device:s0 tclass=blk_file permissive=1 ppid=1 pcomm="init" pgid=1 pgcomm="init"
01-04 23:41:08.427     0     0 I F2FS-fs (mmcblk0p86): Magic Mismatch, valid(0xf2f52010) - read(0xb64a61e6)
01-04 23:41:08.427     0     0 E F2FS-fs (mmcblk0p86): Can't find valid F2FS filesystem in 1th superblock
01-04 23:41:08.427     0     0 I F2FS-fs (mmcblk0p86): Magic Mismatch, valid(0xf2f52010) - read(0x8913abeb)
01-04 23:41:08.427     0     0 E F2FS-fs (mmcblk0p86): Can't find valid F2FS filesystem in 2th superblock
01-04 23:41:08.427     0     0 I F2FS-fs (mmcblk0p86): Magic Mismatch, valid(0xf2f52010) - read(0xb64a61e6)
01-04 23:41:08.427     0     0 E F2FS-fs (mmcblk0p86): Can't find valid F2FS filesystem in 1th superblock
01-04 23:41:08.428     0     0 I F2FS-fs (mmcblk0p86): Magic Mismatch, valid(0xf2f52010) - read(0x8913abeb)
01-04 23:41:08.428     0     0 E F2FS-fs (mmcblk0p86): Can't find valid F2FS filesystem in 2th superblock
01-04 23:41:08.437     0     0 I EXT4-fs (mmcblk0p84): mounted filesystem with ordered data mode. Opts:
01-04 23:41:08.448     0     0 I EXT4-fs (mmcblk0p2): mounted filesystem with ordered data mode. Opts:
04-03 23:53:52.855   462   462 I recovery: type=1400 audit(0.0:485): avc: denied { ioctl } for path="/dev/block/dm-1" dev="tmpfs" ino=3423 ioctlcmd=0x5331 scontext=u:r:recovery:s0 tcontext=u:object_r:dm_device:s0 tclass=blk_file permissive=1 ppid=1 pcomm="init" pgid=1 pgcomm="init"
04-03 23:53:52.865   462   462 I recovery: type=1400 audit(0.0:486): avc: denied { ioctl } for path="/dev/block/dm-1" dev="tmpfs" ino=3423 ioctlcmd=0x1260 scontext=u:r:recovery:s0 tcontext=u:object_r:dm_device:s0 tclass=blk_file permissive=1 ppid=1 pcomm="init" pgid=1 pgcomm="init"
01-04 23:41:08.461     0     0 I EXT4-fs (dm-1): mounted filesystem without journal. Opts:
04-03 23:53:53.065   462   462 I recovery: type=1400 audit(0.0:487): avc: denied { ioctl } for path="/dev/block/dm-0" dev="tmpfs" ino=3418 ioctlcmd=0x5331 scontext=u:r:recovery:s0 tcontext=u:object_r:dm_device:s0 tclass=blk_file permissive=1 ppid=1 pcomm="init" pgid=1 pgcomm="init"
01-04 23:41:08.671     0     0 I EXT4-fs (dm-0): mounted filesystem without journal. Opts:
04-03 23:53:53.078   462   462 I recovery: type=1400 audit(0.0:488): avc: denied { ioctl } for path="/dev/block/dm-0" dev="tmpfs" ino=3418 ioctlcmd=0x5331 scontext=u:r:recovery:s0 tcontext=u:object_r:dm_device:s0 tclass=blk_file permissive=1 ppid=1 pcomm="init" pgid=1 pgcomm="init"
01-04 23:41:08.682     0     0 W EXT4-fs (dm-0): warning: mounting unchecked fs, running e2fsck is recommended
01-04 23:41:08.683     0     0 I EXT4-fs (dm-0): mounted filesystem without journal. Opts:
04-03 23:53:53.095   462   462 I recovery: type=1400 audit(0.0:489): avc: denied { ioctl } for path="/dev/block/dm-3" dev="tmpfs" ino=3429 ioctlcmd=0x5331 scontext=u:r:recovery:s0 tcontext=u:object_r:dm_device:s0 tclass=blk_file permissive=1 ppid=1 pcomm="init" pgid=1 pgcomm="init"
01-04 23:41:08.698     0     0 I EXT4-fs (dm-3): mounted filesystem without journal. Opts:
01-04 23:41:08.707     0     0 I F2FS-fs (mmcblk0p86): Magic Mismatch, valid(0xf2f52010) - read(0xb64a61e6)
01-04 23:41:08.707     0     0 E F2FS-fs (mmcblk0p86): Can't find valid F2FS filesystem in 1th superblock
01-04 23:41:08.707     0     0 I F2FS-fs (mmcblk0p86): Magic Mismatch, valid(0xf2f52010) - read(0x8913abeb)
01-04 23:41:08.707     0     0 E F2FS-fs (mmcblk0p86): Can't find valid F2FS filesystem in 2th superblock
01-04 23:41:08.708     0     0 I F2FS-fs (mmcblk0p86): Magic Mismatch, valid(0xf2f52010) - read(0xb64a61e6)
01-04 23:41:08.708     0     0 E F2FS-fs (mmcblk0p86): Can't find valid F2FS filesystem in 1th superblock
04-03 23:53:53.115   462   462 I recovery: type=1400 audit(0.0:490): avc: denied { create } for scontext=u:r:recovery:s0 tcontext=u:r:recovery:s0 tclass=netlink_kobject_uevent_socket permissive=1 ppid=1 pcomm="init" pgid=1 pgcomm="init"
01-04 23:41:08.708     0     0 I F2FS-fs (mmcblk0p86): Magic Mismatch, valid(0xf2f52010) - read(0x8913abeb)
01-04 23:41:08.708     0     0 E F2FS-fs (mmcblk0p86): Can't find valid F2FS filesystem in 2th superblock
04-03 23:53:53.115   462   462 I recovery: type=1400 audit(0.0:491): avc: denied { bind } for scontext=u:r:recovery:s0 tcontext=u:r:recovery:s0 tclass=netlink_kobject_uevent_socket permissive=1 ppid=1 pcomm="init" pgid=1 pgcomm="init"
04-03 23:53:53.115   462   462 I recovery: type=1400 audit(0.0:492): avc: denied { ioctl } for path="/dev/block/dm-0" dev="tmpfs" ino=3418 ioctlcmd=0x5331 scontext=u:r:recovery:s0 tcontext=u:object_r:dm_device:s0 tclass=blk_file permissive=1 ppid=1 pcomm="init" pgid=1 pgcomm="init"
01-04 23:41:08.721     0     0 W EXT4-fs (dm-0): warning: mounting unchecked fs, running e2fsck is recommended
01-04 23:41:08.722     0     0 I EXT4-fs (dm-0): mounted filesystem without journal. Opts:
04-03 23:53:53.135   462   462 I recovery: type=1400 audit(0.0:493): avc: denied { write } for name="properties_serial" dev="tmpfs" ino=11628 scontext=u:r:recovery:s0 tcontext=u:object_r:properties_serial:s0 tclass=file permissive=1 ppid=1 pcomm="init" pgid=1 pgcomm="init"
04-03 23:53:53.135   462   462 I recovery: type=1400 audit(0.0:494): avc: denied { write } for name="u:object_r:build_prop:s0" dev="tmpfs" ino=11416 scontext=u:r:recovery:s0 tcontext=u:object_r:build_prop:s0 tclass=file permissive=1 ppid=1 pcomm="init" pgid=1 pgcomm="init"
04-03 23:53:53.135   462   462 I recovery: type=1400 audit(0.0:495): avc: denied { ioctl } for path="/dev/block/dm-0" dev="tmpfs" ino=3418 ioctlcmd=0x5331 scontext=u:r:recovery:s0 tcontext=u:object_r:dm_device:s0 tclass=blk_file permissive=1 ppid=1 pcomm="init" pgid=1 pgcomm="init"
01-04 23:41:08.740     0     0 W EXT4-fs (dm-0): warning: mounting unchecked fs, running e2fsck is recommended
01-04 23:41:08.741     0     0 I EXT4-fs (dm-0): mounted filesystem without journal. Opts:
04-03 23:53:53.151   462   462 I recovery: type=1400 audit(0.0:496): avc: denied { write } for name="u:object_r:fingerprint_prop:s0" dev="tmpfs" ino=11494 scontext=u:r:recovery:s0 tcontext=u:object_r:fingerprint_prop:s0 tclass=file permissive=1 ppid=1 pcomm="init" pgid=1 pgcomm="init"
04-03 23:53:53.151   462   462 I recovery: type=1400 audit(0.0:497): avc: denied { ioctl } for path="/dev/block/dm-0" dev="tmpfs" ino=3418 ioctlcmd=0x5331 scontext=u:r:recovery:s0 tcontext=u:object_r:dm_device:s0 tclass=blk_file permissive=1 ppid=1 pcomm="init" pgid=1 pgcomm="init"
01-04 23:41:08.756     0     0 W EXT4-fs (dm-0): warning: mounting unchecked fs, running e2fsck is recommended
01-04 23:41:08.757     0     0 I EXT4-fs (dm-0): mounted filesystem without journal. Opts:
04-03 23:53:53.168   462   462 I recovery: type=1400 audit(0.0:498): avc: denied { ioctl } for path="/dev/block/dm-0" dev="tmpfs" ino=3418 ioctlcmd=0x5331 scontext=u:r:recovery:s0 tcontext=u:object_r:dm_device:s0 tclass=blk_file permissive=1 ppid=1 pcomm="init" pgid=1 pgcomm="init"
01-04 23:41:08.773     0     0 W EXT4-fs (dm-0): warning: mounting unchecked fs, running e2fsck is recommended
01-04 23:41:08.773     0     0 I EXT4-fs (dm-0): mounted filesystem without journal. Opts:
04-03 23:53:53.181   462   462 I recovery: type=1400 audit(0.0:499): avc: denied { ioctl } for path="/dev/block/dm-0" dev="tmpfs" ino=3418 ioctlcmd=0x5331 scontext=u:r:recovery:s0 tcontext=u:object_r:dm_device:s0 tclass=blk_file permissive=1 ppid=1 pcomm="init" pgid=1 pgcomm="init"
01-04 23:41:08.788     0     0 W EXT4-fs (dm-0): warning: mounting unchecked fs, running e2fsck is recommended
01-04 23:41:08.789     0     0 I EXT4-fs (dm-0): mounted filesystem without journal. Opts:
04-03 23:53:53.198   462   462 I recovery: type=1400 audit(0.0:500): avc: denied { ioctl } for path="/dev/block/dm-0" dev="tmpfs" ino=3418 ioctlcmd=0x5331 scontext=u:r:recovery:s0 tcontext=u:object_r:dm_device:s0 tclass=blk_file permissive=1 ppid=1 pcomm="init" pgid=1 pgcomm="init"
01-04 23:41:08.804     0     0 W EXT4-fs (dm-0): warning: mounting unchecked fs, running e2fsck is recommended
01-04 23:41:08.805     0     0 I EXT4-fs (dm-0): mounted filesystem without journal. Opts:
01-04 23:41:08.824     0     0 I F2FS-fs (mmcblk0p86): Magic Mismatch, valid(0xf2f52010) - read(0xb64a61e6)
01-04 23:41:08.824     0     0 E F2FS-fs (mmcblk0p86): Can't find valid F2FS filesystem in 1th superblock
01-04 23:41:08.824     0     0 I F2FS-fs (mmcblk0p86): Magic Mismatch, valid(0xf2f52010) - read(0x8913abeb)
01-04 23:41:08.824     0     0 E F2FS-fs (mmcblk0p86): Can't find valid F2FS filesystem in 2th superblock
01-04 23:41:08.824     0     0 I F2FS-fs (mmcblk0p86): Magic Mismatch, valid(0xf2f52010) - read(0xb64a61e6)
01-04 23:41:08.824     0     0 E F2FS-fs (mmcblk0p86): Can't find valid F2FS filesystem in 1th superblock
01-04 23:41:08.824     0     0 I F2FS-fs (mmcblk0p86): Magic Mismatch, valid(0xf2f52010) - read(0x8913abeb)
01-04 23:41:08.824     0     0 E F2FS-fs (mmcblk0p86): Can't find valid F2FS filesystem in 2th superblock
01-04 23:41:08.839     0     0 W FAT-fs (mmcblk1p1): Volume was not properly unmounted. Some data may be corrupt. Please run fsck.
04-03 23:53:53.415   462   462 I recovery: type=1400 audit(0.0:501): avc: denied { create } for name="orsin" scontext=u:r:recovery:s0 tcontext=u:object_r:rootfs:s0 tclass=fifo_file permissive=1 ppid=1 pcomm="init" pgid=1 pgcomm="init"
04-03 23:53:53.415   462   462 I recovery: type=1400 audit(0.0:502): avc: denied { read } for name="orsin" dev="rootfs" ino=14443 scontext=u:r:recovery:s0 tcontext=u:object_r:rootfs:s0 tclass=fifo_file permissive=1 ppid=1 pcomm="init" pgid=1 pgcomm="init"
04-03 23:53:53.415   462   462 I recovery: type=1400 audit(0.0:503): avc: denied { open } for path="/system/bin/orsin" dev="rootfs" ino=14443 scontext=u:r:recovery:s0 tcontext=u:object_r:rootfs:s0 tclass=fifo_file permissive=1 ppid=1 pcomm="init" pgid=1 pgcomm="init"
04-03 23:53:53.415   462   462 I recovery: type=1400 audit(0.0:504): avc: denied { read } for scontext=u:r:recovery:s0 tcontext=u:r:recovery:s0 tclass=netlink_kobject_uevent_socket permissive=1 ppid=1 pcomm="init" pgid=1 pgcomm="init"
04-03 23:53:53.421   462   462 I ArmToArm64Assembler: generated scanline__00000077:03545401_00000000_00000000 [ 65 ipp] (94 ins) at [0x743d25fb40:0x743d25fcb8] in 71823ns
01-04 23:41:10.043     0     0 I init    : starting service 'adbd'...
01-04 23:41:10.044     0     0 I init    : Created socket '/dev/socket/adbd', mode 660, user 1000, group 1000
04-03 23:53:54.486   575   575 I adbd    : persist.adb.watchdog set to ''
04-03 23:53:54.487   575   575 I adbd    : persist.sys.test_harness set to ''
04-03 23:53:54.487   575   575 I adbd    : adb watchdog timeout set to 600 seconds
04-03 23:53:54.487   575   577 I adbd    : Waiting for persist.adb.tls_server.enable=1
04-03 23:53:54.488   575   575 I adbd    : adbd started
04-03 23:53:54.488   575   579 I adbd    : opening control endpoint /dev/usb-ffs/adb/ep0
04-03 23:53:54.488   575   579 I adbd    : UsbFfsConnection constructed
04-03 23:53:54.488   575   580 I adbd    : UsbFfs-monitor thread spawned
04-03 23:53:54.489   575   580 I adbd    : USB event: FUNCTIONFS_BIND
01-04 23:41:10.080     0     0 I         : read descriptors
01-04 23:41:10.080     0     0 I         : read strings
01-04 23:41:10.081     0     0 I init    : processing action (sys.usb.config=adb && sys.usb.configfs=1 && sys.usb.ffs.ready=1) from (/system/etc/init/hw/init.rc:201)
01-04 23:41:10.086     0     0 I android_work: did not send uevent (0 0 0000000000000000)
01-04 23:41:10.087     0     0 I init    : processing action (sys.usb.config=adb && sys.usb.configfs=1 && sys.usb.ffs.ready=1) from (/init.recovery.usb.rc:116)
01-04 23:41:10.087     0     0 I init    : Command 'symlink /config/usb_gadget/g1/functions/ffs.adb /config/usb_gadget/g1/configs/b.1/f1' action=sys.usb.config=adb && sys.usb.configfs=1 && sys.usb.ffs.ready=1 (/init.recovery.usb.rc:120) took 0ms and failed: symlink() failed: File exists
01-04 23:41:10.087     0     0 I init    : Command 'write /config/usb_gadget/g1/UDC ${sys.usb.controller}' action=sys.usb.config=adb && sys.usb.configfs=1 && sys.usb.ffs.ready=1 (/init.recovery.usb.rc:121) took 0ms and failed: Unable to write to file '/config/usb_gadget/g1/UDC': Unable to write file contents: Device or resource busy
01-04 23:41:10.225     0     0 I msm-dwc3 4e00000.ssusb: Avail curr from USB = 100
01-04 23:41:10.225     0     0 I pmi632_charger: smblib_set_icl_current: set ICL to 50000uA
01-04 23:41:10.226     0     0 I pmi632_charger: somc_aicl_irq_handler: IRQ: aicl-done
04-03 23:53:54.725   462   462 I recovery: type=1400 audit(0.0:505): avc: denied { read } for scontext=u:r:recovery:s0 tcontext=u:r:recovery:s0 tclass=netlink_kobject_uevent_socket permissive=1 ppid=1 pcomm="init" pgid=1 pgcomm="init"
01-04 23:41:10.349     0     0 I android_work: sent uevent USB_STATE=CONNECTED
01-04 23:41:10.355     0     0 I android_work: sent uevent USB_STATE=DISCONNECTED
01-04 23:41:10.492     0     0 I android_work: sent uevent USB_STATE=CONNECTED
04-03 23:53:54.937   575   580 I adbd    : USB event: FUNCTIONFS_ENABLE
04-03 23:53:54.938   575   582 I adbd    : UsbFfs-worker thread spawned
01-04 23:41:10.530     0     0 I configfs-gadget gadget: high-speed config #1: b
01-04 23:41:10.530     0     0 I msm-dwc3 4e00000.ssusb: Avail curr from USB = 500
01-04 23:41:10.530     0     0 I pmi632_charger: smblib_set_icl_current: set ICL to 500000uA
01-04 23:41:10.530     0     0 I android_work: sent uevent USB_STATE=CONFIGURED
01-04 23:41:10.537     0     0 I pmi632_charger: chg_state_change_irq_handler: IRQ: chg-state-change
01-04 23:41:10.546     0     0 I ALG     : cap_learning_update: [SOMC CL][OFF] charge_status:1 bsoc_cp:7600
01-04 23:41:10.835     0     0 I pmi632_charger: somc_aicl_irq_handler: IRQ: aicl-done
01-04 23:41:10.835     0     0 I pmi632_charger: smblib_icl_change_work: icl_settled=500000
04-03 23:53:55.423   575   575 I adbd    : UsbFfs: already offline
04-03 23:53:55.423   575   575 I adbd    : authentication not required
04-03 23:53:55.608   462   462 I recovery: type=1400 audit(0.0:506): avc: denied { setattr } for name="recovery" dev="rootfs" ino=15424 scontext=u:r:recovery:s0 tcontext=u:object_r:rootfs:s0 tclass=dir permissive=1 ppid=1 pcomm="init" pgid=1 pgcomm="init"
01-04 23:41:11.212     0     0 I F2FS-fs (mmcblk0p86): Magic Mismatch, valid(0xf2f52010) - read(0xb64a61e6)
01-04 23:41:11.212     0     0 E F2FS-fs (mmcblk0p86): Can't find valid F2FS filesystem in 1th superblock
01-04 23:41:11.212     0     0 I F2FS-fs (mmcblk0p86): Magic Mismatch, valid(0xf2f52010) - read(0x8913abeb)
01-04 23:41:11.212     0     0 E F2FS-fs (mmcblk0p86): Can't find valid F2FS filesystem in 2th superblock
01-04 23:41:11.212     0     0 I F2FS-fs (mmcblk0p86): Magic Mismatch, valid(0xf2f52010) - read(0xb64a61e6)
01-04 23:41:11.212     0     0 E F2FS-fs (mmcblk0p86): Can't find valid F2FS filesystem in 1th superblock
01-04 23:41:11.213     0     0 I F2FS-fs (mmcblk0p86): Magic Mismatch, valid(0xf2f52010) - read(0x8913abeb)
01-04 23:41:11.213     0     0 E F2FS-fs (mmcblk0p86): Can't find valid F2FS filesystem in 2th superblock
01-04 23:41:11.220     0     0 I F2FS-fs (mmcblk0p86): Magic Mismatch, valid(0xf2f52010) - read(0xb64a61e6)
01-04 23:41:11.220     0     0 E F2FS-fs (mmcblk0p86): Can't find valid F2FS filesystem in 1th superblock
01-04 23:41:11.220     0     0 I F2FS-fs (mmcblk0p86): Magic Mismatch, valid(0xf2f52010) - read(0x8913abeb)
01-04 23:41:11.220     0     0 E F2FS-fs (mmcblk0p86): Can't find valid F2FS filesystem in 2th superblock
01-04 23:41:11.220     0     0 I F2FS-fs (mmcblk0p86): Magic Mismatch, valid(0xf2f52010) - read(0xb64a61e6)
01-04 23:41:11.220     0     0 E F2FS-fs (mmcblk0p86): Can't find valid F2FS filesystem in 1th superblock
01-04 23:41:11.220     0     0 I F2FS-fs (mmcblk0p86): Magic Mismatch, valid(0xf2f52010) - read(0x8913abeb)
01-04 23:41:11.220     0     0 E F2FS-fs (mmcblk0p86): Can't find valid F2FS filesystem in 2th superblock
01-04 23:41:11.227     0     0 I F2FS-fs (mmcblk0p86): Magic Mismatch, valid(0xf2f52010) - read(0xb64a61e6)
01-04 23:41:11.227     0     0 E F2FS-fs (mmcblk0p86): Can't find valid F2FS filesystem in 1th superblock
01-04 23:41:11.227     0     0 I F2FS-fs (mmcblk0p86): Magic Mismatch, valid(0xf2f52010) - read(0x8913abeb)
01-04 23:41:11.227     0     0 E F2FS-fs (mmcblk0p86): Can't find valid F2FS filesystem in 2th superblock
01-04 23:41:11.227     0     0 I F2FS-fs (mmcblk0p86): Magic Mismatch, valid(0xf2f52010) - read(0xb64a61e6)
01-04 23:41:11.227     0     0 E F2FS-fs (mmcblk0p86): Can't find valid F2FS filesystem in 1th superblock
01-04 23:41:11.228     0     0 I F2FS-fs (mmcblk0p86): Magic Mismatch, valid(0xf2f52010) - read(0x8913abeb)
01-04 23:41:11.228     0     0 E F2FS-fs (mmcblk0p86): Can't find valid F2FS filesystem in 2th superblock
04-03 23:53:55.638   462   462 I recovery: type=1400 audit(0.0:507): avc: denied { setattr } for name="log.gz" dev="rootfs" ino=3502 scontext=u:r:recovery:s0 tcontext=u:object_r:rootfs:s0 tclass=file permissive=1 ppid=1 pcomm="init" pgid=1 pgcomm="init"
04-03 23:53:55.638   462   462 I recovery: type=1400 audit(0.0:508): avc: denied { fsetid } for capability=4 scontext=u:r:recovery:s0 tcontext=u:r:recovery:s0 tclass=capability permissive=1 ppid=1 pcomm="init" pgid=1 pgcomm="init"
04-03 23:53:55.641   462   462 I recovery: type=1400 audit(0.0:509): avc: denied { create } for name="twadbfifo" scontext=u:r:recovery:s0 tcontext=u:object_r:tmpfs:s0 tclass=fifo_file permissive=1 ppid=1 pcomm="init" pgid=462 pgcomm="recovery"
04-03 23:53:55.641   462   462 I recovery: type=1400 audit(0.0:510): avc: denied { read } for name="twadbfifo" dev="tmpfs" ino=11981 scontext=u:r:recovery:s0 tcontext=u:object_r:tmpfs:s0 tclass=fifo_file permissive=1 ppid=1 pcomm="init" pgid=462 pgcomm="recovery"
04-03 23:53:55.641   462   462 I recovery: type=1400 audit(0.0:511): avc: denied { open } for path="/tmp/twadbfifo" dev="tmpfs" ino=11981 scontext=u:r:recovery:s0 tcontext=u:object_r:tmpfs:s0 tclass=fifo_file permissive=1 ppid=1 pcomm="init" pgid=462 pgcomm="recovery"
04-03 23:53:55.641   462   462 I recovery: type=1400 audit(0.0:512): avc: denied { ioctl } for path="/dev/block/dm-0" dev="tmpfs" ino=3418 ioctlcmd=0x5331 scontext=u:r:recovery:s0 tcontext=u:object_r:dm_device:s0 tclass=blk_file permissive=1 ppid=1 pcomm="init" pgid=1 pgcomm="init"
01-04 23:41:11.250     0     0 W EXT4-fs (dm-0): warning: mounting unchecked fs, running e2fsck is recommended
01-04 23:41:11.251     0     0 I EXT4-fs (dm-0): mounted filesystem without journal. Opts:
04-03 23:53:55.658   462   462 I recovery: type=1400 audit(0.0:513): avc: denied { ioctl } for path="/dev/block/dm-0" dev="tmpfs" ino=3418 ioctlcmd=0x5331 scontext=u:r:recovery:s0 tcontext=u:object_r:dm_device:s0 tclass=blk_file permissive=1 ppid=1 pcomm="init" pgid=1 pgcomm="init"
01-04 23:41:11.266     0     0 W EXT4-fs (dm-0): warning: mounting unchecked fs, running e2fsck is recommended
01-04 23:41:11.267     0     0 I EXT4-fs (dm-0): mounted filesystem without journal. Opts:
04-03 23:53:55.678   462   462 I recovery: type=1400 audit(0.0:514): avc: denied { ioctl } for path="/dev/block/dm-0" dev="tmpfs" ino=3418 ioctlcmd=0x5331 scontext=u:r:recovery:s0 tcontext=u:object_r:dm_device:s0 tclass=blk_file permissive=1 ppid=1 pcomm="init" pgid=1 pgcomm="init"
01-04 23:41:11.283     0     0 W EXT4-fs (dm-0): warning: mounting unchecked fs, running e2fsck is recommended
01-04 23:41:11.284     0     0 I EXT4-fs (dm-0): mounted filesystem without journal. Opts:
04-03 23:53:55.701   462   462 I recovery: type=1400 audit(0.0:515): avc: denied { unlink } for name="orsin" dev="rootfs" ino=14443 scontext=u:r:recovery:s0 tcontext=u:object_r:rootfs:s0 tclass=fifo_file permissive=1 ppid=1 pcomm="init" pgid=1 pgcomm="init"
04-03 23:53:55.701   462   462 I recovery: type=1400 audit(0.0:516): avc: denied { create } for name="orsin" scontext=u:r:recovery:s0 tcontext=u:object_r:rootfs:s0 tclass=fifo_file permissive=1 ppid=1 pcomm="init" pgid=1 pgcomm="init"
04-03 23:53:55.701   462   462 I recovery: type=1400 audit(0.0:517): avc: denied { read } for name="orsin" dev="rootfs" ino=13411 scontext=u:r:recovery:s0 tcontext=u:object_r:rootfs:s0 tclass=fifo_file permissive=1 ppid=1 pcomm="init" pgid=1 pgcomm="init"
04-03 23:53:55.701   462   462 I recovery: type=1400 audit(0.0:518): avc: denied { open } for path="/system/bin/orsin" dev="rootfs" ino=13411 scontext=u:r:recovery:s0 tcontext=u:object_r:rootfs:s0 tclass=fifo_file permissive=1 ppid=1 pcomm="init" pgid=1 pgcomm="init"
01-04 23:41:11.296     0     0 I F2FS-fs (mmcblk0p86): Magic Mismatch, valid(0xf2f52010) - read(0xb64a61e6)
01-04 23:41:11.296     0     0 E F2FS-fs (mmcblk0p86): Can't find valid F2FS filesystem in 1th superblock
01-04 23:41:11.296     0     0 I F2FS-fs (mmcblk0p86): Magic Mismatch, valid(0xf2f52010) - read(0x8913abeb)
01-04 23:41:11.296     0     0 E F2FS-fs (mmcblk0p86): Can't find valid F2FS filesystem in 2th superblock
01-04 23:41:11.296     0     0 I F2FS-fs (mmcblk0p86): Magic Mismatch, valid(0xf2f52010) - read(0xb64a61e6)
01-04 23:41:11.296     0     0 E F2FS-fs (mmcblk0p86): Can't find valid F2FS filesystem in 1th superblock
01-04 23:41:11.296     0     0 I F2FS-fs (mmcblk0p86): Magic Mismatch, valid(0xf2f52010) - read(0x8913abeb)
01-04 23:41:11.296     0     0 E F2FS-fs (mmcblk0p86): Can't find valid F2FS filesystem in 2th superblock
01-04 23:41:13.336     0     0 I ALG     : cap_learning_update: [SOMC CL][OFF] charge_status:1 bsoc_cp:7600
01-04 23:41:15.252     0     0 E i2c_geni 4a88000.i2c: i2c error :-107
04-03 23:54:02.072   456   555 I keystore2: keystore2::watchdog: Watchdog thread idle -> terminating. Have a great day.
01-04 23:41:22.972     0     0 I pmi632_charger: somc_aicl_irq_handler: IRQ: aicl-done
01-04 23:41:22.985     0     0 I ALG     : cap_learning_update: [SOMC CL][OFF] charge_status:1 bsoc_cp:7600
04-03 23:54:14.199   594   594 I Cryptfs : cryptfs_check_passwd
04-03 23:54:14.200   594   594 E Cryptfs : cryptfs_check_passwd not valid for file encryption
04-03 23:54:17.239   596   596 I Cryptfs : cryptfs_check_passwd
04-03 23:54:17.239   596   596 E Cryptfs : cryptfs_check_passwd not valid for file encryption
01-04 23:41:35.306     0     0 E i2c_geni 4a88000.i2c: i2c error :-107
01-04 23:41:36.020     0     0 I pmi632_charger: somc_aicl_irq_handler: IRQ: aicl-done
01-04 23:41:36.024     0     0 I ALG     : cap_learning_update: [SOMC CL][OFF] charge_status:1 bsoc_cp:7600
01-04 23:41:36.717     0     0 I logd    : logdr: UID=0 GID=0 PID=600 b tail=0 logMask=99 pid=0 start=0ns deadline=0ns
01-04 23:41:45.333     0     0 E i2c_geni 4a88000.i2c: i2c error :-107
01-04 23:41:49.067     0     0 I pmi632_charger: somc_aicl_irq_handler: IRQ: aicl-done
01-04 23:41:49.071     0     0 I ALG     : cap_learning_update: [SOMC CL][OFF] charge_status:1 bsoc_cp:7600
01-04 23:41:55.359     0     0 E i2c_geni 4a88000.i2c: i2c error :-107
01-04 23:42:02.113     0     0 I pmi632_charger: somc_aicl_irq_handler: IRQ: aicl-done
01-04 23:42:02.116     0     0 I ALG     : cap_learning_update: [SOMC CL][OFF] charge_status:1 bsoc_cp:7600
01-04 23:42:05.386     0     0 E i2c_geni 4a88000.i2c: i2c error :-107
01-04 23:42:15.159     0     0 I pmi632_charger: somc_aicl_irq_handler: IRQ: aicl-done
01-04 23:42:15.168     0     0 I ALG     : cap_learning_update: [SOMC CL][OFF] charge_status:1 bsoc_cp:7600
01-04 23:42:15.413     0     0 E i2c_geni 4a88000.i2c: i2c error :-107
01-04 23:42:25.439     0     0 E i2c_geni 4a88000.i2c: i2c error :-107
01-04 23:42:28.206     0     0 I pmi632_charger: somc_aicl_irq_handler: IRQ: aicl-done
01-04 23:42:28.212     0     0 I ALG     : cap_learning_update: [SOMC CL][OFF] charge_status:1 bsoc_cp:7600
01-04 23:42:35.022     0     0 I sec_ts 1-0048: [sec_input] Before: Powerdown
01-04 23:42:35.022     0     0 I sec_ts 1-0048: [sec_input] start@91.983531555
01-04 23:42:35.022     0     0 I sec_ts 1-0048: [sec_input] sec_ts_suspend: start
01-04 23:42:35.022     0     0 I sec_ts 1-0048: [sec_input] sec_ts_stop_device: start
01-04 23:42:35.022     0     0 I sec_ts 1-0048: [sec_input] Change irq was disable
01-04 23:42:35.022     0     0 I sec_ts 1-0048: [sec_input] sec_ts_stop_device: end
01-04 23:42:35.022     0     0 I sec_ts 1-0048: [sec_input] sec_ts_suspend: end
01-04 23:42:35.022     0     0 I sec_ts 1-0048: [sec_input] end@91.983580878
01-04 23:42:35.287     0     0 I         : @@@@ panel power off @@@@
01-04 23:42:35.287     0     0 I sec_ts 1-0048: [sec_input] After: Powerdown
01-04 23:42:41.253     0     0 I pmi632_charger: somc_aicl_irq_handler: IRQ: aicl-done
01-04 23:42:41.257     0     0 I ALG     : cap_learning_update: [SOMC CL][OFF] charge_status:1 bsoc_cp:7600
01-04 23:42:54.301     0     0 I pmi632_charger: somc_aicl_irq_handler: IRQ: aicl-done
01-04 23:42:54.304     0     0 I ALG     : cap_learning_update: [SOMC CL][OFF] charge_status:1 bsoc_cp:7600
