09-05 21:20:32.261   459   459 I HidlServiceManagement: getService: Trying again for android.hardware.keymaster@4.0::IKeymasterDevice/default...
09-05 21:20:32.262   456   691 W libc    : Unable to set property "ctl.interface_start" to "android.hardware.keymaster@4.0::IKeymasterDevice/default": error code: 0x20
09-05 21:20:32.262   456   691 I hwservicemanager: Tried to start android.hardware.keymaster@4.0::IKeymasterDevice/default as a lazy service, but was unable to. Usually this happens when a service is not installed, but if the service is intended to be used as a lazy service, then it may be configured incorrectly.
09-05 21:20:33.103     0     0 E init    : Control message: Could not find 'android.hardware.keymaster@4.0::IKeymasterDevice/default' for ctl.interface_start from pid: 456 (/system/bin/hwservicemanager)
09-05 21:20:33.261   459   459 W HidlServiceManagement: Waited one second for android.hardware.keymaster@4.0::IKeymasterDevice/default
09-05 21:20:33.262   456   456 I hwservicemanager: Since android.hardware.keymaster@4.0::IKeymasterDevice/default is not registered, trying to start it as a lazy HAL.
09-05 21:20:33.262   459   459 I HidlServiceManagement: getService: Trying again for android.hardware.keymaster@4.0::IKeymasterDevice/default...
09-05 21:20:33.262   456   692 W libc    : Unable to set property "ctl.interface_start" to "android.hardware.keymaster@4.0::IKeymasterDevice/default": error code: 0x20
09-05 21:20:33.262   456   692 I hwservicemanager: Tried to start android.hardware.keymaster@4.0::IKeymasterDevice/default as a lazy service, but was unable to. Usually this happens when a service is not installed, but if the service is intended to be used as a lazy service, then it may be configured incorrectly.
09-05 21:20:34.104     0     0 E init    : Control message: Could not find 'android.hardware.keymaster@4.0::IKeymasterDevice/default' for ctl.interface_start from pid: 456 (/system/bin/hwservicemanager)
09-05 21:20:34.262   459   459 W HidlServiceManagement: Waited one second for android.hardware.keymaster@4.0::IKeymasterDevice/default
09-05 21:20:34.262   456   456 I hwservicemanager: Since android.hardware.keymaster@4.0::IKeymasterDevice/default is not registered, trying to start it as a lazy HAL.
09-05 21:20:34.262   459   459 I HidlServiceManagement: getService: Trying again for android.hardware.keymaster@4.0::IKeymasterDevice/default...
09-05 21:20:34.263   456   693 W libc    : Unable to set property "ctl.interface_start" to "android.hardware.keymaster@4.0::IKeymasterDevice/default": error code: 0x20
09-05 21:20:34.263   456   693 I hwservicemanager: Tried to start android.hardware.keymaster@4.0::IKeymasterDevice/default as a lazy service, but was unable to. Usually this happens when a service is not installed, but if the service is intended to be used as a lazy service, then it may be configured incorrectly.
09-05 21:20:35.105     0     0 E init    : Control message: Could not find 'android.hardware.keymaster@4.0::IKeymasterDevice/default' for ctl.interface_start from pid: 456 (/system/bin/hwservicemanager)
09-05 21:20:35.490     0     0 E i2c_geni 4a88000.i2c: i2c error :-107
09-05 21:20:35.263   459   459 W HidlServiceManagement: Waited one second for android.hardware.keymaster@4.0::IKeymasterDevice/default
09-05 21:20:35.263   456   456 I hwservicemanager: Since android.hardware.keymaster@4.0::IKeymasterDevice/default is not registered, trying to start it as a lazy HAL.
09-05 21:20:35.263   459   459 I HidlServiceManagement: getService: Trying again for android.hardware.keymaster@4.0::IKeymasterDevice/default...
09-05 21:20:35.263   456   694 W libc    : Unable to set property "ctl.interface_start" to "android.hardware.keymaster@4.0::IKeymasterDevice/default": error code: 0x20
09-05 21:20:35.263   456   694 I hwservicemanager: Tried to start android.hardware.keymaster@4.0::IKeymasterDevice/default as a lazy service, but was unable to. Usually this happens when a service is not installed, but if the service is intended to be used as a lazy service, then it may be configured incorrectly.
09-05 21:20:36.105     0     0 E init    : Control message: Could not find 'android.hardware.keymaster@4.0::IKeymasterDevice/default' for ctl.interface_start from pid: 456 (/system/bin/hwservicemanager)
09-05 21:20:36.263   459   459 W HidlServiceManagement: Waited one second for android.hardware.keymaster@4.0::IKeymasterDevice/default
09-05 21:20:36.263   456   456 I hwservicemanager: Since android.hardware.keymaster@4.0::IKeymasterDevice/default is not registered, trying to start it as a lazy HAL.
09-05 21:20:36.264   459   459 I HidlServiceManagement: getService: Trying again for android.hardware.keymaster@4.0::IKeymasterDevice/default...
09-05 21:20:36.264   456   695 W libc    : Unable to set property "ctl.interface_start" to "android.hardware.keymaster@4.0::IKeymasterDevice/default": error code: 0x20
09-05 21:20:36.264   456   695 I hwservicemanager: Tried to start android.hardware.keymaster@4.0::IKeymasterDevice/default as a lazy service, but was unable to. Usually this happens when a service is not installed, but if the service is intended to be used as a lazy service, then it may be configured incorrectly.
09-05 21:20:37.106     0     0 E init    : Control message: Could not find 'android.hardware.keymaster@4.0::IKeymasterDevice/default' for ctl.interface_start from pid: 456 (/system/bin/hwservicemanager)
09-05 21:20:37.264   459   459 W HidlServiceManagement: Waited one second for android.hardware.keymaster@4.0::IKeymasterDevice/default
09-05 21:20:37.264   456   456 I hwservicemanager: Since android.hardware.keymaster@4.0::IKeymasterDevice/default is not registered, trying to start it as a lazy HAL.
09-05 21:20:37.264   459   459 I HidlServiceManagement: getService: Trying again for android.hardware.keymaster@4.0::IKeymasterDevice/default...
09-05 21:20:37.265   456   696 W libc    : Unable to set property "ctl.interface_start" to "android.hardware.keymaster@4.0::IKeymasterDevice/default": error code: 0x20
09-05 21:20:37.265   456   696 I hwservicemanager: Tried to start android.hardware.keymaster@4.0::IKeymasterDevice/default as a lazy service, but was unable to. Usually this happens when a service is not installed, but if the service is intended to be used as a lazy service, then it may be configured incorrectly.
09-05 21:20:38.106     0     0 E init    : Control message: Could not find 'android.hardware.keymaster@4.0::IKeymasterDevice/default' for ctl.interface_start from pid: 456 (/system/bin/hwservicemanager)
09-05 21:20:38.265   459   459 W HidlServiceManagement: Waited one second for android.hardware.keymaster@4.0::IKeymasterDevice/default
09-05 21:20:38.265   456   456 I hwservicemanager: Since android.hardware.keymaster@4.0::IKeymasterDevice/default is not registered, trying to start it as a lazy HAL.
09-05 21:20:38.265   459   459 I HidlServiceManagement: getService: Trying again for android.hardware.keymaster@4.0::IKeymasterDevice/default...
09-05 21:20:38.265   456   697 W libc    : Unable to set property "ctl.interface_start" to "android.hardware.keymaster@4.0::IKeymasterDevice/default": error code: 0x20
09-05 21:20:38.265   456   697 I hwservicemanager: Tried to start android.hardware.keymaster@4.0::IKeymasterDevice/default as a lazy service, but was unable to. Usually this happens when a service is not installed, but if the service is intended to be used as a lazy service, then it may be configured incorrectly.
09-05 21:20:39.107     0     0 E init    : Control message: Could not find 'android.hardware.keymaster@4.0::IKeymasterDevice/default' for ctl.interface_start from pid: 456 (/system/bin/hwservicemanager)
09-05 21:20:39.265   459   459 W HidlServiceManagement: Waited one second for android.hardware.keymaster@4.0::IKeymasterDevice/default
09-05 21:20:39.265   456   456 I hwservicemanager: Since android.hardware.keymaster@4.0::IKeymasterDevice/default is not registered, trying to start it as a lazy HAL.
09-05 21:20:39.266   459   459 I HidlServiceManagement: getService: Trying again for android.hardware.keymaster@4.0::IKeymasterDevice/default...
09-05 21:20:39.266   456   698 W libc    : Unable to set property "ctl.interface_start" to "android.hardware.keymaster@4.0::IKeymasterDevice/default": error code: 0x20
09-05 21:20:39.266   456   698 I hwservicemanager: Tried to start android.hardware.keymaster@4.0::IKeymasterDevice/default as a lazy service, but was unable to. Usually this happens when a service is not installed, but if the service is intended to be used as a lazy service, then it may be configured incorrectly.
09-05 21:20:40.108     0     0 E init    : Control message: Could not find 'android.hardware.keymaster@4.0::IKeymasterDevice/default' for ctl.interface_start from pid: 456 (/system/bin/hwservicemanager)
09-05 21:20:40.266   459   459 W HidlServiceManagement: Waited one second for android.hardware.keymaster@4.0::IKeymasterDevice/default
09-05 21:20:40.266   456   456 I hwservicemanager: Since android.hardware.keymaster@4.0::IKeymasterDevice/default is not registered, trying to start it as a lazy HAL.
09-05 21:20:40.266   459   459 I HidlServiceManagement: getService: Trying again for android.hardware.keymaster@4.0::IKeymasterDevice/default...
09-05 21:20:40.266   456   699 W libc    : Unable to set property "ctl.interface_start" to "android.hardware.keymaster@4.0::IKeymasterDevice/default": error code: 0x20
09-05 21:20:40.267   456   699 I hwservicemanager: Tried to start android.hardware.keymaster@4.0::IKeymasterDevice/default as a lazy service, but was unable to. Usually this happens when a service is not installed, but if the service is intended to be used as a lazy service, then it may be configured incorrectly.
09-05 21:20:41.108     0     0 E init    : Control message: Could not find 'android.hardware.keymaster@4.0::IKeymasterDevice/default' for ctl.interface_start from pid: 456 (/system/bin/hwservicemanager)
09-05 21:20:41.266   459   459 W HidlServiceManagement: Waited one second for android.hardware.keymaster@4.0::IKeymasterDevice/default
09-05 21:20:41.267   456   456 I hwservicemanager: Since android.hardware.keymaster@4.0::IKeymasterDevice/default is not registered, trying to start it as a lazy HAL.
09-05 21:20:41.267   459   459 I HidlServiceManagement: getService: Trying again for android.hardware.keymaster@4.0::IKeymasterDevice/default...
09-05 21:20:41.267   456   700 W libc    : Unable to set property "ctl.interface_start" to "android.hardware.keymaster@4.0::IKeymasterDevice/default": error code: 0x20
09-05 21:20:41.267   456   700 I hwservicemanager: Tried to start android.hardware.keymaster@4.0::IKeymasterDevice/default as a lazy service, but was unable to. Usually this happens when a service is not installed, but if the service is intended to be used as a lazy service, then it may be configured incorrectly.
09-05 21:20:42.109     0     0 E init    : Control message: Could not find 'android.hardware.keymaster@4.0::IKeymasterDevice/default' for ctl.interface_start from pid: 456 (/system/bin/hwservicemanager)
09-05 21:20:42.267   459   459 W HidlServiceManagement: Waited one second for android.hardware.keymaster@4.0::IKeymasterDevice/default
09-05 21:20:42.267   456   456 I hwservicemanager: Since android.hardware.keymaster@4.0::IKeymasterDevice/default is not registered, trying to start it as a lazy HAL.
09-05 21:20:42.267   459   459 I HidlServiceManagement: getService: Trying again for android.hardware.keymaster@4.0::IKeymasterDevice/default...
09-05 21:20:42.268   456   701 W libc    : Unable to set property "ctl.interface_start" to "android.hardware.keymaster@4.0::IKeymasterDevice/default": error code: 0x20
09-05 21:20:42.268   456   701 I hwservicemanager: Tried to start android.hardware.keymaster@4.0::IKeymasterDevice/default as a lazy service, but was unable to. Usually this happens when a service is not installed, but if the service is intended to be used as a lazy service, then it may be configured incorrectly.
09-05 21:20:43.110     0     0 E init    : Control message: Could not find 'android.hardware.keymaster@4.0::IKeymasterDevice/default' for ctl.interface_start from pid: 456 (/system/bin/hwservicemanager)
09-05 21:20:43.268   459   459 W HidlServiceManagement: Waited one second for android.hardware.keymaster@4.0::IKeymasterDevice/default
09-05 21:20:43.268   456   456 I hwservicemanager: Since android.hardware.keymaster@4.0::IKeymasterDevice/default is not registered, trying to start it as a lazy HAL.
09-05 21:20:43.268   459   459 I HidlServiceManagement: getService: Trying again for android.hardware.keymaster@4.0::IKeymasterDevice/default...
09-05 21:20:43.268   456   702 W libc    : Unable to set property "ctl.interface_start" to "android.hardware.keymaster@4.0::IKeymasterDevice/default": error code: 0x20
09-05 21:20:43.268   456   702 I hwservicemanager: Tried to start android.hardware.keymaster@4.0::IKeymasterDevice/default as a lazy service, but was unable to. Usually this happens when a service is not installed, but if the service is intended to be used as a lazy service, then it may be configured incorrectly.
09-05 21:20:44.110     0     0 E init    : Control message: Could not find 'android.hardware.keymaster@4.0::IKeymasterDevice/default' for ctl.interface_start from pid: 456 (/system/bin/hwservicemanager)
09-05 21:20:44.367     0     0 I F2FS-fs (mmcblk0p86): Magic Mismatch, valid(0xf2f52010) - read(0x14bf94fa)
09-05 21:20:44.367     0     0 E F2FS-fs (mmcblk0p86): Can't find valid F2FS filesystem in 1th superblock
09-05 21:20:44.368     0     0 I F2FS-fs (mmcblk0p86): Magic Mismatch, valid(0xf2f52010) - read(0x17d6cc1)
09-05 21:20:44.368     0     0 E F2FS-fs (mmcblk0p86): Can't find valid F2FS filesystem in 2th superblock
09-05 21:20:44.368     0     0 I F2FS-fs (mmcblk0p86): Magic Mismatch, valid(0xf2f52010) - read(0x14bf94fa)
09-05 21:20:44.368     0     0 E F2FS-fs (mmcblk0p86): Can't find valid F2FS filesystem in 1th superblock
09-05 21:20:44.368     0     0 I F2FS-fs (mmcblk0p86): Magic Mismatch, valid(0xf2f52010) - read(0x17d6cc1)
09-05 21:20:44.368     0     0 E F2FS-fs (mmcblk0p86): Can't find valid F2FS filesystem in 2th superblock
09-05 21:20:44.268   459   459 W HidlServiceManagement: Waited one second for android.hardware.keymaster@4.0::IKeymasterDevice/default
09-05 21:20:44.269   456   456 I hwservicemanager: Since android.hardware.keymaster@4.0::IKeymasterDevice/default is not registered, trying to start it as a lazy HAL.
09-05 21:20:44.269   459   459 I HidlServiceManagement: getService: Trying again for android.hardware.keymaster@4.0::IKeymasterDevice/default...
09-05 21:20:44.269   456   703 W libc    : Unable to set property "ctl.interface_start" to "android.hardware.keymaster@4.0::IKeymasterDevice/default": error code: 0x20
09-05 21:20:44.269   456   703 I hwservicemanager: Tried to start android.hardware.keymaster@4.0::IKeymasterDevice/default as a lazy service, but was unable to. Usually this happens when a service is not installed, but if the service is intended to be used as a lazy service, then it may be configured incorrectly.
09-05 21:20:45.111     0     0 E init    : Control message: Could not find 'android.hardware.keymaster@4.0::IKeymasterDevice/default' for ctl.interface_start from pid: 456 (/system/bin/hwservicemanager)
09-05 21:20:45.517     0     0 E i2c_geni 4a88000.i2c: i2c error :-107
09-05 21:20:45.269   459   459 W HidlServiceManagement: Waited one second for android.hardware.keymaster@4.0::IKeymasterDevice/default
09-05 21:20:45.269   456   456 I hwservicemanager: Since android.hardware.keymaster@4.0::IKeymasterDevice/default is not registered, trying to start it as a lazy HAL.
09-05 21:20:45.269   459   459 I HidlServiceManagement: getService: Trying again for android.hardware.keymaster@4.0::IKeymasterDevice/default...
09-05 21:20:45.270   456   704 W libc    : Unable to set property "ctl.interface_start" to "android.hardware.keymaster@4.0::IKeymasterDevice/default": error code: 0x20
09-05 21:20:45.270   456   704 I hwservicemanager: Tried to start android.hardware.keymaster@4.0::IKeymasterDevice/default as a lazy service, but was unable to. Usually this happens when a service is not installed, but if the service is intended to be used as a lazy service, then it may be configured incorrectly.
09-05 21:20:46.112     0     0 E init    : Control message: Could not find 'android.hardware.keymaster@4.0::IKeymasterDevice/default' for ctl.interface_start from pid: 456 (/system/bin/hwservicemanager)
09-05 21:20:46.697     0     0 I logd    : logdr: UID=0 GID=0 PID=708 b tail=0 logMask=99 pid=0 start=0ns deadline=0ns
09-05 21:20:46.270   459   459 W HidlServiceManagement: Waited one second for android.hardware.keymaster@4.0::IKeymasterDevice/default
09-05 21:20:46.270   456   456 I hwservicemanager: Since android.hardware.keymaster@4.0::IKeymasterDevice/default is not registered, trying to start it as a lazy HAL.
09-05 21:20:46.270   459   459 I HidlServiceManagement: getService: Trying again for android.hardware.keymaster@4.0::IKeymasterDevice/default...
09-05 21:20:46.271   456   711 W libc    : Unable to set property "ctl.interface_start" to "android.hardware.keymaster@4.0::IKeymasterDevice/default": error code: 0x20
09-05 21:20:46.271   456   711 I hwservicemanager: Tried to start android.hardware.keymaster@4.0::IKeymasterDevice/default as a lazy service, but was unable to. Usually this happens when a service is not installed, but if the service is intended to be used as a lazy service, then it may be configured incorrectly.
09-05 21:20:47.112     0     0 E init    : Control message: Could not find 'android.hardware.keymaster@4.0::IKeymasterDevice/default' for ctl.interface_start from pid: 456 (/system/bin/hwservicemanager)
09-05 21:20:47.270   459   459 W HidlServiceManagement: Waited one second for android.hardware.keymaster@4.0::IKeymasterDevice/default
09-05 21:20:47.271   456   456 I hwservicemanager: Since android.hardware.keymaster@4.0::IKeymasterDevice/default is not registered, trying to start it as a lazy HAL.
09-05 21:20:47.271   459   459 I HidlServiceManagement: getService: Trying again for android.hardware.keymaster@4.0::IKeymasterDevice/default...
09-05 21:20:47.271   456   712 W libc    : Unable to set property "ctl.interface_start" to "android.hardware.keymaster@4.0::IKeymasterDevice/default": error code: 0x20
09-05 21:20:47.271   456   712 I hwservicemanager: Tried to start android.hardware.keymaster@4.0::IKeymasterDevice/default as a lazy service, but was unable to. Usually this happens when a service is not installed, but if the service is intended to be used as a lazy service, then it may be configured incorrectly.
09-05 21:20:48.113     0     0 E init    : Control message: Could not find 'android.hardware.keymaster@4.0::IKeymasterDevice/default' for ctl.interface_start from pid: 456 (/system/bin/hwservicemanager)
09-05 21:20:48.271   459   459 W HidlServiceManagement: Waited one second for android.hardware.keymaster@4.0::IKeymasterDevice/default
09-05 21:20:48.271   456   456 I hwservicemanager: Since android.hardware.keymaster@4.0::IKeymasterDevice/default is not registered, trying to start it as a lazy HAL.
09-05 21:20:48.272   459   459 I HidlServiceManagement: getService: Trying again for android.hardware.keymaster@4.0::IKeymasterDevice/default...
09-05 21:20:48.272   456   713 W libc    : Unable to set property "ctl.interface_start" to "android.hardware.keymaster@4.0::IKeymasterDevice/default": error code: 0x20
09-05 21:20:48.272   456   713 I hwservicemanager: Tried to start android.hardware.keymaster@4.0::IKeymasterDevice/default as a lazy service, but was unable to. Usually this happens when a service is not installed, but if the service is intended to be used as a lazy service, then it may be configured incorrectly.
09-05 21:20:49.114     0     0 E init    : Control message: Could not find 'android.hardware.keymaster@4.0::IKeymasterDevice/default' for ctl.interface_start from pid: 456 (/system/bin/hwservicemanager)
09-05 21:20:49.272   459   459 W HidlServiceManagement: Waited one second for android.hardware.keymaster@4.0::IKeymasterDevice/default
09-05 21:20:49.272   456   456 I hwservicemanager: Since android.hardware.keymaster@4.0::IKeymasterDevice/default is not registered, trying to start it as a lazy HAL.
09-05 21:20:49.273   456   714 W libc    : Unable to set property "ctl.interface_start" to "android.hardware.keymaster@4.0::IKeymasterDevice/default": error code: 0x20
09-05 21:20:49.273   459   459 I HidlServiceManagement: getService: Trying again for android.hardware.keymaster@4.0::IKeymasterDevice/default...
09-05 21:20:49.273   456   714 I hwservicemanager: Tried to start android.hardware.keymaster@4.0::IKeymasterDevice/default as a lazy service, but was unable to. Usually this happens when a service is not installed, but if the service is intended to be used as a lazy service, then it may be configured incorrectly.
09-05 21:20:50.115     0     0 E init    : Control message: Could not find 'android.hardware.keymaster@4.0::IKeymasterDevice/default' for ctl.interface_start from pid: 456 (/system/bin/hwservicemanager)
09-05 21:20:50.273   459   459 W HidlServiceManagement: Waited one second for android.hardware.keymaster@4.0::IKeymasterDevice/default
09-05 21:20:50.273   456   456 I hwservicemanager: Since android.hardware.keymaster@4.0::IKeymasterDevice/default is not registered, trying to start it as a lazy HAL.
09-05 21:20:50.274   459   459 I HidlServiceManagement: getService: Trying again for android.hardware.keymaster@4.0::IKeymasterDevice/default...
09-05 21:20:50.274   456   715 W libc    : Unable to set property "ctl.interface_start" to "android.hardware.keymaster@4.0::IKeymasterDevice/default": error code: 0x20
09-05 21:20:50.274   456   715 I hwservicemanager: Tried to start android.hardware.keymaster@4.0::IKeymasterDevice/default as a lazy service, but was unable to. Usually this happens when a service is not installed, but if the service is intended to be used as a lazy service, then it may be configured incorrectly.
09-05 21:20:51.116     0     0 E init    : Control message: Could not find 'android.hardware.keymaster@4.0::IKeymasterDevice/default' for ctl.interface_start from pid: 456 (/system/bin/hwservicemanager)
09-05 21:20:51.274   459   459 W HidlServiceManagement: Waited one second for android.hardware.keymaster@4.0::IKeymasterDevice/default
09-05 21:20:51.274   456   456 I hwservicemanager: Since android.hardware.keymaster@4.0::IKeymasterDevice/default is not registered, trying to start it as a lazy HAL.
09-05 21:20:51.274   459   459 I HidlServiceManagement: getService: Trying again for android.hardware.keymaster@4.0::IKeymasterDevice/default...
09-05 21:20:51.274   456   716 W libc    : Unable to set property "ctl.interface_start" to "android.hardware.keymaster@4.0::IKeymasterDevice/default": error code: 0x20
09-05 21:20:51.275   456   716 I hwservicemanager: Tried to start android.hardware.keymaster@4.0::IKeymasterDevice/default as a lazy service, but was unable to. Usually this happens when a service is not installed, but if the service is intended to be used as a lazy service, then it may be configured incorrectly.
09-05 21:20:52.116     0     0 E init    : Control message: Could not find 'android.hardware.keymaster@4.0::IKeymasterDevice/default' for ctl.interface_start from pid: 456 (/system/bin/hwservicemanager)
09-05 21:20:52.274   459   459 W HidlServiceManagement: Waited one second for android.hardware.keymaster@4.0::IKeymasterDevice/default
09-05 21:20:52.275   456   456 I hwservicemanager: Since android.hardware.keymaster@4.0::IKeymasterDevice/default is not registered, trying to start it as a lazy HAL.
09-05 21:20:52.275   459   459 I HidlServiceManagement: getService: Trying again for android.hardware.keymaster@4.0::IKeymasterDevice/default...
09-05 21:20:52.275   456   717 W libc    : Unable to set property "ctl.interface_start" to "android.hardware.keymaster@4.0::IKeymasterDevice/default": error code: 0x20
09-05 21:20:52.275   456   717 I hwservicemanager: Tried to start android.hardware.keymaster@4.0::IKeymasterDevice/default as a lazy service, but was unable to. Usually this happens when a service is not installed, but if the service is intended to be used as a lazy service, then it may be configured incorrectly.
09-05 21:20:53.117     0     0 E init    : Control message: Could not find 'android.hardware.keymaster@4.0::IKeymasterDevice/default' for ctl.interface_start from pid: 456 (/system/bin/hwservicemanager)
09-05 21:20:53.275   459   459 W HidlServiceManagement: Waited one second for android.hardware.keymaster@4.0::IKeymasterDevice/default
09-05 21:20:53.275   456   456 I hwservicemanager: Since android.hardware.keymaster@4.0::IKeymasterDevice/default is not registered, trying to start it as a lazy HAL.
09-05 21:20:53.275   459   459 I HidlServiceManagement: getService: Trying again for android.hardware.keymaster@4.0::IKeymasterDevice/default...
09-05 21:20:53.276   456   718 W libc    : Unable to set property "ctl.interface_start" to "android.hardware.keymaster@4.0::IKeymasterDevice/default": error code: 0x20
09-05 21:20:53.276   456   718 I hwservicemanager: Tried to start android.hardware.keymaster@4.0::IKeymasterDevice/default as a lazy service, but was unable to. Usually this happens when a service is not installed, but if the service is intended to be used as a lazy service, then it may be configured incorrectly.
09-05 21:20:54.118     0     0 E init    : Control message: Could not find 'android.hardware.keymaster@4.0::IKeymasterDevice/default' for ctl.interface_start from pid: 456 (/system/bin/hwservicemanager)
09-05 21:20:54.276   459   459 W HidlServiceManagement: Waited one second for android.hardware.keymaster@4.0::IKeymasterDevice/default
09-05 21:20:54.276   456   456 I hwservicemanager: Since android.hardware.keymaster@4.0::IKeymasterDevice/default is not registered, trying to start it as a lazy HAL.
09-05 21:20:54.276   459   459 I HidlServiceManagement: getService: Trying again for android.hardware.keymaster@4.0::IKeymasterDevice/default...
09-05 21:20:54.276   456   719 W libc    : Unable to set property "ctl.interface_start" to "android.hardware.keymaster@4.0::IKeymasterDevice/default": error code: 0x20
09-05 21:20:54.276   456   719 I hwservicemanager: Tried to start android.hardware.keymaster@4.0::IKeymasterDevice/default as a lazy service, but was unable to. Usually this happens when a service is not installed, but if the service is intended to be used as a lazy service, then it may be configured incorrectly.
09-05 21:20:55.118     0     0 E init    : Control message: Could not find 'android.hardware.keymaster@4.0::IKeymasterDevice/default' for ctl.interface_start from pid: 456 (/system/bin/hwservicemanager)
09-05 21:20:55.543     0     0 E i2c_geni 4a88000.i2c: i2c error :-107
09-05 21:20:55.276   459   459 W HidlServiceManagement: Waited one second for android.hardware.keymaster@4.0::IKeymasterDevice/default
09-05 21:20:55.276   456   456 I hwservicemanager: Since android.hardware.keymaster@4.0::IKeymasterDevice/default is not registered, trying to start it as a lazy HAL.
09-05 21:20:55.277   459   459 I HidlServiceManagement: getService: Trying again for android.hardware.keymaster@4.0::IKeymasterDevice/default...
09-05 21:20:55.277   456   720 W libc    : Unable to set property "ctl.interface_start" to "android.hardware.keymaster@4.0::IKeymasterDevice/default": error code: 0x20
09-05 21:20:56.119     0     0 E init    : Control message: Could not find 'android.hardware.keymaster@4.0::IKeymasterDevice/default' for ctl.interface_start from pid: 456 (/system/bin/hwservicemanager)
09-05 21:20:55.277   456   720 I hwservicemanager: Tried to start android.hardware.keymaster@4.0::IKeymasterDevice/default as a lazy service, but was unable to. Usually this happens when a service is not installed, but if the service is intended to be used as a lazy service, then it may be configured incorrectly.
09-05 21:20:56.277   459   459 W HidlServiceManagement: Waited one second for android.hardware.keymaster@4.0::IKeymasterDevice/default
09-05 21:20:56.277   456   456 I hwservicemanager: Since android.hardware.keymaster@4.0::IKeymasterDevice/default is not registered, trying to start it as a lazy HAL.
09-05 21:20:56.277   459   459 I HidlServiceManagement: getService: Trying again for android.hardware.keymaster@4.0::IKeymasterDevice/default...
09-05 21:20:56.278   456   721 W libc    : Unable to set property "ctl.interface_start" to "android.hardware.keymaster@4.0::IKeymasterDevice/default": error code: 0x20
09-05 21:20:56.278   456   721 I hwservicemanager: Tried to start android.hardware.keymaster@4.0::IKeymasterDevice/default as a lazy service, but was unable to. Usually this happens when a service is not installed, but if the service is intended to be used as a lazy service, then it may be configured incorrectly.
09-05 21:20:57.120     0     0 E init    : Control message: Could not find 'android.hardware.keymaster@4.0::IKeymasterDevice/default' for ctl.interface_start from pid: 456 (/system/bin/hwservicemanager)
09-05 21:20:57.278   459   459 W HidlServiceManagement: Waited one second for android.hardware.keymaster@4.0::IKeymasterDevice/default
09-05 21:20:57.278   456   456 I hwservicemanager: Since android.hardware.keymaster@4.0::IKeymasterDevice/default is not registered, trying to start it as a lazy HAL.
09-05 21:20:57.278   459   459 I HidlServiceManagement: getService: Trying again for android.hardware.keymaster@4.0::IKeymasterDevice/default...
09-05 21:20:57.278   456   722 W libc    : Unable to set property "ctl.interface_start" to "android.hardware.keymaster@4.0::IKeymasterDevice/default": error code: 0x20
09-05 21:20:57.278   456   722 I hwservicemanager: Tried to start android.hardware.keymaster@4.0::IKeymasterDevice/default as a lazy service, but was unable to. Usually this happens when a service is not installed, but if the service is intended to be used as a lazy service, then it may be configured incorrectly.
09-05 21:20:58.120     0     0 E init    : Control message: Could not find 'android.hardware.keymaster@4.0::IKeymasterDevice/default' for ctl.interface_start from pid: 456 (/system/bin/hwservicemanager)
09-05 21:20:58.278   459   459 W HidlServiceManagement: Waited one second for android.hardware.keymaster@4.0::IKeymasterDevice/default
09-05 21:20:58.278   456   456 I hwservicemanager: Since android.hardware.keymaster@4.0::IKeymasterDevice/default is not registered, trying to start it as a lazy HAL.
09-05 21:20:58.279   459   459 I HidlServiceManagement: getService: Trying again for android.hardware.keymaster@4.0::IKeymasterDevice/default...
09-05 21:20:58.279   456   723 W libc    : Unable to set property "ctl.interface_start" to "android.hardware.keymaster@4.0::IKeymasterDevice/default": error code: 0x20
09-05 21:20:58.279   456   723 I hwservicemanager: Tried to start android.hardware.keymaster@4.0::IKeymasterDevice/default as a lazy service, but was unable to. Usually this happens when a service is not installed, but if the service is intended to be used as a lazy service, then it may be configured incorrectly.
09-05 21:20:59.121     0     0 E init    : Control message: Could not find 'android.hardware.keymaster@4.0::IKeymasterDevice/default' for ctl.interface_start from pid: 456 (/system/bin/hwservicemanager)
09-05 21:20:59.279   459   459 W HidlServiceManagement: Waited one second for android.hardware.keymaster@4.0::IKeymasterDevice/default
09-05 21:20:59.279   456   456 I hwservicemanager: Since android.hardware.keymaster@4.0::IKeymasterDevice/default is not registered, trying to start it as a lazy HAL.
09-05 21:20:59.279   459   459 I HidlServiceManagement: getService: Trying again for android.hardware.keymaster@4.0::IKeymasterDevice/default...
09-05 21:20:59.280   456   724 W libc    : Unable to set property "ctl.interface_start" to "android.hardware.keymaster@4.0::IKeymasterDevice/default": error code: 0x20
09-05 21:20:59.280   456   724 I hwservicemanager: Tried to start android.hardware.keymaster@4.0::IKeymasterDevice/default as a lazy service, but was unable to. Usually this happens when a service is not installed, but if the service is intended to be used as a lazy service, then it may be configured incorrectly.
09-05 21:21:00.121     0     0 E init    : Control message: Could not find 'android.hardware.keymaster@4.0::IKeymasterDevice/default' for ctl.interface_start from pid: 456 (/system/bin/hwservicemanager)
09-05 21:21:00.279   459   459 W HidlServiceManagement: Waited one second for android.hardware.keymaster@4.0::IKeymasterDevice/default
09-05 21:21:00.280   456   456 I hwservicemanager: Since android.hardware.keymaster@4.0::IKeymasterDevice/default is not registered, trying to start it as a lazy HAL.
09-05 21:21:00.280   459   459 I HidlServiceManagement: getService: Trying again for android.hardware.keymaster@4.0::IKeymasterDevice/default...
09-05 21:21:00.281   456   725 W libc    : Unable to set property "ctl.interface_start" to "android.hardware.keymaster@4.0::IKeymasterDevice/default": error code: 0x20
09-05 21:21:00.281   456   725 I hwservicemanager: Tried to start android.hardware.keymaster@4.0::IKeymasterDevice/default as a lazy service, but was unable to. Usually this happens when a service is not installed, but if the service is intended to be used as a lazy service, then it may be configured incorrectly.
09-05 21:21:01.122     0     0 E init    : Control message: Could not find 'android.hardware.keymaster@4.0::IKeymasterDevice/default' for ctl.interface_start from pid: 456 (/system/bin/hwservicemanager)
09-05 21:21:01.280   459   459 W HidlServiceManagement: Waited one second for android.hardware.keymaster@4.0::IKeymasterDevice/default
09-05 21:21:01.280   456   456 I hwservicemanager: Since android.hardware.keymaster@4.0::IKeymasterDevice/default is not registered, trying to start it as a lazy HAL.
09-05 21:21:01.281   459   459 I HidlServiceManagement: getService: Trying again for android.hardware.keymaster@4.0::IKeymasterDevice/default...
09-05 21:21:01.281   456   726 W libc    : Unable to set property "ctl.interface_start" to "android.hardware.keymaster@4.0::IKeymasterDevice/default": error code: 0x20
09-05 21:21:01.281   456   726 I hwservicemanager: Tried to start android.hardware.keymaster@4.0::IKeymasterDevice/default as a lazy service, but was unable to. Usually this happens when a service is not installed, but if the service is intended to be used as a lazy service, then it may be configured incorrectly.
09-05 21:21:02.123     0     0 E init    : Control message: Could not find 'android.hardware.keymaster@4.0::IKeymasterDevice/default' for ctl.interface_start from pid: 456 (/system/bin/hwservicemanager)
09-05 21:21:02.281   459   459 W HidlServiceManagement: Waited one second for android.hardware.keymaster@4.0::IKeymasterDevice/default
09-05 21:21:02.281   456   456 I hwservicemanager: Since android.hardware.keymaster@4.0::IKeymasterDevice/default is not registered, trying to start it as a lazy HAL.
09-05 21:21:02.281   459   459 I HidlServiceManagement: getService: Trying again for android.hardware.keymaster@4.0::IKeymasterDevice/default...
09-05 21:21:02.282   456   727 W libc    : Unable to set property "ctl.interface_start" to "android.hardware.keymaster@4.0::IKeymasterDevice/default": error code: 0x20
09-05 21:21:02.282   456   727 I hwservicemanager: Tried to start android.hardware.keymaster@4.0::IKeymasterDevice/default as a lazy service, but was unable to. Usually this happens when a service is not installed, but if the service is intended to be used as a lazy service, then it may be configured incorrectly.
09-05 21:21:03.124     0     0 E init    : Control message: Could not find 'android.hardware.keymaster@4.0::IKeymasterDevice/default' for ctl.interface_start from pid: 456 (/system/bin/hwservicemanager)
09-05 21:21:03.282   459   459 W HidlServiceManagement: Waited one second for android.hardware.keymaster@4.0::IKeymasterDevice/default
09-05 21:21:03.282   456   456 I hwservicemanager: Since android.hardware.keymaster@4.0::IKeymasterDevice/default is not registered, trying to start it as a lazy HAL.
09-05 21:21:03.282   459   459 I HidlServiceManagement: getService: Trying again for android.hardware.keymaster@4.0::IKeymasterDevice/default...
09-05 21:21:03.282   456   728 W libc    : Unable to set property "ctl.interface_start" to "android.hardware.keymaster@4.0::IKeymasterDevice/default": error code: 0x20
09-05 21:21:03.282   456   728 I hwservicemanager: Tried to start android.hardware.keymaster@4.0::IKeymasterDevice/default as a lazy service, but was unable to. Usually this happens when a service is not installed, but if the service is intended to be used as a lazy service, then it may be configured incorrectly.
09-05 21:21:04.124     0     0 E init    : Control message: Could not find 'android.hardware.keymaster@4.0::IKeymasterDevice/default' for ctl.interface_start from pid: 456 (/system/bin/hwservicemanager)
09-05 21:21:04.282   459   459 W HidlServiceManagement: Waited one second for android.hardware.keymaster@4.0::IKeymasterDevice/default
09-05 21:21:04.282   456   456 I hwservicemanager: Since android.hardware.keymaster@4.0::IKeymasterDevice/default is not registered, trying to start it as a lazy HAL.
09-05 21:21:04.283   459   459 I HidlServiceManagement: getService: Trying again for android.hardware.keymaster@4.0::IKeymasterDevice/default...
09-05 21:21:04.283   456   729 W libc    : Unable to set property "ctl.interface_start" to "android.hardware.keymaster@4.0::IKeymasterDevice/default": error code: 0x20
09-05 21:21:04.283   456   729 I hwservicemanager: Tried to start android.hardware.keymaster@4.0::IKeymasterDevice/default as a lazy service, but was unable to. Usually this happens when a service is not installed, but if the service is intended to be used as a lazy service, then it may be configured incorrectly.
09-05 21:21:05.125     0     0 E init    : Control message: Could not find 'android.hardware.keymaster@4.0::IKeymasterDevice/default' for ctl.interface_start from pid: 456 (/system/bin/hwservicemanager)
09-05 21:21:05.570     0     0 E i2c_geni 4a88000.i2c: i2c error :-107
09-05 21:21:05.283   459   459 W HidlServiceManagement: Waited one second for android.hardware.keymaster@4.0::IKeymasterDevice/default
09-05 21:21:05.283   456   456 I hwservicemanager: Since android.hardware.keymaster@4.0::IKeymasterDevice/default is not registered, trying to start it as a lazy HAL.
09-05 21:21:05.283   459   459 I HidlServiceManagement: getService: Trying again for android.hardware.keymaster@4.0::IKeymasterDevice/default...
09-05 21:21:05.283   456   730 W libc    : Unable to set property "ctl.interface_start" to "android.hardware.keymaster@4.0::IKeymasterDevice/default": error code: 0x20
09-05 21:21:05.284   456   730 I hwservicemanager: Tried to start android.hardware.keymaster@4.0::IKeymasterDevice/default as a lazy service, but was unable to. Usually this happens when a service is not installed, but if the service is intended to be used as a lazy service, then it may be configured incorrectly.
09-05 21:21:06.125     0     0 E init    : Control message: Could not find 'android.hardware.keymaster@4.0::IKeymasterDevice/default' for ctl.interface_start from pid: 456 (/system/bin/hwservicemanager)
09-05 21:21:06.283   459   459 W HidlServiceManagement: Waited one second for android.hardware.keymaster@4.0::IKeymasterDevice/default
09-05 21:21:06.284   456   456 I hwservicemanager: Since android.hardware.keymaster@4.0::IKeymasterDevice/default is not registered, trying to start it as a lazy HAL.
09-05 21:21:06.284   459   459 I HidlServiceManagement: getService: Trying again for android.hardware.keymaster@4.0::IKeymasterDevice/default...
09-05 21:21:06.284   456   731 W libc    : Unable to set property "ctl.interface_start" to "android.hardware.keymaster@4.0::IKeymasterDevice/default": error code: 0x20
09-05 21:21:06.284   456   731 I hwservicemanager: Tried to start android.hardware.keymaster@4.0::IKeymasterDevice/default as a lazy service, but was unable to. Usually this happens when a service is not installed, but if the service is intended to be used as a lazy service, then it may be configured incorrectly.
09-05 21:21:07.126     0     0 E init    : Control message: Could not find 'android.hardware.keymaster@4.0::IKeymasterDevice/default' for ctl.interface_start from pid: 456 (/system/bin/hwservicemanager)
09-05 21:21:07.284   459   459 W HidlServiceManagement: Waited one second for android.hardware.keymaster@4.0::IKeymasterDevice/default
09-05 21:21:07.284   456   456 I hwservicemanager: Since android.hardware.keymaster@4.0::IKeymasterDevice/default is not registered, trying to start it as a lazy HAL.
09-05 21:21:07.285   459   459 I HidlServiceManagement: getService: Trying again for android.hardware.keymaster@4.0::IKeymasterDevice/default...
09-05 21:21:07.285   456   732 W libc    : Unable to set property "ctl.interface_start" to "android.hardware.keymaster@4.0::IKeymasterDevice/default": error code: 0x20
09-05 21:21:07.285   456   732 I hwservicemanager: Tried to start android.hardware.keymaster@4.0::IKeymasterDevice/default as a lazy service, but was unable to. Usually this happens when a service is not installed, but if the service is intended to be used as a lazy service, then it may be configured incorrectly.
09-05 21:21:08.127     0     0 E init    : Control message: Could not find 'android.hardware.keymaster@4.0::IKeymasterDevice/default' for ctl.interface_start from pid: 456 (/system/bin/hwservicemanager)
09-05 21:21:08.285   459   459 W HidlServiceManagement: Waited one second for android.hardware.keymaster@4.0::IKeymasterDevice/default
09-05 21:21:08.285   456   456 I hwservicemanager: Since android.hardware.keymaster@4.0::IKeymasterDevice/default is not registered, trying to start it as a lazy HAL.
09-05 21:21:08.285   459   459 I HidlServiceManagement: getService: Trying again for android.hardware.keymaster@4.0::IKeymasterDevice/default...
09-05 21:21:08.285   456   733 W libc    : Unable to set property "ctl.interface_start" to "android.hardware.keymaster@4.0::IKeymasterDevice/default": error code: 0x20
09-05 21:21:08.286   456   733 I hwservicemanager: Tried to start android.hardware.keymaster@4.0::IKeymasterDevice/default as a lazy service, but was unable to. Usually this happens when a service is not installed, but if the service is intended to be used as a lazy service, then it may be configured incorrectly.
09-05 21:21:09.127     0     0 E init    : Control message: Could not find 'android.hardware.keymaster@4.0::IKeymasterDevice/default' for ctl.interface_start from pid: 456 (/system/bin/hwservicemanager)
09-05 21:21:09.285   459   459 W HidlServiceManagement: Waited one second for android.hardware.keymaster@4.0::IKeymasterDevice/default
09-05 21:21:09.285   456   456 I hwservicemanager: Since android.hardware.keymaster@4.0::IKeymasterDevice/default is not registered, trying to start it as a lazy HAL.
09-05 21:21:09.286   459   459 I HidlServiceManagement: getService: Trying again for android.hardware.keymaster@4.0::IKeymasterDevice/default...
09-05 21:21:09.286   456   734 W libc    : Unable to set property "ctl.interface_start" to "android.hardware.keymaster@4.0::IKeymasterDevice/default": error code: 0x20
09-05 21:21:09.286   456   734 I hwservicemanager: Tried to start android.hardware.keymaster@4.0::IKeymasterDevice/default as a lazy service, but was unable to. Usually this happens when a service is not installed, but if the service is intended to be used as a lazy service, then it may be configured incorrectly.
09-05 21:21:10.128     0     0 E init    : Control message: Could not find 'android.hardware.keymaster@4.0::IKeymasterDevice/default' for ctl.interface_start from pid: 456 (/system/bin/hwservicemanager)
09-05 21:21:10.286   459   459 W HidlServiceManagement: Waited one second for android.hardware.keymaster@4.0::IKeymasterDevice/default
09-05 21:21:10.286   456   456 I hwservicemanager: Since android.hardware.keymaster@4.0::IKeymasterDevice/default is not registered, trying to start it as a lazy HAL.
09-05 21:21:10.286   459   459 I HidlServiceManagement: getService: Trying again for android.hardware.keymaster@4.0::IKeymasterDevice/default...
09-05 21:21:10.287   456   735 W libc    : Unable to set property "ctl.interface_start" to "android.hardware.keymaster@4.0::IKeymasterDevice/default": error code: 0x20
09-05 21:21:10.287   456   735 I hwservicemanager: Tried to start android.hardware.keymaster@4.0::IKeymasterDevice/default as a lazy service, but was unable to. Usually this happens when a service is not installed, but if the service is intended to be used as a lazy service, then it may be configured incorrectly.
09-05 21:21:11.129     0     0 E init    : Control message: Could not find 'android.hardware.keymaster@4.0::IKeymasterDevice/default' for ctl.interface_start from pid: 456 (/system/bin/hwservicemanager)
09-05 21:21:11.287   459   459 W HidlServiceManagement: Waited one second for android.hardware.keymaster@4.0::IKeymasterDevice/default
09-05 21:21:11.287   456   456 I hwservicemanager: Since android.hardware.keymaster@4.0::IKeymasterDevice/default is not registered, trying to start it as a lazy HAL.
09-05 21:21:11.287   459   459 I HidlServiceManagement: getService: Trying again for android.hardware.keymaster@4.0::IKeymasterDevice/default...
09-05 21:21:11.287   456   736 W libc    : Unable to set property "ctl.interface_start" to "android.hardware.keymaster@4.0::IKeymasterDevice/default": error code: 0x20
09-05 21:21:11.287   456   736 I hwservicemanager: Tried to start android.hardware.keymaster@4.0::IKeymasterDevice/default as a lazy service, but was unable to. Usually this happens when a service is not installed, but if the service is intended to be used as a lazy service, then it may be configured incorrectly.
09-05 21:21:12.129     0     0 E init    : Control message: Could not find 'android.hardware.keymaster@4.0::IKeymasterDevice/default' for ctl.interface_start from pid: 456 (/system/bin/hwservicemanager)
09-05 21:21:12.287   459   459 W HidlServiceManagement: Waited one second for android.hardware.keymaster@4.0::IKeymasterDevice/default
09-05 21:21:12.288   456   456 I hwservicemanager: Since android.hardware.keymaster@4.0::IKeymasterDevice/default is not registered, trying to start it as a lazy HAL.
09-05 21:21:12.288   459   459 I HidlServiceManagement: getService: Trying again for android.hardware.keymaster@4.0::IKeymasterDevice/default...
09-05 21:21:12.288   456   737 W libc    : Unable to set property "ctl.interface_start" to "android.hardware.keymaster@4.0::IKeymasterDevice/default": error code: 0x20
09-05 21:21:12.288   456   737 I hwservicemanager: Tried to start android.hardware.keymaster@4.0::IKeymasterDevice/default as a lazy service, but was unable to. Usually this happens when a service is not installed, but if the service is intended to be used as a lazy service, then it may be configured incorrectly.
09-05 21:21:13.130     0     0 E init    : Control message: Could not find 'android.hardware.keymaster@4.0::IKeymasterDevice/default' for ctl.interface_start from pid: 456 (/system/bin/hwservicemanager)
09-05 21:21:13.288   459   459 W HidlServiceManagement: Waited one second for android.hardware.keymaster@4.0::IKeymasterDevice/default
09-05 21:21:13.288   456   456 I hwservicemanager: Since android.hardware.keymaster@4.0::IKeymasterDevice/default is not registered, trying to start it as a lazy HAL.
09-05 21:21:13.288   459   459 I HidlServiceManagement: getService: Trying again for android.hardware.keymaster@4.0::IKeymasterDevice/default...
09-05 21:21:13.289   456   738 W libc    : Unable to set property "ctl.interface_start" to "android.hardware.keymaster@4.0::IKeymasterDevice/default": error code: 0x20
09-05 21:21:13.289   456   738 I hwservicemanager: Tried to start android.hardware.keymaster@4.0::IKeymasterDevice/default as a lazy service, but was unable to. Usually this happens when a service is not installed, but if the service is intended to be used as a lazy service, then it may be configured incorrectly.
09-05 21:21:14.131     0     0 E init    : Control message: Could not find 'android.hardware.keymaster@4.0::IKeymasterDevice/default' for ctl.interface_start from pid: 456 (/system/bin/hwservicemanager)
09-05 21:21:14.289   459   459 W HidlServiceManagement: Waited one second for android.hardware.keymaster@4.0::IKeymasterDevice/default
09-05 21:21:14.289   456   456 I hwservicemanager: Since android.hardware.keymaster@4.0::IKeymasterDevice/default is not registered, trying to start it as a lazy HAL.
09-05 21:21:14.289   459   459 I HidlServiceManagement: getService: Trying again for android.hardware.keymaster@4.0::IKeymasterDevice/default...
09-05 21:21:14.289   456   739 W libc    : Unable to set property "ctl.interface_start" to "android.hardware.keymaster@4.0::IKeymasterDevice/default": error code: 0x20
09-05 21:21:14.289   456   739 I hwservicemanager: Tried to start android.hardware.keymaster@4.0::IKeymasterDevice/default as a lazy service, but was unable to. Usually this happens when a service is not installed, but if the service is intended to be used as a lazy service, then it may be configured incorrectly.
09-05 21:21:15.131     0     0 E init    : Control message: Could not find 'android.hardware.keymaster@4.0::IKeymasterDevice/default' for ctl.interface_start from pid: 456 (/system/bin/hwservicemanager)
09-05 21:21:15.597     0     0 E i2c_geni 4a88000.i2c: i2c error :-107
09-05 21:21:15.289   459   459 W HidlServiceManagement: Waited one second for android.hardware.keymaster@4.0::IKeymasterDevice/default
