01-04 23:29:19.824     0     0 I F2FS-fs (mmcblk0p86): Magic Mismatch, valid(0xf2f52010) - read(0xb64a61e6)
01-04 23:29:19.824     0     0 E F2FS-fs (mmcblk0p86): Can't find valid F2FS filesystem in 1th superblock
01-04 23:29:19.824     0     0 I F2FS-fs (mmcblk0p86): Magic Mismatch, valid(0xf2f52010) - read(0x8913abeb)
01-04 23:29:19.824     0     0 E F2FS-fs (mmcblk0p86): Can't find valid F2FS filesystem in 2th superblock
01-04 23:29:19.832     0     0 I F2FS-fs (mmcblk0p86): Magic Mismatch, valid(0xf2f52010) - read(0xb64a61e6)
01-04 23:29:19.832     0     0 E F2FS-fs (mmcblk0p86): Can't find valid F2FS filesystem in 1th superblock
01-04 23:29:19.832     0     0 I F2FS-fs (mmcblk0p86): Magic Mismatch, valid(0xf2f52010) - read(0x8913abeb)
01-04 23:29:19.832     0     0 E F2FS-fs (mmcblk0p86): Can't find valid F2FS filesystem in 2th superblock
01-04 23:29:19.832     0     0 I F2FS-fs (mmcblk0p86): Magic Mismatch, valid(0xf2f52010) - read(0xb64a61e6)
01-04 23:29:19.832     0     0 E F2FS-fs (mmcblk0p86): Can't find valid F2FS filesystem in 1th superblock
01-04 23:29:19.832     0     0 I F2FS-fs (mmcblk0p86): Magic Mismatch, valid(0xf2f52010) - read(0x8913abeb)
01-04 23:29:19.832     0     0 E F2FS-fs (mmcblk0p86): Can't find valid F2FS filesystem in 2th superblock
01-04 23:29:19.840     0     0 I F2FS-fs (mmcblk0p86): Magic Mismatch, valid(0xf2f52010) - read(0xb64a61e6)
01-04 23:29:19.840     0     0 E F2FS-fs (mmcblk0p86): Can't find valid F2FS filesystem in 1th superblock
01-04 23:29:19.840     0     0 I F2FS-fs (mmcblk0p86): Magic Mismatch, valid(0xf2f52010) - read(0x8913abeb)
01-04 23:29:19.840     0     0 E F2FS-fs (mmcblk0p86): Can't find valid F2FS filesystem in 2th superblock
01-04 23:29:19.840     0     0 I F2FS-fs (mmcblk0p86): Magic Mismatch, valid(0xf2f52010) - read(0xb64a61e6)
01-04 23:29:19.840     0     0 E F2FS-fs (mmcblk0p86): Can't find valid F2FS filesystem in 1th superblock
01-04 23:29:19.840     0     0 I F2FS-fs (mmcblk0p86): Magic Mismatch, valid(0xf2f52010) - read(0x8913abeb)
01-04 23:29:19.840     0     0 E F2FS-fs (mmcblk0p86): Can't find valid F2FS filesystem in 2th superblock
04-03 23:42:04.265   464   464 I recovery: type=1400 audit(0.0:533): avc: denied { setattr } for name="log.gz" dev="rootfs" ino=14528 scontext=u:r:recovery:s0 tcontext=u:object_r:rootfs:s0 tclass=file permissive=1 ppid=1 pcomm="init" pgid=1 pgcomm="init"
04-03 23:42:04.265   464   464 I recovery: type=1400 audit(0.0:534): avc: denied { fsetid } for capability=4 scontext=u:r:recovery:s0 tcontext=u:r:recovery:s0 tclass=capability permissive=1 ppid=1 pcomm="init" pgid=1 pgcomm="init"
04-03 23:42:04.271   464   464 I recovery: type=1400 audit(0.0:535): avc: denied { create } for name="twadbfifo" scontext=u:r:recovery:s0 tcontext=u:object_r:tmpfs:s0 tclass=fifo_file permissive=1 ppid=1 pcomm="init" pgid=464 pgcomm="recovery"
04-03 23:42:04.271   464   464 I recovery: type=1400 audit(0.0:536): avc: denied { read } for name="twadbfifo" dev="tmpfs" ino=12362 scontext=u:r:recovery:s0 tcontext=u:object_r:tmpfs:s0 tclass=fifo_file permissive=1 ppid=1 pcomm="init" pgid=464 pgcomm="recovery"
04-03 23:42:04.271   464   464 I recovery: type=1400 audit(0.0:537): avc: denied { open } for path="/tmp/twadbfifo" dev="tmpfs" ino=12362 scontext=u:r:recovery:s0 tcontext=u:object_r:tmpfs:s0 tclass=fifo_file permissive=1 ppid=1 pcomm="init" pgid=464 pgcomm="recovery"
04-03 23:42:04.271   464   464 I recovery: type=1400 audit(0.0:538): avc: denied { ioctl } for path="/dev/block/dm-0" dev="tmpfs" ino=2363 ioctlcmd=0x5331 scontext=u:r:recovery:s0 tcontext=u:object_r:dm_device:s0 tclass=blk_file permissive=1 ppid=1 pcomm="init" pgid=1 pgcomm="init"
01-04 23:29:19.865     0     0 W EXT4-fs (dm-0): warning: mounting unchecked fs, running e2fsck is recommended
01-04 23:29:19.865     0     0 I EXT4-fs (dm-0): mounted filesystem without journal. Opts:
04-03 23:42:04.291   464   464 I recovery: type=1400 audit(0.0:539): avc: denied { ioctl } for path="/dev/block/dm-0" dev="tmpfs" ino=2363 ioctlcmd=0x5331 scontext=u:r:recovery:s0 tcontext=u:object_r:dm_device:s0 tclass=blk_file permissive=1 ppid=1 pcomm="init" pgid=1 pgcomm="init"
01-04 23:29:19.882     0     0 W EXT4-fs (dm-0): warning: mounting unchecked fs, running e2fsck is recommended
01-04 23:29:19.883     0     0 I EXT4-fs (dm-0): mounted filesystem without journal. Opts:
04-03 23:42:04.308   464   464 I recovery: type=1400 audit(0.0:540): avc: denied { ioctl } for path="/dev/block/dm-0" dev="tmpfs" ino=2363 ioctlcmd=0x5331 scontext=u:r:recovery:s0 tcontext=u:object_r:dm_device:s0 tclass=blk_file permissive=1 ppid=1 pcomm="init" pgid=1 pgcomm="init"
01-04 23:29:19.898     0     0 W EXT4-fs (dm-0): warning: mounting unchecked fs, running e2fsck is recommended
01-04 23:29:19.899     0     0 I EXT4-fs (dm-0): mounted filesystem without journal. Opts:
04-03 23:42:04.331   464   464 I recovery: type=1400 audit(0.0:541): avc: denied { unlink } for name="orsin" dev="rootfs" ino=12360 scontext=u:r:recovery:s0 tcontext=u:object_r:rootfs:s0 tclass=fifo_file permissive=1 ppid=1 pcomm="init" pgid=1 pgcomm="init"
04-03 23:42:04.331   464   464 I recovery: type=1400 audit(0.0:542): avc: denied { create } for name="orsin" scontext=u:r:recovery:s0 tcontext=u:object_r:rootfs:s0 tclass=fifo_file permissive=1 ppid=1 pcomm="init" pgid=1 pgcomm="init"
04-03 23:42:04.331   464   464 I recovery: type=1400 audit(0.0:543): avc: denied { read } for name="orsin" dev="rootfs" ino=245 scontext=u:r:recovery:s0 tcontext=u:object_r:rootfs:s0 tclass=fifo_file permissive=1 ppid=1 pcomm="init" pgid=1 pgcomm="init"
04-03 23:42:04.331   464   464 I recovery: type=1400 audit(0.0:544): avc: denied { open } for path="/system/bin/orsin" dev="rootfs" ino=245 scontext=u:r:recovery:s0 tcontext=u:object_r:rootfs:s0 tclass=fifo_file permissive=1 ppid=1 pcomm="init" pgid=1 pgcomm="init"
01-04 23:29:19.912     0     0 I F2FS-fs (mmcblk0p86): Magic Mismatch, valid(0xf2f52010) - read(0xb64a61e6)
01-04 23:29:19.912     0     0 E F2FS-fs (mmcblk0p86): Can't find valid F2FS filesystem in 1th superblock
01-04 23:29:19.912     0     0 I F2FS-fs (mmcblk0p86): Magic Mismatch, valid(0xf2f52010) - read(0x8913abeb)
01-04 23:29:19.912     0     0 E F2FS-fs (mmcblk0p86): Can't find valid F2FS filesystem in 2th superblock
01-04 23:29:19.912     0     0 I F2FS-fs (mmcblk0p86): Magic Mismatch, valid(0xf2f52010) - read(0xb64a61e6)
01-04 23:29:19.912     0     0 E F2FS-fs (mmcblk0p86): Can't find valid F2FS filesystem in 1th superblock
01-04 23:29:19.912     0     0 I F2FS-fs (mmcblk0p86): Magic Mismatch, valid(0xf2f52010) - read(0x8913abeb)
01-04 23:29:19.912     0     0 E F2FS-fs (mmcblk0p86): Can't find valid F2FS filesystem in 2th superblock
04-03 23:42:10.356   599   599 I Cryptfs : cryptfs_check_passwd
04-03 23:42:10.356   599   599 E Cryptfs : cryptfs_check_passwd not valid for file encryption
04-03 23:42:13.118   457   587 I keystore2: keystore2::watchdog: Watchdog thread idle -> terminating. Have a great day.
01-04 23:29:29.185     0     0 I pmi632_charger: somc_aicl_irq_handler: IRQ: aicl-done
01-04 23:29:29.189     0     0 I ALG     : cap_learning_update: [SOMC CL][OFF] charge_status:1 bsoc_cp:7500
01-04 23:29:30.702     0     0 I logd    : logdr: UID=0 GID=0 PID=600 b tail=0 logMask=99 pid=0 start=0ns deadline=0ns
01-04 23:29:31.242     0     0 E i2c_geni 4a88000.i2c: i2c error :-107
01-04 23:29:35.433     0     0 I logd    : logdr: UID=0 GID=0 PID=606 b tail=0 logMask=99 pid=0 start=0ns deadline=0ns
01-04 23:29:41.269     0     0 E i2c_geni 4a88000.i2c: i2c error :-107
01-04 23:29:42.230     0     0 I pmi632_charger: somc_aicl_irq_handler: IRQ: aicl-done
01-04 23:29:42.240     0     0 I ALG     : cap_learning_update: [SOMC CL][OFF] charge_status:1 bsoc_cp:7500
01-04 23:29:51.295     0     0 E i2c_geni 4a88000.i2c: i2c error :-107
01-04 23:29:55.275     0     0 I pmi632_charger: somc_aicl_irq_handler: IRQ: aicl-done
01-04 23:29:55.282     0     0 I ALG     : cap_learning_update: [SOMC CL][OFF] charge_status:1 bsoc_cp:7500
01-04 23:30:08.319     0     0 I pmi632_charger: somc_aicl_irq_handler: IRQ: aicl-done
01-04 23:30:08.329     0     0 I ALG     : cap_learning_update: [SOMC CL][OFF] charge_status:1 bsoc_cp:7500
01-04 23:30:11.349     0     0 E i2c_geni 4a88000.i2c: i2c error :-107
01-04 23:30:21.366     0     0 I pmi632_charger: somc_aicl_irq_handler: IRQ: aicl-done
01-04 23:30:21.369     0     0 I ALG     : cap_learning_update: [SOMC CL][OFF] charge_status:1 bsoc_cp:7500
01-04 23:30:21.375     0     0 E i2c_geni 4a88000.i2c: i2c error :-107
01-04 23:30:28.123     0     0 I sec_ts 1-0048: [sec_input] Before: Powerdown
01-04 23:30:28.123     0     0 I sec_ts 1-0048: [sec_input] start@79.121887931
01-04 23:30:28.123     0     0 I sec_ts 1-0048: [sec_input] sec_ts_suspend: start
01-04 23:30:28.123     0     0 I sec_ts 1-0048: [sec_input] sec_ts_stop_device: start
01-04 23:30:28.123     0     0 I sec_ts 1-0048: [sec_input] Change irq was disable
01-04 23:30:28.123     0     0 I sec_ts 1-0048: [sec_input] sec_ts_stop_device: end
01-04 23:30:28.123     0     0 I sec_ts 1-0048: [sec_input] sec_ts_suspend: end
01-04 23:30:28.123     0     0 I sec_ts 1-0048: [sec_input] end@79.121939910
01-04 23:30:28.388     0     0 I         : @@@@ panel power off @@@@
01-04 23:30:28.388     0     0 I sec_ts 1-0048: [sec_input] After: Powerdown
01-04 23:30:34.413     0     0 I pmi632_charger: somc_aicl_irq_handler: IRQ: aicl-done
01-04 23:30:34.416     0     0 I ALG     : cap_learning_update: [SOMC CL][OFF] charge_status:1 bsoc_cp:7500
01-04 23:30:38.309     0     0 W         : irq 72 handler qpnp_kpdpwr_irq+0x0/0x44 enabled interrupts
01-04 23:30:38.309     0     0 W         : ------------[ cut here ]------------
01-04 23:30:38.309     0     0 W         : WARNING: CPU: 0 PID: 0 at kernel/irq/handle.c:151 __handle_irq_event_percpu+0x224/0x2a4
01-04 23:30:38.309     0     0 W         : Modules linked in:
01-04 23:30:38.309     0     0 W         : CPU: 0 PID: 0 Comm: swapper/0 Tainted: G S              4.14.190-lineageos-g89f6642d02f0 #1
01-04 23:30:38.309     0     0 W Hardware name: Qualcomm Technologies, Inc. trinket pm6125 + pmi632 Sony Mobile Communications Inc., PDX-201(TRINKET) (DT)
01-04 23:30:38.309     0     0 W task    : 000000008ef533b6 task.stack: 0000000021e7bbce
01-04 23:30:38.309     0     0 W pc      : __handle_irq_event_percpu+0x224/0x2a4
01-04 23:30:38.309     0     0 W lr      : __handle_irq_event_percpu+0x224/0x2a4
01-04 23:30:38.309     0     0 W sp      : ffffff8008003d80 pstate : 60400145
01-04 23:30:38.309     0     0 W         : x29: ffffff8008003d90 x28: ffffff9046a2d018
01-04 23:30:38.309     0     0 W         : x27: 0000000000000140 x26: 0000000000000001
01-04 23:30:38.309     0     0 W         : x25: ffffff9046de3fc0 x24: ffffff9046df2a80
01-04 23:30:38.309     0     0 W         : x23: 0000000000000048 x22: ffffff8008003df4
01-04 23:30:38.309     0     0 W         : x21: ffffffca3a589e80 x20: ffffff9046fed000
01-04 23:30:38.309     0     0 W         : x19: 0000000000000000 x18: 00000000ffff0a10
01-04 23:30:38.309     0     0 W         : x17: 00000000fffe5278 x16: 00000000000000f4
01-04 23:30:38.309     0     0 W         : x15: ffffff9045eef014 x14: 00000000341555ac
01-04 23:30:38.309     0     0 W         : x13: 002b9d6b40e0ea0d x12: 0000000000000000
01-04 23:30:38.309     0     0 W         : x11: 0000000000000000 x10: 0000000000000001
01-04 23:30:38.309     0     0 W         : x9 : bc1ef3fcbae41700 x8 : bc1ef3fcbae41700
01-04 23:30:38.309     0     0 W         : x7 : 0000000000000000 x6 : ffffff90471282e6
01-04 23:30:38.309     0     0 W         : x5 : ffffff9046e0a000 x4 : 0000000000000008
01-04 23:30:38.309     0     0 W         : x3 : 0000000000000000 x2 : 0000000000000001
01-04 23:30:38.309     0     0 W         : x1 : 0000000000000008 x0 : 000000000000003a
01-04 23:30:38.309     0     0 W PC      : 0xffffff9044d2ba60:
01-04 23:30:38.309     0     0 W         : ba60  f9800111 885f7d09 11000529 880a7d09 35ffffaa f94016a0 97ff1593 17ffff95
01-04 23:30:38.309     0     0 W         : ba80  d0011608 52800029 391f7909 f94002a2 9000cd80 91088800 2a1703e1 97ffeada
01-04 23:30:38.309     0     0 W         : baa0  d4210000 17ffffdb d50342df 7100075f 54fffb61 17ffff87 910102a1 52800020
01-04 23:30:38.309     0     0 W         : bac0  9446c439 35fff0e0 f9402aa2 9000cd80 910dc400 2a1703e1 97ffeacb 17ffff81
01-04 23:30:38.310     0     0 W LR      : 0xffffff9044d2ba60:
01-04 23:30:38.310     0     0 W         : ba60  f9800111 885f7d09 11000529 880a7d09 35ffffaa f94016a0 97ff1593 17ffff95
01-04 23:30:38.310     0     0 W         : ba80  d0011608 52800029 391f7909 f94002a2 9000cd80 91088800 2a1703e1 97ffeada
01-04 23:30:38.310     0     0 W         : baa0  d4210000 17ffffdb d50342df 7100075f 54fffb61 17ffff87 910102a1 52800020
01-04 23:30:38.310     0     0 W         : bac0  9446c439 35fff0e0 f9402aa2 9000cd80 910dc400 2a1703e1 97ffeacb 17ffff81
01-04 23:30:38.310     0     0 W SP      : 0xffffff8008003d40:
01-04 23:30:38.310     0     0 W         : 3d40  44d2baa0 ffffff90 60400145 00000000 ffffffc8 ffffff80 bae41700 bc1ef3fc
01-04 23:30:38.310     0     0 W         : 3d60  ffffffff 0000007f 44d2baa0 ffffff90 08003d90 ffffff80 44d2baa0 ffffff90
01-04 23:30:38.310     0     0 W         : 3d80  00000140 00000140 3a000e00 ffffffca 08003e00 ffffff80 44d2bc00 ffffff90
01-04 23:30:38.310     0     0 W         : 3da0  00800070 00000000 00000000 00000000 3a70158a ffffffca 00000000 00000000
01-04 23:30:38.310     0     0 W Call trace:  
01-04 23:30:38.310     0     0 W         : __handle_irq_event_percpu+0x224/0x2a4
01-04 23:30:38.310     0     0 W         : handle_irq_event+0x5c/0xd0
01-04 23:30:38.310     0     0 W         : handle_edge_irq+0x108/0x23c
01-04 23:30:38.310     0     0 W         : generic_handle_irq+0x24/0x3c
01-04 23:30:38.310     0     0 W         : periph_interrupt+0x74/0x118
01-04 23:30:38.310     0     0 W         : pmic_arb_chained_irq+0x148/0x224
01-04 23:30:38.310     0     0 W         : __handle_domain_irq+0x7c/0xbc
01-04 23:30:38.310     0     0 W         : gic_handle_irq+0x14c/0x1bc
01-04 23:30:38.310     0     0 W         : el1_irq+0xe8/0x18c
01-04 23:30:38.310     0     0 W         : lpm_cpuidle_enter+0x490/0x4d4
01-04 23:30:38.310     0     0 W         : cpuidle_enter_state+0x1b8/0x32c
01-04 23:30:38.310     0     0 W         : cpuidle_enter+0x18/0x20
01-04 23:30:38.310     0     0 W         : do_idle+0x1d0/0x26c
01-04 23:30:38.310     0     0 W         : cpu_startup_entry+0x20/0x24
01-04 23:30:38.310     0     0 W         : rest_init+0xd0/0xdc
01-04 23:30:38.310     0     0 W         : start_kernel+0x4f4/0x56c
01-04 23:30:38.310     0     0 W         : ---[ end trace 85222c38c5f3dd64 ]---
01-04 23:30:38.453     0     0 I dsi-ctrl: [_dsi_ctrl_setup_isr] [DSI_0] IRQ 222 registered
01-04 23:30:38.453     0     0 I sec_ts 1-0048: [sec_input] Before: Unblank
01-04 23:30:38.486     0     0 I         : @@@@ panel power on @@@@
01-04 23:30:38.608     0     0 I sec_ts 1-0048: [sec_input] After: Unblank
01-04 23:30:38.608     0     0 I sec_ts 1-0048: [sec_input] start@89.606554132
01-04 23:30:38.608     0     0 I sec_ts 1-0048: [sec_input] sec_ts_resume: start
01-04 23:30:38.608     0     0 I sec_ts 1-0048: [sec_input] sec_ts_start_device: start
01-04 23:30:38.608     0     0 E dsi_panel_driver_oled_short_det_handler: VREG_NG interrupt!
01-04 23:30:38.679     0     0 I sec_ts 1-0048: [sec_input] sec_ts_wait_for_ready: 09, 00, 10, 00, 00, 00, 00, 00 [0]
01-04 23:30:38.679     0     0 I sec_ts 1-0048: [sec_input] sec_ts_feature_settings: start
01-04 23:30:38.679     0     0 I sec_ts 1-0048: [sec_input] sec_ts_feature_settings: cover open, not send cmd
01-04 23:30:38.680     0     0 I sec_ts 1-0048: [sec_input] sec_ts_feature_settings: cover:0, glove:97, side:255, stamina:0, doze timeout:249
01-04 23:30:38.680     0     0 I sec_ts 1-0048: [sec_input] sec_ts_feature_settings: success
01-04 23:30:38.680     0     0 I sec_ts 1-0048: [sec_input] sec_ts_set_grip_type: re-init grip(0), edh:0, edg:0, lan:0
01-04 23:30:38.680     0     0 I sec_ts 1-0048: [sec_input] Change irq enabled
01-04 23:30:38.680     0     0 I sec_ts 1-0048: [sec_input] sec_ts_start_device: end
01-04 23:30:38.680     0     0 I sec_ts 1-0048: [sec_input] sec_ts_resume: end
01-04 23:30:38.680     0     0 I sec_ts 1-0048: [sec_input] end@89.678946431
01-04 23:30:39.864     0     0 I F2FS-fs (mmcblk0p86): Magic Mismatch, valid(0xf2f52010) - read(0xb64a61e6)
01-04 23:30:39.864     0     0 E F2FS-fs (mmcblk0p86): Can't find valid F2FS filesystem in 1th superblock
01-04 23:30:39.864     0     0 I F2FS-fs (mmcblk0p86): Magic Mismatch, valid(0xf2f52010) - read(0x8913abeb)
01-04 23:30:39.864     0     0 E F2FS-fs (mmcblk0p86): Can't find valid F2FS filesystem in 2th superblock
01-04 23:30:39.864     0     0 I F2FS-fs (mmcblk0p86): Magic Mismatch, valid(0xf2f52010) - read(0xb64a61e6)
01-04 23:30:39.864     0     0 E F2FS-fs (mmcblk0p86): Can't find valid F2FS filesystem in 1th superblock
01-04 23:30:39.864     0     0 I F2FS-fs (mmcblk0p86): Magic Mismatch, valid(0xf2f52010) - read(0x8913abeb)
01-04 23:30:39.864     0     0 E F2FS-fs (mmcblk0p86): Can't find valid F2FS filesystem in 2th superblock
01-04 23:30:39.874     0     0 I EXT4-fs (mmcblk0p84): mounted filesystem with ordered data mode. Opts:
04-03 23:43:24.305   464   464 I recovery: type=1400 audit(0.0:545): avc: denied { getattr } for path="/persist" dev="mmcblk0p2" ino=2 scontext=u:r:recovery:s0 tcontext=u:object_r:mnt_vendor_file:s0 tclass=dir permissive=1 ppid=1 pcomm="init" pgid=464 pgcomm="recovery"
01-04 23:30:39.887     0     0 I EXT4-fs (mmcblk0p2): mounted filesystem with ordered data mode. Opts:
04-03 23:43:24.308   464   464 I recovery: type=1400 audit(0.0:546): avc: denied { ioctl } for path="/dev/block/dm-1" dev="tmpfs" ino=2368 ioctlcmd=0x5331 scontext=u:r:recovery:s0 tcontext=u:object_r:dm_device:s0 tclass=blk_file permissive=1 ppid=1 pcomm="init" pgid=464 pgcomm="recovery"
01-04 23:30:39.901     0     0 I EXT4-fs (dm-1): mounted filesystem without journal. Opts:
04-03 23:43:24.321   464   464 I recovery: type=1400 audit(0.0:547): avc: denied { ioctl } for path="/dev/block/dm-1" dev="tmpfs" ino=2368 ioctlcmd=0x1260 scontext=u:r:recovery:s0 tcontext=u:object_r:dm_device:s0 tclass=blk_file permissive=1 ppid=1 pcomm="init" pgid=464 pgcomm="recovery"
04-03 23:43:24.321   464   464 I recovery: type=1400 audit(0.0:548): avc: denied { ioctl } for path="/dev/block/dm-0" dev="tmpfs" ino=2363 ioctlcmd=0x5331 scontext=u:r:recovery:s0 tcontext=u:object_r:dm_device:s0 tclass=blk_file permissive=1 ppid=1 pcomm="init" pgid=464 pgcomm="recovery"
01-04 23:30:39.913     0     0 I EXT4-fs (dm-0): mounted filesystem without journal. Opts:
04-03 23:43:24.335   464   464 I recovery: type=1400 audit(0.0:549): avc: denied { ioctl } for path="/dev/block/dm-0" dev="tmpfs" ino=2363 ioctlcmd=0x5331 scontext=u:r:recovery:s0 tcontext=u:object_r:dm_device:s0 tclass=blk_file permissive=1 ppid=1 pcomm="init" pgid=464 pgcomm="recovery"
01-04 23:30:39.928     0     0 W EXT4-fs (dm-0): warning: mounting unchecked fs, running e2fsck is recommended
01-04 23:30:39.929     0     0 I EXT4-fs (dm-0): mounted filesystem without journal. Opts:
04-03 23:43:24.355   464   464 I recovery: type=1400 audit(0.0:550): avc: denied { ioctl } for path="/dev/block/dm-3" dev="tmpfs" ino=2374 ioctlcmd=0x5331 scontext=u:r:recovery:s0 tcontext=u:object_r:dm_device:s0 tclass=blk_file permissive=1 ppid=1 pcomm="init" pgid=464 pgcomm="recovery"
01-04 23:30:39.945     0     0 I EXT4-fs (dm-3): mounted filesystem without journal. Opts:
01-04 23:30:39.955     0     0 I F2FS-fs (mmcblk0p86): Magic Mismatch, valid(0xf2f52010) - read(0xb64a61e6)
01-04 23:30:39.955     0     0 E F2FS-fs (mmcblk0p86): Can't find valid F2FS filesystem in 1th superblock
01-04 23:30:39.955     0     0 I F2FS-fs (mmcblk0p86): Magic Mismatch, valid(0xf2f52010) - read(0x8913abeb)
01-04 23:30:39.955     0     0 E F2FS-fs (mmcblk0p86): Can't find valid F2FS filesystem in 2th superblock
01-04 23:30:39.955     0     0 I F2FS-fs (mmcblk0p86): Magic Mismatch, valid(0xf2f52010) - read(0xb64a61e6)
01-04 23:30:39.955     0     0 E F2FS-fs (mmcblk0p86): Can't find valid F2FS filesystem in 1th superblock
01-04 23:30:39.955     0     0 I F2FS-fs (mmcblk0p86): Magic Mismatch, valid(0xf2f52010) - read(0x8913abeb)
01-04 23:30:39.955     0     0 E F2FS-fs (mmcblk0p86): Can't find valid F2FS filesystem in 2th superblock
01-04 23:30:41.382     0     0 I F2FS-fs (mmcblk0p86): Magic Mismatch, valid(0xf2f52010) - read(0xb64a61e6)
01-04 23:30:41.382     0     0 E F2FS-fs (mmcblk0p86): Can't find valid F2FS filesystem in 1th superblock
01-04 23:30:41.382     0     0 I F2FS-fs (mmcblk0p86): Magic Mismatch, valid(0xf2f52010) - read(0x8913abeb)
01-04 23:30:41.382     0     0 E F2FS-fs (mmcblk0p86): Can't find valid F2FS filesystem in 2th superblock
01-04 23:30:41.383     0     0 I F2FS-fs (mmcblk0p86): Magic Mismatch, valid(0xf2f52010) - read(0xb64a61e6)
01-04 23:30:41.383     0     0 E F2FS-fs (mmcblk0p86): Can't find valid F2FS filesystem in 1th superblock
01-04 23:30:41.383     0     0 I F2FS-fs (mmcblk0p86): Magic Mismatch, valid(0xf2f52010) - read(0x8913abeb)
01-04 23:30:41.383     0     0 E F2FS-fs (mmcblk0p86): Can't find valid F2FS filesystem in 2th superblock
01-04 23:30:41.934     0     0 I F2FS-fs (mmcblk0p86): Magic Mismatch, valid(0xf2f52010) - read(0xb64a61e6)
01-04 23:30:41.934     0     0 E F2FS-fs (mmcblk0p86): Can't find valid F2FS filesystem in 1th superblock
01-04 23:30:41.934     0     0 I F2FS-fs (mmcblk0p86): Magic Mismatch, valid(0xf2f52010) - read(0x8913abeb)
01-04 23:30:41.934     0     0 E F2FS-fs (mmcblk0p86): Can't find valid F2FS filesystem in 2th superblock
01-04 23:30:41.934     0     0 I F2FS-fs (mmcblk0p86): Magic Mismatch, valid(0xf2f52010) - read(0xb64a61e6)
01-04 23:30:41.934     0     0 E F2FS-fs (mmcblk0p86): Can't find valid F2FS filesystem in 1th superblock
01-04 23:30:41.934     0     0 I F2FS-fs (mmcblk0p86): Magic Mismatch, valid(0xf2f52010) - read(0x8913abeb)
01-04 23:30:41.934     0     0 E F2FS-fs (mmcblk0p86): Can't find valid F2FS filesystem in 2th superblock
01-04 23:30:42.233     0     0 I F2FS-fs (mmcblk0p86): Magic Mismatch, valid(0xf2f52010) - read(0xb64a61e6)
01-04 23:30:42.233     0     0 E F2FS-fs (mmcblk0p86): Can't find valid F2FS filesystem in 1th superblock
01-04 23:30:42.233     0     0 I F2FS-fs (mmcblk0p86): Magic Mismatch, valid(0xf2f52010) - read(0x8913abeb)
01-04 23:30:42.233     0     0 E F2FS-fs (mmcblk0p86): Can't find valid F2FS filesystem in 2th superblock
01-04 23:30:42.234     0     0 I F2FS-fs (mmcblk0p86): Magic Mismatch, valid(0xf2f52010) - read(0xb64a61e6)
01-04 23:30:42.234     0     0 E F2FS-fs (mmcblk0p86): Can't find valid F2FS filesystem in 1th superblock
01-04 23:30:42.234     0     0 I F2FS-fs (mmcblk0p86): Magic Mismatch, valid(0xf2f52010) - read(0x8913abeb)
01-04 23:30:42.234     0     0 E F2FS-fs (mmcblk0p86): Can't find valid F2FS filesystem in 2th superblock
01-04 23:30:42.585     0     0 I EXT4-fs (mmcblk0p84): mounted filesystem with ordered data mode. Opts:
01-04 23:30:42.870     0     0 W EXT4-fs (mmcblk0p2): warning: maximal mount count reached, running e2fsck is recommended
01-04 23:30:42.871     0     0 I EXT4-fs (mmcblk0p2): mounted filesystem with ordered data mode. Opts:
04-03 23:43:27.535   464   464 I recovery: type=1400 audit(0.0:551): avc: denied { ioctl } for path="/dev/block/dm-1" dev="tmpfs" ino=2368 ioctlcmd=0x5331 scontext=u:r:recovery:s0 tcontext=u:object_r:dm_device:s0 tclass=blk_file permissive=1 ppid=1 pcomm="init" pgid=1 pgcomm="init"
01-04 23:30:43.128     0     0 W EXT4-fs (dm-1): warning: mounting unchecked fs, running e2fsck is recommended
01-04 23:30:43.129     0     0 I EXT4-fs (dm-1): mounted filesystem without journal. Opts:
04-03 23:43:28.001   464   464 I recovery: type=1400 audit(0.0:552): avc: denied { ioctl } for path="/dev/block/dm-0" dev="tmpfs" ino=2363 ioctlcmd=0x5331 scontext=u:r:recovery:s0 tcontext=u:object_r:dm_device:s0 tclass=blk_file permissive=1 ppid=1 pcomm="init" pgid=1 pgcomm="init"
01-04 23:30:43.597     0     0 W EXT4-fs (dm-0): warning: mounting unchecked fs, running e2fsck is recommended
01-04 23:30:43.598     0     0 I EXT4-fs (dm-0): mounted filesystem without journal. Opts:
04-03 23:43:28.598   464   464 I recovery: type=1400 audit(0.0:553): avc: denied { ioctl } for path="/dev/block/dm-3" dev="tmpfs" ino=2374 ioctlcmd=0x5331 scontext=u:r:recovery:s0 tcontext=u:object_r:dm_device:s0 tclass=blk_file permissive=1 ppid=1 pcomm="init" pgid=1 pgcomm="init"
01-04 23:30:44.190     0     0 W EXT4-fs (dm-3): warning: mounting unchecked fs, running e2fsck is recommended
01-04 23:30:44.191     0     0 I EXT4-fs (dm-3): mounted filesystem without journal. Opts:
01-04 23:30:47.458     0     0 I pmi632_charger: somc_aicl_irq_handler: IRQ: aicl-done
01-04 23:30:47.464     0     0 I ALG     : cap_learning_update: [SOMC CL][OFF] charge_status:1 bsoc_cp:7500
04-03 23:43:38.501   464   464 I recovery: type=1400 audit(0.0:554): avc: denied { write } for name="orsout" dev="rootfs" ino=246 scontext=u:r:recovery:s0 tcontext=u:object_r:rootfs:s0 tclass=fifo_file permissive=1 ppid=1 pcomm="init" pgid=1 pgcomm="init"
04-03 23:43:38.501   464   464 I recovery: type=1400 audit(0.0:555): avc: denied { getattr } for path="/system/bin/orsout" dev="rootfs" ino=246 scontext=u:r:recovery:s0 tcontext=u:object_r:rootfs:s0 tclass=fifo_file permissive=1 ppid=1 pcomm="init" pgid=464 pgcomm="recovery"
04-03 23:43:39.507   630   630 I Cryptfs : cryptfs_check_passwd
04-03 23:43:39.508   630   630 E Cryptfs : cryptfs_check_passwd not valid for file encryption
01-04 23:30:58.709     0     0 E i2c_geni 4a88000.i2c: i2c error :-107
01-04 23:31:00.503     0     0 I pmi632_charger: somc_aicl_irq_handler: IRQ: aicl-done
01-04 23:31:00.507     0     0 I ALG     : cap_learning_update: [SOMC CL][OFF] charge_status:1 bsoc_cp:7500
01-04 23:31:08.736     0     0 E i2c_geni 4a88000.i2c: i2c error :-107
01-04 23:31:12.243     0     0 I pmi632_charger: usb_source_change_irq_handler: APSD_STATUS = 0x11
01-04 23:31:12.243     0     0 I pmi632_charger: smblib_handle_apsd_done: IRQ: apsd-done rising; SDP detected
01-04 23:31:12.243     0     0 I pmi632_charger: smblib_handle_hvdcp_detect_done: IRQ: hvdcp-detect-done falling
01-04 23:31:12.243     0     0 I pmi632_charger: smblib_handle_hvdcp_check_timeout: IRQ: smblib_handle_hvdcp_check_timeout falling
01-04 23:31:12.243     0     0 I pmi632_charger: smblib_handle_sdp_enumeration_done: IRQ: sdp-enumeration-done rising
01-04 23:31:12.243     0     0 I pmi632_charger: smblib_handle_slow_plugin_timeout: IRQ: slow-plugin-timeout falling
01-04 23:31:12.243     0     0 I pmi632_charger: usb_source_change_irq_handler: APSD_STATUS = 0x11
01-04 23:31:12.273     0     0 I ALG     : cap_learning_update: [SOMC CL][OFF] charge_status:1 bsoc_cp:7500
01-04 23:31:13.548     0     0 I pmi632_charger: somc_aicl_irq_handler: IRQ: aicl-done
01-04 23:31:13.551     0     0 I ALG     : cap_learning_update: [SOMC CL][OFF] charge_status:1 bsoc_cp:7500
01-04 23:31:18.762     0     0 E i2c_geni 4a88000.i2c: i2c error :-107
01-04 23:31:26.593     0     0 I pmi632_charger: somc_aicl_irq_handler: IRQ: aicl-done
01-04 23:31:26.597     0     0 I ALG     : cap_learning_update: [SOMC CL][OFF] charge_status:1 bsoc_cp:7500
01-04 23:31:28.789     0     0 E i2c_geni 4a88000.i2c: i2c error :-107
01-04 23:31:38.816     0     0 E i2c_geni 4a88000.i2c: i2c error :-107
01-04 23:31:39.638     0     0 I pmi632_charger: somc_aicl_irq_handler: IRQ: aicl-done
01-04 23:31:39.642     0     0 I ALG     : cap_learning_update: [SOMC CL][OFF] charge_status:1 bsoc_cp:7500
01-04 23:31:48.842     0     0 E i2c_geni 4a88000.i2c: i2c error :-107
01-04 23:31:52.684     0     0 I pmi632_charger: somc_aicl_irq_handler: IRQ: aicl-done
01-04 23:31:52.687     0     0 I ALG     : cap_learning_update: [SOMC CL][OFF] charge_status:1 bsoc_cp:7500
01-04 23:31:57.278     0     0 I sec_ts 1-0048: [sec_input] Before: Powerdown
01-04 23:31:57.278     0     0 I sec_ts 1-0048: [sec_input] start@168.276844834
01-04 23:31:57.278     0     0 I sec_ts 1-0048: [sec_input] sec_ts_suspend: start
01-04 23:31:57.278     0     0 I sec_ts 1-0048: [sec_input] sec_ts_stop_device: start
01-04 23:31:57.278     0     0 I sec_ts 1-0048: [sec_input] Change irq was disable
01-04 23:31:57.278     0     0 I sec_ts 1-0048: [sec_input] sec_ts_stop_device: end
01-04 23:31:57.278     0     0 I sec_ts 1-0048: [sec_input] sec_ts_suspend: end
01-04 23:31:57.278     0     0 I sec_ts 1-0048: [sec_input] end@168.276896188
01-04 23:31:57.543     0     0 I         : @@@@ panel power off @@@@
01-04 23:31:57.543     0     0 I sec_ts 1-0048: [sec_input] After: Powerdown
01-04 23:32:05.729     0     0 I pmi632_charger: somc_aicl_irq_handler: IRQ: aicl-done
01-04 23:32:05.732     0     0 I ALG     : cap_learning_update: [SOMC CL][OFF] charge_status:1 bsoc_cp:7500
01-04 23:32:18.774     0     0 I pmi632_charger: somc_aicl_irq_handler: IRQ: aicl-done
01-04 23:32:18.789     0     0 I ALG     : cap_learning_update: [SOMC CL][OFF] charge_status:1 bsoc_cp:7500
01-04 23:32:31.819     0     0 I pmi632_charger: somc_aicl_irq_handler: IRQ: aicl-done
01-04 23:32:31.822     0     0 I ALG     : cap_learning_update: [SOMC CL][OFF] charge_status:1 bsoc_cp:7500
01-04 23:32:44.864     0     0 I pmi632_charger: somc_aicl_irq_handler: IRQ: aicl-done
01-04 23:32:44.867     0     0 I ALG     : cap_learning_update: [SOMC CL][OFF] charge_status:1 bsoc_cp:7500
01-04 23:32:57.908     0     0 I pmi632_charger: somc_aicl_irq_handler: IRQ: aicl-done
01-04 23:32:57.912     0     0 I ALG     : cap_learning_update: [SOMC CL][OFF] charge_status:1 bsoc_cp:7500
01-04 23:33:10.953     0     0 I pmi632_charger: somc_aicl_irq_handler: IRQ: aicl-done
01-04 23:33:10.967     0     0 I ALG     : cap_learning_update: [SOMC CL][OFF] charge_status:1 bsoc_cp:7500
01-04 23:33:23.999     0     0 I pmi632_charger: somc_aicl_irq_handler: IRQ: aicl-done
01-04 23:33:24.016     0     0 I ALG     : cap_learning_update: [SOMC CL][OFF] charge_status:1 bsoc_cp:7500
01-04 23:33:37.045     0     0 I pmi632_charger: somc_aicl_irq_handler: IRQ: aicl-done
01-04 23:33:37.048     0     0 I ALG     : cap_learning_update: [SOMC CL][OFF] charge_status:1 bsoc_cp:7500
01-04 23:33:50.091     0     0 I pmi632_charger: somc_aicl_irq_handler: IRQ: aicl-done
01-04 23:33:50.095     0     0 I ALG     : cap_learning_update: [SOMC CL][OFF] charge_status:1 bsoc_cp:7500
01-04 23:34:03.138     0     0 I pmi632_charger: somc_aicl_irq_handler: IRQ: aicl-done
01-04 23:34:03.142     0     0 I ALG     : cap_learning_update: [SOMC CL][OFF] charge_status:1 bsoc_cp:7500
01-04 23:34:16.184     0     0 I pmi632_charger: somc_aicl_irq_handler: IRQ: aicl-done
01-04 23:34:16.192     0     0 I ALG     : cap_learning_update: [SOMC CL][OFF] charge_status:1 bsoc_cp:7500
01-04 23:34:22.654     0     0 E servloc : init_service_locator: init_service_locator: wait for locator service timed out
01-04 23:34:22.654     0     0 E servloc : pd_locator_work: Unable to connect to service locator!, rc = -62
01-04 23:34:22.654     0     0 I audio_notifer_reg_service: service SSR_ADSP is in use
01-04 23:34:22.654     0     0 E servloc : pd_locator_work: Unable to connect to service locator!, rc = -62
01-04 23:34:22.654     0     0 E servloc : pd_locator_work: Unable to connect to service locator!, rc = -62
01-04 23:34:22.654     0     0 E ADSPRPC : Audio PD restart notifier locator down
01-04 23:34:22.654     0     0 E servloc : pd_locator_work: Unable to connect to service locator!, rc = -62
01-04 23:34:22.654     0     0 E servloc : pd_locator_work: Unable to connect to service locator!, rc = -62
01-04 23:34:22.654     0     0 E ADSPRPC : Audio PD restart notifier locator down
01-04 23:34:29.230     0     0 I pmi632_charger: somc_aicl_irq_handler: IRQ: aicl-done
01-04 23:34:29.235     0     0 I ALG     : cap_learning_update: [SOMC CL][OFF] charge_status:1 bsoc_cp:7500
01-04 23:34:42.276     0     0 I pmi632_charger: somc_aicl_irq_handler: IRQ: aicl-done
01-04 23:34:42.280     0     0 I ALG     : cap_learning_update: [SOMC CL][OFF] charge_status:1 bsoc_cp:7500
