01-01 14:35:37.326   463   463 I recovery: type=1400 audit(0.0:316): avc: denied { getattr } for path="/dev/__properties__/u:object_r:tombstone_config_prop:s0" dev="tmpfs" ino=9879 scontext=u:r:recovery:s0 tcontext=u:object_r:tombstone_config_prop:s0 tclass=file permissive=1 ppid=1 pcomm="init" pgid=1 pgcomm="init"
01-01 14:35:37.326   463   463 I recovery: type=1400 audit(0.0:317): avc: denied { map } for path="/dev/__properties__/u:object_r:tombstone_config_prop:s0" dev="tmpfs" ino=9879 scontext=u:r:recovery:s0 tcontext=u:object_r:tombstone_config_prop:s0 tclass=file permissive=1 ppid=1 pcomm="init" pgid=1 pgcomm="init"
01-01 14:35:37.326   463   463 I recovery: type=1400 audit(0.0:318): avc: denied { open } for path="/dev/__properties__/u:object_r:traced_enabled_prop:s0" dev="tmpfs" ino=9880 scontext=u:r:recovery:s0 tcontext=u:object_r:traced_enabled_prop:s0 tclass=file permissive=1 ppid=1 pcomm="init" pgid=1 pgcomm="init"
01-01 14:35:37.346   463   463 I recovery: [libfs_mgr]Created logical partition system_ext_b on device /dev/block/dm-5
01-01 14:35:37.326   463   463 I recovery: type=1400 audit(0.0:319): avc: denied { getattr } for path="/dev/__properties__/u:object_r:traced_enabled_prop:s0" dev="tmpfs" ino=9880 scontext=u:r:recovery:s0 tcontext=u:object_r:traced_enabled_prop:s0 tclass=file permissive=1 ppid=1 pcomm="init" pgid=1 pgcomm="init"
01-01 14:35:37.326   463   463 I recovery: type=1400 audit(0.0:320): avc: denied { map } for path="/dev/__properties__/u:object_r:traced_enabled_prop:s0" dev="tmpfs" ino=9880 scontext=u:r:recovery:s0 tcontext=u:object_r:traced_enabled_prop:s0 tclass=file permissive=1 ppid=1 pcomm="init" pgid=1 pgcomm="init"
01-01 14:35:37.326   463   463 I recovery: type=1400 audit(0.0:321): avc: denied { open } for path="/dev/__properties__/u:object_r:traced_lazy_prop:s0" dev="tmpfs" ino=9881 scontext=u:r:recovery:s0 tcontext=u:object_r:traced_lazy_prop:s0 tclass=file permissive=1 ppid=1 pcomm="init" pgid=1 pgcomm="init"
01-01 14:35:37.326   463   463 I recovery: type=1400 audit(0.0:322): avc: denied { getattr } for path="/dev/__properties__/u:object_r:traced_lazy_prop:s0" dev="tmpfs" ino=9881 scontext=u:r:recovery:s0 tcontext=u:object_r:traced_lazy_prop:s0 tclass=file permissive=1 ppid=1 pcomm="init" pgid=1 pgcomm="init"
01-01 14:35:37.326   463   463 I recovery: type=1400 audit(0.0:323): avc: denied { map } for path="/dev/__properties__/u:object_r:traced_lazy_prop:s0" dev="tmpfs" ino=9881 scontext=u:r:recovery:s0 tcontext=u:object_r:traced_lazy_prop:s0 tclass=file permissive=1 ppid=1 pcomm="init" pgid=1 pgcomm="init"
01-01 14:35:37.326   463   463 I recovery: type=1400 audit(0.0:324): avc: denied { open } for path="/dev/__properties__/u:object_r:traced_perf_enabled_prop:s0" dev="tmpfs" ino=9882 scontext=u:r:recovery:s0 tcontext=u:object_r:traced_perf_enabled_prop:s0 tclass=file permissive=1 ppid=1 pcomm="init" pgid=1 pgcomm="init"
01-01 14:35:37.326   463   463 I recovery: type=1400 audit(0.0:325): avc: denied { getattr } for path="/dev/__properties__/u:object_r:traced_perf_enabled_prop:s0" dev="tmpfs" ino=9882 scontext=u:r:recovery:s0 tcontext=u:object_r:traced_perf_enabled_prop:s0 tclass=file permissive=1 ppid=1 pcomm="init" pgid=1 pgcomm="init"
01-01 14:35:37.326   463   463 I recovery: type=1400 audit(0.0:326): avc: denied { map } for path="/dev/__properties__/u:object_r:traced_perf_enabled_prop:s0" dev="tmpfs" ino=9882 scontext=u:r:recovery:s0 tcontext=u:object_r:traced_perf_enabled_prop:s0 tclass=file permissive=1 ppid=1 pcomm="init" pgid=1 pgcomm="init"
01-01 14:35:37.326   463   463 I recovery: type=1400 audit(0.0:327): avc: denied { open } for path="/dev/__properties__/u:object_r:userspace_reboot_exported_prop:s0" dev="tmpfs" ino=9888 scontext=u:r:recovery:s0 tcontext=u:object_r:userspace_reboot_exported_prop:s0 tclass=file permissive=1 ppid=1 pcomm="init" pgid=1 pgcomm="init"
01-01 14:35:37.326   463   463 I recovery: type=1400 audit(0.0:328): avc: denied { getattr } for path="/dev/__properties__/u:object_r:userspace_reboot_exported_prop:s0" dev="tmpfs" ino=9888 scontext=u:r:recovery:s0 tcontext=u:object_r:userspace_reboot_exported_prop:s0 tclass=file permissive=1 ppid=1 pcomm="init" pgid=1 pgcomm="init"
01-01 14:35:37.326   463   463 I recovery: type=1400 audit(0.0:329): avc: denied { map } for path="/dev/__properties__/u:object_r:userspace_reboot_exported_prop:s0" dev="tmpfs" ino=9888 scontext=u:r:recovery:s0 tcontext=u:object_r:userspace_reboot_exported_prop:s0 tclass=file permissive=1 ppid=1 pcomm="init" pgid=1 pgcomm="init"
01-01 14:35:37.326   463   463 I recovery: type=1400 audit(0.0:330): avc: denied { open } for path="/dev/__properties__/u:object_r:userspace_reboot_log_prop:s0" dev="tmpfs" ino=9889 scontext=u:r:recovery:s0 tcontext=u:object_r:userspace_reboot_log_prop:s0 tclass=file permissive=1 ppid=1 pcomm="init" pgid=1 pgcomm="init"
01-01 14:35:37.326   463   463 I recovery: type=1400 audit(0.0:331): avc: denied { getattr } for path="/dev/__properties__/u:object_r:userspace_reboot_log_prop:s0" dev="tmpfs" ino=9889 scontext=u:r:recovery:s0 tcontext=u:object_r:userspace_reboot_log_prop:s0 tclass=file permissive=1 ppid=1 pcomm="init" pgid=1 pgcomm="init"
01-01 14:35:37.326   463   463 I recovery: type=1400 audit(0.0:332): avc: denied { map } for path="/dev/__properties__/u:object_r:userspace_reboot_log_prop:s0" dev="tmpfs" ino=9889 scontext=u:r:recovery:s0 tcontext=u:object_r:userspace_reboot_log_prop:s0 tclass=file permissive=1 ppid=1 pcomm="init" pgid=1 pgcomm="init"
01-01 14:35:37.326   463   463 I recovery: type=1400 audit(0.0:333): avc: denied { open } for path="/dev/__properties__/u:object_r:userspace_reboot_test_prop:s0" dev="tmpfs" ino=9890 scontext=u:r:recovery:s0 tcontext=u:object_r:userspace_reboot_test_prop:s0 tclass=file permissive=1 ppid=1 pcomm="init" pgid=1 pgcomm="init"
01-01 14:35:37.326   463   463 I recovery: type=1400 audit(0.0:334): avc: denied { getattr } for path="/dev/__properties__/u:object_r:userspace_reboot_test_prop:s0" dev="tmpfs" ino=9890 scontext=u:r:recovery:s0 tcontext=u:object_r:userspace_reboot_test_prop:s0 tclass=file permissive=1 ppid=1 pcomm="init" pgid=1 pgcomm="init"
01-01 14:35:37.326   463   463 I recovery: type=1400 audit(0.0:335): avc: denied { map } for path="/dev/__properties__/u:object_r:userspace_reboot_test_prop:s0" dev="tmpfs" ino=9890 scontext=u:r:recovery:s0 tcontext=u:object_r:userspace_reboot_test_prop:s0 tclass=file permissive=1 ppid=1 pcomm="init" pgid=1 pgcomm="init"
01-01 14:35:37.326   463   463 I recovery: type=1400 audit(0.0:336): avc: denied { open } for path="/dev/__properties__/u:object_r:vehicle_hal_prop:s0" dev="tmpfs" ino=9891 scontext=u:r:recovery:s0 tcontext=u:object_r:vehicle_hal_prop:s0 tclass=file permissive=1 ppid=1 pcomm="init" pgid=1 pgcomm="init"
01-01 14:35:37.326   463   463 I recovery: type=1400 audit(0.0:337): avc: denied { getattr } for path="/dev/__properties__/u:object_r:vehicle_hal_prop:s0" dev="tmpfs" ino=9891 scontext=u:r:recovery:s0 tcontext=u:object_r:vehicle_hal_prop:s0 tclass=file permissive=1 ppid=1 pcomm="init" pgid=1 pgcomm="init"
01-01 14:35:37.326   463   463 I recovery: type=1400 audit(0.0:338): avc: denied { map } for path="/dev/__properties__/u:object_r:vehicle_hal_prop:s0" dev="tmpfs" ino=9891 scontext=u:r:recovery:s0 tcontext=u:object_r:vehicle_hal_prop:s0 tclass=file permissive=1 ppid=1 pcomm="init" pgid=1 pgcomm="init"
01-01 14:35:37.326   463   463 I recovery: type=1400 audit(0.0:339): avc: denied { open } for path="/dev/__properties__/u:object_r:vendor_security_patch_level_prop:s0" dev="tmpfs" ino=9893 scontext=u:r:recovery:s0 tcontext=u:object_r:vendor_security_patch_level_prop:s0 tclass=file permissive=1 ppid=1 pcomm="init" pgid=1 pgcomm="init"
01-01 14:35:37.326   463   463 I recovery: type=1400 audit(0.0:340): avc: denied { getattr } for path="/dev/__properties__/u:object_r:vendor_security_patch_level_prop:s0" dev="tmpfs" ino=9893 scontext=u:r:recovery:s0 tcontext=u:object_r:vendor_security_patch_level_prop:s0 tclass=file permissive=1 ppid=1 pcomm="init" pgid=1 pgcomm="init"
01-01 14:35:37.326   463   463 I recovery: type=1400 audit(0.0:341): avc: denied { map } for path="/dev/__properties__/u:object_r:vendor_security_patch_level_prop:s0" dev="tmpfs" ino=9893 scontext=u:r:recovery:s0 tcontext=u:object_r:vendor_security_patch_level_prop:s0 tclass=file permissive=1 ppid=1 pcomm="init" pgid=1 pgcomm="init"
01-01 14:35:37.326   463   463 I recovery: type=1400 audit(0.0:342): avc: denied { open } for path="/dev/__properties__/u:object_r:verity_status_prop:s0" dev="tmpfs" ino=9895 scontext=u:r:recovery:s0 tcontext=u:object_r:verity_status_prop:s0 tclass=file permissive=1 ppid=1 pcomm="init" pgid=1 pgcomm="init"
01-01 14:35:37.326   463   463 I recovery: type=1400 audit(0.0:343): avc: denied { getattr } for path="/dev/__properties__/u:object_r:verity_status_prop:s0" dev="tmpfs" ino=9895 scontext=u:r:recovery:s0 tcontext=u:object_r:verity_status_prop:s0 tclass=file permissive=1 ppid=1 pcomm="init" pgid=1 pgcomm="init"
01-01 14:35:37.326   463   463 I recovery: type=1400 audit(0.0:344): avc: denied { map } for path="/dev/__properties__/u:object_r:verity_status_prop:s0" dev="tmpfs" ino=9895 scontext=u:r:recovery:s0 tcontext=u:object_r:verity_status_prop:s0 tclass=file permissive=1 ppid=1 pcomm="init" pgid=1 pgcomm="init"
01-01 14:35:37.326   463   463 I recovery: type=1400 audit(0.0:345): avc: denied { open } for path="/dev/__properties__/u:object_r:vold_post_fs_data_prop:s0" dev="tmpfs" ino=9899 scontext=u:r:recovery:s0 tcontext=u:object_r:vold_post_fs_data_prop:s0 tclass=file permissive=1 ppid=1 pcomm="init" pgid=1 pgcomm="init"
01-01 14:35:37.326   463   463 I recovery: type=1400 audit(0.0:346): avc: denied { getattr } for path="/dev/__properties__/u:object_r:vold_post_fs_data_prop:s0" dev="tmpfs" ino=9899 scontext=u:r:recovery:s0 tcontext=u:object_r:vold_post_fs_data_prop:s0 tclass=file permissive=1 ppid=1 pcomm="init" pgid=1 pgcomm="init"
01-01 14:35:37.326   463   463 I recovery: type=1400 audit(0.0:347): avc: denied { map } for path="/dev/__properties__/u:object_r:vold_post_fs_data_prop:s0" dev="tmpfs" ino=9899 scontext=u:r:recovery:s0 tcontext=u:object_r:vold_post_fs_data_prop:s0 tclass=file permissive=1 ppid=1 pcomm="init" pgid=1 pgcomm="init"
01-01 14:35:37.326   463   463 I recovery: type=1400 audit(0.0:348): avc: denied { open } for path="/dev/__properties__/u:object_r:wifi_config_prop:s0" dev="tmpfs" ino=9904 scontext=u:r:recovery:s0 tcontext=u:object_r:wifi_config_prop:s0 tclass=file permissive=1 ppid=1 pcomm="init" pgid=1 pgcomm="init"
01-01 14:35:37.326   463   463 I recovery: type=1400 audit(0.0:349): avc: denied { getattr } for path="/dev/__properties__/u:object_r:wifi_config_prop:s0" dev="tmpfs" ino=9904 scontext=u:r:recovery:s0 tcontext=u:object_r:wifi_config_prop:s0 tclass=file permissive=1 ppid=1 pcomm="init" pgid=1 pgcomm="init"
01-01 14:35:37.326   463   463 I recovery: type=1400 audit(0.0:350): avc: denied { map } for path="/dev/__properties__/u:object_r:wifi_config_prop:s0" dev="tmpfs" ino=9904 scontext=u:r:recovery:s0 tcontext=u:object_r:wifi_config_prop:s0 tclass=file permissive=1 ppid=1 pcomm="init" pgid=1 pgcomm="init"
01-01 14:35:37.326   463   463 I recovery: type=1400 audit(0.0:351): avc: denied { open } for path="/dev/__properties__/u:object_r:wifi_hal_prop:s0" dev="tmpfs" ino=9905 scontext=u:r:recovery:s0 tcontext=u:object_r:wifi_hal_prop:s0 tclass=file permissive=1 ppid=1 pcomm="init" pgid=1 pgcomm="init"
01-01 14:35:37.326   463   463 I recovery: type=1400 audit(0.0:352): avc: denied { getattr } for path="/dev/__properties__/u:object_r:wifi_hal_prop:s0" dev="tmpfs" ino=9905 scontext=u:r:recovery:s0 tcontext=u:object_r:wifi_hal_prop:s0 tclass=file permissive=1 ppid=1 pcomm="init" pgid=1 pgcomm="init"
01-01 14:35:37.326   463   463 I recovery: type=1400 audit(0.0:353): avc: denied { map } for path="/dev/__properties__/u:object_r:wifi_hal_prop:s0" dev="tmpfs" ino=9905 scontext=u:r:recovery:s0 tcontext=u:object_r:wifi_hal_prop:s0 tclass=file permissive=1 ppid=1 pcomm="init" pgid=1 pgcomm="init"
01-01 14:35:37.326   463   463 I recovery: type=1400 audit(0.0:354): avc: denied { open } for path="/dev/__properties__/u:object_r:wifi_prop:s0" dev="tmpfs" ino=9907 scontext=u:r:recovery:s0 tcontext=u:object_r:wifi_prop:s0 tclass=file permissive=1 ppid=1 pcomm="init" pgid=1 pgcomm="init"
01-01 14:35:37.326   463   463 I recovery: type=1400 audit(0.0:355): avc: denied { getattr } for path="/dev/__properties__/u:object_r:wifi_prop:s0" dev="tmpfs" ino=9907 scontext=u:r:recovery:s0 tcontext=u:object_r:wifi_prop:s0 tclass=file permissive=1 ppid=1 pcomm="init" pgid=1 pgcomm="init"
01-01 14:35:37.326   463   463 I recovery: type=1400 audit(0.0:356): avc: denied { map } for path="/dev/__properties__/u:object_r:wifi_prop:s0" dev="tmpfs" ino=9907 scontext=u:r:recovery:s0 tcontext=u:object_r:wifi_prop:s0 tclass=file permissive=1 ppid=1 pcomm="init" pgid=1 pgcomm="init"
01-01 14:35:37.326   463   463 I recovery: type=1400 audit(0.0:357): avc: denied { open } for path="/dev/__properties__/u:object_r:zram_config_prop:s0" dev="tmpfs" ino=9908 scontext=u:r:recovery:s0 tcontext=u:object_r:zram_config_prop:s0 tclass=file permissive=1 ppid=1 pcomm="init" pgid=1 pgcomm="init"
01-01 14:35:37.326   463   463 I recovery: type=1400 audit(0.0:358): avc: denied { getattr } for path="/dev/__properties__/u:object_r:zram_config_prop:s0" dev="tmpfs" ino=9908 scontext=u:r:recovery:s0 tcontext=u:object_r:zram_config_prop:s0 tclass=file permissive=1 ppid=1 pcomm="init" pgid=1 pgcomm="init"
01-01 14:35:37.326   463   463 I recovery: type=1400 audit(0.0:359): avc: denied { map } for path="/dev/__properties__/u:object_r:zram_config_prop:s0" dev="tmpfs" ino=9908 scontext=u:r:recovery:s0 tcontext=u:object_r:zram_config_prop:s0 tclass=file permissive=1 ppid=1 pcomm="init" pgid=1 pgcomm="init"
01-01 14:35:37.326   463   463 I recovery: type=1400 audit(0.0:360): avc: denied { write } for name="etc" dev="rootfs" ino=10653 scontext=u:r:recovery:s0 tcontext=u:object_r:rootfs:s0 tclass=dir permissive=1 ppid=1 pcomm="init" pgid=1 pgcomm="init"
01-01 14:35:37.326   463   463 I recovery: type=1400 audit(0.0:361): avc: denied { remove_name } for name="product" dev="rootfs" ino=10289 scontext=u:r:recovery:s0 tcontext=u:object_r:rootfs:s0 tclass=dir permissive=1 ppid=1 pcomm="init" pgid=1 pgcomm="init"
01-01 14:35:37.326   463   463 I recovery: type=1400 audit(0.0:362): avc: denied { unlink } for name="product" dev="rootfs" ino=10289 scontext=u:r:recovery:s0 tcontext=u:object_r:rootfs:s0 tclass=lnk_file permissive=1 ppid=1 pcomm="init" pgid=1 pgcomm="init"
01-01 14:35:37.326   463   463 I recovery: type=1400 audit(0.0:363): avc: denied { create } for name="product" scontext=u:r:recovery:s0 tcontext=u:object_r:rootfs:s0 tclass=dir permissive=1 ppid=1 pcomm="init" pgid=1 pgcomm="init"
01-01 14:35:37.391     0     0 I F2FS-fs (mmcblk0p86): Found nat_bits in checkpoint
01-01 14:35:37.566     0     0 I F2FS-fs (mmcblk0p86): Mounted with checkpoint version = 1134f5a6
01-01 14:35:37.566   463   463 I recovery: type=1400 audit(0.0:364): avc: denied { sys_rawio } for capability=17 scontext=u:r:recovery:s0 tcontext=u:r:recovery:s0 tclass=capability permissive=1 ppid=1 pcomm="init" pgid=1 pgcomm="init"
01-01 14:35:37.566   463   463 I recovery: type=1400 audit(0.0:365): avc: denied { create } for name="fstab" scontext=u:r:recovery:s0 tcontext=u:object_r:rootfs:s0 tclass=file permissive=1 ppid=1 pcomm="init" pgid=1 pgcomm="init"
01-01 14:35:37.566   463   463 I recovery: type=1400 audit(0.0:366): avc: denied { write } for path="/system/etc/fstab" dev="rootfs" ino=11003 scontext=u:r:recovery:s0 tcontext=u:object_r:rootfs:s0 tclass=file permissive=1 ppid=1 pcomm="init" pgid=1 pgcomm="init"
01-01 14:35:37.566   463   463 I recovery: type=1400 audit(0.0:367): avc: denied { write } for name="by-name" dev="tmpfs" ino=11608 scontext=u:r:recovery:s0 tcontext=u:object_r:block_device:s0 tclass=dir permissive=1 ppid=1 pcomm="init" pgid=1 pgcomm="init"
01-01 14:35:37.566   463   463 I recovery: type=1400 audit(0.0:368): avc: denied { add_name } for name="boot" scontext=u:r:recovery:s0 tcontext=u:object_r:block_device:s0 tclass=dir permissive=1 ppid=1 pcomm="init" pgid=1 pgcomm="init"
01-01 14:35:37.566   463   463 I recovery: type=1400 audit(0.0:369): avc: denied { create } for name="boot" scontext=u:r:recovery:s0 tcontext=u:object_r:block_device:s0 tclass=lnk_file permissive=1 ppid=1 pcomm="init" pgid=1 pgcomm="init"
01-01 14:35:37.566   463   463 I recovery: type=1400 audit(0.0:370): avc: denied { remove_name } for name="boot" dev="tmpfs" ino=11004 scontext=u:r:recovery:s0 tcontext=u:object_r:block_device:s0 tclass=dir permissive=1 ppid=1 pcomm="init" pgid=1 pgcomm="init"
01-01 14:35:37.566   463   463 I recovery: type=1400 audit(0.0:371): avc: denied { unlink } for name="boot" dev="tmpfs" ino=11004 scontext=u:r:recovery:s0 tcontext=u:object_r:block_device:s0 tclass=lnk_file permissive=1 ppid=1 pcomm="init" pgid=1 pgcomm="init"
01-01 14:35:37.566   463   463 I recovery: type=1400 audit(0.0:372): avc: denied { ioctl } for path="/dev/block/mmcblk0p43" dev="tmpfs" ino=12323 ioctlcmd=0x1260 scontext=u:r:recovery:s0 tcontext=u:object_r:block_device:s0 tclass=blk_file permissive=1 ppid=1 pcomm="init" pgid=1 pgcomm="init"
01-01 14:35:37.579     0     0 I EXT4-fs (mmcblk0p2): mounted filesystem with ordered data mode. Opts:
01-01 14:35:37.576   463   463 I recovery: type=1400 audit(0.0:373): avc: denied { getattr } for path="/mnt/vendor/persist" dev="mmcblk0p2" ino=2 scontext=u:r:recovery:s0 tcontext=u:object_r:mnt_vendor_file:s0 tclass=dir permissive=1 ppid=1 pcomm="init" pgid=1 pgcomm="init"
01-01 14:35:37.589     0     0 I EXT4-fs (mmcblk0p66): mounted filesystem with ordered data mode. Opts:
01-01 14:35:37.602     0     0 I EXT4-fs (mmcblk0p2): mounted filesystem with ordered data mode. Opts:
01-01 14:35:37.610   463   463 I recovery: type=1400 audit(0.0:374): avc: denied { ioctl } for path="/dev/block/dm-4" dev="tmpfs" ino=11771 ioctlcmd=0x5331 scontext=u:r:recovery:s0 tcontext=u:object_r:dm_device:s0 tclass=blk_file permissive=1 ppid=1 pcomm="init" pgid=1 pgcomm="init"
01-01 14:35:37.611     0     0 I EXT4-fs (mmcblk0p84): mounted filesystem with ordered data mode. Opts:
01-01 14:35:37.623     0     0 I EXT4-fs (dm-4): mounted filesystem without journal. Opts:
01-01 14:35:37.816   463   463 I recovery: type=1400 audit(0.0:375): avc: denied { ioctl } for path="/dev/block/dm-3" dev="tmpfs" ino=11768 ioctlcmd=0x5331 scontext=u:r:recovery:s0 tcontext=u:object_r:dm_device:s0 tclass=blk_file permissive=1 ppid=1 pcomm="init" pgid=1 pgcomm="init"
01-01 14:35:37.830     0     0 I EXT4-fs (dm-3): mounted filesystem without journal. Opts:
01-01 14:35:37.830   463   463 I recovery: type=1400 audit(0.0:376): avc: denied { ioctl } for path="/dev/block/dm-3" dev="tmpfs" ino=11768 ioctlcmd=0x5331 scontext=u:r:recovery:s0 tcontext=u:object_r:dm_device:s0 tclass=blk_file permissive=1 ppid=1 pcomm="init" pgid=1 pgcomm="init"
01-01 14:35:37.842     0     0 W EXT4-fs (dm-3): warning: mounting unchecked fs, running e2fsck is recommended
01-01 14:35:37.843     0     0 I EXT4-fs (dm-3): mounted filesystem without journal. Opts:
01-01 14:35:37.846   463   463 I recovery: type=1400 audit(0.0:377): avc: denied { ioctl } for path="/dev/block/dm-6" dev="tmpfs" ino=11777 ioctlcmd=0x5331 scontext=u:r:recovery:s0 tcontext=u:object_r:dm_device:s0 tclass=blk_file permissive=1 ppid=1 pcomm="init" pgid=1 pgcomm="init"
01-01 14:35:37.856   463   463 I recovery: type=1400 audit(0.0:378): avc: denied { create } for scontext=u:r:recovery:s0 tcontext=u:r:recovery:s0 tclass=netlink_kobject_uevent_socket permissive=1 ppid=1 pcomm="init" pgid=1 pgcomm="init"
01-01 14:35:37.856   463   463 I recovery: type=1400 audit(0.0:379): avc: denied { bind } for scontext=u:r:recovery:s0 tcontext=u:r:recovery:s0 tclass=netlink_kobject_uevent_socket permissive=1 ppid=1 pcomm="init" pgid=1 pgcomm="init"
01-01 14:35:37.856   463   463 I recovery: type=1400 audit(0.0:380): avc: denied { ioctl } for path="/dev/block/dm-3" dev="tmpfs" ino=11768 ioctlcmd=0x5331 scontext=u:r:recovery:s0 tcontext=u:object_r:dm_device:s0 tclass=blk_file permissive=1 ppid=1 pcomm="init" pgid=1 pgcomm="init"
01-01 14:35:37.857     0     0 I EXT4-fs (dm-6): mounted filesystem without journal. Opts:
01-01 14:35:37.870     0     0 W EXT4-fs (dm-3): warning: mounting unchecked fs, running e2fsck is recommended
01-01 14:35:37.871     0     0 I EXT4-fs (dm-3): mounted filesystem without journal. Opts:
01-01 14:35:37.873   463   463 I recovery: type=1400 audit(0.0:381): avc: denied { write } for name="properties_serial" dev="tmpfs" ino=9912 scontext=u:r:recovery:s0 tcontext=u:object_r:properties_serial:s0 tclass=file permissive=1 ppid=1 pcomm="init" pgid=1 pgcomm="init"
01-01 14:35:37.873   463   463 I recovery: type=1400 audit(0.0:382): avc: denied { write } for name="u:object_r:build_prop:s0" dev="tmpfs" ino=9700 scontext=u:r:recovery:s0 tcontext=u:object_r:build_prop:s0 tclass=file permissive=1 ppid=1 pcomm="init" pgid=1 pgcomm="init"
01-01 14:35:37.873   463   463 I recovery: type=1400 audit(0.0:383): avc: denied { ioctl } for path="/dev/block/dm-3" dev="tmpfs" ino=11768 ioctlcmd=0x5331 scontext=u:r:recovery:s0 tcontext=u:object_r:dm_device:s0 tclass=blk_file permissive=1 ppid=1 pcomm="init" pgid=1 pgcomm="init"
01-01 14:35:37.888     0     0 W EXT4-fs (dm-3): warning: mounting unchecked fs, running e2fsck is recommended
01-01 14:35:37.889     0     0 I EXT4-fs (dm-3): mounted filesystem without journal. Opts:
01-01 14:35:37.890   463   463 I recovery: type=1400 audit(0.0:384): avc: denied { write } for name="u:object_r:fingerprint_prop:s0" dev="tmpfs" ino=9778 scontext=u:r:recovery:s0 tcontext=u:object_r:fingerprint_prop:s0 tclass=file permissive=1 ppid=1 pcomm="init" pgid=1 pgcomm="init"
01-01 14:35:37.893   463   463 I recovery: type=1400 audit(0.0:385): avc: denied { ioctl } for path="/dev/block/dm-3" dev="tmpfs" ino=11768 ioctlcmd=0x5331 scontext=u:r:recovery:s0 tcontext=u:object_r:dm_device:s0 tclass=blk_file permissive=1 ppid=1 pcomm="init" pgid=1 pgcomm="init"
01-01 14:35:37.906     0     0 W EXT4-fs (dm-3): warning: mounting unchecked fs, running e2fsck is recommended
01-01 14:35:37.906     0     0 I EXT4-fs (dm-3): mounted filesystem without journal. Opts:
01-01 14:35:37.910   463   463 I recovery: type=1400 audit(0.0:386): avc: denied { ioctl } for path="/dev/block/dm-3" dev="tmpfs" ino=11768 ioctlcmd=0x5331 scontext=u:r:recovery:s0 tcontext=u:object_r:dm_device:s0 tclass=blk_file permissive=1 ppid=1 pcomm="init" pgid=1 pgcomm="init"
01-01 14:35:37.923     0     0 W EXT4-fs (dm-3): warning: mounting unchecked fs, running e2fsck is recommended
01-01 14:35:37.923     0     0 I EXT4-fs (dm-3): mounted filesystem without journal. Opts:
01-01 14:35:37.926   463   463 I recovery: type=1400 audit(0.0:387): avc: denied { ioctl } for path="/dev/block/dm-3" dev="tmpfs" ino=11768 ioctlcmd=0x5331 scontext=u:r:recovery:s0 tcontext=u:object_r:dm_device:s0 tclass=blk_file permissive=1 ppid=1 pcomm="init" pgid=1 pgcomm="init"
01-01 14:35:37.940     0     0 W EXT4-fs (dm-3): warning: mounting unchecked fs, running e2fsck is recommended
01-01 14:35:37.940     0     0 I EXT4-fs (dm-3): mounted filesystem without journal. Opts:
01-01 14:35:37.943   463   463 I recovery: type=1400 audit(0.0:388): avc: denied { ioctl } for path="/dev/block/dm-3" dev="tmpfs" ino=11768 ioctlcmd=0x5331 scontext=u:r:recovery:s0 tcontext=u:object_r:dm_device:s0 tclass=blk_file permissive=1 ppid=1 pcomm="init" pgid=1 pgcomm="init"
01-01 14:35:37.957     0     0 W EXT4-fs (dm-3): warning: mounting unchecked fs, running e2fsck is recommended
01-01 14:35:37.957     0     0 I EXT4-fs (dm-3): mounted filesystem without journal. Opts:
01-01 14:35:37.966   463   463 I recovery: type=1400 audit(0.0:389): avc: denied { search } for name="rtc" dev="sysfs" ino=25409 scontext=u:r:recovery:s0 tcontext=u:object_r:sysfs_rtc:s0 tclass=dir permissive=1 ppid=1 pcomm="init" pgid=1 pgcomm="init"
01-01 14:35:37.966   463   463 I recovery: type=1400 audit(0.0:390): avc: denied { sys_time } for capability=25 scontext=u:r:recovery:s0 tcontext=u:r:recovery:s0 tclass=capability permissive=1 ppid=1 pcomm="init" pgid=1 pgcomm="init"
01-01 14:35:37.988     0     0 W FAT-fs (mmcblk1p1): Volume was not properly unmounted. Some data may be corrupt. Please run fsck.
01-01 14:35:37.062   457   457 W HidlServiceManagement: Waited one second for android.hardware.keymaster@4.0::IKeymasterDevice/default
01-01 14:35:37.062   454   454 I hwservicemanager: Since android.hardware.keymaster@4.0::IKeymasterDevice/default is not registered, trying to start it as a lazy HAL.
01-01 14:35:37.060   457   457 I Binder:457_2: type=1400 audit(0.0:391): avc: denied { call } for scontext=u:r:recovery:s0 tcontext=u:r:recovery:s0 tclass=binder permissive=1 ppid=1 pcomm="init" pgid=1 pgcomm="init"
01-01 14:35:37.062   457   457 I HidlServiceManagement: getService: Trying again for android.hardware.keymaster@4.0::IKeymasterDevice/default...
01-01 14:35:37.063   454   538 W libc    : Unable to set property "ctl.interface_start" to "android.hardware.keymaster@4.0::IKeymasterDevice/default": error code: 0x20
01-01 14:35:37.063   454   538 I hwservicemanager: Tried to start android.hardware.keymaster@4.0::IKeymasterDevice/default as a lazy service, but was unable to. Usually this happens when a service is not installed, but if the service is intended to be used as a lazy service, then it may be configured incorrectly.
01-01 14:35:37.193   463   463 I recovery: type=1400 audit(0.0:392): avc: denied { create } for name="orsin" scontext=u:r:recovery:s0 tcontext=u:object_r:rootfs:s0 tclass=fifo_file permissive=1 ppid=1 pcomm="init" pgid=1 pgcomm="init"
01-01 14:35:37.193   463   463 I recovery: type=1400 audit(0.0:393): avc: denied { read } for name="orsin" dev="rootfs" ino=12428 scontext=u:r:recovery:s0 tcontext=u:object_r:rootfs:s0 tclass=fifo_file permissive=1 ppid=1 pcomm="init" pgid=1 pgcomm="init"
01-01 14:35:37.193   463   463 I recovery: type=1400 audit(0.0:394): avc: denied { open } for path="/system/bin/orsin" dev="rootfs" ino=12428 scontext=u:r:recovery:s0 tcontext=u:object_r:rootfs:s0 tclass=fifo_file permissive=1 ppid=1 pcomm="init" pgid=1 pgcomm="init"
01-01 14:35:37.193   463   463 I recovery: type=1400 audit(0.0:395): avc: denied { read } for scontext=u:r:recovery:s0 tcontext=u:r:recovery:s0 tclass=netlink_kobject_uevent_socket permissive=1 ppid=1 pcomm="init" pgid=1 pgcomm="init"
01-01 14:35:37.212   463   463 I ArmToArm64Assembler: generated scanline__00000077:03545401_00000000_00000000 [ 65 ipp] (94 ins) at [0x7654067b40:0x7654067cb8] in 101354ns
01-01 14:35:37.234   540   540 I adbd    : persist.adb.watchdog set to ''
01-01 14:35:37.234   540   540 I adbd    : persist.sys.test_harness set to ''
01-01 14:35:37.234   540   540 I adbd    : adb watchdog timeout set to 600 seconds
01-01 14:35:37.235   540   543 I adbd    : Waiting for persist.adb.tls_server.enable=1
01-01 14:35:37.235   540   540 I adbd    : adbd started
01-01 14:35:37.235   540   545 I adbd    : opening control endpoint /dev/usb-ffs/adb/ep0
01-01 14:35:38.203     0     0 I         : read descriptors
01-01 14:35:38.203     0     0 I         : read strings
01-01 14:35:37.236   540   545 I adbd    : UsbFfsConnection constructed
01-01 14:35:37.236   540   546 I adbd    : UsbFfs-monitor thread spawned
01-01 14:35:37.238   540   546 I adbd    : USB event: FUNCTIONFS_BIND
01-01 14:35:38.210     0     0 I android_work: did not send uevent (0 0 0000000000000000)
01-01 14:35:37.240   463   463 I recovery: type=1400 audit(0.0:396): avc: denied { ioctl } for path="/dev/dri/card0" dev="tmpfs" ino=11593 ioctlcmd=0x64b0 scontext=u:r:recovery:s0 tcontext=u:object_r:device:s0 tclass=chr_file permissive=1 ppid=1 pcomm="init" pgid=1 pgcomm="init"
01-01 14:35:37.243   463   463 I recovery: type=1400 audit(0.0:397): avc: denied { read } for scontext=u:r:recovery:s0 tcontext=u:r:recovery:s0 tclass=netlink_kobject_uevent_socket permissive=1 ppid=1 pcomm="init" pgid=1 pgcomm="init"
01-01 14:35:38.342     0     0 I msm-dwc3 4e00000.ssusb: Avail curr from USB = 100
01-01 14:35:38.342     0     0 I pmi632_charger: smblib_set_icl_current: set ICL to 50000uA
01-01 14:35:38.343     0     0 I pmi632_charger: somc_aicl_irq_handler: IRQ: aicl-done
01-01 14:35:38.472     0     0 I android_work: sent uevent USB_STATE=CONNECTED
01-01 14:35:38.479     0     0 I android_work: sent uevent USB_STATE=DISCONNECTED
01-01 14:35:38.657     0     0 I pmi632_charger: chg_state_change_irq_handler: IRQ: chg-state-change
01-01 14:35:38.665     0     0 I ALG     : cap_learning_update: [SOMC CL][OFF] charge_status:1 bsoc_cp:10000
01-01 14:35:38.682     0     0 I android_work: sent uevent USB_STATE=CONNECTED
01-01 14:35:38.730     0     0 I configfs-gadget gadget: high-speed config #1: b
01-01 14:35:38.730     0     0 I msm-dwc3 4e00000.ssusb: Avail curr from USB = 500
01-01 14:35:37.762   540   546 I adbd    : USB event: FUNCTIONFS_ENABLE
01-01 14:35:37.763   540   549 I adbd    : UsbFfs-worker thread spawned
01-01 14:35:38.731     0     0 I pmi632_charger: smblib_set_icl_current: set ICL to 500000uA
01-01 14:35:38.731     0     0 I android_work: sent uevent USB_STATE=CONFIGURED
01-01 14:35:37.991   540   540 I adbd    : UsbFfs: already offline
01-01 14:35:37.991   540   540 I adbd    : authentication not required
01-01 14:35:37.993   539   539 I recovery: type=1400 audit(0.0:398): avc: denied { write } for name="mtp_usb" dev="tmpfs" ino=10119 scontext=u:r:recovery:s0 tcontext=u:object_r:mtp_device:s0 tclass=chr_file permissive=1 ppid=463 pcomm="recovery" pgid=463 pgcomm="recovery"
01-01 14:35:37.993   539   539 I recovery: type=1400 audit(0.0:399): avc: denied { open } for path="/dev/mtp_usb" dev="tmpfs" ino=10119 scontext=u:r:recovery:s0 tcontext=u:object_r:mtp_device:s0 tclass=chr_file permissive=1 ppid=463 pcomm="recovery" pgid=463 pgcomm="recovery"
01-01 14:35:37.993   539   539 I recovery: type=1400 audit(0.0:400): avc: denied { read } for name="mtp_usb" dev="tmpfs" ino=10119 scontext=u:r:recovery:s0 tcontext=u:object_r:mtp_device:s0 tclass=chr_file permissive=1 ppid=463 pcomm="recovery" pgid=463 pgcomm="recovery"
01-01 14:35:37.993   539   539 I recovery: type=1400 audit(0.0:401): avc: denied { read } for name="/" dev="mmcblk1p1" ino=1 scontext=u:r:recovery:s0 tcontext=u:object_r:vfat:s0 tclass=dir permissive=1 ppid=463 pcomm="recovery" pgid=539 pgcomm="recovery"
01-01 14:35:37.993   539   539 I recovery: type=1400 audit(0.0:402): avc: denied { open } for path="/sdcard1" dev="mmcblk1p1" ino=1 scontext=u:r:recovery:s0 tcontext=u:object_r:vfat:s0 tclass=dir permissive=1 ppid=463 pcomm="recovery" pgid=539 pgcomm="recovery"
01-01 14:35:38.964     0     0 I         : mtp_open
01-01 14:35:38.964     0     0 I         : mtp_open
01-01 14:35:38.964     0     0 E         : mtp_open mtp_release not called returning EBUSY
01-01 14:35:38.964     0     0 I         : mtp_release
01-01 14:35:38.013   539   539 I recovery: type=1400 audit(0.0:403): avc: denied { getattr } for path="/sdcard1/img.jpeg" dev="mmcblk1p1" ino=1048607 scontext=u:r:recovery:s0 tcontext=u:object_r:vfat:s0 tclass=file permissive=1 ppid=463 pcomm="recovery" pgid=539 pgcomm="recovery"
01-01 14:35:39.011     0     0 I pmi632_charger: somc_aicl_irq_handler: IRQ: aicl-done
01-01 14:35:39.011     0     0 I pmi632_charger: smblib_icl_change_work: icl_settled=500000
01-01 14:35:38.063   457   457 W HidlServiceManagement: Waited one second for android.hardware.keymaster@4.0::IKeymasterDevice/default
01-01 14:35:38.063   454   454 I hwservicemanager: Since android.hardware.keymaster@4.0::IKeymasterDevice/default is not registered, trying to start it as a lazy HAL.
01-01 14:35:38.063   457   457 I HidlServiceManagement: getService: Trying again for android.hardware.keymaster@4.0::IKeymasterDevice/default...
01-01 14:35:38.063   454   553 W libc    : Unable to set property "ctl.interface_start" to "android.hardware.keymaster@4.0::IKeymasterDevice/default": error code: 0x20
01-01 14:35:38.063   454   553 I hwservicemanager: Tried to start android.hardware.keymaster@4.0::IKeymasterDevice/default as a lazy service, but was unable to. Usually this happens when a service is not installed, but if the service is intended to be used as a lazy service, then it may be configured incorrectly.
01-01 14:35:39.201     0     0 I ALG     : cap_learning_update: [SOMC CL][OFF] charge_status:1 bsoc_cp:10000
01-01 14:35:39.503     0     0 I pmi632_charger: chg_state_change_irq_handler: IRQ: chg-state-change
01-01 14:35:39.517     0     0 I ALG     : cap_learning_update: [SOMC CL][OFF] charge_status:1 bsoc_cp:10000
01-01 14:35:39.625     0     0 I QG-K    : qg_somc_jeita_step_charge_work: [Charging] BSOC:10000 MSOC:100 RTEMP:298 IBATT:10mA VBATT:4318mV VCELL:4318mV Target FCC:1000mA FV:4340mV
01-01 14:35:39.764     0     0 I         : mtp_open
01-01 14:35:39.063   457   457 W HidlServiceManagement: Waited one second for android.hardware.keymaster@4.0::IKeymasterDevice/default
01-01 14:35:39.063   454   454 I hwservicemanager: Since android.hardware.keymaster@4.0::IKeymasterDevice/default is not registered, trying to start it as a lazy HAL.
01-01 14:35:39.063   457   457 I HidlServiceManagement: getService: Trying again for android.hardware.keymaster@4.0::IKeymasterDevice/default...
01-01 14:35:39.064   454   554 W libc    : Unable to set property "ctl.interface_start" to "android.hardware.keymaster@4.0::IKeymasterDevice/default": error code: 0x20
01-01 14:35:39.064   454   554 I hwservicemanager: Tried to start android.hardware.keymaster@4.0::IKeymasterDevice/default as a lazy service, but was unable to. Usually this happens when a service is not installed, but if the service is intended to be used as a lazy service, then it may be configured incorrectly.
01-01 14:35:40.145     0     0 I pmi632_charger: chg_state_change_irq_handler: IRQ: chg-state-change
01-01 14:35:40.150     0     0 I ALG     : cap_learning_update: [SOMC CL][OFF] charge_status:1 bsoc_cp:10000
01-01 14:35:40.064   457   457 W HidlServiceManagement: Waited one second for android.hardware.keymaster@4.0::IKeymasterDevice/default
01-01 14:35:40.064   454   454 I hwservicemanager: Since android.hardware.keymaster@4.0::IKeymasterDevice/default is not registered, trying to start it as a lazy HAL.
01-01 14:35:40.064   457   457 I HidlServiceManagement: getService: Trying again for android.hardware.keymaster@4.0::IKeymasterDevice/default...
01-01 14:35:40.064   454   561 W libc    : Unable to set property "ctl.interface_start" to "android.hardware.keymaster@4.0::IKeymasterDevice/default": error code: 0x20
01-01 14:35:40.065   454   561 I hwservicemanager: Tried to start android.hardware.keymaster@4.0::IKeymasterDevice/default as a lazy service, but was unable to. Usually this happens when a service is not installed, but if the service is intended to be used as a lazy service, then it may be configured incorrectly.
01-01 14:35:41.033     0     0 E init    : Control message: Could not find 'android.hardware.keymaster@4.0::IKeymasterDevice/default' for ctl.interface_start from pid: 454 (/system/bin/hwservicemanager)
01-01 14:35:40.063   463   463 I recovery: type=1400 audit(0.0:404): avc: denied { fsetid } for capability=4 scontext=u:r:recovery:s0 tcontext=u:r:recovery:s0 tclass=capability permissive=1 ppid=1 pcomm="init" pgid=1 pgcomm="init"
01-01 14:35:40.093   463   463 I recovery: type=1400 audit(0.0:405): avc: denied { create } for name="twadbfifo" scontext=u:r:recovery:s0 tcontext=u:object_r:tmpfs:s0 tclass=fifo_file permissive=1 ppid=1 pcomm="init" pgid=463 pgcomm="recovery"
01-01 14:35:40.093   463   463 I recovery: type=1400 audit(0.0:406): avc: denied { ioctl } for path="/dev/block/dm-3" dev="tmpfs" ino=11768 ioctlcmd=0x5331 scontext=u:r:recovery:s0 tcontext=u:object_r:dm_device:s0 tclass=blk_file permissive=1 ppid=1 pcomm="init" pgid=1 pgcomm="init"
01-01 14:35:40.093   463   463 I recovery: type=1400 audit(0.0:407): avc: denied { read } for name="twadbfifo" dev="tmpfs" ino=2243 scontext=u:r:recovery:s0 tcontext=u:object_r:tmpfs:s0 tclass=fifo_file permissive=1 ppid=1 pcomm="init" pgid=463 pgcomm="recovery"
01-01 14:35:40.093   463   463 I recovery: type=1400 audit(0.0:408): avc: denied { open } for path="/tmp/twadbfifo" dev="tmpfs" ino=2243 scontext=u:r:recovery:s0 tcontext=u:object_r:tmpfs:s0 tclass=fifo_file permissive=1 ppid=1 pcomm="init" pgid=463 pgcomm="recovery"
01-01 14:35:41.077     0     0 W EXT4-fs (dm-3): warning: mounting unchecked fs, running e2fsck is recommended
01-01 14:35:41.078     0     0 I EXT4-fs (dm-3): mounted filesystem without journal. Opts:
01-01 14:35:40.110   463   463 I recovery: type=1400 audit(0.0:409): avc: denied { ioctl } for path="/dev/block/dm-3" dev="tmpfs" ino=11768 ioctlcmd=0x5331 scontext=u:r:recovery:s0 tcontext=u:object_r:dm_device:s0 tclass=blk_file permissive=1 ppid=1 pcomm="init" pgid=1 pgcomm="init"
01-01 14:35:41.096     0     0 W EXT4-fs (dm-3): warning: mounting unchecked fs, running e2fsck is recommended
01-01 14:35:41.097     0     0 I EXT4-fs (dm-3): mounted filesystem without journal. Opts:
01-01 14:35:40.133   463   463 I recovery: type=1400 audit(0.0:410): avc: denied { ioctl } for path="/dev/block/dm-3" dev="tmpfs" ino=11768 ioctlcmd=0x5331 scontext=u:r:recovery:s0 tcontext=u:object_r:dm_device:s0 tclass=blk_file permissive=1 ppid=1 pcomm="init" pgid=1 pgcomm="init"
01-01 14:35:41.116     0     0 W EXT4-fs (dm-3): warning: mounting unchecked fs, running e2fsck is recommended
01-01 14:35:41.117     0     0 I EXT4-fs (dm-3): mounted filesystem without journal. Opts:
01-01 14:35:40.153   463   463 I recovery: type=1400 audit(0.0:411): avc: denied { unlink } for name="orsin" dev="rootfs" ino=12428 scontext=u:r:recovery:s0 tcontext=u:object_r:rootfs:s0 tclass=fifo_file permissive=1 ppid=1 pcomm="init" pgid=1 pgcomm="init"
01-01 14:35:40.153   463   463 I recovery: type=1400 audit(0.0:412): avc: denied { create } for name="orsin" scontext=u:r:recovery:s0 tcontext=u:object_r:rootfs:s0 tclass=fifo_file permissive=1 ppid=1 pcomm="init" pgid=1 pgcomm="init"
01-01 14:35:40.153   463   463 I recovery: type=1400 audit(0.0:413): avc: denied { read } for name="orsin" dev="rootfs" ino=4310 scontext=u:r:recovery:s0 tcontext=u:object_r:rootfs:s0 tclass=fifo_file permissive=1 ppid=1 pcomm="init" pgid=1 pgcomm="init"
01-01 14:35:40.153   463   463 I recovery: type=1400 audit(0.0:414): avc: denied { open } for path="/system/bin/orsin" dev="rootfs" ino=4310 scontext=u:r:recovery:s0 tcontext=u:object_r:rootfs:s0 tclass=fifo_file permissive=1 ppid=1 pcomm="init" pgid=1 pgcomm="init"
01-01 14:35:41.064   457   457 W HidlServiceManagement: Waited one second for android.hardware.keymaster@4.0::IKeymasterDevice/default
01-01 14:35:41.065   454   454 I hwservicemanager: Since android.hardware.keymaster@4.0::IKeymasterDevice/default is not registered, trying to start it as a lazy HAL.
01-01 14:35:41.065   457   457 I HidlServiceManagement: getService: Trying again for android.hardware.keymaster@4.0::IKeymasterDevice/default...
01-01 14:35:41.065   454   569 W libc    : Unable to set property "ctl.interface_start" to "android.hardware.keymaster@4.0::IKeymasterDevice/default": error code: 0x20
01-01 14:35:41.065   454   569 I hwservicemanager: Tried to start android.hardware.keymaster@4.0::IKeymasterDevice/default as a lazy service, but was unable to. Usually this happens when a service is not installed, but if the service is intended to be used as a lazy service, then it may be configured incorrectly.
01-01 14:35:42.033     0     0 E init    : Control message: Could not find 'android.hardware.keymaster@4.0::IKeymasterDevice/default' for ctl.interface_start from pid: 454 (/system/bin/hwservicemanager)
01-01 14:35:42.683     0     0 I pmi632_charger: chg_state_change_irq_handler: IRQ: chg-state-change
01-01 14:35:42.688     0     0 I ALG     : cap_learning_update: [SOMC CL][OFF] charge_status:1 bsoc_cp:10000
01-01 14:35:42.948     0     0 I pmi632_charger: chg_state_change_irq_handler: IRQ: chg-state-change
01-01 14:35:42.952     0     0 I ALG     : cap_learning_update: [SOMC CL][OFF] charge_status:1 bsoc_cp:10000
01-01 14:35:42.065   457   457 W HidlServiceManagement: Waited one second for android.hardware.keymaster@4.0::IKeymasterDevice/default
01-01 14:35:42.065   454   454 I hwservicemanager: Since android.hardware.keymaster@4.0::IKeymasterDevice/default is not registered, trying to start it as a lazy HAL.
01-01 14:35:42.065   457   457 I HidlServiceManagement: getService: Trying again for android.hardware.keymaster@4.0::IKeymasterDevice/default...
01-01 14:35:42.066   454   571 W libc    : Unable to set property "ctl.interface_start" to "android.hardware.keymaster@4.0::IKeymasterDevice/default": error code: 0x20
01-01 14:35:43.034     0     0 E init    : Control message: Could not find 'android.hardware.keymaster@4.0::IKeymasterDevice/default' for ctl.interface_start from pid: 454 (/system/bin/hwservicemanager)
01-01 14:35:42.066   454   571 I hwservicemanager: Tried to start android.hardware.keymaster@4.0::IKeymasterDevice/default as a lazy service, but was unable to. Usually this happens when a service is not installed, but if the service is intended to be used as a lazy service, then it may be configured incorrectly.
01-01 14:35:43.167     0     0 I init    : processing action (sys.usb.config=none && sys.usb.configfs=1) from (/system/etc/init/hw/init.rc:186)
01-01 14:35:42.199   540   549 I adbd    : UsbFfs: connection terminated: read 2 failed with error Cannot send after transport endpoint shutdown
01-01 14:35:43.167     0     0 E dwc3 4e00000.dwc3: ep1out: can't queue to disabled endpoint
01-01 14:35:43.167     0     0 I         : mtp_release
01-01 14:35:43.168     0     0 I init    : Sending signal 9 to service 'adbd' (pid 540) process group...
01-01 14:35:43.173     0     0 I libprocessgroup: Successfully killed process cgroup uid 0 pid 540 in 5ms
01-01 14:35:43.209     0     0 I init    : Service 'adbd' (pid 540) received signal 9
01-01 14:35:43.211     0     0 I init    : processing action (sys.usb.config=none && sys.usb.configfs=1) from (/init.recovery.usb.rc:95)
01-01 14:35:43.212     0     0 I init    : Command 'write /config/usb_gadget/g1/UDC none' action=sys.usb.config=none && sys.usb.configfs=1 (/init.recovery.usb.rc:96) took 0ms and failed: Unable to write to file '/config/usb_gadget/g1/UDC': Unable to write file contents: No such device
01-01 14:35:43.215     0     0 I init    : Command 'rm /config/usb_gadget/g1/configs/b.1/f1' action=sys.usb.config=none && sys.usb.configfs=1 (/init.recovery.usb.rc:102) took 0ms and failed: unlink() failed: No such file or directory
01-01 14:35:43.254     0     0 I         : read descriptors
01-01 14:35:43.254     0     0 I         : read strings
01-01 14:35:43.256     0     0 I android_work: sent uevent USB_STATE=DISCONNECTED
01-01 14:35:43.408     0     0 I msm-dwc3 4e00000.ssusb: Avail curr from USB = 100
01-01 14:35:43.409     0     0 I pmi632_charger: smblib_set_icl_current: set ICL to 50000uA
01-01 14:35:43.409     0     0 I android_work: did not send uevent (0 0 0000000000000000)
01-01 14:35:43.409     0     0 I pmi632_charger: somc_aicl_irq_handler: IRQ: aicl-done
01-01 14:35:43.533     0     0 I android_work: sent uevent USB_STATE=CONNECTED
01-01 14:35:43.539     0     0 I android_work: sent uevent USB_STATE=DISCONNECTED
01-01 14:35:43.742     0     0 I android_work: sent uevent USB_STATE=CONNECTED
01-01 14:35:43.779     0     0 I configfs-gadget gadget: high-speed config #1: b
01-01 14:35:43.779     0     0 I msm-dwc3 4e00000.ssusb: Avail curr from USB = 500
01-01 14:35:43.779     0     0 I pmi632_charger: smblib_set_icl_current: set ICL to 500000uA
01-01 14:35:43.779     0     0 I android_work: sent uevent USB_STATE=CONFIGURED
01-01 14:35:43.065   457   457 W HidlServiceManagement: Waited one second for android.hardware.keymaster@4.0::IKeymasterDevice/default
01-01 14:35:43.066   454   454 I hwservicemanager: Since android.hardware.keymaster@4.0::IKeymasterDevice/default is not registered, trying to start it as a lazy HAL.
01-01 14:35:43.066   457   457 I HidlServiceManagement: getService: Trying again for android.hardware.keymaster@4.0::IKeymasterDevice/default...
01-01 14:35:43.066   454   579 W libc    : Unable to set property "ctl.interface_start" to "android.hardware.keymaster@4.0::IKeymasterDevice/default": error code: 0x20
01-01 14:35:43.067   454   579 I hwservicemanager: Tried to start android.hardware.keymaster@4.0::IKeymasterDevice/default as a lazy service, but was unable to. Usually this happens when a service is not installed, but if the service is intended to be used as a lazy service, then it may be configured incorrectly.
01-01 14:35:44.067     0     0 I pmi632_charger: somc_aicl_irq_handler: IRQ: aicl-done
01-01 14:35:44.067     0     0 I pmi632_charger: smblib_icl_change_work: icl_settled=500000
01-01 14:35:44.214     0     0 I ALG     : cap_learning_update: [SOMC CL][OFF] charge_status:1 bsoc_cp:10000
01-01 14:35:44.066   457   457 W HidlServiceManagement: Waited one second for android.hardware.keymaster@4.0::IKeymasterDevice/default
01-01 14:35:44.066   454   454 I hwservicemanager: Since android.hardware.keymaster@4.0::IKeymasterDevice/default is not registered, trying to start it as a lazy HAL.
01-01 14:35:44.067   457   457 I HidlServiceManagement: getService: Trying again for android.hardware.keymaster@4.0::IKeymasterDevice/default...
01-01 14:35:44.067   454   580 W libc    : Unable to set property "ctl.interface_start" to "android.hardware.keymaster@4.0::IKeymasterDevice/default": error code: 0x20
01-01 14:35:44.067   454   580 I hwservicemanager: Tried to start android.hardware.keymaster@4.0::IKeymasterDevice/default as a lazy service, but was unable to. Usually this happens when a service is not installed, but if the service is intended to be used as a lazy service, then it may be configured incorrectly.
01-01 14:35:45.067   457   457 W HidlServiceManagement: Waited one second for android.hardware.keymaster@4.0::IKeymasterDevice/default
01-01 14:35:45.067   454   454 I hwservicemanager: Since android.hardware.keymaster@4.0::IKeymasterDevice/default is not registered, trying to start it as a lazy HAL.
01-01 14:35:45.067   457   457 I HidlServiceManagement: getService: Trying again for android.hardware.keymaster@4.0::IKeymasterDevice/default...
01-01 14:35:45.068   454   581 W libc    : Unable to set property "ctl.interface_start" to "android.hardware.keymaster@4.0::IKeymasterDevice/default": error code: 0x20
01-01 14:35:45.068   454   581 I hwservicemanager: Tried to start android.hardware.keymaster@4.0::IKeymasterDevice/default as a lazy service, but was unable to. Usually this happens when a service is not installed, but if the service is intended to be used as a lazy service, then it may be configured incorrectly.
01-01 14:35:46.036     0     0 E init    : Control message: Could not find 'android.hardware.keymaster@4.0::IKeymasterDevice/default' for ctl.interface_start from pid: 454 (/system/bin/hwservicemanager)
01-01 14:35:46.238     0     0 E i2c_geni 4a88000.i2c: i2c error :-107
01-01 14:35:46.067   457   457 W HidlServiceManagement: Waited one second for android.hardware.keymaster@4.0::IKeymasterDevice/default
01-01 14:35:46.068   454   454 I hwservicemanager: Since android.hardware.keymaster@4.0::IKeymasterDevice/default is not registered, trying to start it as a lazy HAL.
01-01 14:35:46.068   457   457 I HidlServiceManagement: getService: Trying again for android.hardware.keymaster@4.0::IKeymasterDevice/default...
01-01 14:35:46.068   454   582 W libc    : Unable to set property "ctl.interface_start" to "android.hardware.keymaster@4.0::IKeymasterDevice/default": error code: 0x20
01-01 14:35:46.068   454   582 I hwservicemanager: Tried to start android.hardware.keymaster@4.0::IKeymasterDevice/default as a lazy service, but was unable to. Usually this happens when a service is not installed, but if the service is intended to be used as a lazy service, then it may be configured incorrectly.
01-01 14:35:47.036     0     0 E init    : Control message: Could not find 'android.hardware.keymaster@4.0::IKeymasterDevice/default' for ctl.interface_start from pid: 454 (/system/bin/hwservicemanager)
01-01 14:35:47.068   457   457 W HidlServiceManagement: Waited one second for android.hardware.keymaster@4.0::IKeymasterDevice/default
01-01 14:35:47.068   454   454 I hwservicemanager: Since android.hardware.keymaster@4.0::IKeymasterDevice/default is not registered, trying to start it as a lazy HAL.
01-01 14:35:47.068   457   457 I HidlServiceManagement: getService: Trying again for android.hardware.keymaster@4.0::IKeymasterDevice/default...
01-01 14:35:47.069   454   583 W libc    : Unable to set property "ctl.interface_start" to "android.hardware.keymaster@4.0::IKeymasterDevice/default": error code: 0x20
01-01 14:35:47.069   454   583 I hwservicemanager: Tried to start android.hardware.keymaster@4.0::IKeymasterDevice/default as a lazy service, but was unable to. Usually this happens when a service is not installed, but if the service is intended to be used as a lazy service, then it may be configured incorrectly.
01-01 14:35:48.037     0     0 E init    : Control message: Could not find 'android.hardware.keymaster@4.0::IKeymasterDevice/default' for ctl.interface_start from pid: 454 (/system/bin/hwservicemanager)
01-01 14:35:48.068   457   457 W HidlServiceManagement: Waited one second for android.hardware.keymaster@4.0::IKeymasterDevice/default
01-01 14:35:48.069   454   454 I hwservicemanager: Since android.hardware.keymaster@4.0::IKeymasterDevice/default is not registered, trying to start it as a lazy HAL.
