09-05 10:07:21.285     0     0 I msm-cdc-pinctrl soc: msm_cdc_pinctrl_pri: could not find pctldev for node /soc/pri_i2s_sck_ws/pri_i2s_sck_active, deferring probe
09-05 10:07:21.289     0     0 I msm-cdc-pinctrl soc: msm_cdc_pinctrl_pri: could not find pctldev for node /soc/pri_i2s_sck_ws/pri_i2s_sck_active, deferring probe
09-05 10:07:21.292     0     0 I msm-cdc-pinctrl soc: msm_cdc_pinctrl_pri: could not find pctldev for node /soc/pri_i2s_sck_ws/pri_i2s_sck_active, deferring probe
09-05 10:07:21.292     0     0 I subsys-pil-tz ab00000.qcom,lpass: adsp: Power/Clock ready interrupt received
09-05 10:07:21.301     0     0 I adsprpc : fastrpc_rpmsg_probe: opened rpmsg channel for adsp
09-05 10:07:21.304     0     0 I msm-cdc-pinctrl soc: msm_cdc_pinctrl_pri: could not find pctldev for node /soc/pri_i2s_sck_ws/pri_i2s_sck_active, deferring probe
09-05 10:07:21.305     0     0 I apr_tal_rpmsg qcom,glink: adsp.apr_audio_svc.-1.-1: apr_tal_rpmsg_probe: Channel[apr_audio_svc] state[Up]
09-05 10:07:21.308     0     0 I msm-cdc-pinctrl soc: msm_cdc_pinctrl_pri: could not find pctldev for node /soc/pri_i2s_sck_ws/pri_i2s_sck_active, deferring probe
09-05 10:07:21.315     0     0 I msm-cdc-pinctrl soc: msm_cdc_pinctrl_pri: could not find pctldev for node /soc/pri_i2s_sck_ws/pri_i2s_sck_active, deferring probe
03-30 13:42:39.529   778   778 D Zygote  : begin preload
03-30 13:42:39.529   778   778 I Zygote  : Calling ZygoteHooks.beginPreload()
03-30 13:42:39.532   779   779 I zygote  : Using memfd for future sealing
03-30 13:42:39.604   471   471 W libc    : Unable to set property "ro.sf.lcd_density" to "480": error code: 0xb
09-05 10:07:21.439     0     0 E ipa3_uc_state_check: 366 uC interface not initialized
09-05 10:07:21.439     0     0 I         : IPA smmu_info.s1_bypass_arr[AP]=0 smmu_info.fast_map=0
03-30 13:42:39.611   779   779 I zygote  : Explicit concurrent copying GC freed 870(92KB) AllocSpace objects, 0(0B) LOS objects, 99% free, 129KB/24MB, paused 69us,55us total 7.804ms
09-05 10:07:21.443     0     0 I         : IPA smmu_info.s1_bypass_arr[WLAN]=0 smmu_info.fast_map=0
03-30 13:42:39.618   779   779 I zygote  : Explicit concurrent copying GC freed 17(46KB) AllocSpace objects, 0(0B) LOS objects, 99% free, 131KB/24MB, paused 34us,24us total 5.615ms
03-30 13:42:39.618   779   779 V Zygote32Timing: PostZygoteInitGC took to complete: 14ms
03-30 13:42:39.618   779   779 V Zygote32Timing: ZygoteInit took to complete: 22ms
09-05 10:07:21.447     0     0 I         : IPA smmu_info.s1_bypass_arr[UC]=0 smmu_info.fast_map=0
09-05 10:07:21.457     0     0 I subsys-pil-tz soc: qcom,ipa_fws: ipa_fws: loading from 0x0000000057100000 to 0x0000000057105000
03-30 13:42:39.628   779   779 I Zygote  : Accepting command socket connections
03-30 13:42:39.642   778   778 V Zygote64Timing: BeginPreload took to complete: 113ms
03-30 13:42:39.642   778   778 I Zygote  : Preloading classes...
09-05 10:07:21.502     0     0 E         : can't get fw name.
09-05 10:07:21.502     0     0 E sensors-ssc soc: qcom,msm-ssc-sensors: slpi_load_fw: SLPI image loading failed
09-05 10:07:21.506     0     0 E ipa3_write: 6776 not load FW again
03-30 13:42:39.678   767   844 D RBS     : [thread_manager.c] [queue_pop:81] *** queue_pop() result = 1 
03-30 13:42:39.679   767   844 D RBS     : [thread_manager.c] [get_task:272] +++ POP_TIMEOUT 
03-30 13:42:39.679   767   844 D RBS     : [thread_manager.c] [queue_pop:59] *** queue_pop(0, 1) enter 
03-30 13:42:39.679   767   844 D RBS     : [thread_manager.c] [queue_pop:81] *** queue_pop() result = 0 
03-30 13:42:39.679   767   844 D RBS     : [thread_manager.c] [thread_manager:303] going to do task = 1 
03-30 13:42:39.679   767   844 D RBS     : [thread_manager.c] [thread_manager:314] === TASK_IDLE start 
03-30 13:42:39.679   767   844 D RBS     : [captain.c] [cpt_do_power_control:1775] set pwr = SENSOR_PWR_OFF 
03-30 13:42:39.679   767   844 D RBS     : [fps_normal.c] [fp_device_reset_set:347] fp_device_reset_set:0 
03-30 13:42:39.679   767   844 D RBS     : [fps_normal.c] [egis_call_driver:92] in_buffer 0x0, in_buffer_size 0 ,out_buffer 0x0 ,speed_hz 0 
03-30 13:42:39.679   767   844 D RBS     : [fps_normal.c] [fp_device_reset_set:362] fp_device_reset_set:0, ret = 3 
03-30 13:42:39.679   767   844 D RBS     : [fps_normal.c] [fp_device_power_control:326] fp_device_power_control:0 
03-30 13:42:39.679   767   844 D RBS     : [fps_normal.c] [egis_call_driver:92] in_buffer 0x0, in_buffer_size 0 ,out_buffer 0x0 ,speed_hz 0 
03-30 13:42:39.692   916   916 I ta_qmi_service: Starting TA QMI service
03-30 13:42:39.693   916   916 E QMI_FW  : xport_open: socket creation failed - 97
03-30 13:42:39.693   916   916 I ta_qmi_service: Starting MiscTA QMI service
03-30 13:42:39.693   916   916 E QMI_FW  : xport_open: socket creation failed - 97
03-30 13:42:39.694   767   844 D RBS     : [fps_normal.c] [fp_device_power_control:340] fp_device_power_control:0, ret = 0 
03-30 13:42:39.694   767   844 D RBS     : [captain.c] [cpt_do_power_control:1819] g_power_management.pwr_status = SENSOR_PWR_OFF 
03-30 13:42:39.694   767   844 D RBS     : [thread_manager.c] [thread_manager:318] === TASK_IDLE end 
03-30 13:42:39.694   767   844 D RBS     : [thread_manager.c] [thread_manager:351] task excuted 
03-30 13:42:39.694   767   844 D RBS     : [thread_manager.c] [queue_add:94] *** queue_add(0, 0) enter 
03-30 13:42:39.694   767   844 D RBS     : [thread_manager.c] [queue_add:106] *** queue_add(0, 0) end 
03-30 13:42:39.694   767   844 D RBS     : [thread_manager.c] [thread_manager:353] task excuted , clear 
03-30 13:42:39.694   767   844 D RBS     : [thread_manager.c] [thread_manager:301] NEW LOOP 
03-30 13:42:39.694   767   844 D RBS     : [thread_manager.c] [get_task:266] +++ queue_pop(TASK_Q, WAIT_FOREVER)  
03-30 13:42:39.694   767   844 D RBS     : [thread_manager.c] [queue_pop:59] *** queue_pop(1, 0) enter 
03-30 13:42:39.697   917   917 E QMI_FW  : xport_open: socket creation failed - 97
03-30 13:42:39.697   917   917 I mlog_qmi_service: Starting Modem Log QMI service
03-30 13:42:39.704     1     1 W init    : type=1400 audit(0.0:4): avc: denied { read } for name="device" dev="sysfs" ino=40444 scontext=u:r:init:s0 tcontext=u:object_r:vendor_sysfs_graphics:s0 tclass=lnk_file permissive=0 ppid=0 pcomm="swapper/0"
03-30 13:42:39.704     1     1 W init    : type=1400 audit(0.0:5): avc: denied { read } for name="device" dev="sysfs" ino=40444 scontext=u:r:init:s0 tcontext=u:object_r:vendor_sysfs_graphics:s0 tclass=lnk_file permissive=0 ppid=0 pcomm="swapper/0"
09-05 10:07:21.536     0     0 I subsys-pil-tz soc: qcom,ipa_fws: ipa_fws: Brought out of reset
03-30 13:42:39.704     1     1 W init    : type=1400 audit(0.0:6): avc: denied { read } for name="device" dev="sysfs" ino=40444 scontext=u:r:init:s0 tcontext=u:object_r:vendor_sysfs_graphics:s0 tclass=lnk_file permissive=0 ppid=0 pcomm="swapper/0"
09-05 10:07:21.540     0     0 I         : IPA FW loaded successfully
03-30 13:42:39.711   919   919 E QMI_FW  : xport_open: socket creation failed - 97
03-30 13:42:39.711   919   919 I sct_service: Starting SCT QMI service
09-05 10:07:21.542     0     0 E ipa3_uc_state_check: 366 uC interface not initialized
09-05 10:07:21.543     0     0 E ipahal_init: 1720 failed to create IPA regdump log, continue...
09-05 10:07:21.546     0     0 E gsi soc : qcom,msm_gsi: gsi_register_device:1162 GSI irq is wake enabled 76
03-30 13:42:39.736   923   923 I HidlServiceManagement: Registered android.hidl.allocator@1.0::IAllocator/ashmem
03-30 13:42:39.736   923   923 I HidlServiceManagement: Removing namespace from process name android.hidl.allocator@1.0-service to allocator@1.0-service.
09-05 10:07:21.567     0     0 I         : rmnet_ipa3 started initialization
09-05 10:07:21.567     0     0 I         : IPA SSR support = True
09-05 10:07:21.567     0     0 I         : IPA is_platform_type_msm = True
09-05 10:07:21.567     0     0 I         : IPA SG support = True
09-05 10:07:21.567     0     0 I         : IPA Napi Enable = True
09-05 10:07:21.567     0     0 I         : using default for wan-rx-desc-size = 256
09-05 10:07:21.567     0     0 E ipa3_setup_uc_act_tbl: 9138 Not support!
09-05 10:07:21.567     0     0 I         : IPA driver initialization was successful.
09-05 10:07:21.568     0     0 E ipa-wan ipa3_wwan_probe: 2880 rmnet_ipa completed initialization
03-30 13:42:39.785   769   769 I IPAHALService: makeIPAHAL(1, provided)
03-30 13:42:39.786   925   925 I android.hardware.bluetooth@1.0-service: vendorEnhancedInfo: 3
03-30 13:42:39.786   925   925 I android.hardware.bluetooth@1.0-service: isVendorEnhancedFramework: 1
03-30 13:42:39.786   925   925 I android.hardware.bluetooth@1.0-service: Registering BT Service
03-30 13:42:39.790   769   769 I HidlServiceManagement: Registered android.hardware.tetheroffload.control@1.0::IOffloadControl/default
03-30 13:42:39.791   769   769 I IPAHALService: Successfully registered IOffloadControl
03-30 13:42:39.792   769   769 I HidlServiceManagement: Registered android.hardware.tetheroffload.config@1.0::IOffloadConfig/default
03-30 13:42:39.792   769   769 I IPAHALService: Successfully registered IOffloadConfig
03-30 13:42:39.828   933   933 I HidlServiceManagement: Registered android.hardware.cas@1.2::IMediaCasService/default
03-30 13:42:39.833   933   933 I HidlServiceManagement: Removing namespace from process name android.hardware.cas@1.2-service to cas@1.2-service.
03-30 13:42:39.846   936   936 I HidlServiceManagement: Registered android.hardware.drm@1.4::IDrmFactory/clearkey
03-30 13:42:39.847   936   936 I HidlServiceManagement: Removing namespace from process name android.hardware.drm@1.4-service.clearkey to drm@1.4-service.clearkey.
09-05 10:07:21.675     0     0 W healthd : batteryCapacityLevelPath not found
03-30 13:42:39.848   778   778 I Typeface: Preloading /system/fonts/Roboto-Regular.ttf
03-30 13:42:39.848   778   778 I Typeface: Preloading /system/fonts/RobotoStatic-Regular.ttf
03-30 13:42:39.851   938   938 I android.hardware.health@2.1-service: default instance initializing with healthd_config...
03-30 13:42:39.855   936   936 I HidlServiceManagement: Registered android.hardware.drm@1.4::ICryptoFactory/clearkey
03-30 13:42:39.856   936   936 I HidlServiceManagement: Removing namespace from process name android.hardware.drm@1.4-service.clearkey to drm@1.4-service.clearkey.
03-30 13:42:39.858   938   938 I HidlServiceManagement: Registered android.hardware.health@2.1::IHealth/default
03-30 13:42:39.859   938   938 I HidlServiceManagement: Removing namespace from process name android.hardware.health@2.1-service to health@2.1-service.
03-30 13:42:39.859   938   938 I android.hardware.health@2.1-service: default: Hal init done
03-30 13:42:39.859   939   939 I HidlServiceManagement: Registered android.hardware.memtrack@1.0::IMemtrack/default
03-30 13:42:39.860   939   939 I HidlServiceManagement: Removing namespace from process name android.hardware.memtrack@1.0-service to memtrack@1.0-service.
03-30 13:42:39.860   939   939 I LegacySupport: Registration complete for android.hardware.memtrack@1.0::IMemtrack/default.
03-30 13:42:39.861   949   949 I HidlServiceManagement: Registered android.hardware.usb@1.0::IUsb/default
03-30 13:42:39.862   949   949 I HidlServiceManagement: Removing namespace from process name android.hardware.usb@1.0-service to usb@1.0-service.
03-30 13:42:39.862   949   949 I android.hardware.usb@1.0-service: USB HAL Ready.
03-30 13:42:39.863   925   925 I HidlServiceManagement: Registered android.hardware.bluetooth@1.0::IBluetoothHci/default
03-30 13:42:39.863   925   925 I HidlServiceManagement: Removing namespace from process name android.hardware.bluetooth@1.0-service-qti to bluetooth@1.0-service-qti.
03-30 13:42:39.863   925   925 I LegacySupport: Registration complete for android.hardware.bluetooth@1.0::IBluetoothHci/default.
03-30 13:42:39.863   925   925 I android.hardware.bluetooth@1.0-service: Registering FM Service
03-30 13:42:39.866     0     0 W healthd : battery l=83 v=4024 t=29.8 h=2 st=4 c=-823670 fc=3344000 cc=376 chg=u
03-30 13:42:39.871   941   941 D nxpnfc@1.2-service: NFC HAL Service 1.2 is starting.
03-30 13:42:39.874   947   947 I thermal_hal: Thermal HAL Service 2.0 starting...
03-30 13:42:39.874   925   925 E LegacySupport: Could not get passthrough implementation for vendor.qti.hardware.fm@1.0::IFmHci/default.
03-30 13:42:39.874   925   925 I android.hardware.bluetooth@1.0-service: Error while registering FM service: 1
03-30 13:42:39.874   925   925 I android.hardware.bluetooth@1.0-service: Registering SAR service
03-30 13:42:39.881   941   941 I HidlServiceManagement: Registered android.hardware.nfc@1.2::INfc/default
03-30 13:42:39.881   941   941 I HidlServiceManagement: Removing namespace from process name android.hardware.nfc@1.2-service to nfc@1.2-service.
03-30 13:42:39.883   533   533 I hwservicemanager: getTransport: Cannot find entry vendor.nxp.nxpnfc@1.0::INxpNfc/default in either framework or device VINTF manifest.
03-30 13:42:39.883   941   941 E HidlServiceManagement: Service vendor.nxp.nxpnfc@1.0::INxpNfc/default must be in VINTF manifest in order to register/get.
03-30 13:42:39.883   941   941 D nxpnfc@1.2-service: Could not register service for NXP NFC Extn Iface (-2147483648).
03-30 13:42:39.883   941   941 D nxpnfc@1.2-service: NFC service is ready
03-30 13:42:39.887   925   925 E vendor.qti.hardware.bluetooth_sar@1.1-BluetoothSar: HIDL_FETCH_IBluetoothSar
03-30 13:42:39.888   928   928 I android.hardware.camera.provider@2.4-service: CameraProvider@2.4 legacy service is starting.
03-30 13:42:39.889   925   925 I HidlServiceManagement: Registered vendor.qti.hardware.bluetooth_sar@1.1::IBluetoothSar/default
03-30 13:42:39.889   925   925 I LegacySupport: Registration complete for vendor.qti.hardware.bluetooth_sar@1.1::IBluetoothSar/default.
03-30 13:42:39.889   925   925 I android.hardware.bluetooth@1.0-service: Registering BT Config store Service
03-30 13:42:39.894   947   947 I android.hardware.thermal@2.0-service.qti: Sensor Name:CPU0temp: 48.3. prev severity:0. cur severity:0 New severity:0
03-30 13:42:39.894   947   947 E android.hardware.thermal@2.0-service.qti: Policy error:step_wise sensor:CPU0
03-30 13:42:39.894   947   947 I android.hardware.thermal@2.0-service.qti: Sensor Name:CPU1temp: 48.3. prev severity:0. cur severity:0 New severity:0
03-30 13:42:39.895   947   947 E android.hardware.thermal@2.0-service.qti: Policy error:step_wise sensor:CPU1
03-30 13:42:39.895   947   947 I android.hardware.thermal@2.0-service.qti: Sensor Name:CPU2temp: 48.3. prev severity:0. cur severity:0 New severity:0
03-30 13:42:39.895   947   947 E android.hardware.thermal@2.0-service.qti: Policy error:step_wise sensor:CPU2
03-30 13:42:39.895   947   947 I android.hardware.thermal@2.0-service.qti: Sensor Name:CPU3temp: 48.3. prev severity:0. cur severity:0 New severity:0
03-30 13:42:39.895   947   947 E android.hardware.thermal@2.0-service.qti: Policy error:step_wise sensor:CPU3
03-30 13:42:39.895   947   947 I android.hardware.thermal@2.0-service.qti: Sensor Name:CPU4temp: 53.5. prev severity:0. cur severity:0 New severity:0
03-30 13:42:39.895   947   947 E android.hardware.thermal@2.0-service.qti: Policy error:step_wise sensor:CPU4
03-30 13:42:39.895   947   947 I android.hardware.thermal@2.0-service.qti: Sensor Name:CPU5temp: 52.8. prev severity:0. cur severity:0 New severity:0
03-30 13:42:39.895   947   947 E android.hardware.thermal@2.0-service.qti: Policy error:step_wise sensor:CPU5
03-30 13:42:39.895   947   947 I android.hardware.thermal@2.0-service.qti: Sensor Name:CPU6temp: 50.6. prev severity:0. cur severity:0 New severity:0
03-30 13:42:39.895   947   947 E android.hardware.thermal@2.0-service.qti: Policy error:step_wise sensor:CPU6
03-30 13:42:39.895   947   947 I android.hardware.thermal@2.0-service.qti: Sensor Name:CPU7temp: 50.3. prev severity:0. cur severity:0 New severity:0
03-30 13:42:39.895   947   947 E android.hardware.thermal@2.0-service.qti: Policy error:step_wise sensor:CPU7
03-30 13:42:39.896   947   947 I android.hardware.thermal@2.0-service.qti: Sensor Name:GPUtemp: 39.9. prev severity:0. cur severity:0 New severity:0
03-30 13:42:39.896   947   947 E android.hardware.thermal@2.0-service.qti: Policy error:step_wise sensor:GPU
03-30 13:42:39.897   947   947 I android.hardware.thermal@2.0-service.qti: Sensor Name:skintemp: 33.184. prev severity:0. cur severity:0 New severity:0
03-30 13:42:39.898   947   947 E android.hardware.thermal@2.0-service.qti: Policy error:step_wise sensor:skin
03-30 13:42:39.898   947   947 I android.hardware.thermal@2.0-service.qti: Sensor Name:vbattemp: 3.986. prev severity:0. cur severity:0 New severity:0
03-30 13:42:39.898   947   947 E android.hardware.thermal@2.0-service.qti: negative temperature ramp for sensor:vbat
03-30 13:42:39.898   947   947 I android.hardware.thermal@2.0-service.qti: Sensor Name:ibattemp: 0.781. prev severity:0. cur severity:0 New severity:0
03-30 13:42:39.899   947   947 E android.hardware.thermal@2.0-service.qti: Policy error:step_wise sensor:ibat
03-30 13:42:39.900   947   947 I android.hardware.thermal@2.0-service.qti: Sensor Name:soctemp: 83. prev severity:0. cur severity:0 New severity:0
03-30 13:42:39.900   947   947 E android.hardware.thermal@2.0-service.qti: negative temperature ramp for sensor:soc
03-30 13:42:39.901   947   947 I android.hardware.thermal@2.0-service.qti: Sensor Name:batterytemp: 29.9. prev severity:0. cur severity:0 New severity:0
03-30 13:42:39.902   947   947 E android.hardware.thermal@2.0-service.qti: Policy error:step_wise sensor:battery
03-30 13:42:39.907   925   925 I HidlServiceManagement: Registered vendor.qti.hardware.btconfigstore@2.0::IBTConfigStore/default
03-30 13:42:39.909   925   925 I LegacySupport: Registration complete for vendor.qti.hardware.btconfigstore@2.0::IBTConfigStore/default.
03-30 13:42:39.912   947   947 I HidlServiceManagement: Registered android.hardware.thermal@2.0::IThermal/default
03-30 13:42:39.913   947   947 I HidlServiceManagement: Removing namespace from process name android.hardware.thermal@2.0-service.qti to thermal@2.0-service.qti.
03-30 13:42:39.913   947   947 I thermal_hal: Thermal HAL Service 2.0 started successfully.
03-30 13:42:39.930   956   956 I vendor.lineage.trust@1.0-service: Trust HAL service is starting.
03-30 13:42:39.931   959   959 I capabilityconfigstorehal: vendor::qti::hardware::capabilityconfigstore  service starts
03-30 13:42:39.931   935   935 I HidlServiceManagement: Registered android.hardware.drm@1.3::IDrmFactory/widevine
03-30 13:42:39.932   935   935 I HidlServiceManagement: Removing namespace from process name android.hardware.drm@1.3-service.widevine to drm@1.3-service.widevine.
03-30 13:42:39.932   958   958 D vendor.qti.esepowermanager@1.1-service: loading eseservice
03-30 13:42:39.933   958   958 D QSEECOMAPI: QSEECom_get_handle sb_length = 0x400
03-30 13:42:39.933   958   958 D QSEECOMAPI: App is not loaded in QSEE
03-30 13:42:39.933   958   958 E QSEECOMAPI: Error::Cannot open the file /vendor/firmware_mnt/image/eseservice.mdt errno = 2
03-30 13:42:39.933   958   958 E QSEECOMAPI: Error::Loading image failed with ret = -1
03-30 13:42:39.933   958   958 D vendor.qti.esepowermanager@1.1-service: loading eseservice failed
03-30 13:42:39.933   958   958 D vendor.qti.esepowermanager@1.1-service: eSEPowerManager V1.1 is starting
03-30 13:42:39.936   937   937 I android.hardware.gnss@2.1-service-qti: main
03-30 13:42:39.940   956   956 I HidlServiceManagement: Registered vendor.lineage.trust@1.0::IUsbRestrict/default
03-30 13:42:39.940   956   956 I HidlServiceManagement: Removing namespace from process name vendor.lineage.trust@1.0-service to trust@1.0-service.
03-30 13:42:39.940   956   956 I vendor.lineage.trust@1.0-service: Trust HAL service is ready.
03-30 13:42:39.944   961   961 I HidlServiceManagement: Registered vendor.qti.hardware.qteeconnector@1.0::IAppConnector/default
03-30 13:42:39.945   961   961 I HidlServiceManagement: Removing namespace from process name vendor.qti.hardware.qteeconnector@1.0-service to qteeconnector@1.0-service.
03-30 13:42:39.945   935   935 I HidlServiceManagement: Registered android.hardware.drm@1.3::ICryptoFactory/widevine
03-30 13:42:39.946   935   935 I HidlServiceManagement: Removing namespace from process name android.hardware.drm@1.3-service.widevine to drm@1.3-service.widevine.
03-30 13:42:39.946   959   959 I capabilityconfigstorehal: start HIDL_FETCH_ICapabilityConfigStore
03-30 13:42:39.946   959   959 I capabilityconfigstorehal: Init of QTI configstorehal
03-30 13:42:39.946   959   959 E capabilityconfigstorehal: Could not open directory: (null)/vendor/etc/configstore
03-30 13:42:39.953   958   958 I HidlServiceManagement: Registered vendor.qti.esepowermanager@1.1::IEsePowerManager/default
03-30 13:42:39.954   958   958 I HidlServiceManagement: Removing namespace from process name vendor.qti.esepowermanager@1.1-service to esepowermanager@1.1-service.
03-30 13:42:39.954   958   958 I LegacySupport: Registration complete for vendor.qti.esepowermanager@1.1::IEsePowerManager/default.
03-30 13:42:39.955   959   959 I HidlServiceManagement: Registered vendor.qti.hardware.capabilityconfigstore@1.0::ICapabilityConfigStore/default
03-30 13:42:39.955   959   959 I HidlServiceManagement: Removing namespace from process name vendor.qti.hardware.capabilityconfigstore@1.0-service to capabilityconfigstore@1.0-service.
03-30 13:42:39.955   959   959 I LegacySupport: Registration complete for vendor.qti.hardware.capabilityconfigstore@1.0::ICapabilityConfigStore/default.
03-30 13:42:39.959   954   954 I HidlServiceManagement: Registered vendor.display.color@1.3::IDisplayColor/default
03-30 13:42:39.959   954   954 I HidlServiceManagement: Removing namespace from process name vendor.display.color@1.0-service to color@1.0-service.
03-30 13:42:39.962   954   954 I HidlServiceManagement: Registered vendor.display.postproc@1.0::IDisplayPostproc/default
03-30 13:42:39.963   778   778 E ActivityRecognitionHardware: activity_recognition HAL is deprecated. class_init is effectively a no-op
03-30 13:42:39.963   922   922 I HidlServiceManagement: Registered android.hardware.audio@7.0::IDevicesFactory/default
03-30 13:42:39.964   922   922 I HidlServiceManagement: Removing namespace from process name android.hardware.audio.service to audio.service.
03-30 13:42:39.964   922   922 I LegacySupport: Registration complete for android.hardware.audio@7.0::IDevicesFactory/default.
03-30 13:42:39.967   961   961 I HidlServiceManagement: Registered vendor.qti.hardware.qteeconnector@1.0::IGPAppConnector/default
03-30 13:42:39.967   961   961 I HidlServiceManagement: Removing namespace from process name vendor.qti.hardware.qteeconnector@1.0-service to qteeconnector@1.0-service.
03-30 13:42:39.975   964   964 D QSEECOMAPI: QSEECom_get_handle sb_length = 0x2800
03-30 13:42:39.976   964   964 D QSEECOMAPI: App is not loaded in QSEE
03-30 13:42:39.976   964   964 E QSEECOMAPI: Error::Cannot open the file /vendor/firmware_mnt/image/soter64.mdt errno = 2
03-30 13:42:39.976   964   964 E QSEECOMAPI: Error::Loading image failed with ret = -1
03-30 13:42:39.976   964   964 D QSEECOMAPI: QSEECom_get_handle sb_length = 0x2800
03-30 13:42:39.977   964   964 D QSEECOMAPI: App is not loaded in QSEE
03-30 13:42:39.977   964   964 E QSEECOMAPI: Error::Cannot open the file /vendor/firmware_mnt/image/soter.mdt errno = 2
03-30 13:42:39.977   964   964 E QSEECOMAPI: Error::Loading image failed with ret = -1
03-30 13:42:39.977   964   964 E SoterUtils: QSEECom_start_app failed
03-30 13:42:39.977   967   967 D vendor.qti.hardware.tui_comm@1.0-service-qti: tui_comm: svc service starting :)
03-30 13:42:39.979   964   964 D vendor.qti.hardware.soter@1.0-service: soter: svc service starting.
03-30 13:42:39.981   967   967 I HidlServiceManagement: Registered vendor.qti.hardware.tui_comm@1.0::ITuiComm/default
03-30 13:42:39.981   967   967 I HidlServiceManagement: Removing namespace from process name vendor.qti.hardware.tui_comm@1.0-service-qti to tui_comm@1.0-service-qti.
03-30 13:42:39.981   967   967 E vendor.qti.hardware.tui_comm@1.0-service-qti: Registered ITuiComm HAL service success!
03-30 13:42:39.981   960   960 W dspservice: libminijail[960]: failed to get path of fd 3: No such file or directory
03-30 13:42:39.982   960   960 W dspservice: libminijail[960]: allowing syscall: connect
03-30 13:42:39.982   964   964 I HidlServiceManagement: Registered vendor.qti.hardware.soter@1.0::ISoter/default
03-30 13:42:39.982   960   960 W dspservice: libminijail[960]: allowing syscall: fcntl
03-30 13:42:39.982   960   960 W dspservice: libminijail[960]: allowing syscall: sendto
03-30 13:42:39.982   960   960 W dspservice: libminijail[960]: allowing syscall: socket
03-30 13:42:39.982   960   960 W dspservice: libminijail[960]: allowing syscall: writev
03-30 13:42:39.982   964   964 I HidlServiceManagement: Removing namespace from process name vendor.qti.hardware.soter@1.0-service to soter@1.0-service.
03-30 13:42:39.982   964   964 E vendor.qti.hardware.soter@1.0-service: Registered SOTER HAL service success
03-30 13:42:39.983   960   960 W dspservice: libminijail[960]: logging seccomp filter failures
03-30 13:42:39.985   961   961 D UIDLookupListener: start
03-30 13:42:39.985   961   961 D QSEECOMAPI: QSEECom_register_listener 8194 sb_length = 0x14
03-30 13:42:39.985   961   961 E ion     : ioctl c0044901 failed with code -1: Inappropriate ioctl for device
03-30 13:42:39.985   961   961 D UIDLookupListener: registering listener to QSEECom is done!
03-30 13:42:39.985   961   961 D UIDLookupListener: begin to create a thread!
03-30 13:42:39.985   961   961 D vendor.qti.hardware.qteeconnector@1.0-service: UIDLookupListener is running.
03-30 13:42:39.987   960   960 I HidlServiceManagement: Registered vendor.qti.hardware.dsp@1.0::IDspService/dspservice
03-30 13:42:39.990   946   946 I sensors : sensors_hw_module:139, create sensors sub-hal instance
03-30 13:42:39.991   946   946 I sensors-hal: get_system_config:64, log_level: 2
03-30 13:42:39.991   946   946 I sensors-hal: is_worker_bypass_enabled:72, worker bypass : true
03-30 13:42:39.991   946   946 I sensors-hal: get_direct_channel_config:113, support_direct_channel : false
03-30 13:42:39.991   946   946 I sensors-hal: sensors_hal:173, initializing sensors_hal
03-30 13:42:39.991   946   946 I sensors-hal: get_sns_settings:198, settings 0
03-30 13:42:39.991   946   946 I sensors-hal: get_qmi_debug_flag:241, support_qmi_debug : false
03-30 13:42:39.994   922   922 I HidlServiceManagement: Registered android.hardware.audio.effect@7.0::IEffectsFactory/default
03-30 13:42:39.994   922   922 I LegacySupport: Registration complete for android.hardware.audio.effect@7.0::IEffectsFactory/default.
03-30 13:42:39.999   962   962 I HidlServiceManagement: Registered vendor.qti.hardware.sensorscalibrate@1.0::ISensorsCalibrate/default
03-30 13:42:39.999   962   962 I HidlServiceManagement: Removing namespace from process name vendor.qti.hardware.sensorscalibrate@1.0-service to sensorscalibrate@1.0-service.
03-30 13:42:40.000   962   962 I LegacySupport: Registration complete for vendor.qti.hardware.sensorscalibrate@1.0::ISensorsCalibrate/default.
03-30 13:42:40.017   970   970 D vendor.qti.vibrator: not a qcom/qti haptics device
03-30 13:42:40.022   970   970 D vendor.qti.vibrator: not a qcom/qti haptics device
03-30 13:42:40.023   970   970 D vendor.qti.vibrator: not a qcom/qti haptics device
03-30 13:42:40.023   970   970 D vendor.qti.vibrator: not a qcom/qti haptics device
03-30 13:42:40.028   975   975 I android.vendor.semc.hardware.libdisplay@2.2-service: main: starting service
03-30 13:42:40.029   972   972 I HidlServiceManagement: Registered vendor.semc.hardware.charger@1.0::ICharger/default
03-30 13:42:40.029   975   975 I vendor.semc.hardware.display: get_color_mode_from_persist: -1
03-30 13:42:40.029   975   975 E vendor.semc.hardware.display: Display instance mode=-1
03-30 13:42:40.029   975   975 I vendor.semc.hardware.display: setColorMode mode=-1
03-30 13:42:40.029   975   975 E vendor.semc.hardware.display: setColorMode: wrong mode -1
03-30 13:42:40.029   975   975 I vendor.semc.hardware.display: set_sspp_color_mode: No supprt libhdr
03-30 13:42:40.029   975   975 I vendor.semc.hardware.display:  
03-30 13:42:40.029   972   972 I HidlServiceManagement: Removing namespace from process name vendor.semc.hardware.charger@1.0-service to charger@1.0-service.
03-30 13:42:40.029   975   975 E vendor.semc.hardware.display: hw_get_module lights br_compensation failed: -2
03-30 13:42:40.029   975   975 E vendor.semc.hardware.display: FramerateController Fail to initialize light client rc = -2
03-30 13:42:40.033   970   970 D vendor.qti.vibrator: not a qcom/qti haptics device
03-30 13:42:40.034   970   970 D vendor.qti.vibrator: not a qcom/qti haptics device
03-30 13:42:40.034   951   951 I android.hardware.wifi@1.0-service: Wifi Hal is booting up...
03-30 13:42:40.035   532   532 I servicemanager: Found android.hardware.vibrator.IVibrator/default in device VINTF manifest.
03-30 13:42:40.036   975   975 I HidlServiceManagement: Registered vendor.semc.hardware.display@2.2::IDisplay/default
03-30 13:42:40.036   975   975 I HidlServiceManagement: Removing namespace from process name vendor.semc.hardware.display@2.2-service to display@2.2-service.
03-30 13:42:40.041   979   979 I HidlServiceManagement: Registered vendor.semc.system.idd@1.0::IIdd/default
03-30 13:42:40.041   979   979 I HidlServiceManagement: Removing namespace from process name vendor.semc.system.idd@1.0-service to idd@1.0-service.
03-30 13:42:40.042   975   975 I HidlServiceManagement: Registered vendor.semc.hardware.display@2.2::IFramerateController/default
03-30 13:42:40.043   975   975 I HidlServiceManagement: Removing namespace from process name vendor.semc.hardware.display@2.2-service to display@2.2-service.
03-30 13:42:40.043   768   768 E QMI_FW  : xport_lookup: No RX for lookup -1
03-30 13:42:40.043   768   771 E QMI_FW  : ctrl_msg_reader_thread: control thread received ENETRESET 102
03-30 13:42:40.044   768   768 D QC-time-services: Daemon:genoff_modem_qmi_init: Initializing QMI 
03-30 13:42:40.044   946   981 E QMI_FW  : ctrl_msg_reader_thread: control thread received ENETRESET 102
03-30 13:42:40.044   946   946 E QMI_FW  : xport_lookup: No RX for lookup -1
03-30 13:42:40.047   983   983 I irsc_util: Starting irsc tool
03-30 13:42:40.048   940   940 I android.hardware.neuralnetworks@1.3-service: nnhal main 1.3-23:build_trinket
03-30 13:42:40.051   979   979 I HidlServiceManagement: Registered vendor.semc.system.idd@1.0::IIdd/logreader
03-30 13:42:40.051   979   979 I HidlServiceManagement: Removing namespace from process name vendor.semc.system.idd@1.0-service to idd@1.0-service.
03-30 13:42:40.053   533   533 I hw-BpHwBinder: onLastStrongRef automatically unlinking death recipients
03-30 13:42:40.054   951   951 I HidlServiceManagement: Registered android.hardware.wifi@1.5::IWifi/default
03-30 13:42:40.054   951   951 I HidlServiceManagement: Removing namespace from process name android.hardware.wifi@1.0-service to wifi@1.0-service.
03-30 13:42:40.055   979   979 E idd-api : add_event: send failed, socket 7, errcode -2 (No such file or directory)
03-30 13:42:40.059   947   963 E android.hardware.thermal@2.0-service.qti: read error:0. buf:add@/devices/virtual/thermal/cooling_device7 ACTION=add DEVPATH=/devices/virtual/thermal/cooling_device7 SUBSYSTEM=thermal SEQNUM=5024 
03-30 13:42:40.058     0     0 I sysmon-qmi: ssctl_new_server: Connection established between QMI handle and adsp's SSCTL service
03-30 13:42:40.061   767   767 D android.hardware.biometrics.fingerprint@2.1-service-rbs: fingerprint_hal 3
03-30 13:42:40.059     0     0 E diag    : In diag_send_feature_mask_update, control channel is not open, p: 1, 0000000000000000
03-30 13:42:40.059     0     0 I sysmon-qmi: ssctl_new_server: Connection established between QMI handle and cdsp's SSCTL service
03-30 13:42:40.061     0     0 E diag    : In diag_send_peripheral_buffering_mode, buffering flag not set for 1
03-30 13:42:40.062     0     0 E diag    : In diag_send_feature_mask_update, control channel is not open, p: 5, 0000000000000000
03-30 13:42:40.063     0     0 E diag    : In diag_send_peripheral_buffering_mode, buffering flag not set for 5
03-30 13:42:40.062   768   995 D QC-time-services: Daemon: Time-services: All initializations done
03-30 13:42:40.062   768   995 E QC-time-services: Daemon: Time-services: Waiting to acceptconnection
03-30 13:42:40.062   983   983 I irsc_util: Num of entries:298
03-30 13:42:40.062   983   983 E irsc_util: irsc_feed_config: Security config ioctl failed
03-30 13:42:40.062   983   983 I irsc_util: Ending irsc tool
03-30 13:42:40.063   947   963 E android.hardware.thermal@2.0-service.qti: read error:0. buf:add@/devices/virtual/thermal/cooling_device8 ACTION=add DEVPATH=/devices/virtual/thermal/cooling_device8 SUBSYSTEM=thermal SEQNUM=5025 
03-30 13:42:40.063   946   946 I sensors-hal: is_registry_up:298, Remote SensorService UpTime from hal_service start = 0.071643s
03-30 13:42:40.066   940   940 I android.hardware.neuralnetworks@1.3-service-qti: vendor/qcom/proprietary/adsprpc/src/rpcmem_android.c:159: rpcmem_init_internal: opened ION device fd 6, configured heap IDs: system (0x2000000), contig (0x400000), secure (0x200), secure flags (0x80080000)
03-30 13:42:40.066   940   940 I android.hardware.neuralnetworks@1.3-service-qti: vendor/qcom/proprietary/adsprpc/src/fastrpc_apps_user.c:3070: fastrpc_apps_user_init done with default domain:3 and &fastrpc_trace:0x70041f80bc
03-30 13:42:40.070   985   985 I pd-mapper-svc: Starting pd-mapper service
03-30 13:42:40.070   985   985 I pd-mapper-svc: Parsing file :/vendor/firmware_mnt/image/adspr.jsn:
03-30 13:42:40.070   767   767 I HidlServiceManagement: Registered android.hardware.biometrics.fingerprint@2.1::IBiometricsFingerprint/default
03-30 13:42:40.071   767   767 I HidlServiceManagement: Removing namespace from process name android.hardware.biometrics.fingerprint@2.1-service-rbs to fingerprint@2.1-service-rbs.
03-30 13:42:40.071   937   937 D LocSvc_LBSProxy: checkIfLocationExtendedClientExists] File does not Exist
03-30 13:42:40.072   986   986 I PerMgrSrv: Adding entry for modem : offTimeout : 500 ackTimeout : 200
03-30 13:42:40.072   985   985 I pd-mapper-svc: Parsing file :/vendor/firmware_mnt/image/adsps.jsn:
03-30 13:42:40.073   767   767 I HidlServiceManagement: Registered vendor.egistec.hardware.fingerprint@4.0::IBiometricsFingerprintRbs/default
03-30 13:42:40.076   985   985 I pd-mapper-svc: Parsing file :/vendor/firmware_mnt/image/adspua.jsn:
03-30 13:42:40.079   922   922 D sound_trigger_hw: stdev_open: Enter
03-30 13:42:40.079   986   986 I PerMgrSrv: Peripheral Mananager service start
03-30 13:42:40.080   986   986 I PerMgrSrv: power-off timeout 500,ms; event-ack timeout 200,ms; debug-mode false
03-30 13:42:40.080   986   986 I PerMgrSrv: Statistics for : modem
03-30 13:42:40.080   986   986 I PerMgrSrv: modem: Current State : is off-line
03-30 13:42:40.080   986   986 I PerMgrSrv: modem: Voter/Listener count : 0/0
03-30 13:42:40.080   986   986 I PerMgrSrv: modem: Power on count : 0
03-30 13:42:40.080   986   986 I PerMgrSrv: modem: Power off count: 0
03-30 13:42:40.080   986   986 I PerMgrSrv: modem: Client list:
03-30 13:42:40.080   937   937 E android.hardware.gnss@2.1-service-qti: cannot open file:/data/vendor/location/gps.prop
03-30 13:42:40.080   986  1001 I PerMgrSrv: QMI service start
03-30 13:42:40.083   985   985 I pd-mapper-svc: Parsing file :/vendor/firmware_mnt/image/cdspr.jsn:
03-30 13:42:40.083   937   937 E LocSvc_misc_utils: logDlError:129] dlopen error: dlopen failed: library "liblocdiagiface.so" not found
03-30 13:42:40.087   937   937 I HidlServiceManagement: Registered android.hardware.gnss@2.1::IGnss/default
03-30 13:42:40.087   937   937 I HidlServiceManagement: Removing namespace from process name android.hardware.gnss@2.1-service-qti to gnss@2.1-service-qti.
03-30 13:42:40.088   937   937 I LegacySupport: Registration complete for android.hardware.gnss@2.1::IGnss/default.
03-30 13:42:40.091   985   985 I pd-mapper-svc: Parsing file :/vendor/firmware_mnt/image/modemr.jsn:
03-30 13:42:40.094   976  1012 I secd@1.0-service: start init_thread
03-30 13:42:40.095   976  1012 I secd@1.0-service: listeners registered
03-30 13:42:40.095   976  1012 D QSEECOMAPI: QSEECom_get_handle sb_length = 0x200
03-30 13:42:40.095   985   985 I pd-mapper-svc: Parsing file :/vendor/firmware_mnt/image/modemuw.jsn:
03-30 13:42:40.095   976  1012 D QSEECOMAPI: App is already loaded QSEE and app id = 2
03-30 13:42:40.095   976  1012 E ion     : ioctl c0044901 failed with code -1: Inappropriate ioctl for device
03-30 13:42:40.096   976  1012 D QSEECOMAPI: QSEECom_dealloc_memory 
03-30 13:42:40.096   976  1012 D QSEECOMAPI: QSEECom_shutdown_app, app_id = 2
03-30 13:42:40.096   976  1012 I libdevice_security_static: get_rooting_status.cpp:80    rooting_status 2
03-30 13:42:40.096   976  1012 I secd@1.0-service: the bootloader is unlocked, use limited functionality
03-30 13:42:40.096   976  1012 I secd@1.0-service: wait for post_fs proprty
03-30 13:42:40.096   976  1012 I secd@1.0-service: post_fs property triggered
03-30 13:42:40.096   976  1012 D QSEECOMAPI: QSEECom_get_handle sb_length = 0x200
03-30 13:42:40.096   976  1012 D QSEECOMAPI: App is already loaded QSEE and app id = 2
03-30 13:42:40.097   976  1012 D QSEECOMAPI: QSEECom_dealloc_memory 
03-30 13:42:40.097   976  1012 D QSEECOMAPI: QSEECom_shutdown_app, app_id = 2
03-30 13:42:40.097   976  1012 I libdevice_security_static: get_rooting_status.cpp:80    rooting_status 2
03-30 13:42:40.098   976   976 I HidlServiceManagement: Registered vendor.somc.hardware.security.secd@1.0::IDeviceSecurity/default
03-30 13:42:40.103   985  1015 I pd-mapper-svc: Starting servloc server
03-30 13:42:40.103     0     0 I servloc : service_locator_new_server: Connection established with the Service locator
03-30 13:42:40.103     0     0 I servloc : init_service_locator: Service locator initialized
03-30 13:42:40.104     0     0 I service-notifier: service_notifier_new_server: Connection established between QMI handle and 74 service
03-30 13:42:40.111     0     0 I ADSPRPC : sensors_pdr_adsprpc is uninitialzed
03-30 13:42:40.111     0     0 I ADSPRPC : audio_pdr_adsprpc is uninitialzed
03-30 13:42:40.111     0     0 I audio_notifer_reg_service: service PDR_ADSP is in use
03-30 13:42:40.111     0     0 I service-notifier: service_notifier_new_server: Connection established between QMI handle and 74 service
03-30 13:42:40.112     0     0 I apr_adsp_up: Q6 is Up
03-30 13:42:40.118     0     0 I iommu   : Adding device soc:qcom,msm-audio-apr:qcom,msm-audio-ion to group 35
03-30 13:42:40.121  1013  1013 E adsprpcd: vendor/qcom/proprietary/adsprpc/src/adsprpcd.c:36:adsp daemon starting
03-30 13:42:40.128   940   940 E android.hardware.neuralnetworks@1.3-service: cannot load function CreateAccelerator for unnhal-acc-adreno.so
03-30 13:42:40.130   922   922 D sound_trigger_hw: load_audio_hal: ahal is using proprietary API version 0x0200
03-30 13:42:40.130   922   922 I sound_trigger_platform: platform_stdev_init: Enter
03-30 13:42:40.133     0     0 I rmt_storage: INFO:check_support_using_libmdm: Modem subsystem found on target!
03-30 13:42:40.134  1014  1014 I vendor.rmt_storage: Modem subsystem found on target!
03-30 13:42:40.135  1014  1014 I vendor.rmt_storage: Shared memory initialised successfully.
03-30 13:42:40.135  1014  1014 I vendor.rmt_storage: Registering modemst1: 0x4a /boot/modem_fs1
03-30 13:42:40.135  1014  1014 I vendor.rmt_storage: Registering modemst2: 0x4b /boot/modem_fs2
03-30 13:42:40.135  1014  1014 I vendor.rmt_storage: Registering fsc: 0xff /boot/modem_fsc
03-30 13:42:40.135  1014  1014 I vendor.rmt_storage: Registering fsg: 0x58 /boot/modem_fsg
03-30 13:42:40.135  1014  1014 I vendor.rmt_storage: 4 GPT partitions found
03-30 13:42:40.135  1014  1014 I vendor.rmt_storage: Capset success!
03-30 13:42:40.135     0     0 I rmt_storage: INFO:main: Done with init now waiting for messages!
03-30 13:42:40.140  1013  1013 I adsprpcd: vendor/qcom/proprietary/adsprpc/src/rpcmem_android.c:159: rpcmem_init_internal: opened ION device fd 5, configured heap IDs: system (0x2000000), contig (0x400000), secure (0x200), secure flags (0x80080000)
03-30 13:42:40.140  1013  1013 I adsprpcd: vendor/qcom/proprietary/adsprpc/src/fastrpc_apps_user.c:3070: fastrpc_apps_user_init done with default domain:0 and &fastrpc_trace:0x6f4655d0bc
03-30 13:42:40.140  1013  1013 I adsprpcd: vendor/qcom/proprietary/adsprpc/src/fastrpc_apps_user.c:1332: remote_handle_open: Successfully opened handle 0x0 for '":;./\createstaticpd:sensorspd on domain 0
03-30 13:42:40.141     0     0 E sps_register_bam_device: unable to create IPC Logging 0 for bam 0x000000000a304000
03-30 13:42:40.141     0     0 E sps_register_bam_device: unable to create IPC Logging 1 for bam 0x000000000a304000
03-30 13:42:40.141     0     0 E sps_register_bam_device: unable to create IPC Logging 2 for bam 0x000000000a304000
03-30 13:42:40.141     0     0 E sps_register_bam_device: unable to create IPC Logging 3 for bam 0x000000000a304000
03-30 13:42:40.141     0     0 E sps_register_bam_device: unable to create IPC Logging 4 for bam 0x000000000a304000
03-30 13:42:40.143     0     0 I sps     : BAM 0x000000000a304000 (va:0x0000000000000000) enabled: ver:0x19, number of pipes:13
03-30 13:42:40.143     0     0 I sps     : BAM 0x000000000a304000 is registered.
03-30 13:42:40.146     0     0 I msm-cdc-pinctrl soc: msm_cdc_pinctrl_pri: could not find pctldev for node /soc/pri_i2s_sck_ws/pri_i2s_sck_active, deferring probe
03-30 13:42:40.147     0     0 I msm-cdc-pinctrl soc: msm_cdc_pinctrl_pri: could not find pctldev for node /soc/pri_i2s_sck_ws/pri_i2s_sck_active, deferring probe
03-30 13:42:40.149  1013  1022 I adsprpcd: vendor/qcom/proprietary/adsprpc/src/listener_android.c:111: listener thread starting
03-30 13:42:40.151  1018  1018 I tftp_server: Initializing tftp_server RING buffer
03-30 13:42:40.151  1018  1018 I tftp_server: Starting...
03-30 13:42:40.153   976  1012 I libsuntory_static: utils_blob.cpp:462    process miscTA unit 2022
03-30 13:42:40.157  1009  1009 I iddd    : Starting up...
03-30 13:42:40.162   976  1012 I libsuntory_static: utils_blob.cpp:497    found blob CKB
03-30 13:42:40.162   976  1012 I libsuntory_static: utils_blob.cpp:521    match found at index 0
03-30 13:42:40.162   976  1012 D QSEECOMAPI: QSEECom_get_handle sb_length = 0x4100
03-30 13:42:40.162  1013  1013 I adsprpcd: vendor/qcom/proprietary/adsprpc/src/fastrpc_perf.c:273: fastrpc_perf_init: enabled systrace 0x0 and RPC traces (kernel 0, dsp 0) with frequency 1000
03-30 13:42:40.163   976  1012 D QSEECOMAPI: App is not loaded in QSEE
03-30 13:42:40.163  1013  1013 I adsprpcd: vendor/qcom/proprietary/adsprpc/src/fastrpc_apps_user.c:1332: remote_handle_open: Successfully opened handle 0x42548a20 for adsp_default_listener on domain 0
03-30 13:42:40.164  1013  1013 I adsprpcd: vendor/qcom/proprietary/adsprpc/src/fastrpc_apps_user.c:1332: remote_handle_open: Successfully opened handle 0x42548cc0 for adsp_default_listener on domain 0
03-30 13:42:40.165  1013  1022 E ion     : ioctl c0044901 failed with code -1: Inappropriate ioctl for device
03-30 13:42:40.165  1013  1013 I adsprpcd: vendor/qcom/proprietary/adsprpc/src/fastrpc_apps_user.c:1332: remote_handle_open: Successfully opened handle 0x7 for '":;./\geteventfd on domain 0
03-30 13:42:40.165  1013  1024 I adsprpcd: vendor/qcom/proprietary/adsprpc/src/log_config.c:345: file_watcher_thread starting for domain 0
03-30 13:42:40.166  1013  1024 E adsprpcd: vendor/qcom/proprietary/adsprpc/src/log_config.c:268:Error 0x200: fopen failed for /vendor/lib/rfsa/adsp/adsprpcd.farf. (No such file or directory)
03-30 13:42:40.166  1013  1022 I adsprpcd: vendor/qcom/proprietary/adsprpc/src/mod_table.c:687: open_mod_table_open_from_static: reverse module apps_std opened with handle 0x4655f7e8 (idx 0)
03-30 13:42:40.166   998   998 I credstore: Registered binder service
03-30 13:42:40.167   976   976 D QSEECOMAPI: QSEECom_get_handle sb_length = 0x200
03-30 13:42:40.167   976   976 D QSEECOMAPI: App is already loaded QSEE and app id = 2
03-30 13:42:40.167   976  1012 D QSEECOMAPI: app_arch = 2, total_files = 9
03-30 13:42:40.169   976   976 D QSEECOMAPI: QSEECom_dealloc_memory 
03-30 13:42:40.169   976   976 D QSEECOMAPI: QSEECom_shutdown_app, app_id = 2
03-30 13:42:40.169   976   976 I libdevice_security_static: get_security_config.cpp:68    security configuration 1
03-30 13:42:40.170   976   976 I secd@1.0-service: message 14 ok
03-30 13:42:40.170  1013  1024 E adsprpcd: vendor/qcom/proprietary/adsprpc/src/log_config.c:268:Error 0x200: fopen failed for /vendor/dsp/adsp/adsprpcd.farf. (No such file or directory)
03-30 13:42:40.170  1013  1024 E adsprpcd: vendor/qcom/proprietary/adsprpc/src/log_config.c:268:Error 0x200: fopen failed for /vendor/dsp/adsprpcd.farf. (No such file or directory)
03-30 13:42:40.173  1020  1020 I sensors.qti: set_log_level:509, log_level set: 2
03-30 13:42:40.173  1020  1020 I sensors.qti: main:549, sensors daemon starting
03-30 13:42:40.175  1013  1022 W adsprpcd: vendor/qcom/proprietary/adsprpc/src/apps_std_imp.c:881: Warning: apps_std_fopen_with_env failed with 0x2 for /persist/sensors/registry/registry (No such file or directory)
03-30 13:42:40.175  1013  1022 E adsprpcd: vendor/qcom/proprietary/adsprpc/src/apps_std_imp.c:1235::Error: 201: 0 == (nOpenErr = apps_std_fopen_with_env(ADSP_LIBRARY_PATH, ";", name, "r", &ps))
03-30 13:42:40.175  1013  1022 E adsprpcd: vendor/qcom/proprietary/adsprpc/src/apps_std_imp.c:1254:Error 0x201: apps_std_stat: failed to stat /persist/sensors/registry/registry, file open returned 0x2 (No such file or directory)
03-30 13:42:40.175  1013  1022 E adsprpcd: vendor/qcom/proprietary/adsprpc/src/apps_std_imp.c:1202:Error 0x2: failed to mkdir /persist/sensors/registry/registry,errno is No such file or directory
03-30 13:42:40.177  1013  1022 I adsprpcd: vendor/qcom/proprietary/adsprpc/src/apps_std_imp.c:848: Successfully opened file /vendor/etc/sensors/sns_reg_config
03-30 13:42:40.178  1020  1025 I sensors.qti: handle_diag_settings:418, try Diag_LSM_Init, count = 1
03-30 13:42:40.178  1013  1022 I adsprpcd: vendor/qcom/proprietary/adsprpc/src/apps_std_imp.c:848: Successfully opened file /vendor/etc/sensors/sns_reg_config
03-30 13:42:40.179  1013  1022 I adsprpcd: vendor/qcom/proprietary/adsprpc/src/apps_std_imp.c:848: Successfully opened file /vendor/etc/sensors/sns_reg_config
03-30 13:42:40.186  1013  1022 I adsprpcd: vendor/qcom/proprietary/adsprpc/src/apps_std_imp.c:848: Successfully opened file /sys/devices/soc0/hw_platform
03-30 13:42:40.186  1009  1009 I iddd-plugins: Load 5 plugin
03-30 13:42:40.186   940   940 I HidlServiceManagement: Registered android.hardware.neuralnetworks@1.3::IDevice/qti-default
03-30 13:42:40.186   940   940 I HidlServiceManagement: Removing namespace from process name android.hardware.neuralnetworks@1.3-service-qti to neuralnetworks@1.3-service-qti.
03-30 13:42:40.187  1020  1025 I sensors.qti: handle_diag_settings:430, Diag_LSM_Init is successful
03-30 13:42:40.191  1013  1022 I adsprpcd: vendor/qcom/proprietary/adsprpc/src/apps_std_imp.c:848: Successfully opened file /sys/devices/soc0/hw_platform
03-30 13:42:40.193     0     0 I         : Mass Storage Function, version: 2009/09/11
03-30 13:42:40.193     0     0 I LUN     : removable read only CD-ROM file: (no medium)
03-30 13:42:40.193  1013  1022 I adsprpcd: vendor/qcom/proprietary/adsprpc/src/apps_std_imp.c:848: Successfully opened file /sys/devices/soc0/platform_subtype
03-30 13:42:40.193  1013  1022 I adsprpcd: vendor/qcom/proprietary/adsprpc/src/apps_std_imp.c:848: Successfully opened file /sys/devices/soc0/platform_subtype
03-30 13:42:40.194   940   940 I HidlServiceManagement: Registered android.hardware.neuralnetworks@1.3::IDevice/qti-gpu
03-30 13:42:40.195   940   940 I HidlServiceManagement: Removing namespace from process name android.hardware.neuralnetworks@1.3-service-qti to neuralnetworks@1.3-service-qti.
03-30 13:42:40.195  1013  1022 I adsprpcd: vendor/qcom/proprietary/adsprpc/src/apps_std_imp.c:848: Successfully opened file /sys/devices/soc0/platform_subtype_id
03-30 13:42:40.195  1013  1022 I adsprpcd: vendor/qcom/proprietary/adsprpc/src/apps_std_imp.c:848: Successfully opened file /sys/devices/soc0/platform_subtype_id
03-30 13:42:40.197  1013  1022 I adsprpcd: vendor/qcom/proprietary/adsprpc/src/apps_std_imp.c:848: Successfully opened file /sys/devices/soc0/platform_version
03-30 13:42:40.197  1013  1022 I adsprpcd: vendor/qcom/proprietary/adsprpc/src/apps_std_imp.c:848: Successfully opened file /sys/devices/soc0/platform_version
03-30 13:42:40.199  1013  1022 I adsprpcd: vendor/qcom/proprietary/adsprpc/src/apps_std_imp.c:848: Successfully opened file /sys/devices/soc0/soc_id
03-30 13:42:40.199   940   940 I HidlServiceManagement: Registered android.hardware.neuralnetworks@1.3::IDevice/qti-dsp
03-30 13:42:40.200   940   940 I HidlServiceManagement: Removing namespace from process name android.hardware.neuralnetworks@1.3-service-qti to neuralnetworks@1.3-service-qti.
03-30 13:42:40.200  1013  1022 I adsprpcd: vendor/qcom/proprietary/adsprpc/src/apps_std_imp.c:848: Successfully opened file /sys/devices/soc0/soc_id
03-30 13:42:40.204  1013  1022 I adsprpcd: vendor/qcom/proprietary/adsprpc/src/apps_std_imp.c:848: Successfully opened file /sys/devices/soc0/revision
03-30 13:42:40.205  1013  1022 I adsprpcd: vendor/qcom/proprietary/adsprpc/src/apps_std_imp.c:848: Successfully opened file /sys/devices/soc0/revision
