03-30 13:42:38.391   774   774 D LibBpfLoader: map_fd found at 0 is 7 in /system/etc/bpf/time_in_state.o
03-30 13:42:38.391   774   774 D LibBpfLoader: map_fd found at 1 is 8 in /system/etc/bpf/time_in_state.o
03-30 13:42:38.391   774   774 D LibBpfLoader: map_fd found at 2 is 9 in /system/etc/bpf/time_in_state.o
03-30 13:42:38.391   774   774 D LibBpfLoader: map_fd found at 3 is 10 in /system/etc/bpf/time_in_state.o
03-30 13:42:38.391   774   774 D LibBpfLoader: map_fd found at 4 is 11 in /system/etc/bpf/time_in_state.o
03-30 13:42:38.391   774   774 D LibBpfLoader: map_fd found at 5 is 12 in /system/etc/bpf/time_in_state.o
03-30 13:42:38.391   774   774 D LibBpfLoader: map_fd found at 6 is 13 in /system/etc/bpf/time_in_state.o
03-30 13:42:38.391   774   774 D LibBpfLoader: map_fd found at 7 is 14 in /system/etc/bpf/time_in_state.o
03-30 13:42:38.391   774   774 D LibBpfLoader: map_fd found at 8 is 15 in /system/etc/bpf/time_in_state.o
03-30 13:42:38.391   774   774 D LibBpfLoader: map_fd found at 9 is 16 in /system/etc/bpf/time_in_state.o
03-30 13:42:38.391   774   774 D LibBpfLoader: map_fd found at 10 is 17 in /system/etc/bpf/time_in_state.o
03-30 13:42:38.391   774   774 D LibBpfLoader: map_fd found at 11 is 18 in /system/etc/bpf/time_in_state.o
03-30 13:42:38.391   774   774 D LibBpfLoader: map_fd found at 12 is 19 in /system/etc/bpf/time_in_state.o
03-30 13:42:38.392   774   774 D LibBpfLoader: map_fd found at 13 is 20 in /system/etc/bpf/time_in_state.o
03-30 13:42:38.392   774   774 D LibBpfLoader: applying relo to instruction at byte offset: 40, 	       insn offset 5 , insn 118
03-30 13:42:38.392   774   774 D LibBpfLoader: applying relo to instruction at byte offset: 128, 	       insn offset 16 , insn 118
03-30 13:42:38.392   774   774 D LibBpfLoader: applying relo to instruction at byte offset: 200, 	       insn offset 25 , insn 118
03-30 13:42:38.392   774   774 D LibBpfLoader: applying relo to instruction at byte offset: 264, 	       insn offset 33 , insn 118
03-30 13:42:38.392   774   774 D LibBpfLoader: applying relo to instruction at byte offset: 504, 	       insn offset 63 , insn 118
03-30 13:42:38.392   774   774 D LibBpfLoader: applying relo to instruction at byte offset: 640, 	       insn offset 80 , insn 118
03-30 13:42:38.392   774   774 D LibBpfLoader: applying relo to instruction at byte offset: 1000, 	       insn offset 125 , insn 118
03-30 13:42:38.392   774   774 D LibBpfLoader: applying relo to instruction at byte offset: 1040, 	       insn offset 130 , insn 118
03-30 13:42:38.392   774   774 D LibBpfLoader: applying relo to instruction at byte offset: 1216, 	       insn offset 152 , insn 118
03-30 13:42:38.392   774   774 D LibBpfLoader: applying relo to instruction at byte offset: 1344, 	       insn offset 168 , insn 118
03-30 13:42:38.392   774   774 D LibBpfLoader: applying relo to instruction at byte offset: 1440, 	       insn offset 180 , insn 118
03-30 13:42:38.392   774   774 D LibBpfLoader: applying relo to instruction at byte offset: 1536, 	       insn offset 192 , insn 118
03-30 13:42:38.392   774   774 D LibBpfLoader: applying relo to instruction at byte offset: 1864, 	       insn offset 233 , insn 118
03-30 13:42:38.392   774   774 D LibBpfLoader: applying relo to instruction at byte offset: 1904, 	       insn offset 238 , insn 118
03-30 13:42:38.392   774   774 D LibBpfLoader: applying relo to instruction at byte offset: 2080, 	       insn offset 260 , insn 118
03-30 13:42:38.392   774   774 D LibBpfLoader: applying relo to instruction at byte offset: 2288, 	       insn offset 286 , insn 118
03-30 13:42:38.392   774   774 D LibBpfLoader: applying relo to instruction at byte offset: 2328, 	       insn offset 291 , insn 118
03-30 13:42:38.392   774   774 D LibBpfLoader: applying relo to instruction at byte offset: 2504, 	       insn offset 313 , insn 118
03-30 13:42:38.392   774   774 D LibBpfLoader: applying relo to instruction at byte offset: 2712, 	       insn offset 339 , insn 118
03-30 13:42:38.393   774   774 D LibBpfLoader: applying relo to instruction at byte offset: 2752, 	       insn offset 344 , insn 118
03-30 13:42:38.393   774   774 D LibBpfLoader: applying relo to instruction at byte offset: 2864, 	       insn offset 358 , insn 118
03-30 13:42:38.393   767   767 D RBS     : [captain.c] [is_miscTA_toshiba_ldo:1757] miscta date = 20201007, compared_date = 20200224 
03-30 13:42:38.393   774   774 D LibBpfLoader: applying relo to instruction at byte offset: 2952, 	       insn offset 369 , insn 118
03-30 13:42:38.393   767   767 D RBS     : [captain.c] [is_miscTA_toshiba_ldo:1765] use Ricoh LDO(2ms) FOD cycle 
03-30 13:42:38.393   767   767 V RBS     : [packager.c] [transfer_data:63] -- **packager, pid: 0, cid: 2, uid: 0, fid: 0 
03-30 13:42:38.393   774   774 D LibBpfLoader: applying relo to instruction at byte offset: 3056, 	       insn offset 382 , insn 118
03-30 13:42:38.393   767   767 I RBS     : [plat_thread_linux.c] [plat_semaphore_create:63] plat_semaphore_create handle->sema != NULL, semaphore has already been created 
03-30 13:42:38.393   767   767 D RBS     : [thread_manager.c] [trylock_operation:437] trylock_operation = 0, retval = 0 
03-30 13:42:38.393   767   767 V RBS     : [packager.c] [transfer_data:101] -- packager, process: 0, command: 2, uid: 0, fid:0 
03-30 13:42:38.393   774   774 D LibBpfLoader: applying relo to instruction at byte offset: 3160, 	       insn offset 395 , insn 118
03-30 13:42:38.393   767   767 D RBS     : [transporter_qsee.c] [transporter:187] -- msg_data->process = 224  
03-30 13:42:38.393   767   767 D RBS     : [transporter_qsee.c] [transporter:188] -- msg_data->command = 2  
03-30 13:42:38.393   774   774 D LibBpfLoader: applying relo to instruction at byte offset: 3264, 	       insn offset 408 , insn 118
03-30 13:42:38.393   767   767 D ETS_TZ_CLIENT: -- ets ,send process_id: 224
03-30 13:42:38.393   767   767 D ETS_TZ_CLIENT: -- ets ,send command_id: 2
03-30 13:42:38.393   767   767 D ETS_TZ_CLIENT: -- ets ,send req_tci_size: 1024
03-30 13:42:38.393   767   767 D ETS_TZ_CLIENT: ets ,send modified cmd: start
03-30 13:42:38.393   774   774 D LibBpfLoader: applying relo to instruction at byte offset: 3368, 	       insn offset 421 , insn 118
03-30 13:42:38.393   767   767 D ETS_TZ_CLIENT: -- ets ,cmd_id: 224
03-30 13:42:38.393   774   774 D LibBpfLoader: applying relo to instruction at byte offset: 3472, 	       insn offset 434 , insn 118
03-30 13:42:38.393   774   774 D LibBpfLoader: applying relo to instruction at byte offset: 3576, 	       insn offset 447 , insn 118
03-30 13:42:38.393   774   774 D LibBpfLoader: applying relo to instruction at byte offset: 3688, 	       insn offset 461 , insn 118
03-30 13:42:38.393   774   774 D LibBpfLoader: applying relo to instruction at byte offset: 40, 	       insn offset 5 , insn 118
03-30 13:42:38.393   774   774 D LibBpfLoader: applying relo to instruction at byte offset: 120, 	       insn offset 15 , insn 118
03-30 13:42:38.393   774   774 D LibBpfLoader: applying relo to instruction at byte offset: 200, 	       insn offset 25 , insn 118
03-30 13:42:38.393   774   774 D LibBpfLoader: applying relo to instruction at byte offset: 48, 	       insn offset 6 , insn 118
03-30 13:42:38.393   774   774 D LibBpfLoader: applying relo to instruction at byte offset: 200, 	       insn offset 25 , insn 118
03-30 13:42:38.393   774   774 D LibBpfLoader: applying relo to instruction at byte offset: 328, 	       insn offset 41 , insn 118
03-30 13:42:38.393   774   774 D LibBpfLoader: applying relo to instruction at byte offset: 456, 	       insn offset 57 , insn 118
03-30 13:42:38.393   774   774 D LibBpfLoader: applying relo to instruction at byte offset: 584, 	       insn offset 73 , insn 118
03-30 13:42:38.393   774   774 D LibBpfLoader: applying relo to instruction at byte offset: 712, 	       insn offset 89 , insn 118
03-30 13:42:38.393   774   774 D LibBpfLoader: applying relo to instruction at byte offset: 840, 	       insn offset 105 , insn 118
03-30 13:42:38.393   774   774 D LibBpfLoader: applying relo to instruction at byte offset: 968, 	       insn offset 121 , insn 118
03-30 13:42:38.393   774   774 D LibBpfLoader: applying relo to instruction at byte offset: 1104, 	       insn offset 138 , insn 118
03-30 13:42:38.393   774   774 D LibBpfLoader: applying relo to instruction at byte offset: 1144, 	       insn offset 143 , insn 118
03-30 13:42:38.393   774   774 D LibBpfLoader: cs[0].name:tracepoint_sched_sched_switch min_kver:0 .max_kver:ffffffff (kvers:40e00be)
03-30 13:42:38.393   774   774 D LibBpfLoader: cs[0].name:tracepoint_sched_sched_switch requires bpfloader version [0x00000,0x10000)
03-30 13:42:38.395   774   774 D LibBpfLoader: bpf_prog_load lib call for /system/etc/bpf/time_in_state.o (tracepoint_sched_sched_switch) returned fd: 21 (no error)
03-30 13:42:38.395   774   774 D LibBpfLoader: cs[1].name:tracepoint_power_cpu_frequency min_kver:0 .max_kver:ffffffff (kvers:40e00be)
03-30 13:42:38.395   774   774 D LibBpfLoader: cs[1].name:tracepoint_power_cpu_frequency requires bpfloader version [0x00000,0x10000)
03-30 13:42:38.396   774   774 D LibBpfLoader: bpf_prog_load lib call for /system/etc/bpf/time_in_state.o (tracepoint_power_cpu_frequency) returned fd: 22 (no error)
03-30 13:42:38.396   774   774 D LibBpfLoader: cs[2].name:tracepoint_sched_sched_process_free min_kver:0 .max_kver:ffffffff (kvers:40e00be)
03-30 13:42:38.396   774   774 D LibBpfLoader: cs[2].name:tracepoint_sched_sched_process_free requires bpfloader version [0x00000,0x10000)
03-30 13:42:38.396   774   774 D LibBpfLoader: bpf_prog_load lib call for /system/etc/bpf/time_in_state.o (tracepoint_sched_sched_process_free) returned fd: 23 (no error)
03-30 13:42:38.396   774   774 I bpfloader: Loaded object: /system/etc/bpf/time_in_state.o
03-30 13:42:38.398   774   774 D LibBpfLoader: Loading critical for netd ELF object /system/etc/bpf/netd.o with license Apache 2.0
03-30 13:42:38.398   774   774 I LibBpfLoader: Section bpfloader_min_ver value is 0 [0x0]
03-30 13:42:38.398   774   774 I LibBpfLoader: Section bpfloader_max_ver value is 65536 [0x10000]
03-30 13:42:38.398   774   774 I LibBpfLoader: Section size_of_bpf_map_def value is 48 [0x30]
03-30 13:42:38.398   774   774 I LibBpfLoader: Section size_of_bpf_prog_def value is 28 [0x1c]
03-30 13:42:38.398   774   774 I LibBpfLoader: BpfLoader version 0x00002 processing ELF object /system/etc/bpf/netd.o with ver [0x00000,0x10000)
03-30 13:42:38.398   774   774 D LibBpfLoader: Loaded code section 3 (cgroupskb_ingress_stats)
03-30 13:42:38.399   774   774 D LibBpfLoader: Loaded relo section 3 (.relcgroupskb/ingress/stats)
03-30 13:42:38.399   774   774 D LibBpfLoader: Adding section 3 to cs list
03-30 13:42:38.399   774   774 D LibBpfLoader: Loaded code section 5 (cgroupskb_egress_stats)
03-30 13:42:38.400   774   774 D LibBpfLoader: Loaded relo section 5 (.relcgroupskb/egress/stats)
03-30 13:42:38.400   774   774 D LibBpfLoader: Adding section 5 to cs list
03-30 13:42:38.400   774   774 D LibBpfLoader: Loaded code section 7 (skfilter_egress_xtbpf)
03-30 13:42:38.400   774   774 D LibBpfLoader: Loaded relo section 7 (.relskfilter/egress/xtbpf)
03-30 13:42:38.400   774   774 D LibBpfLoader: Adding section 7 to cs list
03-30 13:42:38.400   774   774 D LibBpfLoader: Loaded code section 9 (skfilter_ingress_xtbpf)
03-30 13:42:38.400   774   774 D LibBpfLoader: Loaded relo section 9 (.relskfilter/ingress/xtbpf)
03-30 13:42:38.400   774   774 D LibBpfLoader: Adding section 9 to cs list
03-30 13:42:38.400   774   774 D LibBpfLoader: Loaded code section 11 (skfilter_allowlist_xtbpf)
03-30 13:42:38.401   774   774 D LibBpfLoader: Loaded relo section 11 (.relskfilter/allowlist/xtbpf)
03-30 13:42:38.401   774   774 D LibBpfLoader: Adding section 11 to cs list
03-30 13:42:38.401   774   774 D LibBpfLoader: Loaded code section 13 (skfilter_denylist_xtbpf)
03-30 13:42:38.401   774   774 D LibBpfLoader: Loaded relo section 13 (.relskfilter/denylist/xtbpf)
03-30 13:42:38.401   774   774 D LibBpfLoader: Adding section 13 to cs list
03-30 13:42:38.401   774   774 D LibBpfLoader: Loaded code section 15 (cgroupsock_inet_create)
03-30 13:42:38.401   774   774 D LibBpfLoader: Loaded relo section 15 (.relcgroupsock/inet/create)
03-30 13:42:38.401   774   774 D LibBpfLoader: Adding section 15 to cs list
03-30 13:42:38.402   774   774 D LibBpfLoader: bpf_create_map name cookie_tag_map, ret: 7
03-30 13:42:38.403   774   774 D LibBpfLoader: bpf_create_map name uid_counterset_map, ret: 8
03-30 13:42:38.403   774   774 D LibBpfLoader: bpf_create_map name app_uid_stats_map, ret: 9
03-30 13:42:38.404   774   774 D LibBpfLoader: bpf_create_map name stats_map_A, ret: 10
03-30 13:42:38.404   774   774 D LibBpfLoader: bpf_create_map name stats_map_B, ret: 11
03-30 13:42:38.404   774   774 D LibBpfLoader: bpf_create_map name iface_stats_map, ret: 12
03-30 13:42:38.404   774   774 D LibBpfLoader: bpf_create_map name configuration_map, ret: 13
03-30 13:42:38.404   774   774 D LibBpfLoader: bpf_create_map name uid_owner_map, ret: 14
03-30 13:42:38.404   774   774 D LibBpfLoader: bpf_create_map name iface_index_name_map, ret: 15
03-30 13:42:38.405   774   774 D LibBpfLoader: bpf_create_map name uid_permission_map, ret: 16
03-30 13:42:38.405   774   774 D LibBpfLoader: map_fd found at 0 is 7 in /system/etc/bpf/netd.o
03-30 13:42:38.405   774   774 D LibBpfLoader: map_fd found at 1 is 8 in /system/etc/bpf/netd.o
03-30 13:42:38.405   774   774 D LibBpfLoader: map_fd found at 2 is 9 in /system/etc/bpf/netd.o
03-30 13:42:38.405   774   774 D LibBpfLoader: map_fd found at 3 is 10 in /system/etc/bpf/netd.o
03-30 13:42:38.405   774   774 D LibBpfLoader: map_fd found at 4 is 11 in /system/etc/bpf/netd.o
03-30 13:42:38.405   774   774 D LibBpfLoader: map_fd found at 5 is 12 in /system/etc/bpf/netd.o
03-30 13:42:38.405   774   774 D LibBpfLoader: map_fd found at 6 is 13 in /system/etc/bpf/netd.o
03-30 13:42:38.405   774   774 D LibBpfLoader: map_fd found at 7 is 14 in /system/etc/bpf/netd.o
03-30 13:42:38.405   774   774 D LibBpfLoader: map_fd found at 8 is 15 in /system/etc/bpf/netd.o
03-30 13:42:38.405   774   774 D LibBpfLoader: map_fd found at 9 is 16 in /system/etc/bpf/netd.o
03-30 13:42:38.405   774   774 D LibBpfLoader: applying relo to instruction at byte offset: 472, 	       insn offset 59 , insn 118
03-30 13:42:38.405   774   774 D LibBpfLoader: applying relo to instruction at byte offset: 544, 	       insn offset 68 , insn 118
03-30 13:42:38.405   774   774 D LibBpfLoader: applying relo to instruction at byte offset: 1008, 	       insn offset 126 , insn 118
03-30 13:42:38.405   774   774 D LibBpfLoader: applying relo to instruction at byte offset: 1304, 	       insn offset 163 , insn 118
03-30 13:42:38.405   774   774 D LibBpfLoader: applying relo to instruction at byte offset: 1384, 	       insn offset 173 , insn 118
03-30 13:42:38.405   774   774 D LibBpfLoader: applying relo to instruction at byte offset: 1488, 	       insn offset 186 , insn 118
03-30 13:42:38.405   774   774 D LibBpfLoader: applying relo to instruction at byte offset: 1600, 	       insn offset 200 , insn 118
03-30 13:42:38.405   774   774 D LibBpfLoader: applying relo to instruction at byte offset: 1640, 	       insn offset 205 , insn 118
03-30 13:42:38.405   774   774 D LibBpfLoader: applying relo to instruction at byte offset: 1992, 	       insn offset 249 , insn 118
03-30 13:42:38.405   774   774 D LibBpfLoader: applying relo to instruction at byte offset: 2104, 	       insn offset 263 , insn 118
03-30 13:42:38.405   774   774 D LibBpfLoader: applying relo to instruction at byte offset: 2144, 	       insn offset 268 , insn 118
03-30 13:42:38.405   774   774 D LibBpfLoader: applying relo to instruction at byte offset: 2424, 	       insn offset 303 , insn 118
03-30 13:42:38.405   774   774 D LibBpfLoader: applying relo to instruction at byte offset: 2528, 	       insn offset 316 , insn 118
03-30 13:42:38.406   774   774 D LibBpfLoader: applying relo to instruction at byte offset: 2568, 	       insn offset 321 , insn 118
03-30 13:42:38.406   774   774 D LibBpfLoader: applying relo to instruction at byte offset: 2712, 	       insn offset 339 , insn 118
03-30 13:42:38.406   774   774 D LibBpfLoader: applying relo to instruction at byte offset: 2816, 	       insn offset 352 , insn 118
03-30 13:42:38.406   774   774 D LibBpfLoader: applying relo to instruction at byte offset: 2856, 	       insn offset 357 , insn 118
03-30 13:42:38.406   774   774 D LibBpfLoader: applying relo to instruction at byte offset: 3088, 	       insn offset 386 , insn 118
03-30 13:42:38.406   774   774 D LibBpfLoader: applying relo to instruction at byte offset: 3192, 	       insn offset 399 , insn 118
03-30 13:42:38.406   774   774 D LibBpfLoader: applying relo to instruction at byte offset: 3232, 	       insn offset 404 , insn 118
03-30 13:42:38.406   774   774 D LibBpfLoader: applying relo to instruction at byte offset: 448, 	       insn offset 56 , insn 118
03-30 13:42:38.406   774   774 D LibBpfLoader: applying relo to instruction at byte offset: 520, 	       insn offset 65 , insn 118
03-30 13:42:38.406   774   774 D LibBpfLoader: applying relo to instruction at byte offset: 992, 	       insn offset 124 , insn 118
03-30 13:42:38.406   774   774 D LibBpfLoader: applying relo to instruction at byte offset: 1272, 	       insn offset 159 , insn 118
03-30 13:42:38.406   774   774 D LibBpfLoader: applying relo to instruction at byte offset: 1352, 	       insn offset 169 , insn 118
03-30 13:42:38.406   774   774 D LibBpfLoader: applying relo to instruction at byte offset: 1456, 	       insn offset 182 , insn 118
03-30 13:42:38.406   774   774 D LibBpfLoader: applying relo to instruction at byte offset: 1560, 	       insn offset 195 , insn 118
03-30 13:42:38.406   774   774 D LibBpfLoader: applying relo to instruction at byte offset: 1600, 	       insn offset 200 , insn 118
03-30 13:42:38.406   774   774 D LibBpfLoader: applying relo to instruction at byte offset: 1744, 	       insn offset 218 , insn 118
03-30 13:42:38.406   774   774 D LibBpfLoader: applying relo to instruction at byte offset: 1848, 	       insn offset 231 , insn 118
03-30 13:42:38.406   774   774 D LibBpfLoader: applying relo to instruction at byte offset: 1888, 	       insn offset 236 , insn 118
03-30 13:42:38.406   774   774 D LibBpfLoader: applying relo to instruction at byte offset: 2160, 	       insn offset 270 , insn 118
03-30 13:42:38.406   774   774 D LibBpfLoader: applying relo to instruction at byte offset: 2264, 	       insn offset 283 , insn 118
03-30 13:42:38.406   774   774 D LibBpfLoader: applying relo to instruction at byte offset: 2304, 	       insn offset 288 , insn 118
03-30 13:42:38.406   774   774 D LibBpfLoader: applying relo to instruction at byte offset: 2448, 	       insn offset 306 , insn 118
03-30 13:42:38.406   774   774 D LibBpfLoader: applying relo to instruction at byte offset: 2552, 	       insn offset 319 , insn 118
03-30 13:42:38.406   774   774 D LibBpfLoader: applying relo to instruction at byte offset: 2592, 	       insn offset 324 , insn 118
03-30 13:42:38.406   774   774 D LibBpfLoader: applying relo to instruction at byte offset: 2824, 	       insn offset 353 , insn 118
03-30 13:42:38.406   774   774 D LibBpfLoader: applying relo to instruction at byte offset: 2928, 	       insn offset 366 , insn 118
03-30 13:42:38.406   774   774 D LibBpfLoader: applying relo to instruction at byte offset: 2968, 	       insn offset 371 , insn 118
03-30 13:42:38.406   774   774 D LibBpfLoader: applying relo to instruction at byte offset: 88, 	       insn offset 11 , insn 118
03-30 13:42:38.406   774   774 D LibBpfLoader: applying relo to instruction at byte offset: 192, 	       insn offset 24 , insn 118
03-30 13:42:38.406   774   774 D LibBpfLoader: applying relo to instruction at byte offset: 232, 	       insn offset 29 , insn 118
03-30 13:42:38.406   774   774 D LibBpfLoader: applying relo to instruction at byte offset: 40, 	       insn offset 5 , insn 118
03-30 13:42:38.407   774   774 D LibBpfLoader: applying relo to instruction at byte offset: 144, 	       insn offset 18 , insn 118
03-30 13:42:38.407   774   774 D LibBpfLoader: applying relo to instruction at byte offset: 184, 	       insn offset 23 , insn 118
03-30 13:42:38.407   774   774 D LibBpfLoader: applying relo to instruction at byte offset: 136, 	       insn offset 17 , insn 118
03-30 13:42:38.407   774   774 D LibBpfLoader: applying relo to instruction at byte offset: 32, 	       insn offset 4 , insn 118
03-30 13:42:38.407   774   774 D LibBpfLoader: applying relo to instruction at byte offset: 80, 	       insn offset 10 , insn 118
03-30 13:42:38.407   774   774 D LibBpfLoader: cs[0].name:cgroupskb_ingress_stats min_kver:0 .max_kver:ffffffff (kvers:40e00be)
03-30 13:42:38.407   774   774 D LibBpfLoader: cs[0].name:cgroupskb_ingress_stats requires bpfloader version [0x00000,0x10000)
03-30 13:42:38.411   774   774 D LibBpfLoader: bpf_prog_load lib call for /system/etc/bpf/netd.o (cgroupskb_ingress_stats) returned fd: 17 (no error)
03-30 13:42:38.412   774   774 D LibBpfLoader: cs[1].name:cgroupskb_egress_stats min_kver:0 .max_kver:ffffffff (kvers:40e00be)
03-30 13:42:38.412   774   774 D LibBpfLoader: cs[1].name:cgroupskb_egress_stats requires bpfloader version [0x00000,0x10000)
03-30 13:42:38.413   774   774 D LibBpfLoader: bpf_prog_load lib call for /system/etc/bpf/netd.o (cgroupskb_egress_stats) returned fd: 18 (no error)
03-30 13:42:38.414   774   774 D LibBpfLoader: cs[2].name:skfilter_egress_xtbpf min_kver:0 .max_kver:ffffffff (kvers:40e00be)
03-30 13:42:38.414   774   774 D LibBpfLoader: cs[2].name:skfilter_egress_xtbpf requires bpfloader version [0x00000,0x10000)
03-30 13:42:38.414   774   774 D LibBpfLoader: bpf_prog_load lib call for /system/etc/bpf/netd.o (skfilter_egress_xtbpf) returned fd: 19 (no error)
03-30 13:42:38.414   774   774 D LibBpfLoader: cs[3].name:skfilter_ingress_xtbpf min_kver:0 .max_kver:ffffffff (kvers:40e00be)
03-30 13:42:38.414   774   774 D LibBpfLoader: cs[3].name:skfilter_ingress_xtbpf requires bpfloader version [0x00000,0x10000)
03-30 13:42:38.414   774   774 D LibBpfLoader: bpf_prog_load lib call for /system/etc/bpf/netd.o (skfilter_ingress_xtbpf) returned fd: 20 (no error)
03-30 13:42:38.414   774   774 D LibBpfLoader: cs[4].name:skfilter_allowlist_xtbpf min_kver:0 .max_kver:ffffffff (kvers:40e00be)
03-30 13:42:38.414   774   774 D LibBpfLoader: cs[4].name:skfilter_allowlist_xtbpf requires bpfloader version [0x00000,0x10000)
03-30 13:42:38.414   774   774 D LibBpfLoader: bpf_prog_load lib call for /system/etc/bpf/netd.o (skfilter_allowlist_xtbpf) returned fd: 21 (no error)
03-30 13:42:38.414   774   774 D LibBpfLoader: cs[5].name:skfilter_denylist_xtbpf min_kver:0 .max_kver:ffffffff (kvers:40e00be)
03-30 13:42:38.414   774   774 D LibBpfLoader: cs[5].name:skfilter_denylist_xtbpf requires bpfloader version [0x00000,0x10000)
03-30 13:42:38.414   774   774 D LibBpfLoader: bpf_prog_load lib call for /system/etc/bpf/netd.o (skfilter_denylist_xtbpf) returned fd: 22 (no error)
03-30 13:42:38.415   774   774 D LibBpfLoader: cs[6].name:cgroupsock_inet_create min_kver:40e0000 .max_kver:ffffffff (kvers:40e00be)
03-30 13:42:38.415   774   774 D LibBpfLoader: cs[6].name:cgroupsock_inet_create requires bpfloader version [0x00000,0x10000)
03-30 13:42:38.415   774   774 D LibBpfLoader: bpf_prog_load lib call for /system/etc/bpf/netd.o (cgroupsock_inet_create) returned fd: 23 (no error)
03-30 13:42:38.415   774   774 I bpfloader: Loaded object: /system/etc/bpf/netd.o
09-05 10:07:20.266     0     0 I update_verifier: Started with arg 1: nonencrypted
09-05 10:07:20.267     0     0 I update_verifier: Booting slot 1: isSlotMarkedSuccessful=1
09-05 10:07:20.267     0     0 I update_verifier: Leaving update_verifier.
03-30 13:42:38.471   776   776 I ServiceManager: Waiting for service 'statscompanion' on '/dev/binder'...
09-05 10:07:20.301     0     0 I ueventd : firmware: loading 'adsp.mdt' for '/devices/platform/soc/ab00000.qcom,lpass/firmware/adsp.mdt'
09-05 10:07:20.303     0     0 I subsys-pil-tz ab00000.qcom,lpass: adsp: loading from 0x0000000055300000 to 0x0000000057100000
09-05 10:07:20.303     0     0 I ueventd : loading /devices/platform/soc/ab00000.qcom,lpass/firmware/adsp.mdt took 2ms
09-05 10:07:20.307     0     0 I ueventd : firmware: loading 'cdsp.mdt' for '/devices/platform/soc/b300000.qcom,turing/firmware/cdsp.mdt'
09-05 10:07:20.309     0     0 I subsys-pil-tz b300000.qcom,turing: cdsp: loading from 0x0000000053500000 to 0x0000000055300000
09-05 10:07:20.309     0     0 I ueventd : loading /devices/platform/soc/b300000.qcom,turing/firmware/cdsp.mdt took 1ms
03-30 13:42:38.507   777   777 I netdClient: Skipping libnetd_client init since *we* are netd
03-30 13:42:38.522   777   777 I netd    : netd 1.0 starting
03-30 13:42:38.525   777   777 I netd    : Pid file removed
03-30 13:42:38.525   777   777 I netd    : SIGPIPE is blocked
03-30 13:42:38.525   777   777 I netd    : setCloseOnExec(dnsproxyd)
03-30 13:42:38.525   777   777 I netd    : setCloseOnExec(fwmarkd)
03-30 13:42:38.525   777   777 I netd    : setCloseOnExec(mdns)
03-30 13:42:38.526   777   777 I netd    : BPF programs are loaded
03-30 13:42:38.526   777   777 I netd    : NetlinkManager instanced
03-30 13:42:38.526   777   777 I netd    : enter NetworkController ctor
03-30 13:42:38.527   777   777 I netd    : leave NetworkController ctor
03-30 13:42:38.527   777   777 I netd    : enter TetherController ctor
03-30 13:42:38.527   777   777 D TetherController: Setting IP forward enable = 0
03-30 13:42:38.528   777   777 I netd    : leave TetherController ctor
03-30 13:42:38.528   777   777 D FirewallController: Could not read /proc/self/uid_map, max uid defaulting to 4294967294
03-30 13:42:38.551   777   777 I netd    : Creating child chains: 18384us
03-30 13:42:38.551   777   777 I netd    : Setting up OEM hooks: 149us
03-30 13:42:38.552   777   777 I netd    : Setting up FirewallController hooks: 618us
03-30 13:42:38.554   777   777 I netd    : Setting up TetherController hooks: 1619us
03-30 13:42:38.555   777   777 I netd    : Setting up BandwidthController hooks: 1436us
03-30 13:42:38.555   777   777 I netd    : Setting up IdletimerController hooks: 100us
03-30 13:42:38.561   777   777 I netd    : Setting up StrictController hooks: 5723us
03-30 13:42:38.561   777   777 I netd    : Initializing ClatdController: 244us
03-30 13:42:38.563   777   777 I netd    : Initializing traffic control: 1354us
03-30 13:42:38.569   777   777 I netd    : Enabling bandwidth control: 6123us
03-30 13:42:38.571   777   777 I netd    : Initializing RouteController: 2141us
03-30 13:42:38.572   777   777 D XfrmController: XfrmController::ipSecAddXfrmInterface, line=1479
03-30 13:42:38.574   777   777 D XfrmController: XfrmController::ipSecRemoveTunnelInterface, line=1692
03-30 13:42:38.574   777   777 D XfrmController: deviceName=ipsec_test
03-30 13:42:38.602   778   778 D AndroidRuntime: >>>>>> START com.android.internal.os.ZygoteInit uid 0 <<<<<<
03-30 13:42:38.611   778   778 I AndroidRuntime: Using default boot image
03-30 13:42:38.611   778   778 I AndroidRuntime: Leaving lock profiling enabled
03-30 13:42:38.621   778   778 I zygote64: option[0]=-Xzygote
03-30 13:42:38.621   778   778 I zygote64: option[1]=exit
03-30 13:42:38.621   778   778 I zygote64: option[2]=vfprintf
03-30 13:42:38.621   778   778 I zygote64: option[3]=sensitiveThread
03-30 13:42:38.621   778   778 I zygote64: option[4]=-verbose:gc
03-30 13:42:38.621   778   778 I zygote64: option[5]=-XX:PerfettoHprof=true
03-30 13:42:38.621   778   778 I zygote64: option[6]=-XX:PerfettoJavaHeapStackProf=true
03-30 13:42:38.621   778   778 I zygote64: option[7]=-Xprimaryzygote
03-30 13:42:38.621   778   778 I zygote64: option[8]=-Xms8m
03-30 13:42:38.621   778   778 I zygote64: option[9]=-Xmx512m
03-30 13:42:38.621   778   778 I zygote64: option[10]=-XX:HeapGrowthLimit=192m
03-30 13:42:38.621   778   778 I zygote64: option[11]=-XX:HeapMinFree=8m
03-30 13:42:38.621   778   778 I zygote64: option[12]=-XX:HeapMaxFree=16m
03-30 13:42:38.621   778   778 I zygote64: option[13]=-XX:HeapTargetUtilization=0.6
03-30 13:42:38.621   778   778 I zygote64: option[14]=-Xusejit:true
03-30 13:42:38.621   778   778 I zygote64: option[15]=-Xjitsaveprofilinginfo
03-30 13:42:38.621   778   778 I zygote64: option[16]=-XMadviseWillNeedVdexFileSize:104857600
03-30 13:42:38.621   778   778 I zygote64: option[17]=-XMadviseWillNeedOdexFileSize:104857600
03-30 13:42:38.621   778   778 I zygote64: option[18]=-XMadviseWillNeedArtFileSize:4294967295
03-30 13:42:38.621   778   778 I zygote64: option[19]=-XjdwpOptions:suspend=n,server=y
03-30 13:42:38.621   778   778 I zygote64: option[20]=-XjdwpProvider:default
03-30 13:42:38.621   778   778 I zygote64: option[21]=-Xopaque-jni-ids:swapable
03-30 13:42:38.622   778   778 I zygote64: option[22]=-Xlockprofthreshold:500
03-30 13:42:38.622   778   778 I zygote64: option[23]=-Xcompiler-option
03-30 13:42:38.622   778   778 I zygote64: option[24]=--instruction-set-variant=cortex-a73
03-30 13:42:38.622   778   778 I zygote64: option[25]=-Xcompiler-option
03-30 13:42:38.622   778   778 I zygote64: option[26]=--instruction-set-features=default
03-30 13:42:38.622   778   778 I zygote64: option[27]=-Xcompiler-option
03-30 13:42:38.622   778   778 I zygote64: option[28]=--generate-mini-debug-info
03-30 13:42:38.622   778   778 I zygote64: option[29]=-Ximage-compiler-option
03-30 13:42:38.622   778   778 I zygote64: option[30]=--runtime-arg
03-30 13:42:38.622   778   778 I zygote64: option[31]=-Ximage-compiler-option
03-30 13:42:38.622   778   778 I zygote64: option[32]=-Xms64m
03-30 13:42:38.622   778   778 I zygote64: option[33]=-Ximage-compiler-option
03-30 13:42:38.622   778   778 I zygote64: option[34]=--runtime-arg
03-30 13:42:38.622   778   778 I zygote64: option[35]=-Ximage-compiler-option
03-30 13:42:38.622   778   778 I zygote64: option[36]=-Xmx64m
03-30 13:42:38.622   778   778 I zygote64: option[37]=-Ximage-compiler-option
03-30 13:42:38.622   778   778 I zygote64: option[38]=--compiler-filter=extract
03-30 13:42:38.622   778   778 I zygote64: option[39]=-Ximage-compiler-option
03-30 13:42:38.622   778   778 I zygote64: option[40]=--dirty-image-objects=/system/etc/dirty-image-objects
03-30 13:42:38.622   778   778 I zygote64: option[41]=-Ximage-compiler-option
03-30 13:42:38.622   778   778 I zygote64: option[42]=--instruction-set-variant=cortex-a73
03-30 13:42:38.622   778   778 I zygote64: option[43]=-Ximage-compiler-option
03-30 13:42:38.622   778   778 I zygote64: option[44]=--instruction-set-features=default
03-30 13:42:38.622   778   778 I zygote64: option[45]=-Ximage-compiler-option
03-30 13:42:38.622   778   778 I zygote64: option[46]=--generate-mini-debug-info
03-30 13:42:38.622   778   778 I zygote64: option[47]=-Duser.locale=en-US
03-30 13:42:38.622   778   778 I zygote64: option[48]=--cpu-abilist=arm64-v8a
03-30 13:42:38.622   778   778 I zygote64: option[49]=-Xcore-platform-api-policy:just-warn
03-30 13:42:38.622   778   778 I zygote64: option[50]=-Xfingerprint:Sony/XQ-AU52_EEA/XQ-AU52:12/59.2.A.0.463/059002A000046302402528438:user/release-keys
03-30 13:42:38.628   777   777 D XfrmController: Sending Netlink XFRM Message: XFRM_MSG_FLUSHSA
03-30 13:42:38.628   777   777 D XfrmController: [0016]: 140000001c0005000000000000000000
03-30 13:42:38.628   777   777 D XfrmController: [0001]: ff
03-30 13:42:38.628   777   777 D XfrmController: [0003]: 000000
03-30 13:42:38.628   777   777 D XfrmController: {netlink msg resp}[0036]: 2400000002000001000000000903000000000000140000001c0005000000000000000000
03-30 13:42:38.628   777   777 D XfrmController: Sending Netlink XFRM Message: XFRM_MSG_FLUSHPOLICY
03-30 13:42:38.628   777   777 D XfrmController: [0016]: 100000001d0005000000000000000000
03-30 13:42:38.628   777   777 D XfrmController: {netlink msg resp}[0036]: 2400000002000001000000000903000000000000100000001d0005000000000000000000
03-30 13:42:38.628   777   777 I netd    : Initializing XfrmController: 57465us
03-30 13:42:38.632   777   777 I libnetd_resolv: resolv_init: Initializing resolver
03-30 13:42:38.644   778   778 I zygote64: Core platform API reporting enabled, enforcing=false
03-30 13:42:38.926   779   779 D AndroidRuntime: >>>>>> START com.android.internal.os.ZygoteInit uid 0 <<<<<<
03-30 13:42:39.005   779   779 I AndroidRuntime: Using default boot image
03-30 13:42:39.005   779   779 I AndroidRuntime: Leaving lock profiling enabled
03-30 13:42:39.011   779   779 I zygote  : option[0]=-Xzygote
03-30 13:42:39.011   779   779 I zygote  : option[1]=exit
03-30 13:42:39.011   779   779 I zygote  : option[2]=vfprintf
03-30 13:42:39.011   779   779 I zygote  : option[3]=sensitiveThread
03-30 13:42:39.011   779   779 I zygote  : option[4]=-verbose:gc
03-30 13:42:39.011   779   779 I zygote  : option[5]=-XX:PerfettoHprof=true
03-30 13:42:39.011   779   779 I zygote  : option[6]=-XX:PerfettoJavaHeapStackProf=true
03-30 13:42:39.011   779   779 I zygote  : option[7]=-Xms8m
03-30 13:42:39.011   779   779 I zygote  : option[8]=-Xmx512m
03-30 13:42:39.011   779   779 I zygote  : option[9]=-XX:HeapGrowthLimit=192m
03-30 13:42:39.011   779   779 I zygote  : option[10]=-XX:HeapMinFree=8m
03-30 13:42:39.011   779   779 I zygote  : option[11]=-XX:HeapMaxFree=16m
03-30 13:42:39.011   779   779 I zygote  : option[12]=-XX:HeapTargetUtilization=0.6
03-30 13:42:39.011   779   779 I zygote  : option[13]=-Xusejit:true
03-30 13:42:39.011   779   779 I zygote  : option[14]=-Xjitsaveprofilinginfo
03-30 13:42:39.011   779   779 I zygote  : option[15]=-XMadviseWillNeedVdexFileSize:104857600
03-30 13:42:39.011   779   779 I zygote  : option[16]=-XMadviseWillNeedOdexFileSize:104857600
03-30 13:42:39.011   779   779 I zygote  : option[17]=-XMadviseWillNeedArtFileSize:4294967295
03-30 13:42:39.011   779   779 I zygote  : option[18]=-XjdwpOptions:suspend=n,server=y
03-30 13:42:39.011   779   779 I zygote  : option[19]=-XjdwpProvider:default
03-30 13:42:39.011   779   779 I zygote  : option[20]=-Xopaque-jni-ids:swapable
03-30 13:42:39.011   779   779 I zygote  : option[21]=-Xlockprofthreshold:500
03-30 13:42:39.011   779   779 I zygote  : option[22]=-Xcompiler-option
03-30 13:42:39.011   779   779 I zygote  : option[23]=--instruction-set-variant=cortex-a73
03-30 13:42:39.011   779   779 I zygote  : option[24]=-Xcompiler-option
03-30 13:42:39.011   779   779 I zygote  : option[25]=--instruction-set-features=default
03-30 13:42:39.011   779   779 I zygote  : option[26]=-Xcompiler-option
03-30 13:42:39.011   779   779 I zygote  : option[27]=--generate-mini-debug-info
03-30 13:42:39.011   779   779 I zygote  : option[28]=-Ximage-compiler-option
03-30 13:42:39.011   779   779 I zygote  : option[29]=--runtime-arg
03-30 13:42:39.011   779   779 I zygote  : option[30]=-Ximage-compiler-option
03-30 13:42:39.011   779   779 I zygote  : option[31]=-Xms64m
03-30 13:42:39.011   779   779 I zygote  : option[32]=-Ximage-compiler-option
03-30 13:42:39.011   779   779 I zygote  : option[33]=--runtime-arg
03-30 13:42:39.011   779   779 I zygote  : option[34]=-Ximage-compiler-option
03-30 13:42:39.011   779   779 I zygote  : option[35]=-Xmx64m
03-30 13:42:39.011   779   779 I zygote  : option[36]=-Ximage-compiler-option
03-30 13:42:39.011   779   779 I zygote  : option[37]=--compiler-filter=extract
03-30 13:42:39.011   779   779 I zygote  : option[38]=-Ximage-compiler-option
03-30 13:42:39.011   779   779 I zygote  : option[39]=--dirty-image-objects=/system/etc/dirty-image-objects
03-30 13:42:39.011   779   779 I zygote  : option[40]=-Ximage-compiler-option
03-30 13:42:39.011   779   779 I zygote  : option[41]=--instruction-set-variant=cortex-a73
03-30 13:42:39.012   779   779 I zygote  : option[42]=-Ximage-compiler-option
03-30 13:42:39.012   779   779 I zygote  : option[43]=--instruction-set-features=default
03-30 13:42:39.012   779   779 I zygote  : option[44]=-Ximage-compiler-option
03-30 13:42:39.012   779   779 I zygote  : option[45]=--generate-mini-debug-info
03-30 13:42:39.012   779   779 I zygote  : option[46]=-Duser.locale=en-US
03-30 13:42:39.012   779   779 I zygote  : option[47]=--cpu-abilist=armeabi-v7a,armeabi
03-30 13:42:39.012   779   779 I zygote  : option[48]=-Xcore-platform-api-policy:just-warn
03-30 13:42:39.012   779   779 I zygote  : option[49]=-Xfingerprint:Sony/XQ-AU52_EEA/XQ-AU52:12/59.2.A.0.463/059002A000046302402528438:user/release-keys
03-30 13:42:39.026   779   779 W zygote  : Could not reserve sentinel fault page
03-30 13:42:39.028   779   779 I zygote  : Core platform API reporting enabled, enforcing=false
03-30 13:42:39.055   767   767 D ETS_TZ_CLIENT: ets_qsee_cmd_req_in_data: cmd = 224, result_status = 0
03-30 13:42:39.055   767   767 D RBS     : [transporter_qsee.c] [transporter:202] transporter end, retval = 0  
03-30 13:42:39.055   767   767 D RBS     : [thread_manager.c] [unlock_operation:462] unlock_operation = 0 ,ret 0 
03-30 13:42:39.055   767   767 V RBS     : [packager.c] [transfer_data:63] -- **packager, pid: 0, cid: 1, uid: 0, fid: 0 
03-30 13:42:39.055   767   767 I RBS     : [plat_thread_linux.c] [plat_semaphore_create:63] plat_semaphore_create handle->sema != NULL, semaphore has already been created 
03-30 13:42:39.055   767   767 D RBS     : [thread_manager.c] [trylock_operation:437] trylock_operation = 0, retval = 0 
03-30 13:42:39.055   767   767 V RBS     : [packager.c] [transfer_data:101] -- packager, process: 0, command: 1, uid: 0, fid:0 
03-30 13:42:39.055   767   767 D RBS     : [transporter_qsee.c] [transporter:187] -- msg_data->process = 224  
03-30 13:42:39.055   767   767 D RBS     : [transporter_qsee.c] [transporter:188] -- msg_data->command = 1  
03-30 13:42:39.055   767   767 D ETS_TZ_CLIENT: -- ets ,send process_id: 224
03-30 13:42:39.055   767   767 D ETS_TZ_CLIENT: -- ets ,send command_id: 1
03-30 13:42:39.055   767   767 D ETS_TZ_CLIENT: -- ets ,send req_tci_size: 1024
03-30 13:42:39.055   767   767 D ETS_TZ_CLIENT: ets ,send modified cmd: start
03-30 13:42:39.055   767   767 D ETS_TZ_CLIENT: -- ets ,cmd_id: 224
03-30 13:42:39.145   767   767 D ETS_TZ_CLIENT: ets_qsee_cmd_req_in_data: cmd = 224, result_status = 0
03-30 13:42:39.145   767   767 D RBS     : [transporter_qsee.c] [transporter:202] transporter end, retval = 0  
03-30 13:42:39.145   767   767 D RBS     : [thread_manager.c] [unlock_operation:462] unlock_operation = 0 ,ret 0 
03-30 13:42:39.145   767   767 V RBS     : [packager.c] [transfer_data:63] -- **packager, pid: 0, cid: 6, uid: 0, fid: 0 
03-30 13:42:39.145   767   767 I RBS     : [plat_thread_linux.c] [plat_semaphore_create:63] plat_semaphore_create handle->sema != NULL, semaphore has already been created 
03-30 13:42:39.145   767   767 D RBS     : [thread_manager.c] [trylock_operation:437] trylock_operation = 0, retval = 0 
03-30 13:42:39.145   767   767 V RBS     : [packager.c] [transfer_data:101] -- packager, process: 0, command: 6, uid: 0, fid:0 
03-30 13:42:39.145   767   767 D RBS     : [transporter_qsee.c] [transporter:187] -- msg_data->process = 224  
03-30 13:42:39.145   767   767 D RBS     : [transporter_qsee.c] [transporter:188] -- msg_data->command = 6  
03-30 13:42:39.145   767   767 D ETS_TZ_CLIENT: -- ets ,send process_id: 224
03-30 13:42:39.145   767   767 D ETS_TZ_CLIENT: -- ets ,send command_id: 6
03-30 13:42:39.145   767   767 D ETS_TZ_CLIENT: -- ets ,send req_tci_size: 1024
03-30 13:42:39.145   767   767 D ETS_TZ_CLIENT: ets ,send modified cmd [buffer]: start
03-30 13:42:39.145   767   767 D ETS_TZ_CLIENT: -- ets ,cmd_id: 224
03-30 13:42:39.147   767   767 D ETS_TZ_CLIENT: ets_qsee_cmd_req_in_data: cmd = 224, result_status = 0
03-30 13:42:39.148   767   767 D RBS     : [transporter_qsee.c] [transporter:199]  out_data_len  = 4  
03-30 13:42:39.148   767   767 D RBS     : [transporter_qsee.c] [transporter:202] transporter end, retval = 0  
03-30 13:42:39.148   767   767 D RBS     : [thread_manager.c] [unlock_operation:462] unlock_operation = 0 ,ret 0 
03-30 13:42:39.148   767   767 D RBS     : [fps_normal.c] [fp_device_interrupt_enable:230] fp_device_interrupt_enable cmd:2 
03-30 13:42:39.148   767   767 D RBS     : [fps_normal.c] [egis_call_driver:92] in_buffer 0x7fce0f01c4, in_buffer_size 1 ,out_buffer 0x7fce0f01c0 ,speed_hz 0 
03-30 13:42:39.148   767   767 D RBS     : [fps_normal.c] [fp_device_interrupt_enable:230] fp_device_interrupt_enable cmd:0 
03-30 13:42:39.148   767   767 D RBS     : [fps_normal.c] [egis_call_driver:92] in_buffer 0x7fce0f01c4, in_buffer_size 1 ,out_buffer 0x7fce0f01c0 ,speed_hz 0 
09-05 10:07:20.983     0     0 I ueventd : firmware: loading 'cdsp.b02' for '/devices/platform/soc/b300000.qcom,turing/firmware/cdsp.b02'
09-05 10:07:20.986     0     0 I ueventd : loading /devices/platform/soc/b300000.qcom,turing/firmware/cdsp.b02 took 3ms
03-30 13:42:39.158   778   778 D zygote64: Time zone APEX ICU file found: /apex/com.android.tzdata/etc/icu/icu_tzdata.dat
09-05 10:07:20.989     0     0 I ueventd : firmware: loading 'cdsp.b03' for '/devices/platform/soc/b300000.qcom,turing/firmware/cdsp.b03'
03-30 13:42:39.164   778   778 D zygote64: I18n APEX ICU file found: /apex/com.android.i18n/etc/icu/icudt68l.dat
09-05 10:07:20.993     0     0 I ueventd : loading /devices/platform/soc/b300000.qcom,turing/firmware/cdsp.b03 took 3ms
09-05 10:07:20.995     0     0 I ueventd : firmware: loading 'cdsp.b04' for '/devices/platform/soc/b300000.qcom,turing/firmware/cdsp.b04'
09-05 10:07:21.000     0     0 I ueventd : firmware: loading 'cdsp.b05' for '/devices/platform/soc/b300000.qcom,turing/firmware/cdsp.b05'
03-30 13:42:39.178   767   767 D RBS     : [fps_normal.c] [fp_device_interrupt_enable:230] fp_device_interrupt_enable cmd:2 
03-30 13:42:39.178   767   767 D RBS     : [fps_normal.c] [egis_call_driver:92] in_buffer 0x7fce0f01c4, in_buffer_size 1 ,out_buffer 0x7fce0f01c0 ,speed_hz 0 
03-30 13:42:39.178   767   767 D RBS     : [thread_manager.c] [queue_init:38] *** queue_init enter 
03-30 13:42:39.178   767   767 D RBS     : [thread_manager.c] [queue_init:41] plat_semaphore_create AVAILABLE_Q result = 0 
03-30 13:42:39.178   767   767 D RBS     : [thread_manager.c] [queue_init:43] plat_semaphore_create TASK_Q result = 0 
03-30 13:42:39.178   767   767 V RBS     : [packager.c] [transfer_data:63] -- **packager, pid: 0, cid: 100, uid: 0, fid: 0 
03-30 13:42:39.178   767   767 I RBS     : [plat_thread_linux.c] [plat_semaphore_create:63] plat_semaphore_create handle->sema != NULL, semaphore has already been created 
03-30 13:42:39.178   767   844 D RBS     : [thread_manager.c] [thread_manager:301] NEW LOOP 
03-30 13:42:39.178   767   767 D RBS     : [thread_manager.c] [trylock_operation:437] trylock_operation = 0, retval = 0 
03-30 13:42:39.178   767   844 D RBS     : [thread_manager.c] [get_task:266] +++ queue_pop(TASK_Q, WAIT_IDLE)  
03-30 13:42:39.178   767   767 V RBS     : [packager.c] [transfer_data:101] -- packager, process: 0, command: 100, uid: 0, fid:0 
03-30 13:42:39.178   767   844 D RBS     : [thread_manager.c] [queue_pop:59] *** queue_pop(1, 2) enter 
03-30 13:42:39.178   767   767 D RBS     : [transporter_qsee.c] [transporter:187] -- msg_data->process = 224  
03-30 13:42:39.178   767   767 D RBS     : [transporter_qsee.c] [transporter:188] -- msg_data->command = 100  
03-30 13:42:39.178   767   767 D ETS_TZ_CLIENT: -- ets ,send process_id: 224
03-30 13:42:39.178   767   767 D ETS_TZ_CLIENT: -- ets ,send command_id: 100
03-30 13:42:39.179   767   767 D ETS_TZ_CLIENT: -- ets ,send req_tci_size: 1024
03-30 13:42:39.179   767   767 D ETS_TZ_CLIENT: ets ,send modified cmd [buffer]: start
03-30 13:42:39.179   767   767 D ETS_TZ_CLIENT: -- ets ,cmd_id: 224
03-30 13:42:39.190   767   767 D ETS_TZ_CLIENT: ets_qsee_cmd_req_in_data: cmd = 224, result_status = 0
03-30 13:42:39.190   767   767 D RBS     : [transporter_qsee.c] [transporter:199]  out_data_len  = 4  
03-30 13:42:39.190   767   767 D RBS     : [transporter_qsee.c] [transporter:202] transporter end, retval = 0  
03-30 13:42:39.190   767   767 D RBS     : [thread_manager.c] [unlock_operation:462] unlock_operation = 0 ,ret 0 
03-30 13:42:39.190   767   767 D RBS     : [captain.c] [cpt_initialize:1935] Read HWID = 0037 
03-30 13:42:39.190   767   767 V RBS     : [packager.c] [transfer_data:63] -- **packager, pid: 0, cid: 105, uid: 0, fid: 0 
03-30 13:42:39.190   767   767 I RBS     : [plat_thread_linux.c] [plat_semaphore_create:63] plat_semaphore_create handle->sema != NULL, semaphore has already been created 
03-30 13:42:39.190   767   767 D RBS     : [thread_manager.c] [trylock_operation:437] trylock_operation = 0, retval = 0 
03-30 13:42:39.190   767   767 V RBS     : [packager.c] [transfer_data:101] -- packager, process: 0, command: 105, uid: 0, fid:0 
03-30 13:42:39.190   767   767 D RBS     : [transporter_qsee.c] [transporter:187] -- msg_data->process = 224  
03-30 13:42:39.190   767   767 D RBS     : [transporter_qsee.c] [transporter:188] -- msg_data->command = 105  
03-30 13:42:39.190   767   767 D ETS_TZ_CLIENT: -- ets ,send process_id: 224
03-30 13:42:39.190   767   767 D ETS_TZ_CLIENT: -- ets ,send command_id: 105
03-30 13:42:39.190   767   767 D ETS_TZ_CLIENT: -- ets ,send req_tci_size: 1024
03-30 13:42:39.190   767   767 D ETS_TZ_CLIENT: ets ,send modified cmd [buffer]: start
03-30 13:42:39.191   767   767 D ETS_TZ_CLIENT: -- ets ,cmd_id: 224
03-30 13:42:39.205   767   767 D ETS_TZ_CLIENT: ets_qsee_cmd_req_in_data: cmd = 224, result_status = 0
03-30 13:42:39.205   767   767 D RBS     : [transporter_qsee.c] [transporter:199]  out_data_len  = 6  
03-30 13:42:39.205   767   767 D RBS     : [transporter_qsee.c] [transporter:202] transporter end, retval = 0  
03-30 13:42:39.205   767   767 D RBS     : [thread_manager.c] [unlock_operation:462] unlock_operation = 0 ,ret 0 
03-30 13:42:39.205   767   767 D RBS     : [captain.c] [cpt_initialize:1946] Read HWUID = 003780934CE31C74 
03-30 13:42:39.207   767   767 D RBS     : [captain.c] [cpt_initialize:1952] Set property vendor.fingerprint.hwid to 003780934CE31C74 
03-30 13:42:39.207   767   767 D RBS     : [egis_rbs_api.c] [rbs_initialize:21] #*rbs_initialize#*#*[leave] 0#* 
03-30 13:42:39.207   767   767 E FingerprintHal: [rbs_fingerprint.c] [fingerprint_open:641] thread_initialize get master key fail 
03-30 13:42:39.207   767   767 D FingerprintHal: [rbs_fingerprint.c] [fingerprint_open:646] g_lib_handle->rbs_initialize success 
03-30 13:42:39.211   533   533 I hwservicemanager: Since vendor.semc.system.idd@1.0::IIdd/default is not registered, trying to start it as a lazy HAL.
03-30 13:42:39.213   533   533 I hwservicemanager: Since vendor.semc.system.idd@1.0::IIdd/default is not registered, trying to start it as a lazy HAL.
03-30 13:42:39.213   767   767 I HidlServiceManagement: getService: Trying again for vendor.semc.system.idd@1.0::IIdd/default...
09-05 10:07:21.088     0     0 I subsys-pil-tz b300000.qcom,turing: cdsp: Brought out of reset
09-05 10:07:21.102     0     0 I subsys-pil-tz b300000.qcom,turing: Subsystem error monitoring/handling services are up
09-05 10:07:21.103     0     0 I msm-cdc-pinctrl soc: msm_cdc_pinctrl_pri: could not find pctldev for node /soc/pri_i2s_sck_ws/pri_i2s_sck_active, deferring probe
03-30 13:42:39.275   533   853 W libc    : Unable to set property "ctl.interface_start" to "vendor.semc.system.idd@1.0::IIdd/default": error code: 0x20
03-30 13:42:39.275   533   853 I hwservicemanager: Tried to start vendor.semc.system.idd@1.0::IIdd/default as a lazy service, but was unable to. Usually this happens when a service is not installed, but if the service is intended to be used as a lazy service, then it may be configured incorrectly.
03-30 13:42:39.276   533   855 W libc    : Unable to set property "ctl.interface_start" to "vendor.semc.system.idd@1.0::IIdd/default": error code: 0x20
03-30 13:42:39.276   533   855 I hwservicemanager: Tried to start vendor.semc.system.idd@1.0::IIdd/default as a lazy service, but was unable to. Usually this happens when a service is not installed, but if the service is intended to be used as a lazy service, then it may be configured incorrectly.
09-05 10:07:21.106     0     0 I subsys-pil-tz b300000.qcom,turing: cdsp: Power/Clock ready interrupt received
09-05 10:07:21.108     0     0 I msm-cdc-pinctrl soc: msm_cdc_pinctrl_pri: could not find pctldev for node /soc/pri_i2s_sck_ws/pri_i2s_sck_active, deferring probe
09-05 10:07:21.114     0     0 I msm-cdc-pinctrl soc: msm_cdc_pinctrl_pri: could not find pctldev for node /soc/pri_i2s_sck_ws/pri_i2s_sck_active, deferring probe
09-05 10:07:21.119     0     0 I msm_cdsp_rm soc: qcom,glink:cdsp:qcom,msm_cdsprm_rpmsg:qcom,msm_cdsp_rm: CDSP request manager driver probe called
09-05 10:07:21.121     0     0 I msm-cdc-pinctrl soc: msm_cdc_pinctrl_pri: could not find pctldev for node /soc/pri_i2s_sck_ws/pri_i2s_sck_active, deferring probe
09-05 10:07:21.123     0     0 I adsprpc : fastrpc_rpmsg_probe: opened rpmsg channel for cdsp
09-05 10:07:21.126     0     0 I msm-cdc-pinctrl soc: msm_cdc_pinctrl_pri: could not find pctldev for node /soc/pri_i2s_sck_ws/pri_i2s_sck_active, deferring probe
03-30 13:42:39.353   778   778 I zygote64: Using memfd for future sealing
03-30 13:42:39.381   884   884 I BOOT    : MSM target '', SoC 'IDP', HwID '394', SoC ver '65536'
09-05 10:07:21.257     0     0 I subsys-pil-tz ab00000.qcom,lpass: adsp: Brought out of reset
03-30 13:42:39.435   779   779 D zygote  : Time zone APEX ICU file found: /apex/com.android.tzdata/etc/icu/icu_tzdata.dat
03-30 13:42:39.435   779   779 D zygote  : I18n APEX ICU file found: /apex/com.android.i18n/etc/icu/icudt68l.dat
09-05 10:07:21.283     0     0 I subsys-pil-tz ab00000.qcom,lpass: Subsystem error monitoring/handling services are up
