09-05 10:07:16.268   543   543 D QSEECOMD: : Init::Init dlsym(g_FSHandle rpmb_start) succeeds
09-05 10:07:16.268   543   543 D QSEECOMAPI: QSEECom_register_listener 8192 sb_length = 0x6400
09-05 10:07:16.268   543   543 E ion     : ioctl c0044901 failed with code -1: Inappropriate ioctl for device
09-05 10:07:16.268   543   543 D QSEECOMD: : Init rpmb_start ret = 0
09-05 10:07:16.268   543   543 D QSEECOMD: : RPMB system services: Started (Listener ID = 8192)
09-05 10:07:16.268   543   543 E QSEECOMD: : Listener: index = 1, hierarchy = 1
09-05 10:07:16.268   543   543 D QSEECOMD: : Init dlopen(libssd.so, RTLD_NOW) succeeds
09-05 10:07:16.268   543   543 D QSEECOMD: : Init::Init dlsym(g_FSHandle ssd_start) succeeds
09-05 10:07:16.268   543   543 D QSEECOMAPI: QSEECom_register_listener 12288 sb_length = 0x5000
09-05 10:07:16.269   543   543 D QSEECOMD: : Init ssd_start ret = 0
09-05 10:07:16.269   543   543 D QSEECOMD: : SSD system services: Started (Listener ID = 12288)
09-05 10:07:16.269   543   543 E QSEECOMD: : Listener: index = 2, hierarchy = 1
09-05 10:07:16.270   546   546 I HidlServiceManagement: Registered vendor.qti.hardware.qseecom@1.0::IQSEECom/default
09-05 10:07:16.270   546   546 I HidlServiceManagement: Removing namespace from process name vendor.qti.hardware.qseecom@1.0-service to qseecom@1.0-service.
09-05 10:07:16.271   546   546 I QSEECOM_SERVICE: IQSEECom registerAsService is successful
09-05 10:07:16.271     0     0 I EXT4-fs (mmcblk0p51): mounted filesystem with ordered data mode. Opts: barrier=1
09-05 10:07:16.273     0     0 W EXT4-fs (mmcblk0p2): Ignoring removed nomblk_io_submit option
09-05 10:07:16.277     0     0 I EXT4-fs (mmcblk0p2): mounted filesystem with ordered data mode. Opts: errors=remount-ro,nomblk_io_submit
09-05 10:07:16.277     0     0 E EXT4-fs (mmcblk0p2): errors=remount-ro for active namespaces on umount 0
09-05 10:07:16.283   543   543 D QSEECOMD: : Init dlopen(libsecureui.so, RTLD_NOW) succeeds
09-05 10:07:16.283   543   543 D QSEECOMD: : Init::Init dlsym(g_FSHandle secure_ui_start) succeeds
09-05 10:07:16.283   543   543 D QSEECOMAPI: QSEECom_register_listener 16384 sb_length = 0x10a8
09-05 10:07:16.283   543   543 D QSEECOMD: : Init secure_ui_start ret = 0
09-05 10:07:16.283   543   543 D QSEECOMD: : secure UI services: Started (Listener ID = 16384)
09-05 10:07:16.283   543   543 E QSEECOMD: : Listener: index = 3, hierarchy = 1
09-05 10:07:16.285   543   543 D QSEECOMD: : Init dlopen(libdrmtime.so, RTLD_NOW) succeeds
09-05 10:07:16.285   543   543 D QSEECOMD: : Init::Init dlsym(g_FSHandle atime_start) succeeds
09-05 10:07:16.285   543   543 D DrmLibTime: QSEE Time Listener: atime_start
09-05 10:07:16.285   543   543 D QSEECOMAPI: QSEECom_register_listener 11 sb_length = 0x5000
09-05 10:07:16.285   543   543 D DrmLibTime: registering fs service to QSEECom is done!
09-05 10:07:16.285   543   543 D DrmLibTime: begin to create a thread!
09-05 10:07:16.285   543   543 D DrmLibTime: Creating a pthread in atime_start is done! return 0
09-05 10:07:16.286   543   543 D QSEECOMD: : Init atime_start ret = 0
09-05 10:07:16.286   543   543 D QSEECOMD: : time services: Started (Listener ID = 11)
09-05 10:07:16.286   543   543 E QSEECOMD: : Listener: index = 4, hierarchy = 1
09-05 10:07:16.286   543   557 D DrmLibTime: QSEE Time Listener: dispatch
09-05 10:07:16.286   543   557 D DrmLibTime: before calling ioctl to read the next time_cmd
09-05 10:07:16.286   543   543 D QSEECOMD: : Init dlopen(libdrmfs.so, RTLD_NOW) succeeds
09-05 10:07:16.286   543   543 D QSEECOMD: : Init::Init dlsym(g_FSHandle fs_start) succeeds
09-05 10:07:16.286   543   543 D QSEECOMAPI: QSEECom_register_listener 10 sb_length = 0x5000
09-05 10:07:16.286   543   543 D QSEECOMD: : Init fs_start ret = 0
09-05 10:07:16.286   543   543 D QSEECOMD: : file system services: Started (Listener ID = 10)
09-05 10:07:16.286   543   543 E QSEECOMD: : Listener: index = 5, hierarchy = 1
09-05 10:07:16.286   543   543 D QSEECOMD: : Init dlopen(libdrmfs.so, RTLD_NOW) succeeds
09-05 10:07:16.286   543   543 D QSEECOMD: : Init::Init dlsym(g_FSHandle gpfs_start) succeeds
09-05 10:07:16.294   543   543 D QSEECOMAPI: QSEECom_register_listener 28672 sb_length = 0x7e000
09-05 10:07:16.295   543   543 D QSEECOMD: : Init gpfs_start ret = 0
09-05 10:07:16.295   543   543 D QSEECOMD: : gpfile system services: Started (Listener ID = 28672)
09-05 10:07:16.295   543   543 E QSEECOMD: : Listener: index = 6, hierarchy = 1
09-05 10:07:16.297   543   543 D QSEECOMD: : Init dlopen(libqisl.so, RTLD_NOW) succeeds
09-05 10:07:16.297   543   543 D QSEECOMD: : Init::Init dlsym(g_FSHandle qisl_start) succeeds
09-05 10:07:16.297   543   561 I QISL    : QSEE Interrupt Service Listener Thread is started
09-05 10:07:16.297   543   561 D QSEECOMAPI: QSEECom_register_listener 36864 sb_length = 0x1f4
09-05 10:07:16.298   543   561 I QISL    : QSEE Interrupt Service Listener was activated successfully
09-05 10:07:16.298   543   543 D QSEECOMD: : Init qisl_start ret = 0
09-05 10:07:16.298   543   543 D QSEECOMD: : interrupt services: Started (Listener ID = 36864)
09-05 10:07:16.298   543   543 E QSEECOMD: : Listener: index = 7, hierarchy = 1
09-05 10:07:16.298   543   543 E QSEECOMD: : Init dlopen(libspl.so, RLTD_NOW) is failed.... dlopen failed: library "libspl.so" not found
09-05 10:07:16.298   543   543 E QSEECOMD: : Listener: index = 8, hierarchy = 1
09-05 10:07:16.301   543   543 D QSEECOMD: : Init dlopen(libGPreqcancel.so, RTLD_NOW) succeeds
09-05 10:07:16.301   543   543 D QSEECOMD: : Init::Init dlsym(g_FSHandle gp_reqcancel_start) succeeds
09-05 10:07:16.301   543   543 D QSEECOMAPI: QSEECom_register_listener 4352 sb_length = 0x5000
09-05 10:07:16.302   543   543 D QSEECOMD: : Init gp_reqcancel_start ret = 0
09-05 10:07:16.302   543   543 D QSEECOMD: : gp request cancellation services: Started (Listener ID = 4352)
09-05 10:07:16.302   543   543 E QSEECOMD: : Listener: index = 9, hierarchy = 1
09-05 10:07:16.304   543   543 D QSEECOMD: : Init dlopen(libops.so, RTLD_NOW) succeeds
09-05 10:07:16.304   543   543 D QSEECOMD: : Init::Init dlsym(g_FSHandle ops_start) succeeds
09-05 10:07:16.304   543   543 D OPS_SERVICE: Entering ops_start!
09-05 10:07:16.304   543   543 D QSEECOMAPI: QSEECom_register_listener 49152 sb_length = 0x6400
09-05 10:07:16.305   543   543 D OPS_SERVICE: registering ops service to QSEECom is done!
09-05 10:07:16.305   543   543 D OPS_SERVICE: begin to create a thread!
09-05 10:07:16.305   543   543 D OPS_SERVICE: Creating a pthread in ops_start is done! return 0
09-05 10:07:16.305   543   543 D QSEECOMD: : Init ops_start ret = 0
09-05 10:07:16.305   543   543 D QSEECOMD: : output protection service listener: Started (Listener ID = 49152)
09-05 10:07:16.305   543   563 D OPS_SERVICE: OPS_SERVICE Dispatch starts! 
09-05 10:07:16.305   543   563 D OPS_SERVICE: before calling ioctl to read the next ops_cmd
09-05 10:07:16.305   543   543 D QSEECOMD: : QSEECOM DAEMON RUNNING 
09-05 10:07:16.304     0     0 I e2fsck  : e2fsck 1.45.4 (23-Sep-2019)
09-05 10:07:16.307     0     0 I e2fsck  : /dev/block/bootdevice/by-name/persist: clean, 317/8192 files, 1646/8192 blocks
09-05 10:07:16.309   547   547 I vold    : Vold 3.0 (the awakening) firing up
09-05 10:07:16.310   547   547 D vold    : Detected support for: ext4 f2fs ntfs vfat
09-05 10:07:16.313     0     0 I EXT4-fs (mmcblk0p2): mounted filesystem with ordered data mode. Opts: barrier=1,discard
09-05 10:07:16.313   547   547 D vold    : Found unmanaged dm device named com.android.neuralnetworks
09-05 10:07:16.313   547   547 D vold    : Found unmanaged dm device named system_ext_b
09-05 10:07:16.313   547   547 D vold    : Found unmanaged dm device named com.android.i18n
09-05 10:07:16.313   547   547 D vold    : Found unmanaged dm device named com.android.scheduling
09-05 10:07:16.313   547   547 D vold    : Found unmanaged dm device named com.android.runtime
09-05 10:07:16.313   547   547 D vold    : Found unmanaged dm device named system_b
09-05 10:07:16.313   547   547 D vold    : Found unmanaged dm device named com.android.media
09-05 10:07:16.313   547   547 D vold    : Found unmanaged dm device named com.android.media.swcodec
09-05 10:07:16.313   547   547 D vold    : Found unmanaged dm device named vendor_b
09-05 10:07:16.313   547   547 D vold    : Found unmanaged dm device named com.android.resolv
09-05 10:07:16.313   547   547 D vold    : Found unmanaged dm device named system_a
09-05 10:07:16.313   547   547 D vold    : Found unmanaged dm device named vendor_a
09-05 10:07:16.313   547   547 D vold    : Found unmanaged dm device named com.android.mediaprovider
09-05 10:07:16.313   547   547 D vold    : Found unmanaged dm device named com.android.permission
09-05 10:07:16.313   547   547 D vold    : Found unmanaged dm device named com.android.apex.cts.shim
09-05 10:07:16.313   547   547 D vold    : Found unmanaged dm device named com.android.sdkext
09-05 10:07:16.314   547   547 D vold    : Found unmanaged dm device named com.android.conscrypt
09-05 10:07:16.314   547   547 D vold    : Found unmanaged dm device named com.android.art
09-05 10:07:16.314   547   547 D vold    : Found unmanaged dm device named com.android.adbd
09-05 10:07:16.314   547   547 D vold    : Found unmanaged dm device named com.android.tethering
09-05 10:07:16.314   547   547 D vold    : Found unmanaged dm device named com.android.appsearch
09-05 10:07:16.314   547   547 D vold    : Found unmanaged dm device named com.android.extservices
09-05 10:07:16.314   547   547 D vold    : Found unmanaged dm device named com.android.cellbroadcast
09-05 10:07:16.314   547   547 D vold    : Found unmanaged dm device named com.android.os.statsd
09-05 10:07:16.314   547   547 D vold    : Found unmanaged dm device named com.android.tzdata
09-05 10:07:16.314   547   547 D vold    : Found unmanaged dm device named product_b
09-05 10:07:16.314   547   547 D vold    : Found unmanaged dm device named com.android.wifi
09-05 10:07:16.314   547   547 D vold    : Found unmanaged dm device named com.android.vndk.v32
09-05 10:07:16.314   547   547 D vold    : Found unmanaged dm device named product_a
09-05 10:07:16.314   547   547 D vold    : Found unmanaged dm device named com.android.ipsec
09-05 10:07:16.314   547   547 D vold    : Found unmanaged loop device at /dev/block/loop0 named apex:
09-05 10:07:16.314   547   547 D vold    : Found unmanaged loop device at /dev/block/loop2 named apex:
09-05 10:07:16.314   547   547 D vold    : Found unmanaged loop device at /dev/block/loop3 named apex:
09-05 10:07:16.314   547   547 D vold    : Found unmanaged loop device at /dev/block/loop1 named apex:
09-05 10:07:16.315   547   547 I vold    : [libfs_mgr]dt_fstab: Skip disabled entry for partition vendor
09-05 10:07:16.316   547   547 D vold    : VoldNativeService::start() completed OK
09-05 10:07:16.339   535   535 D QSEECOMAPI: QSEECom_get_handle sb_length = 0xa000
09-05 10:07:16.340   535   535 D QSEECOMAPI: App is already loaded QSEE and app id = 1
09-05 10:07:16.340   535   535 E ion     : ioctl c0044901 failed with code -1: Inappropriate ioctl for device
09-05 10:07:16.341   535   535 E KeymasterUtils: TA API Major Version: 4
09-05 10:07:16.341   535   535 E KeymasterUtils: TA API Minor Version: 0
09-05 10:07:16.341   535   535 E KeymasterUtils: TA Major Version: 4
09-05 10:07:16.341   535   535 E KeymasterUtils: TA Minor Version: 544
09-05 10:07:16.345   535   535 E cutils-trace: Error opening trace file: No such file or directory (2)
09-05 10:07:16.346   535   535 I HidlServiceManagement: Registered android.hardware.keymaster@4.0::IKeymasterDevice/default
09-05 10:07:16.346   547   568 I vold    : Found disk at /devices/platform/soc/4784000.sdhci/mmc_host/mmc1/mmc1:aaaa/block/mmcblk1 but delaying scan due to secure keyguard
09-05 10:07:16.346   535   535 I HidlServiceManagement: Removing namespace from process name android.hardware.keymaster@4.0-service-qti to keymaster@4.0-service-qti.
09-05 10:07:16.350     0     0 W EXT4-fs (mmcblk0p64): Ignoring removed nomblk_io_submit option
09-05 10:07:16.352     0     0 I EXT4-fs (mmcblk0p64): mounted filesystem with ordered data mode. Opts: errors=remount-ro,nomblk_io_submit
09-05 10:07:16.353     0     0 E EXT4-fs (mmcblk0p64): errors=remount-ro for active namespaces on umount 0
09-05 10:07:16.364     0     0 I e2fsck  : e2fsck 1.45.4 (23-Sep-2019)
09-05 10:07:16.367     0     0 I e2fsck  : /dev/block/bootdevice/by-name/appslog: clean, 340/4096 files, 3296/4096 blocks
09-05 10:07:16.372     0     0 I EXT4-fs (mmcblk0p64): mounted filesystem with ordered data mode. Opts: barrier=1,discard
09-05 10:07:16.374     0     0 W EXT4-fs (mmcblk0p65): Ignoring removed nomblk_io_submit option
09-05 10:07:16.376     0     0 I EXT4-fs (mmcblk0p65): mounted filesystem with ordered data mode. Opts: errors=remount-ro,nomblk_io_submit
09-05 10:07:16.376     0     0 E EXT4-fs (mmcblk0p65): errors=remount-ro for active namespaces on umount 0
09-05 10:07:16.387     0     0 I e2fsck  : e2fsck 1.45.4 (23-Sep-2019)
09-05 10:07:16.390     0     0 I e2fsck  : /dev/block/bootdevice/by-name/diag: clean, 38/8192 files, 1316/8192 blocks
09-05 10:07:16.397     1     1 W libc    : Unable to set property "ro.boottime.init.mount_all.early" to "48": error code: 0xb
09-05 10:07:16.395     0     0 I EXT4-fs (mmcblk0p65): mounted filesystem with ordered data mode. Opts: barrier=1,discard
09-05 10:07:16.424     0     0 D vdc     : Waited 0ms for vold
09-05 10:07:16.956   586   586 I HidlServiceManagement: Registered android.system.suspend@1.0::ISystemSuspend/default
09-05 10:07:16.956   586   586 I HidlServiceManagement: Removing namespace from process name android.system.suspend@1.0-service to suspend@1.0-service.
09-05 10:07:16.965   588   588 I android.hardware.boot@1.2-service: [libfs_mgr]dt_fstab: Skip disabled entry for partition vendor
09-05 10:07:16.967   588   588 I HidlServiceManagement: Registered android.hardware.boot@1.2::IBootControl/default
09-05 10:07:16.967   588   588 I HidlServiceManagement: Removing namespace from process name android.hardware.boot@1.2-service to boot@1.2-service.
09-05 10:07:16.967   588   588 I LegacySupport: Registration complete for android.hardware.boot@1.0::IBootControl/default.
09-05 10:07:16.970   591   591 I fsverity_init: LoadKeyFromFile path=/system/etc/security/fsverity/fsverity-release.x509.der keyname=fsv_system_0
09-05 10:07:16.973   589   589 D QSEECOMAPI: QSEECom_get_handle sb_length = 0xa000
09-05 10:07:16.973   589   589 D QSEECOMAPI: App is already loaded QSEE and app id = 1
09-05 10:07:16.973   589   589 E ion     : ioctl c0044901 failed with code -1: Inappropriate ioctl for device
09-05 10:07:16.974   589   589 E KeymasterUtils: TA API Major Version: 4
09-05 10:07:16.974   589   589 E KeymasterUtils: TA API Minor Version: 0
09-05 10:07:16.974   589   589 E KeymasterUtils: TA Major Version: 4
09-05 10:07:16.974   589   589 E KeymasterUtils: TA Minor Version: 544
09-05 10:07:16.976   589   589 I HidlServiceManagement: Registered android.hardware.gatekeeper@1.0::IGatekeeper/default
09-05 10:07:16.976   589   589 I HidlServiceManagement: Removing namespace from process name android.hardware.gatekeeper@1.0-service-qti to gatekeeper@1.0-service-qti.
09-05 10:07:16.976   589   589 I LegacySupport: Registration complete for android.hardware.gatekeeper@1.0::IGatekeeper/default.
09-05 10:07:17.026     0     0 I wait_for_keymaster: Waiting for Keymaster device
09-05 10:07:17.025   532   532 I servicemanager: getDeviceHalManifest: Reading VINTF information.
09-05 10:07:17.031   532   532 I servicemanager: getDeviceHalManifest: Successfully processed VINTF information
09-05 10:07:17.031   532   532 I servicemanager: getFrameworkHalManifest: Reading VINTF information.
09-05 10:07:17.032   532   532 I servicemanager: getFrameworkHalManifest: Successfully processed VINTF information
09-05 10:07:17.032   532   532 I servicemanager: Found android.hardware.light.ILights/default in device VINTF manifest.
09-05 10:07:17.033   532   532 I servicemanager: Since 'android.system.keystore2.IKeystoreService/default' could not be found, trying to start it as a lazy AIDL service
09-05 10:07:17.034   532   601 W libc    : Unable to set property "ctl.interface_start" to "aidl/android.system.keystore2.IKeystoreService/default": error code: 0x20
09-05 10:07:17.034   532   601 I servicemanager: Tried to start aidl service android.system.keystore2.IKeystoreService/default as a lazy service, but was unable to. Usually this happens when a service is not installed, but if the service is intended to be used as a lazy service, then it may be configured incorrectly.
09-05 10:07:17.056   587   587 I keystore2: keystore2_main: Keystore2 is starting.
09-05 10:07:17.061   587   587 I keystore2: keystore2_main: Starting thread pool now.
09-05 10:07:17.061   587   602 I keystore2: getDeviceHalManifest: Reading VINTF information.
09-05 10:07:17.070   587   602 I keystore2: getDeviceHalManifest: Successfully processed VINTF information
09-05 10:07:17.074   587   602 I keystore2: found android.hardware.keymaster@4.0::IKeymasterDevice with interface name default and seclevel TRUSTED_ENVIRONMENT
09-05 10:07:17.076   532   532 I servicemanager: Found android.system.keystore2.IKeystoreService/default in framework VINTF manifest.
09-05 10:07:17.081   587   587 I keystore2: keystore2_main: Successfully registered Keystore 2.0 service.
09-05 10:07:17.081   587   587 I keystore2: keystore2_main: Joining thread pool now.
09-05 10:07:17.087   587   602 I keystore2: keystore2::shared_secret_negotiation: Shared secret negotiation concluded successfully.
09-05 10:07:17.124   598   598 I HidlServiceManagement: Registered vendor.qti.hardware.display.allocator@3.0::IQtiAllocator/default
09-05 10:07:17.125   598   598 I HidlServiceManagement: Removing namespace from process name vendor.qti.hardware.display.allocator-service to allocator-service.
09-05 10:07:17.125   598   598 I qdgralloc: Initialized qti-allocator 3
09-05 10:07:17.126   598   598 I HidlServiceManagement: Registered vendor.qti.hardware.display.allocator@4.0::IQtiAllocator/default
09-05 10:07:17.126   598   598 I HidlServiceManagement: Removing namespace from process name vendor.qti.hardware.display.allocator-service to allocator-service.
09-05 10:07:17.127   598   598 I qdgralloc: Initialized qti-allocator 4
09-05 10:07:17.161   533   533 I hwservicemanager: getTransport: Cannot find entry android.hardware.configstore@1.0::ISurfaceFlingerConfigs/default in either framework or device VINTF manifest.
09-05 10:07:17.163   595   595 I SurfaceFlinger: Using HWComposer service: default
09-05 10:07:17.164   595   595 I SurfaceFlinger: SurfaceFlinger is starting
09-05 10:07:17.164   533   533 I hwservicemanager: getTransport: Cannot find entry android.hardware.configstore@1.1::ISurfaceFlingerConfigs/default in either framework or device VINTF manifest.
09-05 10:07:17.164   595   595 I SurfaceFlinger: Enabling backpressure propagation for Client Composition
09-05 10:07:17.164   595   595 I SurfaceFlinger: Disabling blur effects, they are not supported.
09-05 10:07:17.166   595   595 I SurfaceFlinger: SurfaceFlinger's main thread ready to run. Initializing graphics H/W...
09-05 10:07:17.166   595   595 D RenderEngine: Threaded RenderEngine with SkiaGL Backend
09-05 10:07:17.169   597   597 I SDM     : HWCSession::Register: Set uevent listener = 0xb40000772f5ded50
09-05 10:07:17.169   597   597 I SDM     : HWCSession::Init: builtin_powermode_override: 0
09-05 10:07:17.170   595   613 D libEGL  : loaded /vendor/lib64/egl/libEGL_adreno.so
09-05 10:07:17.198   597   597 I SDM     : HWInfoDRM::GetHWPlanesInfo: Adding VIG Pipe : Id 52, master_pipe_id : Id 0 block_sec_ui: 1 hw_block_mask: 0x3
09-05 10:07:17.198   597   597 I SDM     : HWInfoDRM::GetHWPlanesInfo: Adding DMA Pipe : Id 72, master_pipe_id : Id 0 block_sec_ui: 0 hw_block_mask: 0x3
09-05 10:07:17.198   597   597 I SDM     : HWInfoDRM::GetHWPlanesInfo: Adding DMA Pipe : Id 75, master_pipe_id : Id 0 block_sec_ui: 1 hw_block_mask: 0x3
09-05 10:07:17.198   597   597 I SDM     : HWInfoDRM::GetHWPlanesInfo: Adding DMA Pipe : Id 78, master_pipe_id : Id 72 block_sec_ui: 0 hw_block_mask: 0x3
09-05 10:07:17.198   597   597 I SDM     : HWInfoDRM::GetHWPlanesInfo: Adding DMA Pipe : Id 82, master_pipe_id : Id 75 block_sec_ui: 1 hw_block_mask: 0x3
09-05 10:07:17.198   597   597 I SDM     : HWInfoDRM::GetHWPlanesInfo: Adding DMA Pipe : Id 85, master_pipe_id : Id 52 block_sec_ui: 1 hw_block_mask: 0x3
09-05 10:07:17.199   597   597 I SDM     : HWInfoDRM::GetHWResourceInfo: Max plane width = 2160
09-05 10:07:17.199   597   597 I SDM     : HWInfoDRM::GetHWResourceInfo: Max cursor width = 128
09-05 10:07:17.199   597   597 I SDM     : HWInfoDRM::GetHWResourceInfo: Max plane upscale = 20
09-05 10:07:17.199   597   597 I SDM     : HWInfoDRM::GetHWResourceInfo: Max plane downscale = 4
09-05 10:07:17.199   597   597 I SDM     : HWInfoDRM::GetHWResourceInfo: Has Decimation = 1
09-05 10:07:17.199   597   597 I SDM     : HWInfoDRM::GetHWResourceInfo: Max Blending Stages = 6
09-05 10:07:17.199   597   597 I SDM     : HWInfoDRM::GetHWResourceInfo: Has Source Split = 0
09-05 10:07:17.199   597   597 I SDM     : HWInfoDRM::GetHWResourceInfo: Has QSEED3 = 1
09-05 10:07:17.199   597   597 I SDM     : HWInfoDRM::GetHWResourceInfo: Has UBWC = 1
09-05 10:07:17.199   597   597 I SDM     : HWInfoDRM::GetHWResourceInfo: Has Concurrent Writeback = 1
09-05 10:07:17.199   597   597 I SDM     : HWInfoDRM::GetHWResourceInfo: Has Src Tonemap = 0
09-05 10:07:17.199   597   597 I SDM     : HWInfoDRM::GetHWResourceInfo: Max Low Bw = 4100000
09-05 10:07:17.199   597   597 I SDM     : HWInfoDRM::GetHWResourceInfo: Max High Bw = 4100000
09-05 10:07:17.200   597   597 I SDM     : HWInfoDRM::GetHWResourceInfo: Max Pipe Bw = 4500000 KBps
09-05 10:07:17.200   597   597 I SDM     : HWInfoDRM::GetHWResourceInfo: MaxSDEClock = 400000000 Hz
09-05 10:07:17.200   597   597 I SDM     : HWInfoDRM::GetHWResourceInfo: Clock Fudge Factor = 1.050000
09-05 10:07:17.200   597   597 I SDM     : HWInfoDRM::GetHWResourceInfo: Prefill factors:
09-05 10:07:17.200   597   597 I SDM     : HWInfoDRM::GetHWResourceInfo: 	Tiled_NV12 = 8
09-05 10:07:17.200   597   597 I SDM     : HWInfoDRM::GetHWResourceInfo: 	Tiled = 4
09-05 10:07:17.200   597   597 I SDM     : HWInfoDRM::GetHWResourceInfo: 	Linear = 1
09-05 10:07:17.200   597   597 I SDM     : HWInfoDRM::GetHWResourceInfo: 	Scale = 1
09-05 10:07:17.200   597   597 I SDM     : HWInfoDRM::GetHWResourceInfo: 	Fudge_factor = 2
09-05 10:07:17.200   597   597 I SDM     : HWInfoDRM::GetHWResourceInfo: 	ib_fudge_factor = 6.000000
09-05 10:07:17.202   597   597 I SDM     : HWInfoDRM::GetHWRotatorInfo: V4L2 Rotator: Count = 1, Downscale = 1, Min_downscale = 1.500000,Downscale_compression = 1, Max_line_width = 4096
09-05 10:07:17.202   597   597 I SDM     : PipeAllocDrm::Init: Smart DMA: Enabled
09-05 10:07:17.202   597   597 I SDM     : PipeAllocDrm::Init: Pipe Priority Order: Disabled
09-05 10:07:17.202   597   597 I SDM     : PipeAllocDrm::Init: Prefer multirect Disabled
09-05 10:07:17.202   597   597 I SDM     : PipeAllocDrm::Init: pipe->type = 1 Real pipe_id = 52 priority = 0 tonemap = 0
09-05 10:07:17.202   597   597 I SDM     : PipeAllocDrm::Init: pipe->type = 3 Real pipe_id = 72 priority = 1 tonemap = 0
09-05 10:07:17.202   597   597 I SDM     : PipeAllocDrm::Init: pipe->type = 3 Real pipe_id = 75 priority = 2 tonemap = 0
09-05 10:07:17.202   597   597 I SDM     : PipeAllocDrm::Init: pipe->type = 3 Virtual pipe_id = 78 priority = 3 tonemap = 0
09-05 10:07:17.202   597   597 I SDM     : PipeAllocDrm::Init: pipe->type = 3 Virtual pipe_id = 82 priority = 4 tonemap = 0
09-05 10:07:17.202   597   597 I SDM     : PipeAllocDrm::Init: pipe->type = 3 Virtual pipe_id = 85 priority = 5 tonemap = 0
09-05 10:07:17.202   597   597 I SDM     : PipeAllocDrm::Init: Registered  Total Pipes = 6 SDma/virtual_pipes = 3
09-05 10:07:17.202   597   597 I SDM     : PipeAllocDrm::Init: pipe->type=3 Real pipe_id =75
09-05 10:07:17.202   597   597 I SDM     : PipeAllocDrm::Init: pipe->type=3 Real pipe_id =72
09-05 10:07:17.202   597   597 I SDM     : PipeAllocDrm::Init: pipe->type=1 Real pipe_id =52
09-05 10:07:17.202   597   597 I SDM     : PipeAllocDrm::Init: pipe->type=3 Virtual pipe_id =78
09-05 10:07:17.202   597   597 I SDM     : PipeAllocDrm::Init: pipe->type=3 Virtual pipe_id =82
09-05 10:07:17.202   597   597 I SDM     : PipeAllocDrm::Init: pipe->type=3 Virtual pipe_id =85
09-05 10:07:17.207   597   597 D SDM     : ToneMapConfigFactory::Create: Creating ToneMapConfigDummy
09-05 10:07:17.208   597   597 I SDM     : HWInfoDRM::GetDisplaysStatus: display:   28-0, connected: true, primary: true
09-05 10:07:17.208   597   597 I SDM     : HWInfoDRM::GetDisplaysStatus: display:   44-2, connected: true, primary: false
09-05 10:07:17.208   597   597 I SDM     : CoreInterface::CreateCore: Open interface handle = 0xb40000772f5df3c0
09-05 10:07:17.209   597   597 I SDM     : HWInfoDRM::GetMaxDisplaysSupported: Max 2 concurrent displays.
09-05 10:07:17.209   597   597 I SDM     : HWInfoDRM::GetMaxDisplaysSupported: Max 1 concurrent displays of type 0 (BuiltIn).
09-05 10:07:17.209   597   597 I SDM     : HWInfoDRM::GetMaxDisplaysSupported: Max 0 concurrent displays of type 1 (Pluggable).
09-05 10:07:17.209   597   597 I SDM     : HWInfoDRM::GetMaxDisplaysSupported: Max 1 concurrent displays of type 2 (Virtual).
09-05 10:07:17.209   597   597 I SDM     : HWCSession::CreatePrimaryDisplay: Create primary display type = 0, sdm id = 28, client id = 0
09-05 10:07:17.209   597   597 I SDM     : CPUHint::Init: Invalid CPU Hint Pre-enable Window -1
09-05 10:07:17.210   597   597 I SDM     : HWDeviceDRM::InitializeConfigs: Updating current display mode 0 to preferred mode 0.
09-05 10:07:17.210   597   597 I SDM     : HWDeviceDRM::PopulateDisplayAttributes: Display attributes[0]: WxH: 1080x2520, DPI: 457.200012x460.489197, FPS: 60, LM_SPLIT: 0, V_BACK_PORCH: 8, V_FRONT_PORCH: 8, V_PULSE_WIDTH: 8, V_TOTAL: 2544, H_TOTAL: 1104, CLK: 193233KHZ, TOPOLOGY: 1
09-05 10:07:17.210   597   597 I SDM     : HWDeviceDRM::UpdateMixerAttributes: Mixer WxH 1080x2520 for Peripheral
09-05 10:07:17.210   597   597 I SDM     : ColorManager::CreateColorManagerProxy: PAV2 version is versions = 11, version = 11 
09-05 10:07:17.220   597   597 I SDM     : DisplayBase::InitializeColorModes: Number of Color Modes = 4
09-05 10:07:17.221   597   597 W SDM     : DisplayBase::GetColorPrimariesFromAttribute: Native Gamut found, returning default: sRGB
09-05 10:07:17.221   597   597 W SDM     : DisplayBase::GetColorPrimariesFromAttribute: Native Gamut found, returning default: sRGB
09-05 10:07:17.221   597   597 W SDM     : DisplayBase::GetColorPrimariesFromAttribute: Native Gamut found, returning default: sRGB
09-05 10:07:17.224   597   597 I SDM     : StrategyImpl::SetIdleTimeoutMs: Idle timeout set to zero for command mode panels
09-05 10:07:17.224   597   597 I SDM     : ResourceImpl::RegisterDisplay: Registering display 28-0 with hw_block 0-0
09-05 10:07:17.224   597   597 I SDM     : StrategyImpl::SetColorModesInfo: Display = 28-0 Num color modes(blend spaces) = 1
09-05 10:07:17.224   597   597 I SDM     : DisplayBase::Init: disable_hw_recovery_dump_ set to 1
09-05 10:07:17.224   597   597 I SDM     : HWEventsDRM::Init: Setup event handler for display 28-0, CRTC 88, Connector 28
09-05 10:07:17.224   597   597 I SDM     : HWEventsDRM::Init: disable_hw_recovery_ set to 0
09-05 10:07:17.224   597   597 I SDM     : HWCDisplay::UpdateConfigs: num_configs = 1
09-05 10:07:17.224   597   597 I SDM     : HWCDisplay::Init: Display created with id: 0
09-05 10:07:17.224   597   597 I SDM     : DisplayBase::GetColorModes: ColorMode name = Super-vivid
09-05 10:07:17.224   597   597 I SDM     : DisplayBase::GetColorModes: ColorMode name = hal_native_identity
09-05 10:07:17.224   597   597 I SDM     : DisplayBase::GetColorModes: ColorMode name = professional
09-05 10:07:17.224   597   597 I SDM     : DisplayBase::GetColorModes: ColorMode name = standard
09-05 10:07:17.224   597   597 I SDM     : HWCDisplayBuiltIn::Init: Drop redundant drawcycles 0
09-05 10:07:17.224   597   597 W SDM     : HWCDisplayBuiltIn::Init: File '/sys/class/lcd_bias/secure_mode' could not be opened. errno = 13, desc = Permission denied
09-05 10:07:17.225   597   597 I SDM     : StrategyImpl::SetIdleTimeoutMs: Idle timeout set to zero for command mode panels
09-05 10:07:17.225   597   597 I SDM     : DisplayBase::SetFrameBufferConfig: New framebuffer resolution (1080x2520)
09-05 10:07:17.226   597   597 I SDM     : HWCDisplay::SetFrameBufferResolution: New framebuffer resolution (1080x2520)
09-05 10:07:17.226   597   597 I SDM     : HWCDisplay::GetHdrCapabilities: HDR is not supported
09-05 10:07:17.226   597   597 I SDM     : HWCSession::CreatePrimaryDisplay: Primary display created.
09-05 10:07:17.232   597   597 I SDM     : HWCColorManager::CreateColorManager: Successfully loaded libsdm-disp-vndapis.so
09-05 10:07:17.234   597   597 I HidlServiceManagement: Registered vendor.display.config@2.0::IDisplayConfig/default
09-05 10:07:17.234   597   597 I SDM     : HWCSession::StartServices: IDisplayConfig service registration completed.
09-05 10:07:17.234   597   597 D SDM     : HWCSession::GetFunction: Unknown/Unimplemented function descriptor: 44 (SetLayerFloatColor)
09-05 10:07:17.234   597   597 D SDM     : HWCSession::GetFunction: Unknown/Unimplemented function descriptor: 55 (SetLayerColorTransform)
09-05 10:07:17.234   597   597 D SDM     : HWCSession::GetFunction: Unknown/Unimplemented function descriptor: 56 (GetDisplayedContentSamplingAttributes)
09-05 10:07:17.234   597   597 D SDM     : HWCSession::GetFunction: Unknown/Unimplemented function descriptor: 57 (SetDisplayedContentSamplingEnabled)
09-05 10:07:17.234   597   597 D SDM     : HWCSession::GetFunction: Unknown/Unimplemented function descriptor: 58 (GetDisplayedContentSample)
09-05 10:07:17.234   597   597 D SDM     : HWCSession::GetFunction: Unknown/Unimplemented function descriptor: 68 (GetClientTargetProperty)
09-05 10:07:17.234   597   597 D SDM     : HWCSession::GetFunction: Unknown/Unimplemented function descriptor: 69 (SetLayerGenericMetadata)
09-05 10:07:17.234   597   597 D SDM     : HWCSession::GetFunction: Unknown/Unimplemented function descriptor: 70 (GetLayerGenericMetadataKey)
09-05 10:07:17.235   597   597 I HidlServiceManagement: Registered android.hardware.graphics.composer@2.4::IComposer/default
09-05 10:07:17.235   597   597 I HidlServiceManagement: Removing namespace from process name android.hardware.graphics.composer@2.4-service to composer@2.4-service.
09-05 10:07:17.266   595   613 D libEGL  : loaded /vendor/lib64/egl/libGLESv1_CM_adreno.so
09-05 10:07:17.272   595   613 D libEGL  : loaded /vendor/lib64/egl/libGLESv2_adreno.so
09-05 10:07:17.314   595   613 I AdrenoGLES-0: QUALCOMM build                   : 3daebdf524, Ic72eea4fa7
09-05 10:07:17.314   595   613 I AdrenoGLES-0: Build Date                       : 11/17/21
09-05 10:07:17.314   595   613 I AdrenoGLES-0: OpenGL ES Shader Compiler Version: EV031.32.02.16
09-05 10:07:17.314   595   613 I AdrenoGLES-0: Local Branch                     : mybranchec47a68c-82fb-f15f-a6c1-08f1eafda2d0
09-05 10:07:17.314   595   613 I AdrenoGLES-0: Remote Branch                    : quic/gfx-adreno.lnx.1.0.r116-rel
09-05 10:07:17.314   595   613 I AdrenoGLES-0: Remote Branch                    : NONE
09-05 10:07:17.314   595   613 I AdrenoGLES-0: Reconstruct Branch               : NOTHING
09-05 10:07:17.314   595   613 I AdrenoGLES-0: Build Config                     : S P 10.0.7 AArch64
09-05 10:07:17.315   595   613 I AdrenoGLES-0: Driver Path                      : /vendor/lib64/egl/libGLESv2_adreno.so
09-05 10:07:17.338     0     0 I subsys-pil-tz soc: qcom,kgsl-hyp: a610_zap: loading from 0x00000000f4800000 to 0x00000000f4801000
09-05 10:07:17.393   595   613 I AdrenoGLES-0: PFP: 0x016ee190, ME: 0x00000000
09-05 10:07:17.391     0     0 I subsys-pil-tz soc: qcom,kgsl-hyp: a610_zap: Brought out of reset
09-05 10:07:17.405   595   613 I RenderEngine: Realtime priority unsupported, degrading gracefully to high priority
09-05 10:07:17.422   595   613 I RenderEngine: OpenGL ES informations:
09-05 10:07:17.422   595   613 I RenderEngine: vendor    : Qualcomm
09-05 10:07:17.422   595   613 I RenderEngine: renderer  : Adreno (TM) 610
09-05 10:07:17.422   595   613 I RenderEngine: version   : OpenGL ES 3.2 V@0502.0 (GIT@3daebdf524, Ic72eea4fa7, 1637160588) (Date:11/17/21)
09-05 10:07:17.422   595   613 I RenderEngine: extensions: GL_OES_EGL_image GL_OES_EGL_image_external GL_OES_EGL_sync GL_OES_vertex_half_float GL_OES_framebuffer_object GL_OES_rgb8_rgba8 GL_OES_compressed_ETC1_RGB8_texture GL_AMD_compressed_ATC_texture GL_KHR_texture_compression_astc_ldr GL_OES_texture_npot GL_EXT_texture_filter_anisotropic GL_EXT_texture_format_BGRA8888 GL_EXT_read_format_bgra GL_OES_texture_3D GL_EXT_color_buffer_float GL_EXT_color_buffer_half_float GL_QCOM_alpha_test GL_OES_depth24 GL_OES_packed_depth_stencil GL_OES_depth_texture GL_OES_depth_texture_cube_map GL_EXT_sRGB GL_OES_texture_float GL_OES_texture_float_linear GL_OES_texture_half_float GL_OES_texture_half_float_linear GL_EXT_texture_type_2_10_10_10_REV GL_EXT_texture_sRGB_decode GL_EXT_texture_format_sRGB_override GL_OES_element_index_uint GL_EXT_copy_image GL_EXT_geometry_shader GL_EXT_tessellation_shader GL_OES_texture_stencil8 GL_EXT_shader_io_blocks GL_OES_shader_image_atomic GL_OES_sample_variables GL_EXT_texture_border_clamp GL_EXT_EGL_image_external_wrap_modes GL_EXT_m
09-05 10:07:17.422   595   613 I RenderEngine: GL_MAX_TEXTURE_SIZE = 16384
09-05 10:07:17.422   595   613 I RenderEngine: GL_MAX_VIEWPORT_DIMS = 16384
09-05 10:07:17.429   597   617 D SDM     : HWCSession::RegisterCallback: Registering callback: Hotplug
09-05 10:07:17.429   597   617 I SDM     : HWCSession::RegisterCallback: Hotplugging primary...
09-05 10:07:17.429   595   595 I SurfaceFlinger: onComposerHalHotplug(0, connected)
09-05 10:07:17.429   595   595 I HWComposer: Switching to generalized multi-display mode
09-05 10:07:17.429   595   595 W DisplayIdentification: Invalid EDID: ASCII text is not printable.
09-05 10:07:17.430   595   595 W DisplayIdentification: Invalid EDID: falling back to serial number due to missing display name.
09-05 10:07:17.430   595   595 W DisplayIdentification: Invalid EDID: falling back to ASCII text due to missing serial number.
09-05 10:07:17.430   595   595 E DisplayIdentification: Invalid EDID: display name and fallback descriptors are missing.
09-05 10:07:17.430   595   595 E HWComposer: Failed to parse identification data for display 0
09-05 10:07:17.430   597   617 I SDM     : HWCDisplay::GetHdrCapabilities: HDR is not supported
09-05 10:07:17.430   597   617 I SDM     : HWCDisplay::GetHdrCapabilities: HDR is not supported
09-05 10:07:17.433   595   595 I Gralloc4: Adding additional valid usage bits: 0x8202000
09-05 10:07:17.433   598   598 E ion     : ioctl c0044901 failed with code -1: Inappropriate ioctl for device
09-05 10:07:17.441   595   624 W EventThread: Ignoring VSYNC request while display is disconnected
09-05 10:07:17.441   595   624 W EventThread: Ignoring VSYNC request while display is disconnected
09-05 10:07:17.442   595   625 W EventThread: Ignoring VSYNC request while display is disconnected
09-05 10:07:17.442   595   625 W EventThread: Ignoring VSYNC request while display is disconnected
09-05 10:07:17.442   595   624 W EventThread: Ignoring VSYNC request while display is disconnected
09-05 10:07:17.442   595   595 I SurfaceFlinger: Dispatching display hotplug event displayId=129, connected=1
09-05 10:07:17.442   595   624 W EventThread: Ignoring VSYNC request while display is disconnected
09-05 10:07:17.442   597   617 I SDM     : HWCSession::RegisterCallback: Handling built-in displays...
09-05 10:07:17.444   597   617 I SDM     : HWCSession::RegisterCallback: Handling pluggable displays...
09-05 10:07:17.444   597   617 I SDM     : HWCSession::HandlePluggableDisplays: Handling hotplug...
09-05 10:07:17.445   597   617 I SDM     : HWCSession::HandlePluggableDisplays: Handling hotplug... Done.
09-05 10:07:17.445   597   617 D SDM     : HWCSession::RegisterCallback: Registering callback: Refresh
09-05 10:07:17.445   597   617 D SDM     : HWCSession::RegisterCallback: Registering callback: Vsync2.4
09-05 10:07:17.445   597   617 D SDM     : HWCSession::RegisterCallback: Registering callback: VsyncPeriodTimingChanged
09-05 10:07:17.445   597   617 D SDM     : HWCSession::RegisterCallback: Registering callback: SeamlessPossible
09-05 10:07:17.445   595   595 I SurfaceFlinger: Enabling HAL virtual displays
09-05 10:07:17.445   595   628 W SurfaceFlinger: Failed to set thread name on dispatch thread
09-05 10:07:17.447   595   595 I HidlServiceManagement: Registered android.frameworks.displayservice@1.0::IDisplayService/default
09-05 10:07:17.447   595   595 D SurfaceFlinger: Setting power mode 2 on display 129
09-05 10:07:17.448   597   597 I SDM     : DisplayBase::SetDisplayState: Set state = 1, display 28-0, teardown = 0
09-05 10:07:17.448   597   597 I SDM     : StrategyImpl::SetIdleTimeoutMs: Idle timeout set to zero for command mode panels
09-05 10:07:17.448   595   595 D SurfaceFlinger: Finished setting power mode 2 on display 129
09-05 10:07:17.448   597   597 W SDM     : DisplayBase::SetVSyncState: Can't enable vsync when display 28-0 is powered off!! Defer it when display is active
09-05 10:07:17.483   596   596 D BootAnimation: BootAnimationStartTiming start time: 3972ms
09-05 10:07:17.483   596   596 D BootAnimation: BootAnimationPreloadTiming start time: 3972ms
09-05 10:07:17.534   596   596 D BootAnimation: BootAnimationPreloadStopTiming start time: 4023ms
09-05 10:07:17.536   597   597 I SDM     : HWCDisplay::GetColorModeCount: Supported color mode count = 1
09-05 10:07:17.536   597   597 I SDM     : HWCDisplay::GetColorModes: Color mode = 0 is supported
09-05 10:07:18.033   532   532 I BpBinder: onLastStrongRef automatically unlinking death recipients: <uncached descriptor>
09-05 10:07:18.033     0     0 W ServiceManager: Waited one second for android.system.keystore2.IKeystoreService/default (is service started? are binder threads started and available?)
09-05 10:07:18.034     0     0 I wait_for_keymaster: Keymaster device ready
09-05 10:07:18.037     0     0 I binder  : undelivered transaction 141, process died.
09-05 10:07:18.050     0     0 D vdc     : Waited 0ms for vold
09-05 10:07:18.068   547   547 D vold    : fscrypt_mount_metadata_encrypted: /data encrypt: 0 format: 0 with null
09-05 10:07:18.068   547   547 D vold    : metadata_key_dir/key: /metadata/vold/metadata_encryption/key
09-05 10:07:18.068     0     0 D vdc     : Waited 0ms for vold
09-05 10:07:18.069   547   547 D vold    : Key exists, using: /metadata/vold/metadata_encryption/key
09-05 10:07:18.072   587   604 I SELinux : SELinux: Loaded keystore2_key_contexts from:
09-05 10:07:18.072   587   604 I SELinux :     /system/etc/selinux/plat_keystore2_key_contexts
09-05 10:07:18.141   547   547 D vold    : Mounting metadata-encrypted filesystem:/data
09-05 10:07:18.172   547   547 I vold    : [libfs_mgr]Running /system/bin/fsck.f2fs -a -c 10000 --debug-cache /dev/block/dm-30
09-05 10:07:18.182     0     0 I fsck.f2fs: Info: Fix the reported corruption.
09-05 10:07:18.183     0     0 I fsck.f2fs: Info: No support kernel version!
09-05 10:07:18.183     0     0 I fsck.f2fs: Info: Segments per section = 1
09-05 10:07:18.183     0     0 I fsck.f2fs: Info: Sections per zone = 1
09-05 10:07:18.183     0     0 I fsck.f2fs: Info: sector size = 4096
09-05 10:07:18.183     0     0 I fsck.f2fs: Info: total sectors = 26746368 (104478 MB)
09-05 10:07:18.183     0     0 I fsck.f2fs: Info: MKFS version
09-05 10:07:18.183     0     0 I fsck.f2fs: "4.14.190-lljs+ #48 SMP PREEMPT Wed Aug 25 13:50:23 CEST 2021"
09-05 10:07:18.183     0     0 I fsck.f2fs: Info: FSCK version
09-05 10:07:18.183     0     0 I fsck.f2fs: from "4.14.190-lineageos-g89f6642d02f0"
09-05 10:07:18.278     0     0 I F2FS-fs (dm-30): Mounted with checkpoint version = 512d2900
09-05 10:07:18.278   547   547 I vold    : [libfs_mgr]__mount(source=/dev/block/dm-30,target=/data,type=f2fs)=0: Success
09-05 10:07:18.279   547   547 D vold    : Mounted /data
09-05 10:07:18.279   547   568 D vold    : Disk at 253:30 changed
09-05 10:07:18.303   547   547 I Checkpoint: cp_prepareCheckpoint called
09-05 10:07:18.303     0     0 D vdc     : Waited 0ms for vold
09-05 10:07:18.310   642   642 I powerhal-libperfmgr: Pixel Power HAL AIDL Service with Extension is starting with config: /vendor/etc/powerhint.json
09-05 10:07:18.312   642   642 I libperfmgr: Failed to read Node[0]'s HoldFd, set to 'false'
09-05 10:07:18.312   642   642 I libperfmgr: Failed to read Node[1]'s DefaultIndex, set to last index: 2
09-05 10:07:18.312   642   642 I libperfmgr: Failed to read Node[1]'s HoldFd, set to 'false'
09-05 10:07:18.312   642   642 I libperfmgr: Failed to read Node[2]'s HoldFd, set to 'false'
09-05 10:07:18.312   642   642 I libperfmgr: Failed to read Node[3]'s DefaultIndex, set to last index: 2
09-05 10:07:18.312   642   642 I libperfmgr: Failed to read Node[3]'s HoldFd, set to 'false'
09-05 10:07:18.312   642   642 I libperfmgr: Failed to read Node[4]'s HoldFd, set to 'false'
09-05 10:07:18.312   642   642 I libperfmgr: Failed to read Node[5]'s DefaultIndex, set to last index: 1
09-05 10:07:18.312   642   642 I libperfmgr: Failed to read Node[5]'s HoldFd, set to 'false'
09-05 10:07:18.312   642   642 I libperfmgr: Failed to read Node[6]'s DefaultIndex, set to last index: 1
09-05 10:07:18.312   642   642 I libperfmgr: Failed to read Node[6]'s HoldFd, set to 'false'
09-05 10:07:18.312   642   642 I libperfmgr: Failed to read Node[7]'s DefaultIndex, set to last index: 1
09-05 10:07:18.312   642   642 I libperfmgr: Failed to read Node[7]'s HoldFd, set to 'false'
09-05 10:07:18.312   642   642 I libperfmgr: Failed to read Node[8]'s DefaultIndex, set to last index: 1
09-05 10:07:18.312   642   642 I libperfmgr: Failed to read Node[8]'s HoldFd, set to 'false'
09-05 10:07:18.312   642   642 I libperfmgr: Failed to read Node[9]'s DefaultIndex, set to last index: 1
09-05 10:07:18.312   642   642 I libperfmgr: Failed to read Node[9]'s HoldFd, set to 'false'
09-05 10:07:18.312   642   642 I libperfmgr: Failed to read Node[10]'s DefaultIndex, set to last index: 1
09-05 10:07:18.312   642   642 I libperfmgr: Failed to read Node[10]'s HoldFd, set to 'false'
09-05 10:07:18.312   642   642 I libperfmgr: Failed to read Node[11]'s DefaultIndex, set to last index: 1
09-05 10:07:18.312   642   642 I libperfmgr: Failed to read Node[11]'s HoldFd, set to 'false'
09-05 10:07:18.313   642   642 I libperfmgr: Failed to read Node[12]'s DefaultIndex, set to last index: 1
09-05 10:07:18.313   642   642 I libperfmgr: Failed to read Node[12]'s HoldFd, set to 'false'
09-05 10:07:18.313   642   642 I libperfmgr: Failed to read Node[13]'s DefaultIndex, set to last index: 1
09-05 10:07:18.313   642   642 I libperfmgr: Failed to read Node[13]'s HoldFd, set to 'false'
09-05 10:07:18.313   642   642 I libperfmgr: Failed to read Node[14]'s DefaultIndex, set to last index: 1
09-05 10:07:18.313   642   642 I libperfmgr: Failed to read Node[14]'s HoldFd, set to 'false'
09-05 10:07:18.313   642   642 I libperfmgr: Failed to read Node[15]'s DefaultIndex, set to last index: 1
09-05 10:07:18.313   642   642 I libperfmgr: Failed to read Node[15]'s ResetOnInit, set to 'false'
09-05 10:07:18.313   642   642 I libperfmgr: Failed to read Node[16]'s DefaultIndex, set to last index: 1
09-05 10:07:18.313   642   642 I libperfmgr: Failed to read Node[16]'s HoldFd, set to 'false'
09-05 10:07:18.313   642   642 I libperfmgr: Failed to read Node[17]'s DefaultIndex, set to last index: 1
09-05 10:07:18.313   642   642 I libperfmgr: Failed to read Node[17]'s ResetOnInit, set to 'false'
09-05 10:07:18.313   642   642 I libperfmgr: Failed to read Node[18]'s DefaultIndex, set to last index: 1
09-05 10:07:18.313   642   642 I libperfmgr: Failed to read Node[18]'s ResetOnInit, set to 'false'
09-05 10:07:18.313   642   642 I libperfmgr: 19 Nodes parsed successfully
09-05 10:07:18.313   642   642 I libperfmgr: 22 actions parsed successfully
09-05 10:07:18.313   642   642 I libperfmgr: PowerHint LAUNCH has 11 node actions, and 0 hint actions parsed
09-05 10:07:18.313   642   642 I libperfmgr: PowerHint ML_ACC has 1 node actions, and 0 hint actions parsed
09-05 10:07:18.314   642   642 I libperfmgr: PowerHint INTERACTION has 4 node actions, and 0 hint actions parsed
09-05 10:07:18.314   642   642 I libperfmgr: PowerHint EXPENSIVE_RENDERING has 2 node actions, and 0 hint actions parsed
09-05 10:07:18.314   642   642 I libperfmgr: PowerHint SUSTAINED_PERFORMANCE has 4 node actions, and 0 hint actions parsed
09-05 10:07:18.314   642   642 I libperfmgr: Initialized HintManager from JSON config: /vendor/etc/powerhint.json
09-05 10:07:18.314   642   642 E powerhal-libperfmgr: Unable to open fb idle state path (2)
09-05 10:07:18.314   642   642 I powerhal-libperfmgr: Initialize PowerHAL
09-05 10:07:18.314   642   642 I powerhal-libperfmgr: PowerHAL ready to take hints, Adpf update rate: -1
09-05 10:07:18.315   532   532 I servicemanager: Found android.hardware.power.IPower/default in device VINTF manifest.
09-05 10:07:18.315   642   642 I powerhal-libperfmgr: Pixel Power HAL AIDL Service with Extension is started.
09-05 10:07:18.318   547   547 I vold    : fscrypt_initialize_systemwide_keys
09-05 10:07:18.318   547   547 D vold    : IsEmmcStorage(): blk_device = /dev/block/bootdevice/by-name/userdata, real_path=/dev/block/mmcblk0p86
09-05 10:07:18.319   547   547 D vold    : Key exists, using: /data/unencrypted/key
09-05 10:07:18.318     0     0 D vdc     : Waited 0ms for vold
09-05 10:07:18.355   547   547 D vold    : Installed fscrypt key with ref 7cffef125e84102e3e0c9b5d655caf04 to /data
09-05 10:07:18.355   547   547 D vold    : Added fscrypt-provisioning key for 7cffef125e84102e3e0c9b5d655caf04 to session keyring
09-05 10:07:18.358   547   547 I vold    : Wrote system DE key reference to:/data/unencrypted/ref
09-05 10:07:18.358   547   547 D vold    : Generating wrapped storage key
09-05 10:07:18.362   543   548 I rpmb_emmc: rpmb_emmc_write: blk_cnt: 2, num_rpmb_tx: 1, frames_per_tx: 2, rel_wr_cnt: 32
09-05 10:07:18.368   543   557 D DrmLibTime: got the req here! ret=0
09-05 10:07:18.368   543   557 D DrmLibTime: command id, time_cmd_id = 770
09-05 10:07:18.368   543   557 D DrmLibTime: time_getutcsec starts!
09-05 10:07:18.368   543   557 D DrmLibTime: QSEE Time Listener: time_getutcsec
09-05 10:07:18.368   543   557 D DrmLibTime: QSEE Time Listener: get_utc_seconds
09-05 10:07:18.368   543   557 D DrmLibTime: QSEE Time Listener: time_get_modem_time
09-05 10:07:18.368   543   557 D DrmLibTime: QSEE Time Listener: Checking if ATS_MODEM is set or not.
09-05 10:07:18.368   543   557 D QC-time-services: Lib:time_genoff_operation: pargs->base = 13
09-05 10:07:18.368   543   557 D QC-time-services: Lib:time_genoff_operation: pargs->operation = 2
09-05 10:07:18.368   543   557 D QC-time-services: Lib:time_genoff_operation: pargs->ts_val = 0
09-05 10:07:18.368   543   557 E QC-time-services: Lib:time_genoff_operation: Connection failed !!
09-05 10:07:18.368   543   557 D DrmLibTime: QSEE Time Listener: ATS_MODEM is not set. Fallback to Android system time.
09-05 10:07:18.368   543   557 D DrmLibTime: QSEE Time Listener: Retrieved Android system time: 21373638
09-05 10:07:18.368   543   557 D DrmLibTime: time_getutcsec returns 0, sec = 21373638; nsec = 0
09-05 10:07:18.368   543   557 D DrmLibTime: time_getutcsec finished! 
09-05 10:07:18.368   543   557 D DrmLibTime: iotcl_continue_command finished! and return 0 
09-05 10:07:18.368   543   557 D DrmLibTime: before calling ioctl to read the next time_cmd
09-05 10:07:18.382   595   613 D RenderEngine: Shader cache generated 49 shaders in 936.428955 ms
09-05 10:07:18.398   547   547 D vold    : Installed fscrypt key with ref f80b054aca261d7815ca40a27d3c0a57 to /data
09-05 10:07:18.398   547   547 D vold    : Added fscrypt-provisioning key for f80b054aca261d7815ca40a27d3c0a57 to session keyring
09-05 10:07:18.400   547   547 I vold    : Wrote per boot key reference to:/data/unencrypted/per_boot_ref
09-05 10:07:18.402     0     0 I fscrypt : AES-256-CTS-CBC using implementation "cts(cbc-aes-ce)"
09-05 10:07:18.406   596   633 D libEGL  : loaded /vendor/lib64/egl/libEGL_adreno.so
09-05 10:07:18.435   596   633 D libEGL  : loaded /vendor/lib64/egl/libGLESv1_CM_adreno.so
09-05 10:07:18.445   653   653 I tombstoned: tombstoned successfully initialized
09-05 10:07:18.446   596   633 D libEGL  : loaded /vendor/lib64/egl/libGLESv2_adreno.so
09-05 10:07:18.450     0     0 D vdc     : Waited 0ms for vold
09-05 10:07:18.450   547   547 I incfs   : Initial API level of the device: 29
09-05 10:07:18.450   547   547 I incfs   : ro.incremental.enable: 1
09-05 10:07:18.451   547   547 I incfs   : isFsAvailable: true
09-05 10:07:18.451   547   547 I incfs   : isFsAvailable: true
09-05 10:07:18.451   547   547 I incfs   : IncFs_Features: v1
09-05 10:07:18.452   587   604 I keystore2: keystore2::maintenance: In early_boot_ended.
09-05 10:07:18.457   587   604 I keystore2: keystore2::globals: Touching Keystore 2.0 database for this first time since boot.
09-05 10:07:18.457   587   604 I keystore2: keystore2::globals: Calling cleanup leftovers.
09-05 10:07:18.479   587   604 I keystore2: keystore2::super_key: Starting boot level watcher.
09-05 10:07:18.479   587   604 I keystore2: keystore2::maintenance: Call to earlyBootEnded succeeded for security level TRUSTED_ENVIRONMENT.
