09-05 10:07:18.479   587   656 I keystore2: keystore2::super_key: Read keystore.boot_level value 30
09-05 10:07:18.479   587   604 E keystore2: keystore2::maintenance: Call to earlyBootEnded failed for security level STRONGBOX: In call_with_watchdog: getting keymint device.
09-05 10:07:18.479   587   604 E keystore2: keystore2::error: In call_with_watchdog: getting keymint device
09-05 10:07:18.479   587   604 E keystore2: 
09-05 10:07:18.479   587   604 E keystore2: Caused by:
09-05 10:07:18.479   587   604 E keystore2:     0: In get_keymint_device.
09-05 10:07:18.479   587   604 E keystore2:     1: In connect_keymint: Trying to get Legacy wrapper.
09-05 10:07:18.479   587   604 E keystore2:     2: Error::Km(ErrorCode(-68))
09-05 10:07:18.479   587   656 I keystore2: keystore2::super_key: Read keystore.boot_level value 30
09-05 10:07:18.479   547   547 E vold    : keystore2 Keystore earlyBootEnded returned service specific error: -68
09-05 10:07:18.487   596   633 I AdrenoGLES-0: QUALCOMM build                   : 3daebdf524, Ic72eea4fa7
09-05 10:07:18.487   596   633 I AdrenoGLES-0: Build Date                       : 11/17/21
09-05 10:07:18.487   596   633 I AdrenoGLES-0: OpenGL ES Shader Compiler Version: EV031.32.02.16
09-05 10:07:18.487   596   633 I AdrenoGLES-0: Local Branch                     : mybranchec47a68c-82fb-f15f-a6c1-08f1eafda2d0
09-05 10:07:18.487   596   633 I AdrenoGLES-0: Remote Branch                    : quic/gfx-adreno.lnx.1.0.r116-rel
09-05 10:07:18.487   596   633 I AdrenoGLES-0: Remote Branch                    : NONE
09-05 10:07:18.487   596   633 I AdrenoGLES-0: Reconstruct Branch               : NOTHING
09-05 10:07:18.487   596   633 I AdrenoGLES-0: Build Config                     : S P 10.0.7 AArch64
09-05 10:07:18.487   596   633 I AdrenoGLES-0: Driver Path                      : /vendor/lib64/egl/libGLESv2_adreno.so
09-05 10:07:18.495   596   633 I AdrenoGLES-0: PFP: 0x016ee190, ME: 0x00000000
09-05 10:07:18.500     0     0 I apexd   : Scanning /system/apex for pre-installed ApexFiles
09-05 10:07:18.500     0     0 I apexd   : Found pre-installed APEX /system/apex/com.android.appsearch.apex
09-05 10:07:18.501     0     0 I apexd   : Found pre-installed APEX /system/apex/com.android.sdkext.apex
09-05 10:07:18.501     0     0 I apexd   : Found pre-installed APEX /system/apex/com.android.extservices.capex
09-05 10:07:18.501     0     0 I apexd   : Found pre-installed APEX /system/apex/com.android.neuralnetworks.capex
09-05 10:07:18.501     0     0 I apexd   : Found pre-installed APEX /system/apex/com.android.os.statsd.apex
09-05 10:07:18.501     0     0 I apexd   : Found pre-installed APEX /system/apex/com.android.i18n.apex
09-05 10:07:18.501     0     0 I apexd   : Found pre-installed APEX /system/apex/com.android.media.capex
09-05 10:07:18.502     0     0 I apexd   : Found pre-installed APEX /system/apex/com.android.cellbroadcast.capex
09-05 10:07:18.502     0     0 I apexd   : Found pre-installed APEX /system/apex/com.android.scheduling.apex
09-05 10:07:18.543   596   633 D BootAnimation: BootAnimationShownTiming start time: 5032ms
09-05 10:07:18.549   596   633 I Gralloc4: Adding additional valid usage bits: 0x8202000
09-05 10:07:18.573   595   595 I SurfaceFlinger: Enter boot animation
09-05 10:07:18.585   547   568 D vold    : Disk at 7:32 changed
09-05 10:07:18.594     0     0 I sec_ts 1-0048: [sec_input] After: Unblank
09-05 10:07:18.594     0     0 I sec_ts 1-0048: [sec_input] not already sleep out
09-05 10:07:18.604   547   568 D vold    : Disk at 7:32 changed
09-05 10:07:18.605   597   597 I Dpps    : Init():63 panel name is 6
09-05 10:07:18.606   597   597 I SDM     : DisplayBuiltIn::Init: DPPS Interface init successfully
09-05 10:07:18.606   597   662 I Dpps    : GetInstance: DppsServer ref count increased to 1
09-05 10:07:18.606   597   662 I Dpps    : GetAdClientInterface():191 AD not supported, AD_PROP = ro.vendor.display.ad
09-05 10:07:18.606   597   662 I Dpps    : GetAbaClientInterface():518 Aba not supported
09-05 10:07:18.606   597   662 E Dpps    : InitServer():240 Failed to obtain server socket pps
09-05 10:07:18.606   597   662 E Dpps    : Init():164 Failed to setup server socket, ret = -22
09-05 10:07:18.606   597   662 E Dpps    : ProcessDppsThread():122 Failed to initialize DPPS, ret = -22
09-05 10:07:18.606   597   662 I Dpps    : DeleteInstance: DppsServer ref count decreased to 0
09-05 10:07:18.606   597   662 I Dpps    : DeleteInstance: Deleting DppsServer instance
09-05 10:07:18.623     0     0 I EXT4-fs (loop4): mounted filesystem without journal. Opts: (null)
09-05 10:07:18.625   547   568 D vold    : Disk at 7:40 changed
09-05 10:07:18.641   547   568 D vold    : Disk at 7:40 changed
09-05 10:07:18.666     0     0 I EXT4-fs (loop5): mounted filesystem without journal. Opts: (null)
09-05 10:07:18.669   547   568 D vold    : Disk at 7:48 changed
09-05 10:07:18.684   547   568 D vold    : Disk at 7:48 changed
09-05 10:07:18.706     0     0 I EXT4-fs (loop6): mounted filesystem without journal. Opts: (null)
09-05 10:07:18.708   547   568 D vold    : Disk at 7:56 changed
09-05 10:07:18.724   547   568 D vold    : Disk at 7:56 changed
09-05 10:07:18.746     0     0 I EXT4-fs (loop7): mounted filesystem without journal. Opts: (null)
09-05 10:07:18.747   547   568 D vold    : Disk at 7:64 changed
09-05 10:07:18.764   547   568 D vold    : Disk at 7:64 changed
09-05 10:07:18.780     0     0 I EXT4-fs (loop8): mounted filesystem without journal. Opts: (null)
09-05 10:07:18.781   547   568 D vold    : Disk at 7:72 changed
09-05 10:07:18.798   547   568 D vold    : Disk at 7:72 changed
09-05 10:07:18.813     0     0 I EXT4-fs (loop9): mounted filesystem without journal. Opts: (null)
09-05 10:07:18.815   547   568 D vold    : Disk at 7:80 changed
09-05 10:07:18.831   547   568 D vold    : Disk at 7:80 changed
09-05 10:07:18.847     0     0 I EXT4-fs (loop10): mounted filesystem without journal. Opts: (null)
09-05 10:07:18.849   547   568 D vold    : Disk at 7:88 changed
09-05 10:07:18.864   547   568 D vold    : Disk at 7:88 changed
09-05 10:07:18.886     0     0 I EXT4-fs (loop11): mounted filesystem without journal. Opts: (null)
09-05 10:07:18.888   547   568 D vold    : Disk at 7:96 changed
09-05 10:07:18.904   547   568 D vold    : Disk at 7:96 changed
09-05 10:07:18.926     0     0 I EXT4-fs (loop12): mounted filesystem without journal. Opts: (null)
09-05 10:07:18.928   547   568 D vold    : Disk at 7:104 changed
09-05 10:07:18.937   547   568 D vold    : Disk at 7:104 changed
09-05 10:07:18.959     0     0 I EXT4-fs (loop13): mounted filesystem without journal. Opts: (null)
09-05 10:07:18.963   547   568 D vold    : Disk at 7:112 changed
09-05 10:07:18.974   547   568 D vold    : Disk at 7:112 changed
09-05 10:07:18.996   547   568 D vold    : Disk at 253:28 changed
09-05 10:07:18.996   547   568 D vold    : Disk at 253:28 changed
09-05 10:07:18.995     0     0 I device-mapper: verity: sha256 using implementation "sha256-ce"
09-05 10:07:19.005     0     0 I EXT4-fs (dm-28): mounted filesystem without journal. Opts: (null)
09-05 10:07:19.007   547   568 D vold    : Disk at 7:120 changed
09-05 10:07:19.017   547   568 D vold    : Disk at 7:120 changed
09-05 10:07:19.035   547   568 D vold    : Disk at 253:26 changed
09-05 10:07:19.036   547   568 D vold    : Disk at 253:26 changed
09-05 10:07:19.035     0     0 I device-mapper: verity: sha256 using implementation "sha256-ce"
09-05 10:07:19.040   547   568 D vold    : Disk at 7:128 changed
09-05 10:07:19.039     0     0 I EXT4-fs (dm-26): mounted filesystem without journal. Opts: (null)
09-05 10:07:19.054   547   568 D vold    : Disk at 7:128 changed
09-05 10:07:19.076   547   568 D vold    : Disk at 253:25 changed
09-05 10:07:19.076   547   568 D vold    : Disk at 253:25 changed
09-05 10:07:19.075     0     0 I device-mapper: verity: sha256 using implementation "sha256-ce"
09-05 10:07:19.079     0     0 I EXT4-fs (dm-25): mounted filesystem without journal. Opts: (null)
09-05 10:07:19.081   547   568 D vold    : Disk at 7:136 changed
09-05 10:07:19.087   547   568 D vold    : Disk at 7:136 changed
09-05 10:07:19.105   547   568 D vold    : Disk at 253:24 changed
09-05 10:07:19.106   547   568 D vold    : Disk at 253:24 changed
09-05 10:07:19.105     0     0 I device-mapper: verity: sha256 using implementation "sha256-ce"
09-05 10:07:19.113     0     0 I EXT4-fs (dm-24): mounted filesystem without journal. Opts: (null)
09-05 10:07:19.118   547   568 D vold    : Disk at 7:144 changed
09-05 10:07:19.131   547   568 D vold    : Disk at 7:144 changed
09-05 10:07:19.142   547   568 D vold    : Disk at 253:22 changed
09-05 10:07:19.143   547   568 D vold    : Disk at 253:22 changed
09-05 10:07:19.141     0     0 I device-mapper: verity: sha256 using implementation "sha256-ce"
09-05 10:07:19.145     0     0 I EXT4-fs (dm-22): mounted filesystem without journal. Opts: (null)
09-05 10:07:19.147   547   568 D vold    : Disk at 7:152 changed
09-05 10:07:19.164   547   568 D vold    : Disk at 7:152 changed
09-05 10:07:19.186   547   568 D vold    : Disk at 253:21 changed
09-05 10:07:19.186   547   568 D vold    : Disk at 253:21 changed
09-05 10:07:19.185     0     0 I device-mapper: verity: sha256 using implementation "sha256-ce"
09-05 10:07:19.190   547   568 D vold    : Disk at 7:160 changed
09-05 10:07:19.189     0     0 I EXT4-fs (dm-21): mounted filesystem without journal. Opts: (null)
09-05 10:07:19.204   547   568 D vold    : Disk at 7:160 changed
09-05 10:07:19.223   547   568 D vold    : Disk at 253:20 changed
09-05 10:07:19.224   547   568 D vold    : Disk at 253:20 changed
09-05 10:07:19.223     0     0 I device-mapper: verity: sha256 using implementation "sha256-ce"
09-05 10:07:19.227     0     0 I EXT4-fs (dm-20): mounted filesystem without journal. Opts: (null)
09-05 10:07:19.229   547   568 D vold    : Disk at 7:168 changed
09-05 10:07:19.241   547   568 D vold    : Disk at 7:168 changed
09-05 10:07:19.256   547   568 D vold    : Disk at 253:19 changed
09-05 10:07:19.256   547   568 D vold    : Disk at 253:19 changed
09-05 10:07:19.255     0     0 I device-mapper: verity: sha256 using implementation "sha256-ce"
09-05 10:07:19.259     0     0 I EXT4-fs (dm-19): mounted filesystem without journal. Opts: (null)
09-05 10:07:19.260   547   568 D vold    : Disk at 7:176 changed
09-05 10:07:19.268   547   568 D vold    : Disk at 7:176 changed
09-05 10:07:19.286   547   568 D vold    : Disk at 253:16 changed
09-05 10:07:19.286   547   568 D vold    : Disk at 253:16 changed
09-05 10:07:19.285     0     0 I device-mapper: verity: sha256 using implementation "sha256-ce"
09-05 10:07:19.290   547   568 D vold    : Disk at 7:184 changed
09-05 10:07:19.288     0     0 I EXT4-fs (dm-16): mounted filesystem without journal. Opts: (null)
09-05 10:07:19.304   547   568 D vold    : Disk at 7:184 changed
09-05 10:07:19.319   547   568 D vold    : Disk at 253:12 changed
09-05 10:07:19.320   547   568 D vold    : Disk at 253:12 changed
09-05 10:07:19.318     0     0 I device-mapper: verity: sha256 using implementation "sha256-ce"
09-05 10:07:19.323     0     0 I EXT4-fs (dm-12): mounted filesystem without journal. Opts: (null)
09-05 10:07:19.324   547   568 D vold    : Disk at 7:192 changed
09-05 10:07:19.337   547   568 D vold    : Disk at 7:192 changed
09-05 10:07:19.359   547   568 D vold    : Disk at 253:11 changed
09-05 10:07:19.359   547   568 D vold    : Disk at 253:11 changed
09-05 10:07:19.358     0     0 I device-mapper: verity: sha256 using implementation "sha256-ce"
09-05 10:07:19.363   547   568 D vold    : Disk at 7:200 changed
09-05 10:07:19.362     0     0 I EXT4-fs (dm-11): mounted filesystem without journal. Opts: (null)
09-05 10:07:19.381   547   568 D vold    : Disk at 7:200 changed
09-05 10:07:19.403   547   568 D vold    : Disk at 253:8 changed
09-05 10:07:19.403   547   568 D vold    : Disk at 253:8 changed
09-05 10:07:19.401     0     0 I device-mapper: verity: sha256 using implementation "sha256-ce"
09-05 10:07:19.405     0     0 I EXT4-fs (dm-8): mounted filesystem without journal. Opts: (null)
09-05 10:07:19.407   547   568 D vold    : Disk at 7:208 changed
09-05 10:07:19.414   547   568 D vold    : Disk at 7:208 changed
09-05 10:07:19.426   547   568 D vold    : Disk at 253:7 changed
09-05 10:07:19.426   547   568 D vold    : Disk at 253:7 changed
09-05 10:07:19.425     0     0 I device-mapper: verity: sha256 using implementation "sha256-ce"
09-05 10:07:19.428     0     0 I EXT4-fs (dm-7): mounted filesystem without journal. Opts: (null)
09-05 10:07:19.541   752   752 I derive_sdk: Read version 1 from 1
09-05 10:07:19.541   752   752 I derive_sdk: Read version 1 from 7
09-05 10:07:19.541   752   752 I derive_sdk: Read version 1 from 3
09-05 10:07:19.542   752   752 I derive_sdk: Read version 1 from 2
09-05 10:07:19.542   752   752 I derive_sdk: Read version 1 from 8
09-05 10:07:19.542   752   752 I derive_sdk: Read version 1 from 4
09-05 10:07:19.543   752   752 I derive_sdk: Read version 1 from 6
09-05 10:07:19.543   752   752 I derive_sdk: Read version 1 from 10
09-05 10:07:19.543   752   752 I derive_sdk: Read version 1 from 9
09-05 10:07:19.543   752   752 I derive_sdk: Read version 1 from 5
09-05 10:07:19.543   752   752 I derive_sdk: R extension version is 1
09-05 10:07:19.544   752   752 I derive_sdk: S extension version is 1
09-05 10:07:19.559   547   547 D vold    : fscrypt_init_user0
09-05 10:07:19.559   547   547 D vold    : Preparing: /data/misc/vold/user_keys
09-05 10:07:19.559     0     0 D vdc     : Waited 0ms for vold
09-05 10:07:19.560   547   547 D vold    : Preparing: /data/misc/vold/user_keys/ce
09-05 10:07:19.560   547   547 D vold    : Preparing: /data/misc/vold/user_keys/de
09-05 10:07:19.561   547   547 D vold    : IsEmmcStorage(): blk_device = /dev/block/bootdevice/by-name/userdata, real_path=/dev/block/mmcblk0p86
09-05 10:07:19.597   547   547 D vold    : Installed fscrypt key with ref f83ded900ef83b3848a3d32cfbb2c4d3 to /data
09-05 10:07:19.597   547   547 D vold    : Added fscrypt-provisioning key for f83ded900ef83b3848a3d32cfbb2c4d3 to session keyring
09-05 10:07:19.597   547   547 D vold    : Installed de key for user 0
09-05 10:07:19.597   547   547 D vold    : fscrypt_prepare_user_storage for volume null, user 0, serial 0, flags 1
09-05 10:07:19.597   547   547 D vold    : Preparing: /data/system/users/0
09-05 10:07:19.598   547   547 D vold    : Preparing: /data/misc/profiles/cur/0
09-05 10:07:19.598   547   547 D vold    : Preparing: /data/system_de/0
09-05 10:07:19.599   547   547 D vold    : Preparing: /data/misc_de/0
09-05 10:07:19.599   547   547 D vold    : Preparing: /data/vendor_de/0
09-05 10:07:19.599   547   547 D vold    : Preparing: /data/user_de/0
09-05 10:07:19.600   547   547 I vold    : Verified that /data/system_de/0 has the encryption policy f83ded900ef83b3848a3d32cfbb2c4d3 v2 modes 1/4 flags 0x12
09-05 10:07:19.600   547   547 I vold    : Verified that /data/misc_de/0 has the encryption policy f83ded900ef83b3848a3d32cfbb2c4d3 v2 modes 1/4 flags 0x12
09-05 10:07:19.600   547   547 I vold    : Verified that /data/vendor_de/0 has the encryption policy f83ded900ef83b3848a3d32cfbb2c4d3 v2 modes 1/4 flags 0x12
09-05 10:07:19.600   547   547 I vold    : Verified that /data/user_de/0 has the encryption policy f83ded900ef83b3848a3d32cfbb2c4d3 v2 modes 1/4 flags 0x12
09-05 10:07:19.600   547   547 D vold    : /system/bin/vold_prepare_subdirs
09-05 10:07:19.600   547   547 D vold    :     prepare
09-05 10:07:19.600   547   547 D vold    :     
09-05 10:07:19.600   547   547 D vold    :     0
09-05 10:07:19.600   547   547 D vold    :     1
09-05 10:07:19.619   754   754 D vold_prepare_subdirs: Setting up mode 771 uid 1000 gid 1000 context u:object_r:system_data_file:s0:c512,c768 on path: /data/user_de/0
09-05 10:07:19.620   754   754 D vold_prepare_subdirs: Setting up mode 700 uid 0 gid 0 context u:object_r:vold_data_file:s0 on path: /data/misc_de/0/vold
09-05 10:07:19.621   754   754 D vold_prepare_subdirs: Setting up mode 700 uid 0 gid 0 context u:object_r:storaged_data_file:s0 on path: /data/misc_de/0/storaged
09-05 10:07:19.622   754   754 D vold_prepare_subdirs: Setting up mode 700 uid 0 gid 0 context u:object_r:rollback_data_file:s0 on path: /data/misc_de/0/rollback
09-05 10:07:19.623   754   754 D vold_prepare_subdirs: Setting up mode 700 uid 0 gid 0 context u:object_r:apex_rollback_data_file:s0 on path: /data/misc_de/0/apexrollback
09-05 10:07:19.623   754   754 D vold_prepare_subdirs: Setting up mode 711 uid 0 gid 0 context u:object_r:apex_module_data_file:s0 on path: /data/misc_de/0/apexdata
09-05 10:07:19.624   754   754 D vold_prepare_subdirs: Setting up mode 771 uid 0 gid 1000 context u:object_r:apex_module_data_file:s0 on path: /data/misc_de/0/apexdata/com.android.ipsec
09-05 10:07:19.624   754   754 D vold_prepare_subdirs: Setting up mode 771 uid 0 gid 1000 context u:object_r:apex_module_data_file:s0 on path: /data/misc_de/0/apexdata/com.android.resolv
09-05 10:07:19.625   754   754 D vold_prepare_subdirs: Setting up mode 771 uid 0 gid 1000 context u:object_r:apex_wifi_data_file:s0 on path: /data/misc_de/0/apexdata/com.android.wifi
09-05 10:07:19.625   754   754 D vold_prepare_subdirs: Setting up mode 771 uid 0 gid 1000 context u:object_r:apex_module_data_file:s0 on path: /data/misc_de/0/apexdata/com.android.media.swcodec
09-05 10:07:19.626   754   754 D vold_prepare_subdirs: Setting up mode 771 uid 0 gid 1000 context u:object_r:apex_module_data_file:s0 on path: /data/misc_de/0/apexdata/com.android.neuralnetworks
09-05 10:07:19.627   754   754 D vold_prepare_subdirs: Setting up mode 771 uid 0 gid 1000 context u:object_r:apex_module_data_file:s0 on path: /data/misc_de/0/apexdata/com.android.adbd
09-05 10:07:19.627   754   754 D vold_prepare_subdirs: Setting up mode 771 uid 0 gid 1000 context u:object_r:apex_module_data_file:s0 on path: /data/misc_de/0/apexdata/com.android.tethering
09-05 10:07:19.628   754   754 D vold_prepare_subdirs: Setting up mode 771 uid 0 gid 1000 context u:object_r:apex_module_data_file:s0 on path: /data/misc_de/0/apexdata/com.android.mediaprovider
09-05 10:07:19.628   754   754 D vold_prepare_subdirs: Setting up mode 771 uid 0 gid 1000 context u:object_r:apex_module_data_file:s0 on path: /data/misc_de/0/apexdata/com.android.media
09-05 10:07:19.629   754   754 D vold_prepare_subdirs: Setting up mode 771 uid 0 gid 1000 context u:object_r:apex_module_data_file:s0 on path: /data/misc_de/0/apexdata/com.android.art
09-05 10:07:19.629   754   754 D vold_prepare_subdirs: Setting up mode 771 uid 0 gid 1000 context u:object_r:apex_permission_data_file:s0 on path: /data/misc_de/0/apexdata/com.android.permission
09-05 10:07:19.630   754   754 D vold_prepare_subdirs: Setting up mode 771 uid 0 gid 1000 context u:object_r:apex_module_data_file:s0 on path: /data/misc_de/0/apexdata/com.android.extservices
09-05 10:07:19.631   754   754 D vold_prepare_subdirs: Setting up mode 771 uid 0 gid 1000 context u:object_r:apex_module_data_file:s0 on path: /data/misc_de/0/apexdata/com.android.cellbroadcast
09-05 10:07:19.631   754   754 D vold_prepare_subdirs: Setting up mode 771 uid 0 gid 1000 context u:object_r:apex_module_data_file:s0 on path: /data/misc_de/0/apexdata/com.android.apex.cts.shim
09-05 10:07:19.632   754   754 D vold_prepare_subdirs: Setting up mode 771 uid 0 gid 1000 context u:object_r:apex_module_data_file:s0 on path: /data/misc_de/0/apexdata/com.android.os.statsd
09-05 10:07:19.632   754   754 D vold_prepare_subdirs: Setting up mode 771 uid 0 gid 1000 context u:object_r:apex_module_data_file:s0 on path: /data/misc_de/0/apexdata/com.android.conscrypt
09-05 10:07:19.633   754   754 D vold_prepare_subdirs: Setting up mode 771 uid 0 gid 1000 context u:object_r:apex_module_data_file:s0 on path: /data/misc_de/0/apexdata/com.android.scheduling
09-05 10:07:19.634   754   754 D vold_prepare_subdirs: Setting up mode 771 uid 0 gid 1000 context u:object_r:apex_module_data_file:s0 on path: /data/misc_de/0/apexdata/com.android.sdkext
09-05 10:07:19.635   754   754 D vold_prepare_subdirs: Setting up mode 771 uid 0 gid 1000 context u:object_r:apex_module_data_file:s0 on path: /data/misc_de/0/apexdata/com.android.appsearch
09-05 10:07:19.636   754   754 D vold_prepare_subdirs: Setting up mode 771 uid 0 gid 1000 context u:object_r:apex_module_data_file:s0 on path: /data/misc_de/0/apexdata/com.android.vndk.v32
09-05 10:07:19.637   754   754 D vold_prepare_subdirs: Setting up mode 771 uid 0 gid 1000 context u:object_r:apex_module_data_file:s0 on path: /data/misc_de/0/apexdata/com.android.tzdata
09-05 10:07:19.638   754   754 D vold_prepare_subdirs: Setting up mode 771 uid 0 gid 1000 context u:object_r:apex_module_data_file:s0 on path: /data/misc_de/0/apexdata/com.android.i18n
09-05 10:07:19.639   754   754 D vold_prepare_subdirs: Setting up mode 771 uid 0 gid 1000 context u:object_r:apex_module_data_file:s0 on path: /data/misc_de/0/apexdata/com.android.runtime
09-05 10:07:19.640   754   754 D vold_prepare_subdirs: Setting up mode 771 uid 0 gid 1000 context u:object_r:apex_module_data_file:s0 on path: /data/misc_de/0/apexdata/sharedlibs
09-05 10:07:19.640   754   754 D vold_prepare_subdirs: Setting up mode 771 uid 1000 gid 1000 context u:object_r:user_profile_root_file:s0:c512,c768 on path: /data/misc/profiles/cur/0
09-05 10:07:19.640   754   754 D vold_prepare_subdirs: Setting up mode 700 uid 1000 gid 1000 context u:object_r:fingerprint_vendor_data_file:s0 on path: /data/vendor_de/0/fpdata
09-05 10:07:19.641   754   754 D vold_prepare_subdirs: Setting up mode 700 uid 1000 gid 1000 context u:object_r:face_vendor_data_file:s0 on path: /data/vendor_de/0/facedata
09-05 10:07:19.642   547   547 D vold    : Detected support for FS_IOC_ADD_ENCRYPTION_KEY
09-05 10:07:19.659   756   756 I derive_classpath: ParseFragments for bootclasspath
09-05 10:07:19.665   756   756 I derive_classpath: ReadClasspathFragment /apex/com.android.art/etc/classpaths/bootclasspath.pb
09-05 10:07:19.665   756   756 I derive_classpath: ReadClasspathFragment /system/etc/classpaths/bootclasspath.pb
09-05 10:07:19.665   756   756 I derive_classpath: ReadClasspathFragment /apex/com.android.appsearch/etc/classpaths/bootclasspath.pb
09-05 10:07:19.666   756   756 I derive_classpath: ReadClasspathFragment /apex/com.android.conscrypt/etc/classpaths/bootclasspath.pb
09-05 10:07:19.666   756   756 I derive_classpath: ReadClasspathFragment /apex/com.android.i18n/etc/classpaths/bootclasspath.pb
09-05 10:07:19.666   756   756 I derive_classpath: ReadClasspathFragment /apex/com.android.ipsec/etc/classpaths/bootclasspath.pb
09-05 10:07:19.666   756   756 I derive_classpath: ReadClasspathFragment /apex/com.android.media/etc/classpaths/bootclasspath.pb
09-05 10:07:19.666   756   756 I derive_classpath: ReadClasspathFragment /apex/com.android.mediaprovider/etc/classpaths/bootclasspath.pb
09-05 10:07:19.667   756   756 I derive_classpath: ReadClasspathFragment /apex/com.android.os.statsd/etc/classpaths/bootclasspath.pb
09-05 10:07:19.667   756   756 I derive_classpath: ReadClasspathFragment /apex/com.android.permission/etc/classpaths/bootclasspath.pb
09-05 10:07:19.667   756   756 I derive_classpath: ReadClasspathFragment /apex/com.android.scheduling/etc/classpaths/bootclasspath.pb
09-05 10:07:19.668   756   756 I derive_classpath: ReadClasspathFragment /apex/com.android.sdkext/etc/classpaths/bootclasspath.pb
09-05 10:07:19.668   756   756 I derive_classpath: ReadClasspathFragment /apex/com.android.tethering/etc/classpaths/bootclasspath.pb
09-05 10:07:19.668   756   756 I derive_classpath: ReadClasspathFragment /apex/com.android.wifi/etc/classpaths/bootclasspath.pb
09-05 10:07:19.669   756   756 I derive_classpath: ParseFragments for systemserverclasspath
09-05 10:07:19.669   756   756 I derive_classpath: ReadClasspathFragment /system/etc/classpaths/systemserverclasspath.pb
09-05 10:07:19.670   756   756 I derive_classpath: ReadClasspathFragment /apex/com.android.appsearch/etc/classpaths/systemserverclasspath.pb
09-05 10:07:19.671   756   756 I derive_classpath: ReadClasspathFragment /apex/com.android.media/etc/classpaths/systemserverclasspath.pb
09-05 10:07:19.671   756   756 I derive_classpath: ReadClasspathFragment /apex/com.android.permission/etc/classpaths/systemserverclasspath.pb
09-05 10:07:19.672   756   756 I derive_classpath: WriteClasspathExports /data/system/environ/classpath
09-05 10:07:19.672   756   756 I derive_classpath: WriteClasspathExports content
09-05 10:07:19.672   756   756 I derive_classpath: export BOOTCLASSPATH /apex/com.android.art/javalib/core-oj.jar:/apex/com.android.art/javalib/core-libart.jar:/apex/com.android.art/javalib/okhttp.jar:/apex/com.android.art/javalib/bouncycastle.jar:/apex/com.android.art/javalib/apache-xml.jar:/system/framework/framework.jar:/system/framework/framework-graphics.jar:/system/framework/ext.jar:/system/framework/telephony-common.jar:/system/framework/voip-common.jar:/system/framework/ims-common.jar:/apex/com.android.i18n/javalib/core-icu4j.jar:/system/framework/telephony-ext.jar:/system/framework/WfdCommon.jar:/apex/com.android.appsearch/javalib/framework-appsearch.jar:/apex/com.android.conscrypt/javalib/conscrypt.jar:/apex/com.android.ipsec/javalib/android.net.ipsec.ike.jar:/apex/com.android.media/javalib/updatable-media.jar:/apex/com.android.mediaprovider/javalib/framework-mediaprovider.jar:/apex/com.android.os.statsd/javalib/framework-statsd.jar:/apex/com.android.permission/javalib/framework-permission.jar:/apex/com.android.permission/javalib/framework-permission-s.jar:/apex/com.android.scheduling/javalib/framework-scheduling.jar:/apex/com.android.sdkext/javalib/framework-sdkextensions.jar:/apex/com.android.tethering/javalib/framework-connectivity.jar:/apex/com.android.tethering/javalib/framework-tethering.jar:/apex/com.android.wifi/javalib/framework-wifi.jar
09-05 10:07:19.672   756   756 I derive_classpath: export DEX2OATBOOTCLASSPATH /apex/com.android.art/javalib/core-oj.jar:/apex/com.android.art/javalib/core-libart.jar:/apex/com.android.art/javalib/okhttp.jar:/apex/com.android.art/javalib/bouncycastle.jar:/apex/com.android.art/javalib/apache-xml.jar:/system/framework/framework.jar:/system/framework/framework-graphics.jar:/system/framework/ext.jar:/system/framework/telephony-common.jar:/system/framework/voip-common.jar:/system/framework/ims-common.jar:/apex/com.android.i18n/javalib/core-icu4j.jar:/system/framework/telephony-ext.jar:/system/framework/WfdCommon.jar
09-05 10:07:19.672   756   756 I derive_classpath: export SYSTEMSERVERCLASSPATH /system/framework/com.android.location.provider.jar:/system/framework/services.jar:/system/framework/org.lineageos.platform.jar:/system/framework/ethernet-service.jar:/apex/com.android.appsearch/javalib/service-appsearch.jar:/apex/com.android.media/javalib/service-media-s.jar:/apex/com.android.permission/javalib/service-permission.jar
09-05 10:07:19.697   757   757 I odsign  : Trying to retrieve existing HMAC key...
09-05 10:07:19.698   757   757 I odsign  : Trying to retrieve existing keystore key...
09-05 10:07:19.712   757   757 I odsign  : Verified public key signature.
09-05 10:07:19.712   757   757 E odsign  : Initialized Keystore key.
09-05 10:07:19.713   757   757 I odsign  : Found and verified existing public key certificate: /data/misc/odsign/key.cert
09-05 10:07:19.838   759   759 I odrefresh: Factory APEX mounted.
09-05 10:07:19.838   759   759 E odrefresh: statvfs '/data/misc/apexdata/com.android.art/dalvik-cache': No such file or directory
09-05 10:07:19.842   757   757 I odsign  : odrefresh said artifacts are VALID
09-05 10:07:19.842   757   757 I odsign  : On-device signing done.
09-05 10:07:19.852     0     0 I libprocessgroup: Successfully killed process cgroup uid 0 pid 757 in 5ms
09-05 10:07:19.853     0     0 I init    : Control message: Processed ctl.stop for 'odsign' from pid: 757 (/system/bin/odsign)
09-05 10:07:19.853     0     0 I init    : Service 'odsign' (pid 757) received signal 9
09-05 10:07:19.854     0     0 I init    : Service 'exec 17 (/system/bin/fsverity_init --lock)' (pid 760) exited with status 0 waiting took 0.008000 seconds
09-05 10:07:19.854     0     0 I init    : Sending signal 9 to service 'exec 17 (/system/bin/fsverity_init --lock)' (pid 760) process group...
09-05 10:07:19.854     0     0 I libprocessgroup: Successfully killed process cgroup uid 0 pid 760 in 0ms
09-05 10:07:19.855   587   656 I keystore2: keystore2::super_key: keystore.boot_level 1000000000 hits maximum 1000000000, finishing.
09-05 10:07:19.855     0     0 I init    : starting service 'apexd-snapshotde'...
09-05 10:07:19.859     0     0 I init    : SVC_EXEC service 'apexd-snapshotde' pid 761 (uid 0 gid 1000+0 context default) started; waiting...
09-05 10:07:19.871     0     0 I apexd   : Snapshot DE subcommand detected
09-05 10:07:19.872     0     0 I apexd   : Marking APEXd as ready
09-05 10:07:19.873     0     0 I init    : Service 'apexd-snapshotde' (pid 761) exited with status 0 waiting took 0.016000 seconds
09-05 10:07:19.873     0     0 I init    : Sending signal 9 to service 'apexd-snapshotde' (pid 761) process group...
09-05 10:07:19.885   762   762 I tzdatacheck: timezone distro dir /data/misc/zoneinfo/current does not exist. No action required.
09-05 10:07:19.976   765   765 I otapreopt_slot: No A/B artifacts found for slot _b.
09-05 10:07:20.046   768   768 D QC-time-services: Daemon:genoff_pre_init::Base = 0
09-05 10:07:20.046   768   768 D QC-time-services: Daemon:ats_rtc_init: Time read from RTC -- year = 70, month = 8,day = 5
09-05 10:07:20.048   768   768 D QC-time-services: Daemon ats_rtc_init: seconds = 21373640
09-05 10:07:20.048   768   768 D QC-time-services: Daemon:Value read from RTC seconds = 21373640000
09-05 10:07:20.048   768   768 D QC-time-services: Daemon:genoff_init_config: ATS_RTC initialized with rc: 0
09-05 10:07:20.048   768   768 D QC-time-services: Daemon:genoff_pre_init::Base = 1
09-05 10:07:20.048   768   768 D QC-time-services: Daemon: Storage Name: ats_1 
09-05 10:07:20.048   768   768 D QC-time-services: Daemon:Opening File: /mnt/vendor/persist/time/ats_1 /data/vendor/time/ats_1
09-05 10:07:20.048   768   768 D QC-time-services: Daemon:time_persistent_memory_opr:Genoff Read operation 
09-05 10:07:20.048   768   768 D QC-time-services: Daemon:Open File: /data/vendor/time/ats_1
09-05 10:07:20.049   768   768 D QC-time-services: Daemon:genoff_pre_init::Base = 2
09-05 10:07:20.049   768   768 D QC-time-services: Daemon: Storage Name: ats_2 
09-05 10:07:20.049   768   768 D QC-time-services: Daemon:Opening File: /mnt/vendor/persist/time/ats_2 /data/vendor/time/ats_2
09-05 10:07:20.049   768   768 D QC-time-services: Daemon:time_persistent_memory_opr:Genoff Read operation 
09-05 10:07:20.049   768   768 D QC-time-services: Daemon:Open File: /data/vendor/time/ats_2
09-05 10:07:20.049   768   768 D QC-time-services: Daemon:genoff_pre_init::Base = 3
09-05 10:07:20.049   768   768 D QC-time-services: Daemon: Storage Name: ats_3 
09-05 10:07:20.049   768   768 D QC-time-services: Daemon:Opening File: /mnt/vendor/persist/time/ats_3 /data/vendor/time/ats_3
09-05 10:07:20.049   768   768 D QC-time-services: Daemon:time_persistent_memory_opr:Genoff Read operation 
09-05 10:07:20.050   768   768 D QC-time-services: Daemon:Open File: /data/vendor/time/ats_3
09-05 10:07:20.050   768   768 D QC-time-services: Daemon:Unable to open filefor read
09-05 10:07:20.050   768   768 D QC-time-services: Daemon:genoff_post_init:Error in accessing storage
09-05 10:07:20.050   768   768 D QC-time-services: Daemon:genoff_pre_init::Base = 4
09-05 10:07:20.050   768   768 D QC-time-services: Daemon: Storage Name: ats_4 
09-05 10:07:20.050   768   768 D QC-time-services: Daemon:Opening File: /mnt/vendor/persist/time/ats_4 /data/vendor/time/ats_4
09-05 10:07:20.050   768   768 D QC-time-services: Daemon:time_persistent_memory_opr:Genoff Read operation 
09-05 10:07:20.050   768   768 D QC-time-services: Daemon:Open File: /data/vendor/time/ats_4
09-05 10:07:20.050   768   768 D QC-time-services: Daemon:Unable to open filefor read
09-05 10:07:20.050   768   768 D QC-time-services: Daemon:genoff_post_init:Error in accessing storage
09-05 10:07:20.050   768   768 D QC-time-services: Daemon:genoff_pre_init::Base = 5
09-05 10:07:20.050   768   768 D QC-time-services: Daemon: Storage Name: ats_5 
09-05 10:07:20.050   768   768 D QC-time-services: Daemon:Opening File: /mnt/vendor/persist/time/ats_5 /data/vendor/time/ats_5
09-05 10:07:20.050   768   768 D QC-time-services: Daemon:time_persistent_memory_opr:Genoff Read operation 
09-05 10:07:20.050   768   768 D QC-time-services: Daemon:Open File: /data/vendor/time/ats_5
09-05 10:07:20.050   768   768 D QC-time-services: Daemon:Unable to open filefor read
09-05 10:07:20.050   768   768 D QC-time-services: Daemon:genoff_post_init:Error in accessing storage
09-05 10:07:20.050   768   768 D QC-time-services: Daemon:genoff_pre_init::Base = 6
09-05 10:07:20.050   768   768 D QC-time-services: Daemon: Storage Name: ats_6 
09-05 10:07:20.050   768   768 D QC-time-services: Daemon:Opening File: /mnt/vendor/persist/time/ats_6 /data/vendor/time/ats_6
09-05 10:07:20.050   768   768 D QC-time-services: Daemon:time_persistent_memory_opr:Genoff Read operation 
09-05 10:07:20.050   768   768 D QC-time-services: Daemon:Open File: /data/vendor/time/ats_6
09-05 10:07:20.050   768   768 D QC-time-services: Daemon:Unable to open filefor read
09-05 10:07:20.050   768   768 D QC-time-services: Daemon:genoff_post_init:Error in accessing storage
09-05 10:07:20.050   768   768 D QC-time-services: Daemon:genoff_pre_init::Base = 7
09-05 10:07:20.050   768   768 D QC-time-services: Daemon: Storage Name: ats_7 
09-05 10:07:20.050   768   768 D QC-time-services: Daemon:Opening File: /mnt/vendor/persist/time/ats_7 /data/vendor/time/ats_7
09-05 10:07:20.050   768   768 D QC-time-services: Daemon:time_persistent_memory_opr:Genoff Read operation 
09-05 10:07:20.050   768   768 D QC-time-services: Daemon:Open File: /data/vendor/time/ats_7
09-05 10:07:20.050   768   768 D QC-time-services: Daemon:Unable to open filefor read
09-05 10:07:20.050   768   768 D QC-time-services: Daemon:genoff_post_init:Error in accessing storage
09-05 10:07:20.050   768   768 D QC-time-services: Daemon:genoff_pre_init::Base = 8
09-05 10:07:20.050   768   768 D QC-time-services: Daemon: Storage Name: ats_8 
09-05 10:07:20.050   768   768 D QC-time-services: Daemon:Opening File: /mnt/vendor/persist/time/ats_8 /data/vendor/time/ats_8
09-05 10:07:20.050   768   768 D QC-time-services: Daemon:time_persistent_memory_opr:Genoff Read operation 
09-05 10:07:20.050   768   768 D QC-time-services: Daemon:Open File: /data/vendor/time/ats_8
09-05 10:07:20.050   768   768 D QC-time-services: Daemon:Unable to open filefor read
09-05 10:07:20.050   768   768 D QC-time-services: Daemon:genoff_post_init:Error in accessing storage
09-05 10:07:20.050   768   768 D QC-time-services: Daemon:genoff_pre_init::Base = 9
09-05 10:07:20.050   768   768 D QC-time-services: Daemon: Storage Name: ats_9 
09-05 10:07:20.050   768   768 D QC-time-services: Daemon:Opening File: /mnt/vendor/persist/time/ats_9 /data/vendor/time/ats_9
09-05 10:07:20.050   768   768 D QC-time-services: Daemon:time_persistent_memory_opr:Genoff Read operation 
09-05 10:07:20.050   768   768 D QC-time-services: Daemon:Open File: /data/vendor/time/ats_9
09-05 10:07:20.050   768   768 D QC-time-services: Daemon:Unable to open filefor read
09-05 10:07:20.050   768   768 D QC-time-services: Daemon:genoff_post_init:Error in accessing storage
09-05 10:07:20.050   768   768 D QC-time-services: Daemon:genoff_pre_init::Base = 10
09-05 10:07:20.050   768   768 D QC-time-services: Daemon: Storage Name: ats_10 
09-05 10:07:20.050   768   768 D QC-time-services: Daemon:Opening File: /mnt/vendor/persist/time/ats_10 /data/vendor/time/ats_10
09-05 10:07:20.050   768   768 D QC-time-services: Daemon:time_persistent_memory_opr:Genoff Read operation 
09-05 10:07:20.050   768   768 D QC-time-services: Daemon:Open File: /data/vendor/time/ats_10
09-05 10:07:20.050   768   768 D QC-time-services: Daemon:Unable to open filefor read
09-05 10:07:20.050   768   768 D QC-time-services: Daemon:genoff_post_init:Error in accessing storage
09-05 10:07:20.050   768   768 D QC-time-services: Daemon:genoff_pre_init::Base = 11
09-05 10:07:20.050   768   768 D QC-time-services: Daemon: Storage Name: ats_11 
09-05 10:07:20.050   768   768 D QC-time-services: Daemon:Opening File: /mnt/vendor/persist/time/ats_11 /data/vendor/time/ats_11
09-05 10:07:20.050   768   768 D QC-time-services: Daemon:time_persistent_memory_opr:Genoff Read operation 
09-05 10:07:20.050   768   768 D QC-time-services: Daemon:Open File: /data/vendor/time/ats_11
09-05 10:07:20.050   768   768 D QC-time-services: Daemon:Unable to open filefor read
09-05 10:07:20.050   768   768 D QC-time-services: Daemon:genoff_post_init:Error in accessing storage
09-05 10:07:20.050   768   768 D QC-time-services: Daemon:genoff_pre_init::Base = 12
09-05 10:07:20.050   768   768 D QC-time-services: Daemon: Storage Name: ats_12 
09-05 10:07:20.050   768   768 D QC-time-services: Daemon:Opening File: /mnt/vendor/persist/time/ats_12 /data/vendor/time/ats_12
09-05 10:07:20.050   768   768 D QC-time-services: Daemon:time_persistent_memory_opr:Genoff Read operation 
09-05 10:07:20.050   768   768 D QC-time-services: Daemon:Open File: /data/vendor/time/ats_12
09-05 10:07:20.051   768   768 D QC-time-services: Daemon:genoff_pre_init::Base = 13
09-05 10:07:20.051   768   768 D QC-time-services: Daemon: Storage Name: ats_13 
09-05 10:07:20.051   768   768 D QC-time-services: Daemon:Opening File: /mnt/vendor/persist/time/ats_13 /data/vendor/time/ats_13
09-05 10:07:20.051   768   768 D QC-time-services: Daemon:time_persistent_memory_opr:Genoff Read operation 
09-05 10:07:20.051   768   768 D QC-time-services: Daemon:Open File: /data/vendor/time/ats_13
09-05 10:07:20.051   768   768 D QC-time-services: Daemon:genoff_pre_init::Base = 14
09-05 10:07:20.051   768   768 D QC-time-services: Daemon: Storage Name: ats_14 
09-05 10:07:20.051   768   768 D QC-time-services: Daemon:Opening File: /mnt/vendor/persist/time/ats_14 /data/vendor/time/ats_14
09-05 10:07:20.051   768   768 D QC-time-services: Daemon:time_persistent_memory_opr:Genoff Read operation 
09-05 10:07:20.052   768   768 D QC-time-services: Daemon:Open File: /data/vendor/time/ats_14
09-05 10:07:20.052   768   768 D QC-time-services: Daemon:Unable to open filefor read
09-05 10:07:20.052   768   768 D QC-time-services: Daemon:genoff_post_init:Error in accessing storage
09-05 10:07:20.052   768   768 D QC-time-services: Daemon:genoff_pre_init::Base = 15
09-05 10:07:20.052   768   768 D QC-time-services: Daemon: Storage Name: ats_15 
09-05 10:07:20.052   768   768 D QC-time-services: Daemon:Opening File: /mnt/vendor/persist/time/ats_15 /data/vendor/time/ats_15
09-05 10:07:20.052   768   768 D QC-time-services: Daemon:time_persistent_memory_opr:Genoff Read operation 
09-05 10:07:20.052   768   768 D QC-time-services: Daemon:Open File: /data/vendor/time/ats_15
09-05 10:07:20.052   770   770 W bs_taimport: Failed to read unit 2564: Unit not found
09-05 10:07:20.052   768   768 D QC-time-services: Daemon:genoff_pre_init::Base = 16
09-05 10:07:20.052   768   768 D QC-time-services: Daemon: Storage Name: ats_16 
09-05 10:07:20.052   768   768 D QC-time-services: Daemon:Opening File: /mnt/vendor/persist/time/ats_16 /data/vendor/time/ats_16
09-05 10:07:20.052   770   770 W bs_taimport: Failed to read unit 2565: Unit not found
09-05 10:07:20.052   768   768 D QC-time-services: Daemon:time_persistent_memory_opr:Genoff Read operation 
09-05 10:07:20.052   770   770 W bs_taimport: Failed to read unit 2566: Unit not found
09-05 10:07:20.052   770   770 W bs_taimport: Failed to read unit 2567: Unit not found
09-05 10:07:20.053   770   770 W bs_taimport: Failed to read unit 2760: Unit not found
09-05 10:07:20.053   770   770 W bs_taimport: Failed to read unit 2761: Unit not found
09-05 10:07:20.053   768   768 D QC-time-services: Daemon:Open File: /data/vendor/time/ats_16
09-05 10:07:20.053   770   770 W bs_taimport: Failed to read unit 2762: Unit not found
09-05 10:07:20.053   770   770 W bs_taimport: Failed to read unit 2763: Unit not found
09-05 10:07:20.053   768   768 D QC-time-services: Daemon:genoff_pre_init::Base = 17
09-05 10:07:20.053   768   768 D QC-time-services: Daemon: Storage Name: ats_17 
09-05 10:07:20.053   768   768 D QC-time-services: Daemon:Opening File: /mnt/vendor/persist/time/ats_17 /data/vendor/time/ats_17
09-05 10:07:20.053   768   768 D QC-time-services: Daemon:time_persistent_memory_opr:Genoff Read operation 
09-05 10:07:20.053   768   768 D QC-time-services: Daemon:Open File: /data/vendor/time/ats_17
09-05 10:07:20.053   768   768 D QC-time-services: Daemon:Unable to open filefor read
09-05 10:07:20.053   768   768 D QC-time-services: Daemon:genoff_post_init:Error in accessing storage
09-05 10:07:20.053   768   768 D QC-time-services: Daemon:genoff_pre_init::Base = 18
09-05 10:07:20.053   768   768 D QC-time-services: Daemon: Storage Name: ats_18 
09-05 10:07:20.053   768   768 D QC-time-services: Daemon:Opening File: /mnt/vendor/persist/time/ats_18 /data/vendor/time/ats_18
09-05 10:07:20.053   768   768 D QC-time-services: Daemon:time_persistent_memory_opr:Genoff Read operation 
09-05 10:07:20.053   768   768 D QC-time-services: Daemon:Open File: /data/vendor/time/ats_18
09-05 10:07:20.053   768   768 D QC-time-services: Daemon:Unable to open filefor read
09-05 10:07:20.053   768   768 D QC-time-services: Daemon:genoff_post_init:Error in accessing storage
09-05 10:07:20.053   768   768 D QC-time-services: Daemon:genoff_init_config: Other bases initilized, exiting genoff_init
09-05 10:07:20.053   768   768 D QC-time-services: Daemon:rtc_get: Time read from RTC -- MM/DD/YY HH:MM:SS8/5/70 9:7:20
09-05 10:07:20.053   768   768 D QC-time-services: Daemon rtc_get: seconds = 21373640
09-05 10:07:20.053   768   768 D QC-time-services: Daemon:Value read from RTC mseconds = 21373640000
09-05 10:07:20.053   768   768 D QC-time-services: Daemon:Value read from QTimer mseconds = 17261
09-05 10:07:20.053   768   768 D QC-time-services: Daemon:genoff_opr: Base = 1, val = 0, operation = 1
09-05 10:07:20.053   768   768 D QC-time-services: Daemon: genoff get for 1
09-05 10:07:20.053   768   768 D QC-time-services: Daemon:Value read from QTimer mseconds = 17261
09-05 10:07:20.053   768   768 D QC-time-services: Daemon:Value read from RTC mseconds on boot = 21373640000
09-05 10:07:20.053   768   768 D QC-time-services: Daemon:Value read from QTimer mseconds = 17261
09-05 10:07:20.053   768   768 D QC-time-services: Daemon:Value read from generic offset = 1658802918224
09-05 10:07:20.053   768   768 D QC-time-services: Daemon:Delta read on boot mseconds = 21373622739
09-05 10:07:20.053   768   768 D QC-time-services: Daemon:Final Time = 1680176558224
09-05 10:07:20.053   768   768 D QC-time-services: Daemon:genoff_boot_tod_init: Updating system time to sec=1680176558, usec=224000
03-30 13:42:38.224   770   770 W bs_taimport: Failed to read unit 2750: Unit not found
03-30 13:42:38.224   770   770 W bs_taimport: Failed to read unit 2752: Unit not found
03-30 13:42:38.224   770   770 W bs_taimport: Failed to read unit 2753: Unit not found
03-30 13:42:38.224   770   770 W bs_taimport: Failed to read unit 2756: Unit not found
03-30 13:42:38.224   770   770 W bs_taimport: Failed to read unit 2758: Unit not found
03-30 13:42:38.224   770   770 W bs_taimport: Failed to read unit 2764: Unit not found
03-30 13:42:38.224   770   770 W bs_taimport: Failed to read unit 2765: Unit not found
03-30 13:42:38.224   770   770 W bs_taimport: Failed to read unit 2766: Unit not found
03-30 13:42:38.224   770   770 W bs_taimport: Failed to read unit 2767: Unit not found
03-30 13:42:38.224   770   770 W bs_taimport: Failed to read unit 2768: Unit not found
03-30 13:42:38.225   770   770 W bs_taimport: Failed to read unit 2170: Unit not found
03-30 13:42:38.225   770   770 W bs_taimport: Failed to read unit 2171: Unit not found
03-30 13:42:38.232   767   767 D android.hardware.biometrics.fingerprint@2.1-service-rbs: fingerprint_hal
03-30 13:42:38.232   767   767 I FingerprintHal: [rbs_fingerprint.c] [fingerprint_open:604] fingerprint_open enter 
03-30 13:42:38.233   767   767 D RBS     : [egis_rbs_api.c] [rbs_set_data_path:73] #*rbs_set_data_path#*#*[enter]#* 
03-30 13:42:38.233   767   767 D RBS     : [captain.c] [cpt_set_data_path:2066] cpt_set_data_path data_type = 1, data_path = /data/system/users/0/fpdata, path_len = 27 
03-30 13:42:38.233   767   767 D RBS     : [thread_manager.c] [thread_try_lock_operation:374] thread_try_lock_operation enter 
03-30 13:42:38.233   767   767 D RBS     : [thread_manager.c] [queue_pop:59] *** queue_pop(0, 1) enter 
03-30 13:42:38.233   767   767 E RBS     : [plat_thread_linux.c] [plat_semaphore_wait:107] one method was called before thread manager init 
03-30 13:42:38.233   767   767 D RBS     : [thread_manager.c] [queue_pop:81] *** queue_pop() result = 0 
03-30 13:42:38.233   767   767 D RBS     : [thread_manager.c] [thread_try_lock_operation:390] +++ POP_OK 
03-30 13:42:38.233   767   767 D RBS     : [thread_manager.c] [thread_try_lock_operation:398] thread_try_lock_operation end, retval = 0 
03-30 13:42:38.233   767   767 D RBS     : [captain.c] [cpt_set_data_path:2074] cpt_set_data_path set_log_path 
03-30 13:42:38.233   767   767 V RBS     : [packager.c] [transfer_data:63] -- **packager, pid: 0, cid: 25, uid: 1, fid: 0 
03-30 13:42:38.233   767   767 D RBS     : [thread_manager.c] [trylock_operation:437] trylock_operation = 0, retval = 0 
03-30 13:42:38.233   767   767 V RBS     : [packager.c] [transfer_data:101] -- packager, process: 0, command: 25, uid: 1, fid:0 
03-30 13:42:38.233   767   767 D RBS     : [transporter_qsee.c] [check_connection_open:60] first, open file default_path = libets_teeclient_v2.so 
03-30 13:42:38.233   767   767 D ETS_TZ_CLIENT: -- first, qsc_start_app Loading default path: /vendor/firmware
03-30 13:42:38.233   767   767 D QSEECOMAPI: QSEECom_get_handle sb_length = 0x2400
03-30 13:42:38.233   767   767 D QSEECOMAPI: App is not loaded in QSEE
09-05 10:07:20.061     0     0 E ipa3_ioctl: 1099 IPA not ready, waiting for init completion
03-30 13:42:38.235   767   767 D QSEECOMAPI: app_arch = 1, total_files = 9
03-30 13:42:38.235   767   767 E ion     : ioctl c0044901 failed with code -1: Inappropriate ioctl for device
09-05 10:07:20.073     0     0 W QSEECOM : qseecom_load_app: App (egista) does'nt exist, loading apps for first time
09-05 10:07:20.082     0     0 I logd    : logd reinit
09-05 10:07:20.083     0     0 E logd    : FrameworkListener: read() failed (Connection reset by peer)
03-30 13:42:38.261   773   773 I flags_health_check: ServerConfigurableFlagsReset reset_mode value: 0
03-30 13:42:38.261   773   773 I flags_health_check: ServerConfigurableFlagsReset attempted boot count is under threshold, skipping reset.
03-30 13:42:38.297   774   774 D LibBpfLoader: Loading optional ELF object /apex/com.android.tethering/etc/bpf/test.o with license Apache 2.0
03-30 13:42:38.297   774   774 I LibBpfLoader: Section bpfloader_min_ver value is 0 [0x0]
03-30 13:42:38.297   774   774 I LibBpfLoader: Section bpfloader_max_ver value is 65536 [0x10000]
03-30 13:42:38.297   774   774 I LibBpfLoader: Section size_of_bpf_map_def value is 48 [0x30]
03-30 13:42:38.298   774   774 I LibBpfLoader: Section size_of_bpf_prog_def value is 28 [0x1c]
03-30 13:42:38.298   774   774 I LibBpfLoader: BpfLoader version 0x00002 processing ELF object /apex/com.android.tethering/etc/bpf/test.o with ver [0x00000,0x10000)
03-30 13:42:38.298   774   774 D LibBpfLoader: Loaded code section 3 (xdp_drop_ipv4_udp_ether)
03-30 13:42:38.298   774   774 D LibBpfLoader: Adding section 3 to cs list
03-30 13:42:38.298   774   774 D LibBpfLoader: bpf_create_map name tether_downstream6_map, ret: 7
03-30 13:42:38.298   774   774 D LibBpfLoader: map_fd found at 0 is 7 in /apex/com.android.tethering/etc/bpf/test.o
03-30 13:42:38.298   774   774 D LibBpfLoader: cs[0].name:xdp_drop_ipv4_udp_ether min_kver:5090000 .max_kver:ffffffff (kvers:40e00be)
03-30 13:42:38.298   774   774 I bpfloader: Loaded object: /apex/com.android.tethering/etc/bpf/test.o
03-30 13:42:38.300   774   774 D LibBpfLoader: Loading critical for tethering ELF object /apex/com.android.tethering/etc/bpf/offload.o with license Apache 2.0
03-30 13:42:38.300   774   774 I LibBpfLoader: Section bpfloader_min_ver value is 0 [0x0]
03-30 13:42:38.300   774   774 I LibBpfLoader: Section bpfloader_max_ver value is 65536 [0x10000]
03-30 13:42:38.300   774   774 I LibBpfLoader: Section size_of_bpf_map_def value is 48 [0x30]
03-30 13:42:38.300   774   774 I LibBpfLoader: Section size_of_bpf_prog_def value is 28 [0x1c]
03-30 13:42:38.300   774   774 I LibBpfLoader: BpfLoader version 0x00002 processing ELF object /apex/com.android.tethering/etc/bpf/offload.o with ver [0x00000,0x10000)
03-30 13:42:38.302   774   774 D LibBpfLoader: Loaded code section 3 (schedcls_tether_downstream6_ether)
03-30 13:42:38.303   774   774 D LibBpfLoader: Loaded relo section 3 (.relschedcls/tether_downstream6_ether)
03-30 13:42:38.303   774   774 D LibBpfLoader: Adding section 3 to cs list
03-30 13:42:38.303   774   774 D LibBpfLoader: Loaded code section 5 (schedcls_tether_upstream6_ether)
03-30 13:42:38.304   774   774 D LibBpfLoader: Loaded relo section 5 (.relschedcls/tether_upstream6_ether)
03-30 13:42:38.304   774   774 D LibBpfLoader: Adding section 5 to cs list
03-30 13:42:38.304   774   774 D LibBpfLoader: Loaded code section 7 (schedcls_tether_downstream6_rawip$5_4)
03-30 13:42:38.304   774   774 D LibBpfLoader: Loaded relo section 7 (.relschedcls/tether_downstream6_rawip$5_4)
